{"op_code":0,"worker_id":"f68eed19-ca78-4f58-9d9e-fd55d62e937a-139727922642944","study_name":"albert_squad_lrtt_bs48_sgd_hybrid_nowd_nomom_nonest_set_noio_encanalog_none_5ep","directions":[2]}
{"op_code":4,"worker_id":"f68eed19-ca78-4f58-9d9e-fd55d62e937a-139727922642944","study_id":0,"datetime_start":"2026-02-20T13:50:21.016341","state":1,"value":6.977698854766515,"values":null,"datetime_complete":"2026-02-20T13:50:21.016341","distributions":{"learning_rate":"{\"name\": \"FloatDistribution\", \"attributes\": {\"step\": null, \"low\": 0.003, \"high\": 10.0, \"log\": true}}","out_noise":"{\"name\": \"FloatDistribution\", \"attributes\": {\"step\": null, \"low\": 0.0, \"high\": 0.0, \"log\": false}}","ab_weight_scaling_omega":"{\"name\": \"FloatDistribution\", \"attributes\": {\"step\": null, \"low\": 0.0, \"high\": 0.0, \"log\": false}}","min_lr_rate":"{\"name\": \"FloatDistribution\", \"attributes\": {\"step\": null, \"low\": 0.0, \"high\": 0.0, \"log\": false}}"},"params":{"learning_rate":4.433182489657766,"out_noise":0.0,"ab_weight_scaling_omega":0.0,"min_lr_rate":0.0},"user_attrs":{},"system_attrs":{},"intermediate_values":{}}
{"op_code":4,"worker_id":"f68eed19-ca78-4f58-9d9e-fd55d62e937a-139727922642944","study_id":0,"datetime_start":"2026-02-20T13:50:21.017050","state":1,"value":86.77095401651869,"values":null,"datetime_complete":"2026-02-20T13:50:21.017050","distributions":{"learning_rate":"{\"name\": \"FloatDistribution\", \"attributes\": {\"step\": null, \"low\": 0.003, \"high\": 10.0, \"log\": true}}","out_noise":"{\"name\": \"FloatDistribution\", \"attributes\": {\"step\": null, \"low\": 0.0, \"high\": 0.0, \"log\": false}}","ab_weight_scaling_omega":"{\"name\": \"FloatDistribution\", \"attributes\": {\"step\": null, \"low\": 0.0, \"high\": 0.0, \"log\": false}}","min_lr_rate":"{\"name\": \"FloatDistribution\", \"attributes\": {\"step\": null, \"low\": 0.0, \"high\": 0.0, \"log\": false}}"},"params":{"learning_rate":0.8169359682004129,"out_noise":0.0,"ab_weight_scaling_omega":0.0,"min_lr_rate":0.0},"user_attrs":{},"system_attrs":{},"intermediate_values":{}}
{"op_code":4,"worker_id":"f68eed19-ca78-4f58-9d9e-fd55d62e937a-139727922642944","study_id":0,"datetime_start":null,"state":4,"value":null,"values":null,"distributions":{},"params":{},"user_attrs":{},"system_attrs":{"fixed_params":{"learning_rate":0.8169359682004129,"out_noise":0.0,"ab_weight_scaling_omega":0.0,"min_lr_rate":0.0}},"intermediate_values":{}}
{"op_code":0,"worker_id":"7590e6b9-bbb7-4aea-80a7-056a6cdb9b8d-140370677739520","study_name":"albert_squad_lrtt_bs48_sgd_hybrid_nowd_nomom_nonest_set_noio_encanalog_none_5ep","directions":[2]}
{"op_code":6,"worker_id":"7590e6b9-bbb7-4aea-80a7-056a6cdb9b8d-140370677739520","trial_id":2,"state":0,"values":null,"datetime_start":"2026-02-20T13:51:27.006571"}
{"op_code":5,"worker_id":"7590e6b9-bbb7-4aea-80a7-056a6cdb9b8d-140370677739520","trial_id":2,"param_name":"learning_rate","param_value_internal":0.8169359682004129,"distribution":"{\"name\": \"FloatDistribution\", \"attributes\": {\"step\": null, \"low\": 0.003, \"high\": 10.0, \"log\": true}}"}
{"op_code":5,"worker_id":"7590e6b9-bbb7-4aea-80a7-056a6cdb9b8d-140370677739520","trial_id":2,"param_name":"transfer_lr","param_value_internal":7.661946883059568e-05,"distribution":"{\"name\": \"FloatDistribution\", \"attributes\": {\"step\": null, \"low\": 4e-07, \"high\": 0.08, \"log\": true}}"}
{"op_code":5,"worker_id":"7590e6b9-bbb7-4aea-80a7-056a6cdb9b8d-140370677739520","trial_id":2,"param_name":"transfer_every","param_value_internal":14069.0,"distribution":"{\"name\": \"IntDistribution\", \"attributes\": {\"log\": true, \"step\": 1, \"low\": 48, \"high\": 35000}}"}
{"op_code":5,"worker_id":"7590e6b9-bbb7-4aea-80a7-056a6cdb9b8d-140370677739520","trial_id":2,"param_name":"rank_exp","param_value_internal":0.0,"distribution":"{\"name\": \"IntDistribution\", \"attributes\": {\"log\": false, \"step\": 1, \"low\": 0, \"high\": 7}}"}
{"op_code":5,"worker_id":"7590e6b9-bbb7-4aea-80a7-056a6cdb9b8d-140370677739520","trial_id":2,"param_name":"lora_alpha","param_value_internal":8.036410965775317e-06,"distribution":"{\"name\": \"FloatDistribution\", \"attributes\": {\"step\": null, \"low\": 6e-06, \"high\": 20.0, \"log\": true}}"}
{"op_code":5,"worker_id":"7590e6b9-bbb7-4aea-80a7-056a6cdb9b8d-140370677739520","trial_id":2,"param_name":"tau_sec","param_value_internal":0.0,"distribution":"{\"name\": \"FloatDistribution\", \"attributes\": {\"step\": null, \"low\": 0.0, \"high\": 0.0, \"log\": false}}"}
{"op_code":5,"worker_id":"7590e6b9-bbb7-4aea-80a7-056a6cdb9b8d-140370677739520","trial_id":2,"param_name":"out_noise","param_value_internal":0.0,"distribution":"{\"name\": \"FloatDistribution\", \"attributes\": {\"step\": null, \"low\": 0.0, \"high\": 0.0, \"log\": false}}"}
{"op_code":5,"worker_id":"7590e6b9-bbb7-4aea-80a7-056a6cdb9b8d-140370677739520","trial_id":2,"param_name":"ab_weight_scaling_omega","param_value_internal":0.0,"distribution":"{\"name\": \"FloatDistribution\", \"attributes\": {\"step\": null, \"low\": 0.0, \"high\": 0.0, \"log\": false}}"}
{"op_code":5,"worker_id":"7590e6b9-bbb7-4aea-80a7-056a6cdb9b8d-140370677739520","trial_id":2,"param_name":"min_lr_rate","param_value_internal":0.0,"distribution":"{\"name\": \"FloatDistribution\", \"attributes\": {\"step\": null, \"low\": 0.0, \"high\": 0.0, \"log\": false}}"}
{"op_code":7,"worker_id":"7590e6b9-bbb7-4aea-80a7-056a6cdb9b8d-140370677739520","trial_id":2,"step":1,"intermediate_value":81.54249223870826}
{"op_code":8,"worker_id":"7590e6b9-bbb7-4aea-80a7-056a6cdb9b8d-140370677739520","trial_id":2,"user_attr":{"train_loss_epoch_1":1.5905408559132086}}
{"op_code":7,"worker_id":"7590e6b9-bbb7-4aea-80a7-056a6cdb9b8d-140370677739520","trial_id":2,"step":2,"intermediate_value":84.20794295735719}
{"op_code":8,"worker_id":"7590e6b9-bbb7-4aea-80a7-056a6cdb9b8d-140370677739520","trial_id":2,"user_attr":{"train_loss_epoch_2":1.1605548647589856}}
{"op_code":7,"worker_id":"7590e6b9-bbb7-4aea-80a7-056a6cdb9b8d-140370677739520","trial_id":2,"step":3,"intermediate_value":84.79412245654956}
{"op_code":8,"worker_id":"7590e6b9-bbb7-4aea-80a7-056a6cdb9b8d-140370677739520","trial_id":2,"user_attr":{"train_loss_epoch_3":1.0654431677826302}}
{"op_code":7,"worker_id":"7590e6b9-bbb7-4aea-80a7-056a6cdb9b8d-140370677739520","trial_id":2,"step":4,"intermediate_value":85.80362228966285}
{"op_code":8,"worker_id":"7590e6b9-bbb7-4aea-80a7-056a6cdb9b8d-140370677739520","trial_id":2,"user_attr":{"train_loss_epoch_4":0.9945508469003048}}
{"op_code":7,"worker_id":"7590e6b9-bbb7-4aea-80a7-056a6cdb9b8d-140370677739520","trial_id":2,"step":5,"intermediate_value":86.32375309629138}
{"op_code":8,"worker_id":"7590e6b9-bbb7-4aea-80a7-056a6cdb9b8d-140370677739520","trial_id":2,"user_attr":{"train_loss_epoch_5":0.9340414718866478}}
{"op_code":6,"worker_id":"7590e6b9-bbb7-4aea-80a7-056a6cdb9b8d-140370677739520","trial_id":2,"state":1,"values":[86.32375309629138],"datetime_complete":"2026-02-20T16:49:10.065446"}
{"op_code":4,"worker_id":"7590e6b9-bbb7-4aea-80a7-056a6cdb9b8d-140370677739520","study_id":0,"datetime_start":"2026-02-20T16:49:10.066972"}
{"op_code":5,"worker_id":"7590e6b9-bbb7-4aea-80a7-056a6cdb9b8d-140370677739520","trial_id":3,"param_name":"learning_rate","param_value_internal":5.081770028467267,"distribution":"{\"name\": \"FloatDistribution\", \"attributes\": {\"step\": null, \"low\": 0.003, \"high\": 10.0, \"log\": true}}"}
{"op_code":5,"worker_id":"7590e6b9-bbb7-4aea-80a7-056a6cdb9b8d-140370677739520","trial_id":3,"param_name":"transfer_lr","param_value_internal":0.021236148547301655,"distribution":"{\"name\": \"FloatDistribution\", \"attributes\": {\"step\": null, \"low\": 4e-07, \"high\": 0.08, \"log\": true}}"}
{"op_code":5,"worker_id":"7590e6b9-bbb7-4aea-80a7-056a6cdb9b8d-140370677739520","trial_id":3,"param_name":"transfer_every","param_value_internal":135.0,"distribution":"{\"name\": \"IntDistribution\", \"attributes\": {\"log\": true, \"step\": 1, \"low\": 48, \"high\": 35000}}"}
{"op_code":5,"worker_id":"7590e6b9-bbb7-4aea-80a7-056a6cdb9b8d-140370677739520","trial_id":3,"param_name":"rank_exp","param_value_internal":6.0,"distribution":"{\"name\": \"IntDistribution\", \"attributes\": {\"log\": false, \"step\": 1, \"low\": 0, \"high\": 7}}"}
{"op_code":5,"worker_id":"7590e6b9-bbb7-4aea-80a7-056a6cdb9b8d-140370677739520","trial_id":3,"param_name":"lora_alpha","param_value_internal":0.03494760772690013,"distribution":"{\"name\": \"FloatDistribution\", \"attributes\": {\"step\": null, \"low\": 6e-06, \"high\": 20.0, \"log\": true}}"}
{"op_code":5,"worker_id":"7590e6b9-bbb7-4aea-80a7-056a6cdb9b8d-140370677739520","trial_id":3,"param_name":"tau_sec","param_value_internal":0.0,"distribution":"{\"name\": \"FloatDistribution\", \"attributes\": {\"step\": null, \"low\": 0.0, \"high\": 0.0, \"log\": false}}"}
{"op_code":5,"worker_id":"7590e6b9-bbb7-4aea-80a7-056a6cdb9b8d-140370677739520","trial_id":3,"param_name":"out_noise","param_value_internal":0.0,"distribution":"{\"name\": \"FloatDistribution\", \"attributes\": {\"step\": null, \"low\": 0.0, \"high\": 0.0, \"log\": false}}"}
{"op_code":5,"worker_id":"7590e6b9-bbb7-4aea-80a7-056a6cdb9b8d-140370677739520","trial_id":3,"param_name":"ab_weight_scaling_omega","param_value_internal":0.0,"distribution":"{\"name\": \"FloatDistribution\", \"attributes\": {\"step\": null, \"low\": 0.0, \"high\": 0.0, \"log\": false}}"}
{"op_code":5,"worker_id":"7590e6b9-bbb7-4aea-80a7-056a6cdb9b8d-140370677739520","trial_id":3,"param_name":"min_lr_rate","param_value_internal":0.0,"distribution":"{\"name\": \"FloatDistribution\", \"attributes\": {\"step\": null, \"low\": 0.0, \"high\": 0.0, \"log\": false}}"}
{"op_code":7,"worker_id":"7590e6b9-bbb7-4aea-80a7-056a6cdb9b8d-140370677739520","trial_id":3,"step":1,"intermediate_value":5.942540820179223}
{"op_code":8,"worker_id":"7590e6b9-bbb7-4aea-80a7-056a6cdb9b8d-140370677739520","trial_id":3,"user_attr":{"train_loss_epoch_1":5.646787450903483}}
{"op_code":7,"worker_id":"7590e6b9-bbb7-4aea-80a7-056a6cdb9b8d-140370677739520","trial_id":3,"step":2,"intermediate_value":6.2362492964328515}
{"op_code":8,"worker_id":"7590e6b9-bbb7-4aea-80a7-056a6cdb9b8d-140370677739520","trial_id":3,"user_attr":{"train_loss_epoch_2":5.871381990187995}}
{"op_code":7,"worker_id":"7590e6b9-bbb7-4aea-80a7-056a6cdb9b8d-140370677739520","trial_id":3,"step":3,"intermediate_value":6.2362492964328515}
{"op_code":8,"worker_id":"7590e6b9-bbb7-4aea-80a7-056a6cdb9b8d-140370677739520","trial_id":3,"user_attr":{"train_loss_epoch_3":5.869616025192517}}
{"op_code":7,"worker_id":"7590e6b9-bbb7-4aea-80a7-056a6cdb9b8d-140370677739520","trial_id":3,"step":4,"intermediate_value":6.316663153527452}
{"op_code":8,"worker_id":"7590e6b9-bbb7-4aea-80a7-056a6cdb9b8d-140370677739520","trial_id":3,"user_attr":{"train_loss_epoch_4":5.870494530919958}}
{"op_code":7,"worker_id":"7590e6b9-bbb7-4aea-80a7-056a6cdb9b8d-140370677739520","trial_id":3,"step":5,"intermediate_value":6.316663153527452}
{"op_code":8,"worker_id":"7590e6b9-bbb7-4aea-80a7-056a6cdb9b8d-140370677739520","trial_id":3,"user_attr":{"train_loss_epoch_5":5.868473630501376}}
{"op_code":6,"worker_id":"7590e6b9-bbb7-4aea-80a7-056a6cdb9b8d-140370677739520","trial_id":3,"state":1,"values":[6.316663153527452],"datetime_complete":"2026-02-20T19:45:54.271678"}
{"op_code":4,"worker_id":"7590e6b9-bbb7-4aea-80a7-056a6cdb9b8d-140370677739520","study_id":0,"datetime_start":"2026-02-20T19:45:54.273497"}
{"op_code":5,"worker_id":"7590e6b9-bbb7-4aea-80a7-056a6cdb9b8d-140370677739520","trial_id":4,"param_name":"learning_rate","param_value_internal":0.0679353313210329,"distribution":"{\"name\": \"FloatDistribution\", \"attributes\": {\"step\": null, \"low\": 0.003, \"high\": 10.0, \"log\": true}}"}
{"op_code":5,"worker_id":"7590e6b9-bbb7-4aea-80a7-056a6cdb9b8d-140370677739520","trial_id":4,"param_name":"transfer_lr","param_value_internal":4.6863095982939965e-06,"distribution":"{\"name\": \"FloatDistribution\", \"attributes\": {\"step\": null, \"low\": 4e-07, \"high\": 0.08, \"log\": true}}"}
{"op_code":5,"worker_id":"7590e6b9-bbb7-4aea-80a7-056a6cdb9b8d-140370677739520","trial_id":4,"param_name":"transfer_every","param_value_internal":86.0,"distribution":"{\"name\": \"IntDistribution\", \"attributes\": {\"log\": true, \"step\": 1, \"low\": 48, \"high\": 35000}}"}
{"op_code":5,"worker_id":"7590e6b9-bbb7-4aea-80a7-056a6cdb9b8d-140370677739520","trial_id":4,"param_name":"rank_exp","param_value_internal":1.0,"distribution":"{\"name\": \"IntDistribution\", \"attributes\": {\"log\": false, \"step\": 1, \"low\": 0, \"high\": 7}}"}
{"op_code":5,"worker_id":"7590e6b9-bbb7-4aea-80a7-056a6cdb9b8d-140370677739520","trial_id":4,"param_name":"lora_alpha","param_value_internal":1.0592331618521253e-05,"distribution":"{\"name\": \"FloatDistribution\", \"attributes\": {\"step\": null, \"low\": 6e-06, \"high\": 20.0, \"log\": true}}"}
{"op_code":5,"worker_id":"7590e6b9-bbb7-4aea-80a7-056a6cdb9b8d-140370677739520","trial_id":4,"param_name":"tau_sec","param_value_internal":0.0,"distribution":"{\"name\": \"FloatDistribution\", \"attributes\": {\"step\": null, \"low\": 0.0, \"high\": 0.0, \"log\": false}}"}
{"op_code":5,"worker_id":"7590e6b9-bbb7-4aea-80a7-056a6cdb9b8d-140370677739520","trial_id":4,"param_name":"out_noise","param_value_internal":0.0,"distribution":"{\"name\": \"FloatDistribution\", \"attributes\": {\"step\": null, \"low\": 0.0, \"high\": 0.0, \"log\": false}}"}
{"op_code":5,"worker_id":"7590e6b9-bbb7-4aea-80a7-056a6cdb9b8d-140370677739520","trial_id":4,"param_name":"ab_weight_scaling_omega","param_value_internal":0.0,"distribution":"{\"name\": \"FloatDistribution\", \"attributes\": {\"step\": null, \"low\": 0.0, \"high\": 0.0, \"log\": false}}"}
{"op_code":5,"worker_id":"7590e6b9-bbb7-4aea-80a7-056a6cdb9b8d-140370677739520","trial_id":4,"param_name":"min_lr_rate","param_value_internal":0.0,"distribution":"{\"name\": \"FloatDistribution\", \"attributes\": {\"step\": null, \"low\": 0.0, \"high\": 0.0, \"log\": false}}"}
{"op_code":8,"worker_id":"7590e6b9-bbb7-4aea-80a7-056a6cdb9b8d-140370677739520","trial_id":4,"user_attr":{"error":"CUDA out of memory. Tried to allocate 216.00 MiB. GPU "}}
{"op_code":6,"worker_id":"7590e6b9-bbb7-4aea-80a7-056a6cdb9b8d-140370677739520","trial_id":4,"state":3,"values":null,"datetime_complete":"2026-02-20T19:46:03.458379"}
{"op_code":0,"worker_id":"d441d9e7-662a-45fe-b989-e12b2a8fc25b-139735788118016","study_name":"albert_squad_lrtt_bs48_sgd_hybrid_nowd_nomom_nonest_set_noio_encanalog_none_5ep","directions":[2]}
{"op_code":4,"worker_id":"d441d9e7-662a-45fe-b989-e12b2a8fc25b-139735788118016","study_id":0,"datetime_start":null,"state":4,"value":null,"values":null,"distributions":{},"params":{},"user_attrs":{},"system_attrs":{"fixed_params":{"learning_rate":0.0679353313210329,"transfer_lr":4.6863095982939965e-06,"transfer_every":86,"rank_exp":1,"lora_alpha":1.0592331618521253e-05,"tau_sec":0.0,"out_noise":0.0,"ab_weight_scaling_omega":0.0,"min_lr_rate":0.0}},"intermediate_values":{}}
{"op_code":6,"worker_id":"d441d9e7-662a-45fe-b989-e12b2a8fc25b-139735788118016","trial_id":5,"state":0,"values":null,"datetime_start":"2026-02-20T19:46:14.035265"}
{"op_code":5,"worker_id":"d441d9e7-662a-45fe-b989-e12b2a8fc25b-139735788118016","trial_id":5,"param_name":"learning_rate","param_value_internal":0.0679353313210329,"distribution":"{\"name\": \"FloatDistribution\", \"attributes\": {\"step\": null, \"low\": 0.003, \"high\": 10.0, \"log\": true}}"}
{"op_code":5,"worker_id":"d441d9e7-662a-45fe-b989-e12b2a8fc25b-139735788118016","trial_id":5,"param_name":"transfer_lr","param_value_internal":4.6863095982939965e-06,"distribution":"{\"name\": \"FloatDistribution\", \"attributes\": {\"step\": null, \"low\": 4e-07, \"high\": 0.08, \"log\": true}}"}
{"op_code":5,"worker_id":"d441d9e7-662a-45fe-b989-e12b2a8fc25b-139735788118016","trial_id":5,"param_name":"transfer_every","param_value_internal":86.0,"distribution":"{\"name\": \"IntDistribution\", \"attributes\": {\"log\": true, \"step\": 1, \"low\": 48, \"high\": 35000}}"}
{"op_code":5,"worker_id":"d441d9e7-662a-45fe-b989-e12b2a8fc25b-139735788118016","trial_id":5,"param_name":"rank_exp","param_value_internal":1.0,"distribution":"{\"name\": \"IntDistribution\", \"attributes\": {\"log\": false, \"step\": 1, \"low\": 0, \"high\": 7}}"}
{"op_code":5,"worker_id":"d441d9e7-662a-45fe-b989-e12b2a8fc25b-139735788118016","trial_id":5,"param_name":"lora_alpha","param_value_internal":1.0592331618521253e-05,"distribution":"{\"name\": \"FloatDistribution\", \"attributes\": {\"step\": null, \"low\": 6e-06, \"high\": 20.0, \"log\": true}}"}
{"op_code":5,"worker_id":"d441d9e7-662a-45fe-b989-e12b2a8fc25b-139735788118016","trial_id":5,"param_name":"tau_sec","param_value_internal":0.0,"distribution":"{\"name\": \"FloatDistribution\", \"attributes\": {\"step\": null, \"low\": 0.0, \"high\": 0.0, \"log\": false}}"}
{"op_code":5,"worker_id":"d441d9e7-662a-45fe-b989-e12b2a8fc25b-139735788118016","trial_id":5,"param_name":"out_noise","param_value_internal":0.0,"distribution":"{\"name\": \"FloatDistribution\", \"attributes\": {\"step\": null, \"low\": 0.0, \"high\": 0.0, \"log\": false}}"}
{"op_code":5,"worker_id":"d441d9e7-662a-45fe-b989-e12b2a8fc25b-139735788118016","trial_id":5,"param_name":"ab_weight_scaling_omega","param_value_internal":0.0,"distribution":"{\"name\": \"FloatDistribution\", \"attributes\": {\"step\": null, \"low\": 0.0, \"high\": 0.0, \"log\": false}}"}
{"op_code":5,"worker_id":"d441d9e7-662a-45fe-b989-e12b2a8fc25b-139735788118016","trial_id":5,"param_name":"min_lr_rate","param_value_internal":0.0,"distribution":"{\"name\": \"FloatDistribution\", \"attributes\": {\"step\": null, \"low\": 0.0, \"high\": 0.0, \"log\": false}}"}
{"op_code":7,"worker_id":"d441d9e7-662a-45fe-b989-e12b2a8fc25b-139735788118016","trial_id":5,"step":1,"intermediate_value":76.1290865963472}
{"op_code":8,"worker_id":"d441d9e7-662a-45fe-b989-e12b2a8fc25b-139735788118016","trial_id":5,"user_attr":{"train_loss_epoch_1":2.298808608899971}}
{"op_code":7,"worker_id":"d441d9e7-662a-45fe-b989-e12b2a8fc25b-139735788118016","trial_id":5,"step":2,"intermediate_value":80.57358208880497}
{"op_code":8,"worker_id":"d441d9e7-662a-45fe-b989-e12b2a8fc25b-139735788118016","trial_id":5,"user_attr":{"train_loss_epoch_2":1.335199773343886}}
{"op_code":7,"worker_id":"d441d9e7-662a-45fe-b989-e12b2a8fc25b-139735788118016","trial_id":5,"step":3,"intermediate_value":81.69947619351866}
{"op_code":8,"worker_id":"d441d9e7-662a-45fe-b989-e12b2a8fc25b-139735788118016","trial_id":5,"user_attr":{"train_loss_epoch_3":1.2456486735333607}}
{"op_code":7,"worker_id":"d441d9e7-662a-45fe-b989-e12b2a8fc25b-139735788118016","trial_id":5,"step":4,"intermediate_value":82.02267956091336}
{"op_code":8,"worker_id":"d441d9e7-662a-45fe-b989-e12b2a8fc25b-139735788118016","trial_id":5,"user_attr":{"train_loss_epoch_4":1.203874254676866}}
{"op_code":7,"worker_id":"d441d9e7-662a-45fe-b989-e12b2a8fc25b-139735788118016","trial_id":5,"step":5,"intermediate_value":82.49539013929922}
{"op_code":8,"worker_id":"d441d9e7-662a-45fe-b989-e12b2a8fc25b-139735788118016","trial_id":5,"user_attr":{"train_loss_epoch_5":1.1812633165295987}}
{"op_code":6,"worker_id":"d441d9e7-662a-45fe-b989-e12b2a8fc25b-139735788118016","trial_id":5,"state":1,"values":[82.49539013929922],"datetime_complete":"2026-02-20T22:55:31.120763"}
{"op_code":0,"worker_id":"7a31de19-f723-4994-8602-aace94a76d01-140375811534848","study_name":"albert_squad_lrtt_bs48_sgd_hybrid_nowd_nomom_nonest_set_noio_encanalog_none_5ep","directions":[2]}
{"op_code":4,"worker_id":"7a31de19-f723-4994-8602-aace94a76d01-140375811534848","study_id":0,"datetime_start":"2026-02-20T22:55:41.286671"}
{"op_code":5,"worker_id":"7a31de19-f723-4994-8602-aace94a76d01-140375811534848","trial_id":6,"param_name":"learning_rate","param_value_internal":0.00948346634179635,"distribution":"{\"name\": \"FloatDistribution\", \"attributes\": {\"step\": null, \"low\": 0.003, \"high\": 10.0, \"log\": true}}"}
{"op_code":5,"worker_id":"7a31de19-f723-4994-8602-aace94a76d01-140375811534848","trial_id":6,"param_name":"transfer_lr","param_value_internal":0.0001930244740581118,"distribution":"{\"name\": \"FloatDistribution\", \"attributes\": {\"step\": null, \"low\": 4e-07, \"high\": 0.08, \"log\": true}}"}
{"op_code":5,"worker_id":"7a31de19-f723-4994-8602-aace94a76d01-140375811534848","trial_id":6,"param_name":"transfer_every","param_value_internal":255.0,"distribution":"{\"name\": \"IntDistribution\", \"attributes\": {\"log\": true, \"step\": 1, \"low\": 48, \"high\": 35000}}"}
{"op_code":5,"worker_id":"7a31de19-f723-4994-8602-aace94a76d01-140375811534848","trial_id":6,"param_name":"rank_exp","param_value_internal":3.0,"distribution":"{\"name\": \"IntDistribution\", \"attributes\": {\"log\": false, \"step\": 1, \"low\": 0, \"high\": 7}}"}
{"op_code":5,"worker_id":"7a31de19-f723-4994-8602-aace94a76d01-140375811534848","trial_id":6,"param_name":"lora_alpha","param_value_internal":0.05057349655929762,"distribution":"{\"name\": \"FloatDistribution\", \"attributes\": {\"step\": null, \"low\": 6e-06, \"high\": 20.0, \"log\": true}}"}
{"op_code":5,"worker_id":"7a31de19-f723-4994-8602-aace94a76d01-140375811534848","trial_id":6,"param_name":"tau_sec","param_value_internal":0.0,"distribution":"{\"name\": \"FloatDistribution\", \"attributes\": {\"step\": null, \"low\": 0.0, \"high\": 0.0, \"log\": false}}"}
{"op_code":5,"worker_id":"7a31de19-f723-4994-8602-aace94a76d01-140375811534848","trial_id":6,"param_name":"out_noise","param_value_internal":0.0,"distribution":"{\"name\": \"FloatDistribution\", \"attributes\": {\"step\": null, \"low\": 0.0, \"high\": 0.0, \"log\": false}}"}
{"op_code":5,"worker_id":"7a31de19-f723-4994-8602-aace94a76d01-140375811534848","trial_id":6,"param_name":"ab_weight_scaling_omega","param_value_internal":0.0,"distribution":"{\"name\": \"FloatDistribution\", \"attributes\": {\"step\": null, \"low\": 0.0, \"high\": 0.0, \"log\": false}}"}
{"op_code":5,"worker_id":"7a31de19-f723-4994-8602-aace94a76d01-140375811534848","trial_id":6,"param_name":"min_lr_rate","param_value_internal":0.0,"distribution":"{\"name\": \"FloatDistribution\", \"attributes\": {\"step\": null, \"low\": 0.0, \"high\": 0.0, \"log\": false}}"}
{"op_code":7,"worker_id":"7a31de19-f723-4994-8602-aace94a76d01-140375811534848","trial_id":6,"step":1,"intermediate_value":40.502026198345646}
{"op_code":8,"worker_id":"7a31de19-f723-4994-8602-aace94a76d01-140375811534848","trial_id":6,"user_attr":{"train_loss_epoch_1":3.610216544909805}}
{"op_code":7,"worker_id":"7a31de19-f723-4994-8602-aace94a76d01-140375811534848","trial_id":6,"step":2,"intermediate_value":60.97312176042699}
{"op_code":8,"worker_id":"7a31de19-f723-4994-8602-aace94a76d01-140375811534848","trial_id":6,"user_attr":{"train_loss_epoch_2":2.3513570107442985}}
{"op_code":7,"worker_id":"7a31de19-f723-4994-8602-aace94a76d01-140375811534848","trial_id":6,"step":3,"intermediate_value":66.51980333111659}
{"op_code":8,"worker_id":"7a31de19-f723-4994-8602-aace94a76d01-140375811534848","trial_id":6,"user_attr":{"train_loss_epoch_3":1.945407218331573}}
{"op_code":7,"worker_id":"7a31de19-f723-4994-8602-aace94a76d01-140375811534848","trial_id":6,"step":4,"intermediate_value":68.45998071315628}
{"op_code":8,"worker_id":"7a31de19-f723-4994-8602-aace94a76d01-140375811534848","trial_id":6,"user_attr":{"train_loss_epoch_4":1.8089786957713418}}
{"op_code":7,"worker_id":"7a31de19-f723-4994-8602-aace94a76d01-140375811534848","trial_id":6,"step":5,"intermediate_value":68.64910684632204}
{"op_code":8,"worker_id":"7a31de19-f723-4994-8602-aace94a76d01-140375811534848","trial_id":6,"user_attr":{"train_loss_epoch_5":1.7654955721443644}}
{"op_code":6,"worker_id":"7a31de19-f723-4994-8602-aace94a76d01-140375811534848","trial_id":6,"state":1,"values":[68.64910684632204],"datetime_complete":"2026-02-21T01:55:11.970461"}
{"op_code":4,"worker_id":"7a31de19-f723-4994-8602-aace94a76d01-140375811534848","study_id":0,"datetime_start":"2026-02-21T01:55:11.972003"}
{"op_code":5,"worker_id":"7a31de19-f723-4994-8602-aace94a76d01-140375811534848","trial_id":7,"param_name":"learning_rate","param_value_internal":0.31011930549333877,"distribution":"{\"name\": \"FloatDistribution\", \"attributes\": {\"step\": null, \"low\": 0.003, \"high\": 10.0, \"log\": true}}"}
{"op_code":5,"worker_id":"7a31de19-f723-4994-8602-aace94a76d01-140375811534848","trial_id":7,"param_name":"transfer_lr","param_value_internal":0.0010605434731326892,"distribution":"{\"name\": \"FloatDistribution\", \"attributes\": {\"step\": null, \"low\": 4e-07, \"high\": 0.08, \"log\": true}}"}
{"op_code":5,"worker_id":"7a31de19-f723-4994-8602-aace94a76d01-140375811534848","trial_id":7,"param_name":"transfer_every","param_value_internal":53.0,"distribution":"{\"name\": \"IntDistribution\", \"attributes\": {\"log\": true, \"step\": 1, \"low\": 48, \"high\": 35000}}"}
{"op_code":5,"worker_id":"7a31de19-f723-4994-8602-aace94a76d01-140375811534848","trial_id":7,"param_name":"rank_exp","param_value_internal":3.0,"distribution":"{\"name\": \"IntDistribution\", \"attributes\": {\"log\": false, \"step\": 1, \"low\": 0, \"high\": 7}}"}
{"op_code":5,"worker_id":"7a31de19-f723-4994-8602-aace94a76d01-140375811534848","trial_id":7,"param_name":"lora_alpha","param_value_internal":0.0012084033173000754,"distribution":"{\"name\": \"FloatDistribution\", \"attributes\": {\"step\": null, \"low\": 6e-06, \"high\": 20.0, \"log\": true}}"}
{"op_code":5,"worker_id":"7a31de19-f723-4994-8602-aace94a76d01-140375811534848","trial_id":7,"param_name":"tau_sec","param_value_internal":0.0,"distribution":"{\"name\": \"FloatDistribution\", \"attributes\": {\"step\": null, \"low\": 0.0, \"high\": 0.0, \"log\": false}}"}
{"op_code":5,"worker_id":"7a31de19-f723-4994-8602-aace94a76d01-140375811534848","trial_id":7,"param_name":"out_noise","param_value_internal":0.0,"distribution":"{\"name\": \"FloatDistribution\", \"attributes\": {\"step\": null, \"low\": 0.0, \"high\": 0.0, \"log\": false}}"}
{"op_code":5,"worker_id":"7a31de19-f723-4994-8602-aace94a76d01-140375811534848","trial_id":7,"param_name":"ab_weight_scaling_omega","param_value_internal":0.0,"distribution":"{\"name\": \"FloatDistribution\", \"attributes\": {\"step\": null, \"low\": 0.0, \"high\": 0.0, \"log\": false}}"}
{"op_code":5,"worker_id":"7a31de19-f723-4994-8602-aace94a76d01-140375811534848","trial_id":7,"param_name":"min_lr_rate","param_value_internal":0.0,"distribution":"{\"name\": \"FloatDistribution\", \"attributes\": {\"step\": null, \"low\": 0.0, \"high\": 0.0, \"log\": false}}"}
{"op_code":7,"worker_id":"7a31de19-f723-4994-8602-aace94a76d01-140375811534848","trial_id":7,"step":1,"intermediate_value":83.3375396724783}
{"op_code":8,"worker_id":"7a31de19-f723-4994-8602-aace94a76d01-140375811534848","trial_id":7,"user_attr":{"train_loss_epoch_1":1.6895657392147108}}
{"op_code":7,"worker_id":"7a31de19-f723-4994-8602-aace94a76d01-140375811534848","trial_id":7,"step":2,"intermediate_value":85.05994728139348}
{"op_code":8,"worker_id":"7a31de19-f723-4994-8602-aace94a76d01-140375811534848","trial_id":7,"user_attr":{"train_loss_epoch_2":1.1061823898285998}}
{"op_code":7,"worker_id":"7a31de19-f723-4994-8602-aace94a76d01-140375811534848","trial_id":7,"step":3,"intermediate_value":86.19840111732185}
{"op_code":8,"worker_id":"7a31de19-f723-4994-8602-aace94a76d01-140375811534848","trial_id":7,"user_attr":{"train_loss_epoch_3":1.029225846545788}}
{"op_code":7,"worker_id":"7a31de19-f723-4994-8602-aace94a76d01-140375811534848","trial_id":7,"step":4,"intermediate_value":86.49131774103034}
{"op_code":8,"worker_id":"7a31de19-f723-4994-8602-aace94a76d01-140375811534848","trial_id":7,"user_attr":{"train_loss_epoch_4":0.9837265438690144}}
{"op_code":7,"worker_id":"7a31de19-f723-4994-8602-aace94a76d01-140375811534848","trial_id":7,"step":5,"intermediate_value":87.02434486981552}
{"op_code":8,"worker_id":"7a31de19-f723-4994-8602-aace94a76d01-140375811534848","trial_id":7,"user_attr":{"train_loss_epoch_5":0.9486726892917429}}
{"op_code":6,"worker_id":"7a31de19-f723-4994-8602-aace94a76d01-140375811534848","trial_id":7,"state":1,"values":[87.02434486981552],"datetime_complete":"2026-02-21T04:52:12.118423"}
{"op_code":4,"worker_id":"7a31de19-f723-4994-8602-aace94a76d01-140375811534848","study_id":0,"datetime_start":"2026-02-21T04:52:12.120093"}
{"op_code":5,"worker_id":"7a31de19-f723-4994-8602-aace94a76d01-140375811534848","trial_id":8,"param_name":"learning_rate","param_value_internal":2.944573219444289,"distribution":"{\"name\": \"FloatDistribution\", \"attributes\": {\"step\": null, \"low\": 0.003, \"high\": 10.0, \"log\": true}}"}
{"op_code":5,"worker_id":"7a31de19-f723-4994-8602-aace94a76d01-140375811534848","trial_id":8,"param_name":"transfer_lr","param_value_internal":2.5304417464201097e-05,"distribution":"{\"name\": \"FloatDistribution\", \"attributes\": {\"step\": null, \"low\": 4e-07, \"high\": 0.08, \"log\": true}}"}
{"op_code":5,"worker_id":"7a31de19-f723-4994-8602-aace94a76d01-140375811534848","trial_id":8,"param_name":"transfer_every","param_value_internal":154.0,"distribution":"{\"name\": \"IntDistribution\", \"attributes\": {\"log\": true, \"step\": 1, \"low\": 48, \"high\": 35000}}"}
{"op_code":5,"worker_id":"7a31de19-f723-4994-8602-aace94a76d01-140375811534848","trial_id":8,"param_name":"rank_exp","param_value_internal":3.0,"distribution":"{\"name\": \"IntDistribution\", \"attributes\": {\"log\": false, \"step\": 1, \"low\": 0, \"high\": 7}}"}
{"op_code":5,"worker_id":"7a31de19-f723-4994-8602-aace94a76d01-140375811534848","trial_id":8,"param_name":"lora_alpha","param_value_internal":9.354181706211447e-06,"distribution":"{\"name\": \"FloatDistribution\", \"attributes\": {\"step\": null, \"low\": 6e-06, \"high\": 20.0, \"log\": true}}"}
{"op_code":5,"worker_id":"7a31de19-f723-4994-8602-aace94a76d01-140375811534848","trial_id":8,"param_name":"tau_sec","param_value_internal":0.0,"distribution":"{\"name\": \"FloatDistribution\", \"attributes\": {\"step\": null, \"low\": 0.0, \"high\": 0.0, \"log\": false}}"}
{"op_code":5,"worker_id":"7a31de19-f723-4994-8602-aace94a76d01-140375811534848","trial_id":8,"param_name":"out_noise","param_value_internal":0.0,"distribution":"{\"name\": \"FloatDistribution\", \"attributes\": {\"step\": null, \"low\": 0.0, \"high\": 0.0, \"log\": false}}"}
{"op_code":5,"worker_id":"7a31de19-f723-4994-8602-aace94a76d01-140375811534848","trial_id":8,"param_name":"ab_weight_scaling_omega","param_value_internal":0.0,"distribution":"{\"name\": \"FloatDistribution\", \"attributes\": {\"step\": null, \"low\": 0.0, \"high\": 0.0, \"log\": false}}"}
{"op_code":5,"worker_id":"7a31de19-f723-4994-8602-aace94a76d01-140375811534848","trial_id":8,"param_name":"min_lr_rate","param_value_internal":0.0,"distribution":"{\"name\": \"FloatDistribution\", \"attributes\": {\"step\": null, \"low\": 0.0, \"high\": 0.0, \"log\": false}}"}
{"op_code":8,"worker_id":"7a31de19-f723-4994-8602-aace94a76d01-140375811534848","trial_id":8,"user_attr":{"error":"CUDA out of memory. Tried to allocate 216.00 MiB. GPU "}}
{"op_code":6,"worker_id":"7a31de19-f723-4994-8602-aace94a76d01-140375811534848","trial_id":8,"state":3,"values":null,"datetime_complete":"2026-02-21T04:52:20.229117"}
{"op_code":0,"worker_id":"6039188c-0806-45c6-bbd6-35c6455174e2-140633280344064","study_name":"albert_squad_lrtt_bs48_sgd_hybrid_nowd_nomom_nonest_set_noio_encanalog_none_5ep","directions":[2]}
{"op_code":4,"worker_id":"6039188c-0806-45c6-bbd6-35c6455174e2-140633280344064","study_id":0,"datetime_start":null,"state":4,"value":null,"values":null,"distributions":{},"params":{},"user_attrs":{},"system_attrs":{"fixed_params":{"learning_rate":2.944573219444289,"transfer_lr":2.5304417464201097e-05,"transfer_every":154,"rank_exp":3,"lora_alpha":9.354181706211447e-06,"tau_sec":0.0,"out_noise":0.0,"ab_weight_scaling_omega":0.0,"min_lr_rate":0.0}},"intermediate_values":{}}
{"op_code":6,"worker_id":"6039188c-0806-45c6-bbd6-35c6455174e2-140633280344064","trial_id":9,"state":0,"values":null,"datetime_start":"2026-02-21T04:52:30.159447"}
{"op_code":5,"worker_id":"6039188c-0806-45c6-bbd6-35c6455174e2-140633280344064","trial_id":9,"param_name":"learning_rate","param_value_internal":2.944573219444289,"distribution":"{\"name\": \"FloatDistribution\", \"attributes\": {\"step\": null, \"low\": 0.003, \"high\": 10.0, \"log\": true}}"}
{"op_code":5,"worker_id":"6039188c-0806-45c6-bbd6-35c6455174e2-140633280344064","trial_id":9,"param_name":"transfer_lr","param_value_internal":2.5304417464201097e-05,"distribution":"{\"name\": \"FloatDistribution\", \"attributes\": {\"step\": null, \"low\": 4e-07, \"high\": 0.08, \"log\": true}}"}
{"op_code":5,"worker_id":"6039188c-0806-45c6-bbd6-35c6455174e2-140633280344064","trial_id":9,"param_name":"transfer_every","param_value_internal":154.0,"distribution":"{\"name\": \"IntDistribution\", \"attributes\": {\"log\": true, \"step\": 1, \"low\": 48, \"high\": 35000}}"}
{"op_code":5,"worker_id":"6039188c-0806-45c6-bbd6-35c6455174e2-140633280344064","trial_id":9,"param_name":"rank_exp","param_value_internal":3.0,"distribution":"{\"name\": \"IntDistribution\", \"attributes\": {\"log\": false, \"step\": 1, \"low\": 0, \"high\": 7}}"}
{"op_code":5,"worker_id":"6039188c-0806-45c6-bbd6-35c6455174e2-140633280344064","trial_id":9,"param_name":"lora_alpha","param_value_internal":9.354181706211447e-06,"distribution":"{\"name\": \"FloatDistribution\", \"attributes\": {\"step\": null, \"low\": 6e-06, \"high\": 20.0, \"log\": true}}"}
{"op_code":5,"worker_id":"6039188c-0806-45c6-bbd6-35c6455174e2-140633280344064","trial_id":9,"param_name":"tau_sec","param_value_internal":0.0,"distribution":"{\"name\": \"FloatDistribution\", \"attributes\": {\"step\": null, \"low\": 0.0, \"high\": 0.0, \"log\": false}}"}
{"op_code":5,"worker_id":"6039188c-0806-45c6-bbd6-35c6455174e2-140633280344064","trial_id":9,"param_name":"out_noise","param_value_internal":0.0,"distribution":"{\"name\": \"FloatDistribution\", \"attributes\": {\"step\": null, \"low\": 0.0, \"high\": 0.0, \"log\": false}}"}
{"op_code":5,"worker_id":"6039188c-0806-45c6-bbd6-35c6455174e2-140633280344064","trial_id":9,"param_name":"ab_weight_scaling_omega","param_value_internal":0.0,"distribution":"{\"name\": \"FloatDistribution\", \"attributes\": {\"step\": null, \"low\": 0.0, \"high\": 0.0, \"log\": false}}"}
{"op_code":5,"worker_id":"6039188c-0806-45c6-bbd6-35c6455174e2-140633280344064","trial_id":9,"param_name":"min_lr_rate","param_value_internal":0.0,"distribution":"{\"name\": \"FloatDistribution\", \"attributes\": {\"step\": null, \"low\": 0.0, \"high\": 0.0, \"log\": false}}"}
{"op_code":7,"worker_id":"6039188c-0806-45c6-bbd6-35c6455174e2-140633280344064","trial_id":9,"step":1,"intermediate_value":6.247080179225812}
{"op_code":8,"worker_id":"6039188c-0806-45c6-bbd6-35c6455174e2-140633280344064","trial_id":9,"user_attr":{"train_loss_epoch_1":4.314793635460255}}
{"op_code":7,"worker_id":"6039188c-0806-45c6-bbd6-35c6455174e2-140633280344064","trial_id":9,"step":2,"intermediate_value":6.247080179225812}
{"op_code":8,"worker_id":"6039188c-0806-45c6-bbd6-35c6455174e2-140633280344064","trial_id":9,"user_attr":{"train_loss_epoch_2":5.788670189779516}}
{"op_code":7,"worker_id":"6039188c-0806-45c6-bbd6-35c6455174e2-140633280344064","trial_id":9,"step":3,"intermediate_value":6.856904868867189}
{"op_code":8,"worker_id":"6039188c-0806-45c6-bbd6-35c6455174e2-140633280344064","trial_id":9,"user_attr":{"train_loss_epoch_3":5.786385749053749}}
{"op_code":7,"worker_id":"6039188c-0806-45c6-bbd6-35c6455174e2-140633280344064","trial_id":9,"step":4,"intermediate_value":6.856904868867189}
{"op_code":8,"worker_id":"6039188c-0806-45c6-bbd6-35c6455174e2-140633280344064","trial_id":9,"user_attr":{"train_loss_epoch_4":5.785501752212103}}
{"op_code":7,"worker_id":"6039188c-0806-45c6-bbd6-35c6455174e2-140633280344064","trial_id":9,"step":5,"intermediate_value":6.856904868867189}
{"op_code":8,"worker_id":"6039188c-0806-45c6-bbd6-35c6455174e2-140633280344064","trial_id":9,"user_attr":{"train_loss_epoch_5":5.789190150365742}}
{"op_code":6,"worker_id":"6039188c-0806-45c6-bbd6-35c6455174e2-140633280344064","trial_id":9,"state":1,"values":[6.856904868867189],"datetime_complete":"2026-02-21T08:00:18.707050"}
{"op_code":0,"worker_id":"4c7334bf-082e-4c05-b582-ef08f415e6a6-140150888677376","study_name":"albert_squad_lrtt_bs48_sgd_hybrid_nowd_nomom_nonest_set_noio_encanalog_none_5ep","directions":[2]}
{"op_code":4,"worker_id":"4c7334bf-082e-4c05-b582-ef08f415e6a6-140150888677376","study_id":0,"datetime_start":"2026-02-21T08:00:28.740982"}
{"op_code":5,"worker_id":"4c7334bf-082e-4c05-b582-ef08f415e6a6-140150888677376","trial_id":10,"param_name":"learning_rate","param_value_internal":2.555567412996333,"distribution":"{\"name\": \"FloatDistribution\", \"attributes\": {\"step\": null, \"low\": 0.003, \"high\": 10.0, \"log\": true}}"}
{"op_code":5,"worker_id":"4c7334bf-082e-4c05-b582-ef08f415e6a6-140150888677376","trial_id":10,"param_name":"transfer_lr","param_value_internal":0.007538954798713509,"distribution":"{\"name\": \"FloatDistribution\", \"attributes\": {\"step\": null, \"low\": 4e-07, \"high\": 0.08, \"log\": true}}"}
{"op_code":5,"worker_id":"4c7334bf-082e-4c05-b582-ef08f415e6a6-140150888677376","trial_id":10,"param_name":"transfer_every","param_value_internal":635.0,"distribution":"{\"name\": \"IntDistribution\", \"attributes\": {\"log\": true, \"step\": 1, \"low\": 48, \"high\": 35000}}"}
{"op_code":5,"worker_id":"4c7334bf-082e-4c05-b582-ef08f415e6a6-140150888677376","trial_id":10,"param_name":"rank_exp","param_value_internal":6.0,"distribution":"{\"name\": \"IntDistribution\", \"attributes\": {\"log\": false, \"step\": 1, \"low\": 0, \"high\": 7}}"}
{"op_code":5,"worker_id":"4c7334bf-082e-4c05-b582-ef08f415e6a6-140150888677376","trial_id":10,"param_name":"lora_alpha","param_value_internal":0.0002783073625303053,"distribution":"{\"name\": \"FloatDistribution\", \"attributes\": {\"step\": null, \"low\": 6e-06, \"high\": 20.0, \"log\": true}}"}
{"op_code":5,"worker_id":"4c7334bf-082e-4c05-b582-ef08f415e6a6-140150888677376","trial_id":10,"param_name":"tau_sec","param_value_internal":0.0,"distribution":"{\"name\": \"FloatDistribution\", \"attributes\": {\"step\": null, \"low\": 0.0, \"high\": 0.0, \"log\": false}}"}
{"op_code":5,"worker_id":"4c7334bf-082e-4c05-b582-ef08f415e6a6-140150888677376","trial_id":10,"param_name":"out_noise","param_value_internal":0.0,"distribution":"{\"name\": \"FloatDistribution\", \"attributes\": {\"step\": null, \"low\": 0.0, \"high\": 0.0, \"log\": false}}"}
{"op_code":5,"worker_id":"4c7334bf-082e-4c05-b582-ef08f415e6a6-140150888677376","trial_id":10,"param_name":"ab_weight_scaling_omega","param_value_internal":0.0,"distribution":"{\"name\": \"FloatDistribution\", \"attributes\": {\"step\": null, \"low\": 0.0, \"high\": 0.0, \"log\": false}}"}
{"op_code":5,"worker_id":"4c7334bf-082e-4c05-b582-ef08f415e6a6-140150888677376","trial_id":10,"param_name":"min_lr_rate","param_value_internal":0.0,"distribution":"{\"name\": \"FloatDistribution\", \"attributes\": {\"step\": null, \"low\": 0.0, \"high\": 0.0, \"log\": false}}"}
{"op_code":7,"worker_id":"4c7334bf-082e-4c05-b582-ef08f415e6a6-140150888677376","trial_id":10,"step":1,"intermediate_value":6.40117555901523}
{"op_code":8,"worker_id":"4c7334bf-082e-4c05-b582-ef08f415e6a6-140150888677376","trial_id":10,"user_attr":{"train_loss_epoch_1":5.04329973862632}}
{"op_code":7,"worker_id":"4c7334bf-082e-4c05-b582-ef08f415e6a6-140150888677376","trial_id":10,"step":2,"intermediate_value":6.40117555901523}
{"op_code":8,"worker_id":"4c7334bf-082e-4c05-b582-ef08f415e6a6-140150888677376","trial_id":10,"user_attr":{"train_loss_epoch_2":5.870939576438652}}
{"op_code":7,"worker_id":"4c7334bf-082e-4c05-b582-ef08f415e6a6-140150888677376","trial_id":10,"step":3,"intermediate_value":6.40117555901523}
{"op_code":8,"worker_id":"4c7334bf-082e-4c05-b582-ef08f415e6a6-140150888677376","trial_id":10,"user_attr":{"train_loss_epoch_3":5.868059133024685}}
{"op_code":7,"worker_id":"4c7334bf-082e-4c05-b582-ef08f415e6a6-140150888677376","trial_id":10,"step":4,"intermediate_value":6.40117555901523}
{"op_code":8,"worker_id":"4c7334bf-082e-4c05-b582-ef08f415e6a6-140150888677376","trial_id":10,"user_attr":{"train_loss_epoch_4":5.866171416554764}}
{"op_code":6,"worker_id":"4c7334bf-082e-4c05-b582-ef08f415e6a6-140150888677376","trial_id":10,"state":1,"values":[6.40117555901523],"datetime_complete":"2026-02-21T10:21:14.258541"}
{"op_code":4,"worker_id":"4c7334bf-082e-4c05-b582-ef08f415e6a6-140150888677376","study_id":0,"datetime_start":"2026-02-21T10:21:14.260122"}
{"op_code":5,"worker_id":"4c7334bf-082e-4c05-b582-ef08f415e6a6-140150888677376","trial_id":11,"param_name":"learning_rate","param_value_internal":0.1263144610928981,"distribution":"{\"name\": \"FloatDistribution\", \"attributes\": {\"step\": null, \"low\": 0.003, \"high\": 10.0, \"log\": true}}"}
{"op_code":5,"worker_id":"4c7334bf-082e-4c05-b582-ef08f415e6a6-140150888677376","trial_id":11,"param_name":"transfer_lr","param_value_internal":0.0005539221291927584,"distribution":"{\"name\": \"FloatDistribution\", \"attributes\": {\"step\": null, \"low\": 4e-07, \"high\": 0.08, \"log\": true}}"}
{"op_code":5,"worker_id":"4c7334bf-082e-4c05-b582-ef08f415e6a6-140150888677376","trial_id":11,"param_name":"transfer_every","param_value_internal":2163.0,"distribution":"{\"name\": \"IntDistribution\", \"attributes\": {\"log\": true, \"step\": 1, \"low\": 48, \"high\": 35000}}"}
{"op_code":5,"worker_id":"4c7334bf-082e-4c05-b582-ef08f415e6a6-140150888677376","trial_id":11,"param_name":"rank_exp","param_value_internal":5.0,"distribution":"{\"name\": \"IntDistribution\", \"attributes\": {\"log\": false, \"step\": 1, \"low\": 0, \"high\": 7}}"}
{"op_code":5,"worker_id":"4c7334bf-082e-4c05-b582-ef08f415e6a6-140150888677376","trial_id":11,"param_name":"lora_alpha","param_value_internal":0.003944900951819086,"distribution":"{\"name\": \"FloatDistribution\", \"attributes\": {\"step\": null, \"low\": 6e-06, \"high\": 20.0, \"log\": true}}"}
{"op_code":5,"worker_id":"4c7334bf-082e-4c05-b582-ef08f415e6a6-140150888677376","trial_id":11,"param_name":"tau_sec","param_value_internal":0.0,"distribution":"{\"name\": \"FloatDistribution\", \"attributes\": {\"step\": null, \"low\": 0.0, \"high\": 0.0, \"log\": false}}"}
{"op_code":5,"worker_id":"4c7334bf-082e-4c05-b582-ef08f415e6a6-140150888677376","trial_id":11,"param_name":"out_noise","param_value_internal":0.0,"distribution":"{\"name\": \"FloatDistribution\", \"attributes\": {\"step\": null, \"low\": 0.0, \"high\": 0.0, \"log\": false}}"}
{"op_code":5,"worker_id":"4c7334bf-082e-4c05-b582-ef08f415e6a6-140150888677376","trial_id":11,"param_name":"ab_weight_scaling_omega","param_value_internal":0.0,"distribution":"{\"name\": \"FloatDistribution\", \"attributes\": {\"step\": null, \"low\": 0.0, \"high\": 0.0, \"log\": false}}"}
{"op_code":5,"worker_id":"4c7334bf-082e-4c05-b582-ef08f415e6a6-140150888677376","trial_id":11,"param_name":"min_lr_rate","param_value_internal":0.0,"distribution":"{\"name\": \"FloatDistribution\", \"attributes\": {\"step\": null, \"low\": 0.0, \"high\": 0.0, \"log\": false}}"}
{"op_code":7,"worker_id":"4c7334bf-082e-4c05-b582-ef08f415e6a6-140150888677376","trial_id":11,"step":1,"intermediate_value":80.4128154972163}
{"op_code":8,"worker_id":"4c7334bf-082e-4c05-b582-ef08f415e6a6-140150888677376","trial_id":11,"user_attr":{"train_loss_epoch_1":1.9332883819155133}}
{"op_code":7,"worker_id":"4c7334bf-082e-4c05-b582-ef08f415e6a6-140150888677376","trial_id":11,"step":2,"intermediate_value":83.43795571207232}
{"op_code":8,"worker_id":"4c7334bf-082e-4c05-b582-ef08f415e6a6-140150888677376","trial_id":11,"user_attr":{"train_loss_epoch_2":1.200175957577772}}
{"op_code":7,"worker_id":"4c7334bf-082e-4c05-b582-ef08f415e6a6-140150888677376","trial_id":11,"step":3,"intermediate_value":84.41637928549021}
{"op_code":8,"worker_id":"4c7334bf-082e-4c05-b582-ef08f415e6a6-140150888677376","trial_id":11,"user_attr":{"train_loss_epoch_3":1.1190882148649735}}
{"op_code":7,"worker_id":"4c7334bf-082e-4c05-b582-ef08f415e6a6-140150888677376","trial_id":11,"step":4,"intermediate_value":85.16602582523609}
{"op_code":8,"worker_id":"4c7334bf-082e-4c05-b582-ef08f415e6a6-140150888677376","trial_id":11,"user_attr":{"train_loss_epoch_4":1.0796496769061397}}
{"op_code":7,"worker_id":"4c7334bf-082e-4c05-b582-ef08f415e6a6-140150888677376","trial_id":11,"step":5,"intermediate_value":85.16602582523609}
{"op_code":8,"worker_id":"4c7334bf-082e-4c05-b582-ef08f415e6a6-140150888677376","trial_id":11,"user_attr":{"train_loss_epoch_5":1.0604508743133814}}
{"op_code":6,"worker_id":"4c7334bf-082e-4c05-b582-ef08f415e6a6-140150888677376","trial_id":11,"state":1,"values":[85.16602582523609],"datetime_complete":"2026-02-21T13:17:44.034162"}
{"op_code":4,"worker_id":"4c7334bf-082e-4c05-b582-ef08f415e6a6-140150888677376","study_id":0,"datetime_start":"2026-02-21T13:17:44.035976"}
{"op_code":5,"worker_id":"4c7334bf-082e-4c05-b582-ef08f415e6a6-140150888677376","trial_id":12,"param_name":"learning_rate","param_value_internal":0.5581028682498864,"distribution":"{\"name\": \"FloatDistribution\", \"attributes\": {\"step\": null, \"low\": 0.003, \"high\": 10.0, \"log\": true}}"}
{"op_code":5,"worker_id":"4c7334bf-082e-4c05-b582-ef08f415e6a6-140150888677376","trial_id":12,"param_name":"transfer_lr","param_value_internal":5.611615934923486e-05,"distribution":"{\"name\": \"FloatDistribution\", \"attributes\": {\"step\": null, \"low\": 4e-07, \"high\": 0.08, \"log\": true}}"}
{"op_code":5,"worker_id":"4c7334bf-082e-4c05-b582-ef08f415e6a6-140150888677376","trial_id":12,"param_name":"transfer_every","param_value_internal":1333.0,"distribution":"{\"name\": \"IntDistribution\", \"attributes\": {\"log\": true, \"step\": 1, \"low\": 48, \"high\": 35000}}"}
{"op_code":5,"worker_id":"4c7334bf-082e-4c05-b582-ef08f415e6a6-140150888677376","trial_id":12,"param_name":"rank_exp","param_value_internal":5.0,"distribution":"{\"name\": \"IntDistribution\", \"attributes\": {\"log\": false, \"step\": 1, \"low\": 0, \"high\": 7}}"}
{"op_code":5,"worker_id":"4c7334bf-082e-4c05-b582-ef08f415e6a6-140150888677376","trial_id":12,"param_name":"lora_alpha","param_value_internal":0.13918188949469118,"distribution":"{\"name\": \"FloatDistribution\", \"attributes\": {\"step\": null, \"low\": 6e-06, \"high\": 20.0, \"log\": true}}"}
{"op_code":5,"worker_id":"4c7334bf-082e-4c05-b582-ef08f415e6a6-140150888677376","trial_id":12,"param_name":"tau_sec","param_value_internal":0.0,"distribution":"{\"name\": \"FloatDistribution\", \"attributes\": {\"step\": null, \"low\": 0.0, \"high\": 0.0, \"log\": false}}"}
{"op_code":5,"worker_id":"4c7334bf-082e-4c05-b582-ef08f415e6a6-140150888677376","trial_id":12,"param_name":"out_noise","param_value_internal":0.0,"distribution":"{\"name\": \"FloatDistribution\", \"attributes\": {\"step\": null, \"low\": 0.0, \"high\": 0.0, \"log\": false}}"}
{"op_code":5,"worker_id":"4c7334bf-082e-4c05-b582-ef08f415e6a6-140150888677376","trial_id":12,"param_name":"ab_weight_scaling_omega","param_value_internal":0.0,"distribution":"{\"name\": \"FloatDistribution\", \"attributes\": {\"step\": null, \"low\": 0.0, \"high\": 0.0, \"log\": false}}"}
{"op_code":5,"worker_id":"4c7334bf-082e-4c05-b582-ef08f415e6a6-140150888677376","trial_id":12,"param_name":"min_lr_rate","param_value_internal":0.0,"distribution":"{\"name\": \"FloatDistribution\", \"attributes\": {\"step\": null, \"low\": 0.0, \"high\": 0.0, \"log\": false}}"}
{"op_code":7,"worker_id":"4c7334bf-082e-4c05-b582-ef08f415e6a6-140150888677376","trial_id":12,"step":1,"intermediate_value":83.53669427155884}
{"op_code":8,"worker_id":"4c7334bf-082e-4c05-b582-ef08f415e6a6-140150888677376","trial_id":12,"user_attr":{"train_loss_epoch_1":1.6251850601267543}}
{"op_code":7,"worker_id":"4c7334bf-082e-4c05-b582-ef08f415e6a6-140150888677376","trial_id":12,"step":2,"intermediate_value":85.24887131785538}
{"op_code":8,"worker_id":"4c7334bf-082e-4c05-b582-ef08f415e6a6-140150888677376","trial_id":12,"user_attr":{"train_loss_epoch_2":1.1124728398834232}}
{"op_code":7,"worker_id":"4c7334bf-082e-4c05-b582-ef08f415e6a6-140150888677376","trial_id":12,"step":3,"intermediate_value":85.24887131785538}
{"op_code":8,"worker_id":"4c7334bf-082e-4c05-b582-ef08f415e6a6-140150888677376","trial_id":12,"user_attr":{"train_loss_epoch_3":1.1038711928133713}}
{"op_code":7,"worker_id":"4c7334bf-082e-4c05-b582-ef08f415e6a6-140150888677376","trial_id":12,"step":4,"intermediate_value":85.24887131785538}
{"op_code":8,"worker_id":"4c7334bf-082e-4c05-b582-ef08f415e6a6-140150888677376","trial_id":12,"user_attr":{"train_loss_epoch_4":1.0468846440767041}}
{"op_code":7,"worker_id":"4c7334bf-082e-4c05-b582-ef08f415e6a6-140150888677376","trial_id":12,"step":5,"intermediate_value":85.75063237074774}
{"op_code":8,"worker_id":"4c7334bf-082e-4c05-b582-ef08f415e6a6-140150888677376","trial_id":12,"user_attr":{"train_loss_epoch_5":0.99449686785937}}
{"op_code":6,"worker_id":"4c7334bf-082e-4c05-b582-ef08f415e6a6-140150888677376","trial_id":12,"state":1,"values":[85.75063237074774],"datetime_complete":"2026-02-21T16:16:33.861850"}
{"op_code":4,"worker_id":"4c7334bf-082e-4c05-b582-ef08f415e6a6-140150888677376","study_id":0,"datetime_start":"2026-02-21T16:16:33.863683"}
{"op_code":5,"worker_id":"4c7334bf-082e-4c05-b582-ef08f415e6a6-140150888677376","trial_id":13,"param_name":"learning_rate","param_value_internal":0.02748965730367102,"distribution":"{\"name\": \"FloatDistribution\", \"attributes\": {\"step\": null, \"low\": 0.003, \"high\": 10.0, \"log\": true}}"}
{"op_code":5,"worker_id":"4c7334bf-082e-4c05-b582-ef08f415e6a6-140150888677376","trial_id":13,"param_name":"transfer_lr","param_value_internal":7.557733740012825e-05,"distribution":"{\"name\": \"FloatDistribution\", \"attributes\": {\"step\": null, \"low\": 4e-07, \"high\": 0.08, \"log\": true}}"}
{"op_code":5,"worker_id":"4c7334bf-082e-4c05-b582-ef08f415e6a6-140150888677376","trial_id":13,"param_name":"transfer_every","param_value_internal":727.0,"distribution":"{\"name\": \"IntDistribution\", \"attributes\": {\"log\": true, \"step\": 1, \"low\": 48, \"high\": 35000}}"}
{"op_code":5,"worker_id":"4c7334bf-082e-4c05-b582-ef08f415e6a6-140150888677376","trial_id":13,"param_name":"rank_exp","param_value_internal":5.0,"distribution":"{\"name\": \"IntDistribution\", \"attributes\": {\"log\": false, \"step\": 1, \"low\": 0, \"high\": 7}}"}
{"op_code":5,"worker_id":"4c7334bf-082e-4c05-b582-ef08f415e6a6-140150888677376","trial_id":13,"param_name":"lora_alpha","param_value_internal":0.01655578957908902,"distribution":"{\"name\": \"FloatDistribution\", \"attributes\": {\"step\": null, \"low\": 6e-06, \"high\": 20.0, \"log\": true}}"}
{"op_code":5,"worker_id":"4c7334bf-082e-4c05-b582-ef08f415e6a6-140150888677376","trial_id":13,"param_name":"tau_sec","param_value_internal":0.0,"distribution":"{\"name\": \"FloatDistribution\", \"attributes\": {\"step\": null, \"low\": 0.0, \"high\": 0.0, \"log\": false}}"}
{"op_code":5,"worker_id":"4c7334bf-082e-4c05-b582-ef08f415e6a6-140150888677376","trial_id":13,"param_name":"out_noise","param_value_internal":0.0,"distribution":"{\"name\": \"FloatDistribution\", \"attributes\": {\"step\": null, \"low\": 0.0, \"high\": 0.0, \"log\": false}}"}
{"op_code":5,"worker_id":"4c7334bf-082e-4c05-b582-ef08f415e6a6-140150888677376","trial_id":13,"param_name":"ab_weight_scaling_omega","param_value_internal":0.0,"distribution":"{\"name\": \"FloatDistribution\", \"attributes\": {\"step\": null, \"low\": 0.0, \"high\": 0.0, \"log\": false}}"}
{"op_code":5,"worker_id":"4c7334bf-082e-4c05-b582-ef08f415e6a6-140150888677376","trial_id":13,"param_name":"min_lr_rate","param_value_internal":0.0,"distribution":"{\"name\": \"FloatDistribution\", \"attributes\": {\"step\": null, \"low\": 0.0, \"high\": 0.0, \"log\": false}}"}
{"op_code":7,"worker_id":"4c7334bf-082e-4c05-b582-ef08f415e6a6-140150888677376","trial_id":13,"step":1,"intermediate_value":68.55706288741814}
{"op_code":8,"worker_id":"4c7334bf-082e-4c05-b582-ef08f415e6a6-140150888677376","trial_id":13,"user_attr":{"train_loss_epoch_1":2.776793839483566}}
{"op_code":7,"worker_id":"4c7334bf-082e-4c05-b582-ef08f415e6a6-140150888677376","trial_id":13,"step":2,"intermediate_value":75.44782268039226}
{"op_code":8,"worker_id":"4c7334bf-082e-4c05-b582-ef08f415e6a6-140150888677376","trial_id":13,"user_attr":{"train_loss_epoch_2":1.592744245003802}}
{"op_code":7,"worker_id":"4c7334bf-082e-4c05-b582-ef08f415e6a6-140150888677376","trial_id":13,"step":3,"intermediate_value":77.54044051566315}
{"op_code":8,"worker_id":"4c7334bf-082e-4c05-b582-ef08f415e6a6-140150888677376","trial_id":13,"user_attr":{"train_loss_epoch_3":1.425503171806924}}
{"op_code":7,"worker_id":"4c7334bf-082e-4c05-b582-ef08f415e6a6-140150888677376","trial_id":13,"step":4,"intermediate_value":78.68685001820565}
{"op_code":8,"worker_id":"4c7334bf-082e-4c05-b582-ef08f415e6a6-140150888677376","trial_id":13,"user_attr":{"train_loss_epoch_4":1.3637044005737347}}
{"op_code":6,"worker_id":"4c7334bf-082e-4c05-b582-ef08f415e6a6-140150888677376","trial_id":13,"state":3,"values":null,"datetime_complete":"2026-02-21T19:00:35.267939"}
