{"op_code":0,"worker_id":"8a23af38-3f5e-45b1-bd45-868ffb7b1459-140067559620608","study_name":"bert_squad_lrtt_bs48_adam_hybrid_nowd_nomom_nonest_set_noio_noos_as-separate_qkvo_5ep","directions":[2]}
{"op_code":4,"worker_id":"8a23af38-3f5e-45b1-bd45-868ffb7b1459-140067559620608","study_id":0,"datetime_start":"2026-03-12T04:37:23.340667"}
{"op_code":5,"worker_id":"8a23af38-3f5e-45b1-bd45-868ffb7b1459-140067559620608","trial_id":0,"param_name":"learning_rate","param_value_internal":0.000802601360238678,"distribution":"{\"name\": \"FloatDistribution\", \"attributes\": {\"step\": null, \"low\": 0.0001, \"high\": 0.02, \"log\": true}}"}
{"op_code":5,"worker_id":"8a23af38-3f5e-45b1-bd45-868ffb7b1459-140067559620608","trial_id":0,"param_name":"transfer_lr","param_value_internal":2.393680931160547,"distribution":"{\"name\": \"FloatDistribution\", \"attributes\": {\"step\": null, \"low\": 0.0005, \"high\": 1000.0, \"log\": true}}"}
{"op_code":5,"worker_id":"8a23af38-3f5e-45b1-bd45-868ffb7b1459-140067559620608","trial_id":0,"param_name":"transfer_every","param_value_internal":1.0,"distribution":"{\"name\": \"IntDistribution\", \"attributes\": {\"log\": true, \"step\": 1, \"low\": 1, \"high\": 500}}"}
{"op_code":5,"worker_id":"8a23af38-3f5e-45b1-bd45-868ffb7b1459-140067559620608","trial_id":0,"param_name":"rank_exp","param_value_internal":2.0,"distribution":"{\"name\": \"IntDistribution\", \"attributes\": {\"log\": false, \"step\": 1, \"low\": 0, \"high\": 6}}"}
{"op_code":5,"worker_id":"8a23af38-3f5e-45b1-bd45-868ffb7b1459-140067559620608","trial_id":0,"param_name":"fast_lr","param_value_internal":0.12868062618727233,"distribution":"{\"name\": \"FloatDistribution\", \"attributes\": {\"step\": null, \"low\": 0.01, \"high\": 1.0, \"log\": true}}"}
{"op_code":5,"worker_id":"8a23af38-3f5e-45b1-bd45-868ffb7b1459-140067559620608","trial_id":0,"param_name":"tau_sec","param_value_internal":0.0,"distribution":"{\"name\": \"FloatDistribution\", \"attributes\": {\"step\": null, \"low\": 0.0, \"high\": 0.0, \"log\": false}}"}
{"op_code":5,"worker_id":"8a23af38-3f5e-45b1-bd45-868ffb7b1459-140067559620608","trial_id":0,"param_name":"ab_weight_scaling_omega","param_value_internal":0.0,"distribution":"{\"name\": \"FloatDistribution\", \"attributes\": {\"step\": null, \"low\": 0.0, \"high\": 0.0, \"log\": false}}"}
{"op_code":5,"worker_id":"8a23af38-3f5e-45b1-bd45-868ffb7b1459-140067559620608","trial_id":0,"param_name":"min_lr_rate","param_value_internal":0.0,"distribution":"{\"name\": \"FloatDistribution\", \"attributes\": {\"step\": null, \"low\": 0.0, \"high\": 0.0, \"log\": false}}"}
{"op_code":8,"worker_id":"8a23af38-3f5e-45b1-bd45-868ffb7b1459-140067559620608","trial_id":0,"user_attr":{"error":"CUDA_CALL Error 'out of memory' at cuda_util.cu:978\n"}}
{"op_code":6,"worker_id":"8a23af38-3f5e-45b1-bd45-868ffb7b1459-140067559620608","trial_id":0,"state":3,"values":null,"datetime_complete":"2026-03-12T04:40:54.813679"}
{"op_code":0,"worker_id":"a162c7ba-aa6e-4bba-8301-13e5175e4700-140497092952064","study_name":"bert_squad_lrtt_bs48_adam_hybrid_nowd_nomom_nonest_set_noio_noos_as-separate_qkvo_5ep","directions":[2]}
{"op_code":4,"worker_id":"a162c7ba-aa6e-4bba-8301-13e5175e4700-140497092952064","study_id":0,"datetime_start":null,"state":4,"value":null,"values":null,"distributions":{},"params":{},"user_attrs":{},"system_attrs":{"fixed_params":{"learning_rate":0.000802601360238678,"transfer_lr":2.393680931160547,"transfer_every":1,"rank_exp":2,"fast_lr":0.12868062618727233,"tau_sec":0.0,"ab_weight_scaling_omega":0.0,"min_lr_rate":0.0}},"intermediate_values":{}}
{"op_code":6,"worker_id":"a162c7ba-aa6e-4bba-8301-13e5175e4700-140497092952064","trial_id":1,"state":0,"values":null,"datetime_start":"2026-03-12T04:41:13.192791"}
{"op_code":5,"worker_id":"a162c7ba-aa6e-4bba-8301-13e5175e4700-140497092952064","trial_id":1,"param_name":"learning_rate","param_value_internal":0.000802601360238678,"distribution":"{\"name\": \"FloatDistribution\", \"attributes\": {\"step\": null, \"low\": 0.0001, \"high\": 0.02, \"log\": true}}"}
{"op_code":5,"worker_id":"a162c7ba-aa6e-4bba-8301-13e5175e4700-140497092952064","trial_id":1,"param_name":"transfer_lr","param_value_internal":2.393680931160547,"distribution":"{\"name\": \"FloatDistribution\", \"attributes\": {\"step\": null, \"low\": 0.0005, \"high\": 1000.0, \"log\": true}}"}
{"op_code":5,"worker_id":"a162c7ba-aa6e-4bba-8301-13e5175e4700-140497092952064","trial_id":1,"param_name":"transfer_every","param_value_internal":1.0,"distribution":"{\"name\": \"IntDistribution\", \"attributes\": {\"log\": true, \"step\": 1, \"low\": 1, \"high\": 500}}"}
{"op_code":5,"worker_id":"a162c7ba-aa6e-4bba-8301-13e5175e4700-140497092952064","trial_id":1,"param_name":"rank_exp","param_value_internal":2.0,"distribution":"{\"name\": \"IntDistribution\", \"attributes\": {\"log\": false, \"step\": 1, \"low\": 0, \"high\": 6}}"}
{"op_code":5,"worker_id":"a162c7ba-aa6e-4bba-8301-13e5175e4700-140497092952064","trial_id":1,"param_name":"fast_lr","param_value_internal":0.12868062618727233,"distribution":"{\"name\": \"FloatDistribution\", \"attributes\": {\"step\": null, \"low\": 0.01, \"high\": 1.0, \"log\": true}}"}
{"op_code":5,"worker_id":"a162c7ba-aa6e-4bba-8301-13e5175e4700-140497092952064","trial_id":1,"param_name":"tau_sec","param_value_internal":0.0,"distribution":"{\"name\": \"FloatDistribution\", \"attributes\": {\"step\": null, \"low\": 0.0, \"high\": 0.0, \"log\": false}}"}
{"op_code":5,"worker_id":"a162c7ba-aa6e-4bba-8301-13e5175e4700-140497092952064","trial_id":1,"param_name":"ab_weight_scaling_omega","param_value_internal":0.0,"distribution":"{\"name\": \"FloatDistribution\", \"attributes\": {\"step\": null, \"low\": 0.0, \"high\": 0.0, \"log\": false}}"}
{"op_code":5,"worker_id":"a162c7ba-aa6e-4bba-8301-13e5175e4700-140497092952064","trial_id":1,"param_name":"min_lr_rate","param_value_internal":0.0,"distribution":"{\"name\": \"FloatDistribution\", \"attributes\": {\"step\": null, \"low\": 0.0, \"high\": 0.0, \"log\": false}}"}
{"op_code":7,"worker_id":"a162c7ba-aa6e-4bba-8301-13e5175e4700-140497092952064","trial_id":1,"step":1,"intermediate_value":70.6482836599965}
{"op_code":8,"worker_id":"a162c7ba-aa6e-4bba-8301-13e5175e4700-140497092952064","trial_id":1,"user_attr":{"train_loss_epoch_1":2.56308957447234}}
{"op_code":7,"worker_id":"a162c7ba-aa6e-4bba-8301-13e5175e4700-140497092952064","trial_id":1,"step":2,"intermediate_value":74.03323957914928}
{"op_code":8,"worker_id":"a162c7ba-aa6e-4bba-8301-13e5175e4700-140497092952064","trial_id":1,"user_attr":{"train_loss_epoch_2":1.7534283174186194}}
{"op_code":7,"worker_id":"a162c7ba-aa6e-4bba-8301-13e5175e4700-140497092952064","trial_id":1,"step":3,"intermediate_value":75.43229701838955}
{"op_code":8,"worker_id":"a162c7ba-aa6e-4bba-8301-13e5175e4700-140497092952064","trial_id":1,"user_attr":{"train_loss_epoch_3":1.6634350230002928}}
{"op_code":7,"worker_id":"a162c7ba-aa6e-4bba-8301-13e5175e4700-140497092952064","trial_id":1,"step":4,"intermediate_value":76.01397811816052}
{"op_code":8,"worker_id":"a162c7ba-aa6e-4bba-8301-13e5175e4700-140497092952064","trial_id":1,"user_attr":{"train_loss_epoch_4":1.6195613437630871}}
{"op_code":7,"worker_id":"a162c7ba-aa6e-4bba-8301-13e5175e4700-140497092952064","trial_id":1,"step":5,"intermediate_value":76.285650266006}
{"op_code":8,"worker_id":"a162c7ba-aa6e-4bba-8301-13e5175e4700-140497092952064","trial_id":1,"user_attr":{"train_loss_epoch_5":1.595519864985729}}
{"op_code":6,"worker_id":"a162c7ba-aa6e-4bba-8301-13e5175e4700-140497092952064","trial_id":1,"state":1,"values":[76.285650266006],"datetime_complete":"2026-03-12T08:37:17.633723"}
{"op_code":0,"worker_id":"4baab8fe-4a64-4ecb-8325-75a2e480ad63-140518941835264","study_name":"bert_squad_lrtt_bs48_adam_hybrid_nowd_nomom_nonest_set_noio_noos_as-separate_qkvo_5ep","directions":[2]}
{"op_code":4,"worker_id":"4baab8fe-4a64-4ecb-8325-75a2e480ad63-140518941835264","study_id":0,"datetime_start":"2026-03-12T08:37:28.819114"}
{"op_code":5,"worker_id":"4baab8fe-4a64-4ecb-8325-75a2e480ad63-140518941835264","trial_id":2,"param_name":"learning_rate","param_value_internal":0.0031993714980901914,"distribution":"{\"name\": \"FloatDistribution\", \"attributes\": {\"step\": null, \"low\": 0.0001, \"high\": 0.02, \"log\": true}}"}
{"op_code":5,"worker_id":"4baab8fe-4a64-4ecb-8325-75a2e480ad63-140518941835264","trial_id":2,"param_name":"transfer_lr","param_value_internal":0.015583104389650411,"distribution":"{\"name\": \"FloatDistribution\", \"attributes\": {\"step\": null, \"low\": 0.0005, \"high\": 1000.0, \"log\": true}}"}
{"op_code":5,"worker_id":"4baab8fe-4a64-4ecb-8325-75a2e480ad63-140518941835264","trial_id":2,"param_name":"transfer_every","param_value_internal":139.0,"distribution":"{\"name\": \"IntDistribution\", \"attributes\": {\"log\": true, \"step\": 1, \"low\": 1, \"high\": 500}}"}
{"op_code":5,"worker_id":"4baab8fe-4a64-4ecb-8325-75a2e480ad63-140518941835264","trial_id":2,"param_name":"rank_exp","param_value_internal":4.0,"distribution":"{\"name\": \"IntDistribution\", \"attributes\": {\"log\": false, \"step\": 1, \"low\": 0, \"high\": 6}}"}
{"op_code":5,"worker_id":"4baab8fe-4a64-4ecb-8325-75a2e480ad63-140518941835264","trial_id":2,"param_name":"fast_lr","param_value_internal":0.013682255622350205,"distribution":"{\"name\": \"FloatDistribution\", \"attributes\": {\"step\": null, \"low\": 0.01, \"high\": 1.0, \"log\": true}}"}
{"op_code":5,"worker_id":"4baab8fe-4a64-4ecb-8325-75a2e480ad63-140518941835264","trial_id":2,"param_name":"tau_sec","param_value_internal":0.0,"distribution":"{\"name\": \"FloatDistribution\", \"attributes\": {\"step\": null, \"low\": 0.0, \"high\": 0.0, \"log\": false}}"}
{"op_code":5,"worker_id":"4baab8fe-4a64-4ecb-8325-75a2e480ad63-140518941835264","trial_id":2,"param_name":"ab_weight_scaling_omega","param_value_internal":0.0,"distribution":"{\"name\": \"FloatDistribution\", \"attributes\": {\"step\": null, \"low\": 0.0, \"high\": 0.0, \"log\": false}}"}
{"op_code":5,"worker_id":"4baab8fe-4a64-4ecb-8325-75a2e480ad63-140518941835264","trial_id":2,"param_name":"min_lr_rate","param_value_internal":0.0,"distribution":"{\"name\": \"FloatDistribution\", \"attributes\": {\"step\": null, \"low\": 0.0, \"high\": 0.0, \"log\": false}}"}
{"op_code":8,"worker_id":"4baab8fe-4a64-4ecb-8325-75a2e480ad63-140518941835264","trial_id":2,"user_attr":{"error":"CUDA_CALL Error 'out of memory' at cuda_util.cu:978\n"}}
{"op_code":6,"worker_id":"4baab8fe-4a64-4ecb-8325-75a2e480ad63-140518941835264","trial_id":2,"state":3,"values":null,"datetime_complete":"2026-03-12T08:40:34.618949"}
{"op_code":0,"worker_id":"a9945e70-ecea-4150-8173-7e28d6703030-139730512125952","study_name":"bert_squad_lrtt_bs48_adam_hybrid_nowd_nomom_nonest_set_noio_noos_as-separate_qkvo_5ep","directions":[2]}
{"op_code":4,"worker_id":"a9945e70-ecea-4150-8173-7e28d6703030-139730512125952","study_id":0,"datetime_start":null,"state":4,"value":null,"values":null,"distributions":{},"params":{},"user_attrs":{},"system_attrs":{"fixed_params":{"learning_rate":0.0031993714980901914,"transfer_lr":0.015583104389650411,"transfer_every":139,"rank_exp":4,"fast_lr":0.013682255622350205,"tau_sec":0.0,"ab_weight_scaling_omega":0.0,"min_lr_rate":0.0}},"intermediate_values":{}}
{"op_code":6,"worker_id":"a9945e70-ecea-4150-8173-7e28d6703030-139730512125952","trial_id":3,"state":0,"values":null,"datetime_start":"2026-03-12T08:40:45.340031"}
{"op_code":5,"worker_id":"a9945e70-ecea-4150-8173-7e28d6703030-139730512125952","trial_id":3,"param_name":"learning_rate","param_value_internal":0.0031993714980901914,"distribution":"{\"name\": \"FloatDistribution\", \"attributes\": {\"step\": null, \"low\": 0.0001, \"high\": 0.02, \"log\": true}}"}
{"op_code":5,"worker_id":"a9945e70-ecea-4150-8173-7e28d6703030-139730512125952","trial_id":3,"param_name":"transfer_lr","param_value_internal":0.015583104389650411,"distribution":"{\"name\": \"FloatDistribution\", \"attributes\": {\"step\": null, \"low\": 0.0005, \"high\": 1000.0, \"log\": true}}"}
{"op_code":5,"worker_id":"a9945e70-ecea-4150-8173-7e28d6703030-139730512125952","trial_id":3,"param_name":"transfer_every","param_value_internal":139.0,"distribution":"{\"name\": \"IntDistribution\", \"attributes\": {\"log\": true, \"step\": 1, \"low\": 1, \"high\": 500}}"}
{"op_code":5,"worker_id":"a9945e70-ecea-4150-8173-7e28d6703030-139730512125952","trial_id":3,"param_name":"rank_exp","param_value_internal":4.0,"distribution":"{\"name\": \"IntDistribution\", \"attributes\": {\"log\": false, \"step\": 1, \"low\": 0, \"high\": 6}}"}
{"op_code":5,"worker_id":"a9945e70-ecea-4150-8173-7e28d6703030-139730512125952","trial_id":3,"param_name":"fast_lr","param_value_internal":0.013682255622350205,"distribution":"{\"name\": \"FloatDistribution\", \"attributes\": {\"step\": null, \"low\": 0.01, \"high\": 1.0, \"log\": true}}"}
{"op_code":5,"worker_id":"a9945e70-ecea-4150-8173-7e28d6703030-139730512125952","trial_id":3,"param_name":"tau_sec","param_value_internal":0.0,"distribution":"{\"name\": \"FloatDistribution\", \"attributes\": {\"step\": null, \"low\": 0.0, \"high\": 0.0, \"log\": false}}"}
{"op_code":5,"worker_id":"a9945e70-ecea-4150-8173-7e28d6703030-139730512125952","trial_id":3,"param_name":"ab_weight_scaling_omega","param_value_internal":0.0,"distribution":"{\"name\": \"FloatDistribution\", \"attributes\": {\"step\": null, \"low\": 0.0, \"high\": 0.0, \"log\": false}}"}
{"op_code":5,"worker_id":"a9945e70-ecea-4150-8173-7e28d6703030-139730512125952","trial_id":3,"param_name":"min_lr_rate","param_value_internal":0.0,"distribution":"{\"name\": \"FloatDistribution\", \"attributes\": {\"step\": null, \"low\": 0.0, \"high\": 0.0, \"log\": false}}"}
{"op_code":7,"worker_id":"a9945e70-ecea-4150-8173-7e28d6703030-139730512125952","trial_id":3,"step":1,"intermediate_value":75.22551322306292}
{"op_code":8,"worker_id":"a9945e70-ecea-4150-8173-7e28d6703030-139730512125952","trial_id":3,"user_attr":{"train_loss_epoch_1":2.1612688533883007}}
{"op_code":7,"worker_id":"a9945e70-ecea-4150-8173-7e28d6703030-139730512125952","trial_id":3,"step":2,"intermediate_value":76.83564322660568}
{"op_code":8,"worker_id":"a9945e70-ecea-4150-8173-7e28d6703030-139730512125952","trial_id":3,"user_attr":{"train_loss_epoch_2":1.624355119768925}}
{"op_code":7,"worker_id":"a9945e70-ecea-4150-8173-7e28d6703030-139730512125952","trial_id":3,"step":3,"intermediate_value":78.11897551859595}
{"op_code":8,"worker_id":"a9945e70-ecea-4150-8173-7e28d6703030-139730512125952","trial_id":3,"user_attr":{"train_loss_epoch_3":1.547135308784791}}
{"op_code":7,"worker_id":"a9945e70-ecea-4150-8173-7e28d6703030-139730512125952","trial_id":3,"step":4,"intermediate_value":79.1685235904129}
{"op_code":8,"worker_id":"a9945e70-ecea-4150-8173-7e28d6703030-139730512125952","trial_id":3,"user_attr":{"train_loss_epoch_4":1.4937059321226418}}
{"op_code":7,"worker_id":"a9945e70-ecea-4150-8173-7e28d6703030-139730512125952","trial_id":3,"step":5,"intermediate_value":79.76662518627184}
{"op_code":8,"worker_id":"a9945e70-ecea-4150-8173-7e28d6703030-139730512125952","trial_id":3,"user_attr":{"train_loss_epoch_5":1.4521111758073904}}
{"op_code":6,"worker_id":"a9945e70-ecea-4150-8173-7e28d6703030-139730512125952","trial_id":3,"state":1,"values":[79.76662518627184],"datetime_complete":"2026-03-12T12:25:31.756093"}
{"op_code":0,"worker_id":"b4c98311-3ce5-442a-8e41-6216f4828c59-140281892139008","study_name":"bert_squad_lrtt_bs48_adam_hybrid_nowd_nomom_nonest_set_noio_noos_as-separate_qkvo_5ep","directions":[2]}
{"op_code":4,"worker_id":"b4c98311-3ce5-442a-8e41-6216f4828c59-140281892139008","study_id":0,"datetime_start":"2026-03-12T12:25:42.381108"}
{"op_code":5,"worker_id":"b4c98311-3ce5-442a-8e41-6216f4828c59-140281892139008","trial_id":4,"param_name":"learning_rate","param_value_internal":0.00016320587163933713,"distribution":"{\"name\": \"FloatDistribution\", \"attributes\": {\"step\": null, \"low\": 0.0001, \"high\": 0.02, \"log\": true}}"}
{"op_code":5,"worker_id":"b4c98311-3ce5-442a-8e41-6216f4828c59-140281892139008","trial_id":4,"param_name":"transfer_lr","param_value_internal":4.115035157589095,"distribution":"{\"name\": \"FloatDistribution\", \"attributes\": {\"step\": null, \"low\": 0.0005, \"high\": 1000.0, \"log\": true}}"}
{"op_code":5,"worker_id":"b4c98311-3ce5-442a-8e41-6216f4828c59-140281892139008","trial_id":4,"param_name":"transfer_every","param_value_internal":3.0,"distribution":"{\"name\": \"IntDistribution\", \"attributes\": {\"log\": true, \"step\": 1, \"low\": 1, \"high\": 500}}"}
{"op_code":5,"worker_id":"b4c98311-3ce5-442a-8e41-6216f4828c59-140281892139008","trial_id":4,"param_name":"rank_exp","param_value_internal":4.0,"distribution":"{\"name\": \"IntDistribution\", \"attributes\": {\"log\": false, \"step\": 1, \"low\": 0, \"high\": 6}}"}
{"op_code":5,"worker_id":"b4c98311-3ce5-442a-8e41-6216f4828c59-140281892139008","trial_id":4,"param_name":"fast_lr","param_value_internal":0.5157795221050633,"distribution":"{\"name\": \"FloatDistribution\", \"attributes\": {\"step\": null, \"low\": 0.01, \"high\": 1.0, \"log\": true}}"}
{"op_code":5,"worker_id":"b4c98311-3ce5-442a-8e41-6216f4828c59-140281892139008","trial_id":4,"param_name":"tau_sec","param_value_internal":0.0,"distribution":"{\"name\": \"FloatDistribution\", \"attributes\": {\"step\": null, \"low\": 0.0, \"high\": 0.0, \"log\": false}}"}
{"op_code":5,"worker_id":"b4c98311-3ce5-442a-8e41-6216f4828c59-140281892139008","trial_id":4,"param_name":"ab_weight_scaling_omega","param_value_internal":0.0,"distribution":"{\"name\": \"FloatDistribution\", \"attributes\": {\"step\": null, \"low\": 0.0, \"high\": 0.0, \"log\": false}}"}
{"op_code":5,"worker_id":"b4c98311-3ce5-442a-8e41-6216f4828c59-140281892139008","trial_id":4,"param_name":"min_lr_rate","param_value_internal":0.0,"distribution":"{\"name\": \"FloatDistribution\", \"attributes\": {\"step\": null, \"low\": 0.0, \"high\": 0.0, \"log\": false}}"}
{"op_code":8,"worker_id":"b4c98311-3ce5-442a-8e41-6216f4828c59-140281892139008","trial_id":4,"user_attr":{"error":"CUDA_CALL Error 'out of memory' at cuda_util.cu:978\n"}}
{"op_code":6,"worker_id":"b4c98311-3ce5-442a-8e41-6216f4828c59-140281892139008","trial_id":4,"state":3,"values":null,"datetime_complete":"2026-03-12T12:28:45.978445"}
{"op_code":0,"worker_id":"b529df34-a7df-4c2a-a890-648248eebd00-139975610048512","study_name":"bert_squad_lrtt_bs48_adam_hybrid_nowd_nomom_nonest_set_noio_noos_as-separate_qkvo_5ep","directions":[2]}
{"op_code":4,"worker_id":"b529df34-a7df-4c2a-a890-648248eebd00-139975610048512","study_id":0,"datetime_start":null,"state":4,"value":null,"values":null,"distributions":{},"params":{},"user_attrs":{},"system_attrs":{"fixed_params":{"learning_rate":0.00016320587163933713,"transfer_lr":4.115035157589095,"transfer_every":3,"rank_exp":4,"fast_lr":0.5157795221050633,"tau_sec":0.0,"ab_weight_scaling_omega":0.0,"min_lr_rate":0.0}},"intermediate_values":{}}
{"op_code":6,"worker_id":"b529df34-a7df-4c2a-a890-648248eebd00-139975610048512","trial_id":5,"state":0,"values":null,"datetime_start":"2026-03-12T12:28:56.442824"}
{"op_code":5,"worker_id":"b529df34-a7df-4c2a-a890-648248eebd00-139975610048512","trial_id":5,"param_name":"learning_rate","param_value_internal":0.00016320587163933713,"distribution":"{\"name\": \"FloatDistribution\", \"attributes\": {\"step\": null, \"low\": 0.0001, \"high\": 0.02, \"log\": true}}"}
{"op_code":5,"worker_id":"b529df34-a7df-4c2a-a890-648248eebd00-139975610048512","trial_id":5,"param_name":"transfer_lr","param_value_internal":4.115035157589095,"distribution":"{\"name\": \"FloatDistribution\", \"attributes\": {\"step\": null, \"low\": 0.0005, \"high\": 1000.0, \"log\": true}}"}
{"op_code":5,"worker_id":"b529df34-a7df-4c2a-a890-648248eebd00-139975610048512","trial_id":5,"param_name":"transfer_every","param_value_internal":3.0,"distribution":"{\"name\": \"IntDistribution\", \"attributes\": {\"log\": true, \"step\": 1, \"low\": 1, \"high\": 500}}"}
{"op_code":5,"worker_id":"b529df34-a7df-4c2a-a890-648248eebd00-139975610048512","trial_id":5,"param_name":"rank_exp","param_value_internal":4.0,"distribution":"{\"name\": \"IntDistribution\", \"attributes\": {\"log\": false, \"step\": 1, \"low\": 0, \"high\": 6}}"}
{"op_code":5,"worker_id":"b529df34-a7df-4c2a-a890-648248eebd00-139975610048512","trial_id":5,"param_name":"fast_lr","param_value_internal":0.5157795221050633,"distribution":"{\"name\": \"FloatDistribution\", \"attributes\": {\"step\": null, \"low\": 0.01, \"high\": 1.0, \"log\": true}}"}
{"op_code":5,"worker_id":"b529df34-a7df-4c2a-a890-648248eebd00-139975610048512","trial_id":5,"param_name":"tau_sec","param_value_internal":0.0,"distribution":"{\"name\": \"FloatDistribution\", \"attributes\": {\"step\": null, \"low\": 0.0, \"high\": 0.0, \"log\": false}}"}
{"op_code":5,"worker_id":"b529df34-a7df-4c2a-a890-648248eebd00-139975610048512","trial_id":5,"param_name":"ab_weight_scaling_omega","param_value_internal":0.0,"distribution":"{\"name\": \"FloatDistribution\", \"attributes\": {\"step\": null, \"low\": 0.0, \"high\": 0.0, \"log\": false}}"}
{"op_code":5,"worker_id":"b529df34-a7df-4c2a-a890-648248eebd00-139975610048512","trial_id":5,"param_name":"min_lr_rate","param_value_internal":0.0,"distribution":"{\"name\": \"FloatDistribution\", \"attributes\": {\"step\": null, \"low\": 0.0, \"high\": 0.0, \"log\": false}}"}
{"op_code":7,"worker_id":"b529df34-a7df-4c2a-a890-648248eebd00-139975610048512","trial_id":5,"step":1,"intermediate_value":49.36237305635195}
{"op_code":8,"worker_id":"b529df34-a7df-4c2a-a890-648248eebd00-139975610048512","trial_id":5,"user_attr":{"train_loss_epoch_1":3.4677208611298846}}
{"op_code":7,"worker_id":"b529df34-a7df-4c2a-a890-648248eebd00-139975610048512","trial_id":5,"step":2,"intermediate_value":58.145160034562025}
{"op_code":8,"worker_id":"b529df34-a7df-4c2a-a890-648248eebd00-139975610048512","trial_id":5,"user_attr":{"train_loss_epoch_2":2.4098989814560277}}
{"op_code":7,"worker_id":"b529df34-a7df-4c2a-a890-648248eebd00-139975610048512","trial_id":5,"step":3,"intermediate_value":63.207046770596705}
{"op_code":8,"worker_id":"b529df34-a7df-4c2a-a890-648248eebd00-139975610048512","trial_id":5,"user_attr":{"train_loss_epoch_3":2.195372070940441}}
{"op_code":7,"worker_id":"b529df34-a7df-4c2a-a890-648248eebd00-139975610048512","trial_id":5,"step":4,"intermediate_value":65.39917345419708}
{"op_code":8,"worker_id":"b529df34-a7df-4c2a-a890-648248eebd00-139975610048512","trial_id":5,"user_attr":{"train_loss_epoch_4":2.0762281511882743}}
{"op_code":7,"worker_id":"b529df34-a7df-4c2a-a890-648248eebd00-139975610048512","trial_id":5,"step":5,"intermediate_value":66.24453862761646}
{"op_code":8,"worker_id":"b529df34-a7df-4c2a-a890-648248eebd00-139975610048512","trial_id":5,"user_attr":{"train_loss_epoch_5":2.026226691483611}}
{"op_code":6,"worker_id":"b529df34-a7df-4c2a-a890-648248eebd00-139975610048512","trial_id":5,"state":1,"values":[66.24453862761646],"datetime_complete":"2026-03-12T16:20:04.897973"}
{"op_code":0,"worker_id":"59bb4677-dafa-40f6-a9ee-5e18f1976ed3-139988008755200","study_name":"bert_squad_lrtt_bs48_adam_hybrid_nowd_nomom_nonest_set_noio_noos_as-separate_qkvo_5ep","directions":[2]}
{"op_code":4,"worker_id":"59bb4677-dafa-40f6-a9ee-5e18f1976ed3-139988008755200","study_id":0,"datetime_start":"2026-03-12T16:20:15.444082"}
{"op_code":5,"worker_id":"59bb4677-dafa-40f6-a9ee-5e18f1976ed3-139988008755200","trial_id":6,"param_name":"learning_rate","param_value_internal":0.00015316735422183796,"distribution":"{\"name\": \"FloatDistribution\", \"attributes\": {\"step\": null, \"low\": 0.0001, \"high\": 0.02, \"log\": true}}"}
{"op_code":5,"worker_id":"59bb4677-dafa-40f6-a9ee-5e18f1976ed3-139988008755200","trial_id":6,"param_name":"transfer_lr","param_value_internal":0.11059467331658389,"distribution":"{\"name\": \"FloatDistribution\", \"attributes\": {\"step\": null, \"low\": 0.0005, \"high\": 1000.0, \"log\": true}}"}
{"op_code":5,"worker_id":"59bb4677-dafa-40f6-a9ee-5e18f1976ed3-139988008755200","trial_id":6,"param_name":"transfer_every","param_value_internal":30.0,"distribution":"{\"name\": \"IntDistribution\", \"attributes\": {\"log\": true, \"step\": 1, \"low\": 1, \"high\": 500}}"}
{"op_code":5,"worker_id":"59bb4677-dafa-40f6-a9ee-5e18f1976ed3-139988008755200","trial_id":6,"param_name":"rank_exp","param_value_internal":1.0,"distribution":"{\"name\": \"IntDistribution\", \"attributes\": {\"log\": false, \"step\": 1, \"low\": 0, \"high\": 6}}"}
{"op_code":5,"worker_id":"59bb4677-dafa-40f6-a9ee-5e18f1976ed3-139988008755200","trial_id":6,"param_name":"fast_lr","param_value_internal":0.049118827863150506,"distribution":"{\"name\": \"FloatDistribution\", \"attributes\": {\"step\": null, \"low\": 0.01, \"high\": 1.0, \"log\": true}}"}
{"op_code":5,"worker_id":"59bb4677-dafa-40f6-a9ee-5e18f1976ed3-139988008755200","trial_id":6,"param_name":"tau_sec","param_value_internal":0.0,"distribution":"{\"name\": \"FloatDistribution\", \"attributes\": {\"step\": null, \"low\": 0.0, \"high\": 0.0, \"log\": false}}"}
{"op_code":5,"worker_id":"59bb4677-dafa-40f6-a9ee-5e18f1976ed3-139988008755200","trial_id":6,"param_name":"ab_weight_scaling_omega","param_value_internal":0.0,"distribution":"{\"name\": \"FloatDistribution\", \"attributes\": {\"step\": null, \"low\": 0.0, \"high\": 0.0, \"log\": false}}"}
{"op_code":5,"worker_id":"59bb4677-dafa-40f6-a9ee-5e18f1976ed3-139988008755200","trial_id":6,"param_name":"min_lr_rate","param_value_internal":0.0,"distribution":"{\"name\": \"FloatDistribution\", \"attributes\": {\"step\": null, \"low\": 0.0, \"high\": 0.0, \"log\": false}}"}
{"op_code":8,"worker_id":"59bb4677-dafa-40f6-a9ee-5e18f1976ed3-139988008755200","trial_id":6,"user_attr":{"error":"CUDA_CALL Error 'out of memory' at cuda_util.cu:978\n"}}
{"op_code":6,"worker_id":"59bb4677-dafa-40f6-a9ee-5e18f1976ed3-139988008755200","trial_id":6,"state":3,"values":null,"datetime_complete":"2026-03-12T16:23:40.264427"}
{"op_code":0,"worker_id":"940d079f-76b5-49d3-8e35-3a2c219772ec-140292223520768","study_name":"bert_squad_lrtt_bs48_adam_hybrid_nowd_nomom_nonest_set_noio_noos_as-separate_qkvo_5ep","directions":[2]}
{"op_code":4,"worker_id":"940d079f-76b5-49d3-8e35-3a2c219772ec-140292223520768","study_id":0,"datetime_start":null,"state":4,"value":null,"values":null,"distributions":{},"params":{},"user_attrs":{},"system_attrs":{"fixed_params":{"learning_rate":0.00015316735422183796,"transfer_lr":0.11059467331658389,"transfer_every":30,"rank_exp":1,"fast_lr":0.049118827863150506,"tau_sec":0.0,"ab_weight_scaling_omega":0.0,"min_lr_rate":0.0}},"intermediate_values":{}}
{"op_code":6,"worker_id":"940d079f-76b5-49d3-8e35-3a2c219772ec-140292223520768","trial_id":7,"state":0,"values":null,"datetime_start":"2026-03-12T16:23:50.721238"}
{"op_code":5,"worker_id":"940d079f-76b5-49d3-8e35-3a2c219772ec-140292223520768","trial_id":7,"param_name":"learning_rate","param_value_internal":0.00015316735422183796,"distribution":"{\"name\": \"FloatDistribution\", \"attributes\": {\"step\": null, \"low\": 0.0001, \"high\": 0.02, \"log\": true}}"}
{"op_code":5,"worker_id":"940d079f-76b5-49d3-8e35-3a2c219772ec-140292223520768","trial_id":7,"param_name":"transfer_lr","param_value_internal":0.11059467331658389,"distribution":"{\"name\": \"FloatDistribution\", \"attributes\": {\"step\": null, \"low\": 0.0005, \"high\": 1000.0, \"log\": true}}"}
{"op_code":5,"worker_id":"940d079f-76b5-49d3-8e35-3a2c219772ec-140292223520768","trial_id":7,"param_name":"transfer_every","param_value_internal":30.0,"distribution":"{\"name\": \"IntDistribution\", \"attributes\": {\"log\": true, \"step\": 1, \"low\": 1, \"high\": 500}}"}
{"op_code":5,"worker_id":"940d079f-76b5-49d3-8e35-3a2c219772ec-140292223520768","trial_id":7,"param_name":"rank_exp","param_value_internal":1.0,"distribution":"{\"name\": \"IntDistribution\", \"attributes\": {\"log\": false, \"step\": 1, \"low\": 0, \"high\": 6}}"}
{"op_code":5,"worker_id":"940d079f-76b5-49d3-8e35-3a2c219772ec-140292223520768","trial_id":7,"param_name":"fast_lr","param_value_internal":0.049118827863150506,"distribution":"{\"name\": \"FloatDistribution\", \"attributes\": {\"step\": null, \"low\": 0.01, \"high\": 1.0, \"log\": true}}"}
{"op_code":5,"worker_id":"940d079f-76b5-49d3-8e35-3a2c219772ec-140292223520768","trial_id":7,"param_name":"tau_sec","param_value_internal":0.0,"distribution":"{\"name\": \"FloatDistribution\", \"attributes\": {\"step\": null, \"low\": 0.0, \"high\": 0.0, \"log\": false}}"}
{"op_code":5,"worker_id":"940d079f-76b5-49d3-8e35-3a2c219772ec-140292223520768","trial_id":7,"param_name":"ab_weight_scaling_omega","param_value_internal":0.0,"distribution":"{\"name\": \"FloatDistribution\", \"attributes\": {\"step\": null, \"low\": 0.0, \"high\": 0.0, \"log\": false}}"}
{"op_code":5,"worker_id":"940d079f-76b5-49d3-8e35-3a2c219772ec-140292223520768","trial_id":7,"param_name":"min_lr_rate","param_value_internal":0.0,"distribution":"{\"name\": \"FloatDistribution\", \"attributes\": {\"step\": null, \"low\": 0.0, \"high\": 0.0, \"log\": false}}"}
{"op_code":7,"worker_id":"940d079f-76b5-49d3-8e35-3a2c219772ec-140292223520768","trial_id":7,"step":1,"intermediate_value":48.36792027239432}
{"op_code":8,"worker_id":"940d079f-76b5-49d3-8e35-3a2c219772ec-140292223520768","trial_id":7,"user_attr":{"train_loss_epoch_1":3.514766502070149}}
{"op_code":7,"worker_id":"940d079f-76b5-49d3-8e35-3a2c219772ec-140292223520768","trial_id":7,"step":2,"intermediate_value":56.901560582406454}
{"op_code":8,"worker_id":"940d079f-76b5-49d3-8e35-3a2c219772ec-140292223520768","trial_id":7,"user_attr":{"train_loss_epoch_2":2.4430985342490055}}
{"op_code":7,"worker_id":"940d079f-76b5-49d3-8e35-3a2c219772ec-140292223520768","trial_id":7,"step":3,"intermediate_value":62.2483979202482}
{"op_code":8,"worker_id":"940d079f-76b5-49d3-8e35-3a2c219772ec-140292223520768","trial_id":7,"user_attr":{"train_loss_epoch_3":2.232073868086875}}
{"op_code":7,"worker_id":"940d079f-76b5-49d3-8e35-3a2c219772ec-140292223520768","trial_id":7,"step":4,"intermediate_value":64.57068982651853}
{"op_code":8,"worker_id":"940d079f-76b5-49d3-8e35-3a2c219772ec-140292223520768","trial_id":7,"user_attr":{"train_loss_epoch_4":2.1131793951949445}}
{"op_code":7,"worker_id":"940d079f-76b5-49d3-8e35-3a2c219772ec-140292223520768","trial_id":7,"step":5,"intermediate_value":65.403830965249}
{"op_code":8,"worker_id":"940d079f-76b5-49d3-8e35-3a2c219772ec-140292223520768","trial_id":7,"user_attr":{"train_loss_epoch_5":2.0600814000802106}}
{"op_code":6,"worker_id":"940d079f-76b5-49d3-8e35-3a2c219772ec-140292223520768","trial_id":7,"state":1,"values":[65.403830965249],"datetime_complete":"2026-03-12T20:08:12.450312"}
{"op_code":0,"worker_id":"28e3adec-4059-4379-9ac3-0ec188e2d338-140494501793792","study_name":"bert_squad_lrtt_bs48_adam_hybrid_nowd_nomom_nonest_set_noio_noos_as-separate_qkvo_5ep","directions":[2]}
{"op_code":4,"worker_id":"28e3adec-4059-4379-9ac3-0ec188e2d338-140494501793792","study_id":0,"datetime_start":"2026-03-12T20:08:22.818673"}
{"op_code":5,"worker_id":"28e3adec-4059-4379-9ac3-0ec188e2d338-140494501793792","trial_id":8,"param_name":"learning_rate","param_value_internal":0.006926770544989172,"distribution":"{\"name\": \"FloatDistribution\", \"attributes\": {\"step\": null, \"low\": 0.0001, \"high\": 0.02, \"log\": true}}"}
{"op_code":5,"worker_id":"28e3adec-4059-4379-9ac3-0ec188e2d338-140494501793792","trial_id":8,"param_name":"transfer_lr","param_value_internal":0.01428123022532078,"distribution":"{\"name\": \"FloatDistribution\", \"attributes\": {\"step\": null, \"low\": 0.0005, \"high\": 1000.0, \"log\": true}}"}
{"op_code":5,"worker_id":"28e3adec-4059-4379-9ac3-0ec188e2d338-140494501793792","trial_id":8,"param_name":"transfer_every","param_value_internal":484.0,"distribution":"{\"name\": \"IntDistribution\", \"attributes\": {\"log\": true, \"step\": 1, \"low\": 1, \"high\": 500}}"}
{"op_code":5,"worker_id":"28e3adec-4059-4379-9ac3-0ec188e2d338-140494501793792","trial_id":8,"param_name":"rank_exp","param_value_internal":5.0,"distribution":"{\"name\": \"IntDistribution\", \"attributes\": {\"log\": false, \"step\": 1, \"low\": 0, \"high\": 6}}"}
{"op_code":5,"worker_id":"28e3adec-4059-4379-9ac3-0ec188e2d338-140494501793792","trial_id":8,"param_name":"fast_lr","param_value_internal":0.9570278449610967,"distribution":"{\"name\": \"FloatDistribution\", \"attributes\": {\"step\": null, \"low\": 0.01, \"high\": 1.0, \"log\": true}}"}
{"op_code":5,"worker_id":"28e3adec-4059-4379-9ac3-0ec188e2d338-140494501793792","trial_id":8,"param_name":"tau_sec","param_value_internal":0.0,"distribution":"{\"name\": \"FloatDistribution\", \"attributes\": {\"step\": null, \"low\": 0.0, \"high\": 0.0, \"log\": false}}"}
{"op_code":5,"worker_id":"28e3adec-4059-4379-9ac3-0ec188e2d338-140494501793792","trial_id":8,"param_name":"ab_weight_scaling_omega","param_value_internal":0.0,"distribution":"{\"name\": \"FloatDistribution\", \"attributes\": {\"step\": null, \"low\": 0.0, \"high\": 0.0, \"log\": false}}"}
{"op_code":5,"worker_id":"28e3adec-4059-4379-9ac3-0ec188e2d338-140494501793792","trial_id":8,"param_name":"min_lr_rate","param_value_internal":0.0,"distribution":"{\"name\": \"FloatDistribution\", \"attributes\": {\"step\": null, \"low\": 0.0, \"high\": 0.0, \"log\": false}}"}
{"op_code":8,"worker_id":"28e3adec-4059-4379-9ac3-0ec188e2d338-140494501793792","trial_id":8,"user_attr":{"error":"CUDA_CALL Error 'out of memory' at cuda_util.cu:978\n"}}
{"op_code":6,"worker_id":"28e3adec-4059-4379-9ac3-0ec188e2d338-140494501793792","trial_id":8,"state":3,"values":null,"datetime_complete":"2026-03-12T20:11:10.233139"}
{"op_code":0,"worker_id":"b92bbb07-ea8d-4648-8435-e35b81552eb1-140212587675648","study_name":"bert_squad_lrtt_bs48_adam_hybrid_nowd_nomom_nonest_set_noio_noos_as-separate_qkvo_5ep","directions":[2]}
{"op_code":4,"worker_id":"b92bbb07-ea8d-4648-8435-e35b81552eb1-140212587675648","study_id":0,"datetime_start":null,"state":4,"value":null,"values":null,"distributions":{},"params":{},"user_attrs":{},"system_attrs":{"fixed_params":{"learning_rate":0.006926770544989172,"transfer_lr":0.01428123022532078,"transfer_every":484,"rank_exp":5,"fast_lr":0.9570278449610967,"tau_sec":0.0,"ab_weight_scaling_omega":0.0,"min_lr_rate":0.0}},"intermediate_values":{}}
{"op_code":6,"worker_id":"b92bbb07-ea8d-4648-8435-e35b81552eb1-140212587675648","trial_id":9,"state":0,"values":null,"datetime_start":"2026-03-12T20:11:20.908053"}
{"op_code":5,"worker_id":"b92bbb07-ea8d-4648-8435-e35b81552eb1-140212587675648","trial_id":9,"param_name":"learning_rate","param_value_internal":0.006926770544989172,"distribution":"{\"name\": \"FloatDistribution\", \"attributes\": {\"step\": null, \"low\": 0.0001, \"high\": 0.02, \"log\": true}}"}
{"op_code":5,"worker_id":"b92bbb07-ea8d-4648-8435-e35b81552eb1-140212587675648","trial_id":9,"param_name":"transfer_lr","param_value_internal":0.01428123022532078,"distribution":"{\"name\": \"FloatDistribution\", \"attributes\": {\"step\": null, \"low\": 0.0005, \"high\": 1000.0, \"log\": true}}"}
{"op_code":5,"worker_id":"b92bbb07-ea8d-4648-8435-e35b81552eb1-140212587675648","trial_id":9,"param_name":"transfer_every","param_value_internal":484.0,"distribution":"{\"name\": \"IntDistribution\", \"attributes\": {\"log\": true, \"step\": 1, \"low\": 1, \"high\": 500}}"}
{"op_code":5,"worker_id":"b92bbb07-ea8d-4648-8435-e35b81552eb1-140212587675648","trial_id":9,"param_name":"rank_exp","param_value_internal":5.0,"distribution":"{\"name\": \"IntDistribution\", \"attributes\": {\"log\": false, \"step\": 1, \"low\": 0, \"high\": 6}}"}
{"op_code":5,"worker_id":"b92bbb07-ea8d-4648-8435-e35b81552eb1-140212587675648","trial_id":9,"param_name":"fast_lr","param_value_internal":0.9570278449610967,"distribution":"{\"name\": \"FloatDistribution\", \"attributes\": {\"step\": null, \"low\": 0.01, \"high\": 1.0, \"log\": true}}"}
{"op_code":5,"worker_id":"b92bbb07-ea8d-4648-8435-e35b81552eb1-140212587675648","trial_id":9,"param_name":"tau_sec","param_value_internal":0.0,"distribution":"{\"name\": \"FloatDistribution\", \"attributes\": {\"step\": null, \"low\": 0.0, \"high\": 0.0, \"log\": false}}"}
{"op_code":5,"worker_id":"b92bbb07-ea8d-4648-8435-e35b81552eb1-140212587675648","trial_id":9,"param_name":"ab_weight_scaling_omega","param_value_internal":0.0,"distribution":"{\"name\": \"FloatDistribution\", \"attributes\": {\"step\": null, \"low\": 0.0, \"high\": 0.0, \"log\": false}}"}
{"op_code":5,"worker_id":"b92bbb07-ea8d-4648-8435-e35b81552eb1-140212587675648","trial_id":9,"param_name":"min_lr_rate","param_value_internal":0.0,"distribution":"{\"name\": \"FloatDistribution\", \"attributes\": {\"step\": null, \"low\": 0.0, \"high\": 0.0, \"log\": false}}"}
{"op_code":7,"worker_id":"b92bbb07-ea8d-4648-8435-e35b81552eb1-140212587675648","trial_id":9,"step":1,"intermediate_value":73.56216389603179}
{"op_code":8,"worker_id":"b92bbb07-ea8d-4648-8435-e35b81552eb1-140212587675648","trial_id":9,"user_attr":{"train_loss_epoch_1":2.1189822022363596}}
{"op_code":7,"worker_id":"b92bbb07-ea8d-4648-8435-e35b81552eb1-140212587675648","trial_id":9,"step":2,"intermediate_value":74.72456764401426}
{"op_code":8,"worker_id":"b92bbb07-ea8d-4648-8435-e35b81552eb1-140212587675648","trial_id":9,"user_attr":{"train_loss_epoch_2":1.6812586498376831}}
{"op_code":7,"worker_id":"b92bbb07-ea8d-4648-8435-e35b81552eb1-140212587675648","trial_id":9,"step":3,"intermediate_value":77.73822568014677}
{"op_code":8,"worker_id":"b92bbb07-ea8d-4648-8435-e35b81552eb1-140212587675648","trial_id":9,"user_attr":{"train_loss_epoch_3":1.5929321181842}}
{"op_code":7,"worker_id":"b92bbb07-ea8d-4648-8435-e35b81552eb1-140212587675648","trial_id":9,"step":4,"intermediate_value":79.20159568030441}
{"op_code":8,"worker_id":"b92bbb07-ea8d-4648-8435-e35b81552eb1-140212587675648","trial_id":9,"user_attr":{"train_loss_epoch_4":1.516651769258298}}
{"op_code":7,"worker_id":"b92bbb07-ea8d-4648-8435-e35b81552eb1-140212587675648","trial_id":9,"step":5,"intermediate_value":79.69473788307381}
{"op_code":8,"worker_id":"b92bbb07-ea8d-4648-8435-e35b81552eb1-140212587675648","trial_id":9,"user_attr":{"train_loss_epoch_5":1.4555476179902358}}
{"op_code":6,"worker_id":"b92bbb07-ea8d-4648-8435-e35b81552eb1-140212587675648","trial_id":9,"state":1,"values":[79.69473788307381],"datetime_complete":"2026-03-12T23:58:26.569996"}
{"op_code":0,"worker_id":"27e923e8-6c63-40ac-8302-8c194fdd1512-140459446464512","study_name":"bert_squad_lrtt_bs48_adam_hybrid_nowd_nomom_nonest_set_noio_noos_as-separate_qkvo_5ep","directions":[2]}
{"op_code":4,"worker_id":"27e923e8-6c63-40ac-8302-8c194fdd1512-140459446464512","study_id":0,"datetime_start":"2026-03-12T23:58:37.405846"}
{"op_code":5,"worker_id":"27e923e8-6c63-40ac-8302-8c194fdd1512-140459446464512","trial_id":10,"param_name":"learning_rate","param_value_internal":0.0001042603059167078,"distribution":"{\"name\": \"FloatDistribution\", \"attributes\": {\"step\": null, \"low\": 0.0001, \"high\": 0.02, \"log\": true}}"}
{"op_code":5,"worker_id":"27e923e8-6c63-40ac-8302-8c194fdd1512-140459446464512","trial_id":10,"param_name":"transfer_lr","param_value_internal":125.98306371907454,"distribution":"{\"name\": \"FloatDistribution\", \"attributes\": {\"step\": null, \"low\": 0.0005, \"high\": 1000.0, \"log\": true}}"}
{"op_code":5,"worker_id":"27e923e8-6c63-40ac-8302-8c194fdd1512-140459446464512","trial_id":10,"param_name":"transfer_every","param_value_internal":7.0,"distribution":"{\"name\": \"IntDistribution\", \"attributes\": {\"log\": true, \"step\": 1, \"low\": 1, \"high\": 500}}"}
{"op_code":5,"worker_id":"27e923e8-6c63-40ac-8302-8c194fdd1512-140459446464512","trial_id":10,"param_name":"rank_exp","param_value_internal":1.0,"distribution":"{\"name\": \"IntDistribution\", \"attributes\": {\"log\": false, \"step\": 1, \"low\": 0, \"high\": 6}}"}
{"op_code":5,"worker_id":"27e923e8-6c63-40ac-8302-8c194fdd1512-140459446464512","trial_id":10,"param_name":"fast_lr","param_value_internal":0.12383476817014204,"distribution":"{\"name\": \"FloatDistribution\", \"attributes\": {\"step\": null, \"low\": 0.01, \"high\": 1.0, \"log\": true}}"}
{"op_code":5,"worker_id":"27e923e8-6c63-40ac-8302-8c194fdd1512-140459446464512","trial_id":10,"param_name":"tau_sec","param_value_internal":0.0,"distribution":"{\"name\": \"FloatDistribution\", \"attributes\": {\"step\": null, \"low\": 0.0, \"high\": 0.0, \"log\": false}}"}
{"op_code":5,"worker_id":"27e923e8-6c63-40ac-8302-8c194fdd1512-140459446464512","trial_id":10,"param_name":"ab_weight_scaling_omega","param_value_internal":0.0,"distribution":"{\"name\": \"FloatDistribution\", \"attributes\": {\"step\": null, \"low\": 0.0, \"high\": 0.0, \"log\": false}}"}
{"op_code":5,"worker_id":"27e923e8-6c63-40ac-8302-8c194fdd1512-140459446464512","trial_id":10,"param_name":"min_lr_rate","param_value_internal":0.0,"distribution":"{\"name\": \"FloatDistribution\", \"attributes\": {\"step\": null, \"low\": 0.0, \"high\": 0.0, \"log\": false}}"}
{"op_code":8,"worker_id":"27e923e8-6c63-40ac-8302-8c194fdd1512-140459446464512","trial_id":10,"user_attr":{"error":"CUDA_CALL Error 'out of memory' at cuda_util.cu:978\n"}}
{"op_code":6,"worker_id":"27e923e8-6c63-40ac-8302-8c194fdd1512-140459446464512","trial_id":10,"state":3,"values":null,"datetime_complete":"2026-03-13T00:02:02.182067"}
{"op_code":0,"worker_id":"3ed92295-4baa-49a4-8113-87959490d46f-140251551510528","study_name":"bert_squad_lrtt_bs48_adam_hybrid_nowd_nomom_nonest_set_noio_noos_as-separate_qkvo_5ep","directions":[2]}
{"op_code":4,"worker_id":"3ed92295-4baa-49a4-8113-87959490d46f-140251551510528","study_id":0,"datetime_start":null,"state":4,"value":null,"values":null,"distributions":{},"params":{},"user_attrs":{},"system_attrs":{"fixed_params":{"learning_rate":0.0001042603059167078,"transfer_lr":125.98306371907454,"transfer_every":7,"rank_exp":1,"fast_lr":0.12383476817014204,"tau_sec":0.0,"ab_weight_scaling_omega":0.0,"min_lr_rate":0.0}},"intermediate_values":{}}
{"op_code":6,"worker_id":"3ed92295-4baa-49a4-8113-87959490d46f-140251551510528","trial_id":11,"state":0,"values":null,"datetime_start":"2026-03-13T00:02:12.573353"}
{"op_code":5,"worker_id":"3ed92295-4baa-49a4-8113-87959490d46f-140251551510528","trial_id":11,"param_name":"learning_rate","param_value_internal":0.0001042603059167078,"distribution":"{\"name\": \"FloatDistribution\", \"attributes\": {\"step\": null, \"low\": 0.0001, \"high\": 0.02, \"log\": true}}"}
{"op_code":5,"worker_id":"3ed92295-4baa-49a4-8113-87959490d46f-140251551510528","trial_id":11,"param_name":"transfer_lr","param_value_internal":125.98306371907454,"distribution":"{\"name\": \"FloatDistribution\", \"attributes\": {\"step\": null, \"low\": 0.0005, \"high\": 1000.0, \"log\": true}}"}
{"op_code":5,"worker_id":"3ed92295-4baa-49a4-8113-87959490d46f-140251551510528","trial_id":11,"param_name":"transfer_every","param_value_internal":7.0,"distribution":"{\"name\": \"IntDistribution\", \"attributes\": {\"log\": true, \"step\": 1, \"low\": 1, \"high\": 500}}"}
{"op_code":5,"worker_id":"3ed92295-4baa-49a4-8113-87959490d46f-140251551510528","trial_id":11,"param_name":"rank_exp","param_value_internal":1.0,"distribution":"{\"name\": \"IntDistribution\", \"attributes\": {\"log\": false, \"step\": 1, \"low\": 0, \"high\": 6}}"}
{"op_code":5,"worker_id":"3ed92295-4baa-49a4-8113-87959490d46f-140251551510528","trial_id":11,"param_name":"fast_lr","param_value_internal":0.12383476817014204,"distribution":"{\"name\": \"FloatDistribution\", \"attributes\": {\"step\": null, \"low\": 0.01, \"high\": 1.0, \"log\": true}}"}
{"op_code":5,"worker_id":"3ed92295-4baa-49a4-8113-87959490d46f-140251551510528","trial_id":11,"param_name":"tau_sec","param_value_internal":0.0,"distribution":"{\"name\": \"FloatDistribution\", \"attributes\": {\"step\": null, \"low\": 0.0, \"high\": 0.0, \"log\": false}}"}
{"op_code":5,"worker_id":"3ed92295-4baa-49a4-8113-87959490d46f-140251551510528","trial_id":11,"param_name":"ab_weight_scaling_omega","param_value_internal":0.0,"distribution":"{\"name\": \"FloatDistribution\", \"attributes\": {\"step\": null, \"low\": 0.0, \"high\": 0.0, \"log\": false}}"}
{"op_code":5,"worker_id":"3ed92295-4baa-49a4-8113-87959490d46f-140251551510528","trial_id":11,"param_name":"min_lr_rate","param_value_internal":0.0,"distribution":"{\"name\": \"FloatDistribution\", \"attributes\": {\"step\": null, \"low\": 0.0, \"high\": 0.0, \"log\": false}}"}
{"op_code":7,"worker_id":"3ed92295-4baa-49a4-8113-87959490d46f-140251551510528","trial_id":11,"step":1,"intermediate_value":36.982040865423684}
{"op_code":8,"worker_id":"3ed92295-4baa-49a4-8113-87959490d46f-140251551510528","trial_id":11,"user_attr":{"train_loss_epoch_1":3.8567943563949902}}
{"op_code":7,"worker_id":"3ed92295-4baa-49a4-8113-87959490d46f-140251551510528","trial_id":11,"step":2,"intermediate_value":41.32123563559903}
{"op_code":8,"worker_id":"3ed92295-4baa-49a4-8113-87959490d46f-140251551510528","trial_id":11,"user_attr":{"train_loss_epoch_2":3.0278085145435867}}
{"op_code":7,"worker_id":"3ed92295-4baa-49a4-8113-87959490d46f-140251551510528","trial_id":11,"step":3,"intermediate_value":41.32123563559903}
{"op_code":8,"worker_id":"3ed92295-4baa-49a4-8113-87959490d46f-140251551510528","trial_id":11,"user_attr":{"train_loss_epoch_3":3.1323484488378925}}
{"op_code":7,"worker_id":"3ed92295-4baa-49a4-8113-87959490d46f-140251551510528","trial_id":11,"step":4,"intermediate_value":41.32123563559903}
{"op_code":8,"worker_id":"3ed92295-4baa-49a4-8113-87959490d46f-140251551510528","trial_id":11,"user_attr":{"train_loss_epoch_4":3.3123493029774607}}
{"op_code":6,"worker_id":"3ed92295-4baa-49a4-8113-87959490d46f-140251551510528","trial_id":11,"state":1,"values":[41.32123563559903],"datetime_complete":"2026-03-13T03:05:11.682998"}
{"op_code":0,"worker_id":"9cb8791b-f26a-41b6-8cd7-7d1fdc46aab0-140057713557504","study_name":"bert_squad_lrtt_bs48_adam_hybrid_nowd_nomom_nonest_set_noio_noos_as-separate_qkvo_5ep","directions":[2]}
{"op_code":4,"worker_id":"9cb8791b-f26a-41b6-8cd7-7d1fdc46aab0-140057713557504","study_id":0,"datetime_start":"2026-03-13T03:05:25.435300"}
{"op_code":5,"worker_id":"9cb8791b-f26a-41b6-8cd7-7d1fdc46aab0-140057713557504","trial_id":12,"param_name":"learning_rate","param_value_internal":0.0014913883997390864,"distribution":"{\"name\": \"FloatDistribution\", \"attributes\": {\"step\": null, \"low\": 0.0001, \"high\": 0.02, \"log\": true}}"}
{"op_code":5,"worker_id":"9cb8791b-f26a-41b6-8cd7-7d1fdc46aab0-140057713557504","trial_id":12,"param_name":"transfer_lr","param_value_internal":0.000721497436498529,"distribution":"{\"name\": \"FloatDistribution\", \"attributes\": {\"step\": null, \"low\": 0.0005, \"high\": 1000.0, \"log\": true}}"}
{"op_code":5,"worker_id":"9cb8791b-f26a-41b6-8cd7-7d1fdc46aab0-140057713557504","trial_id":12,"param_name":"transfer_every","param_value_internal":183.0,"distribution":"{\"name\": \"IntDistribution\", \"attributes\": {\"log\": true, \"step\": 1, \"low\": 1, \"high\": 500}}"}
{"op_code":5,"worker_id":"9cb8791b-f26a-41b6-8cd7-7d1fdc46aab0-140057713557504","trial_id":12,"param_name":"rank_exp","param_value_internal":6.0,"distribution":"{\"name\": \"IntDistribution\", \"attributes\": {\"log\": false, \"step\": 1, \"low\": 0, \"high\": 6}}"}
{"op_code":5,"worker_id":"9cb8791b-f26a-41b6-8cd7-7d1fdc46aab0-140057713557504","trial_id":12,"param_name":"fast_lr","param_value_internal":0.017861404515418674,"distribution":"{\"name\": \"FloatDistribution\", \"attributes\": {\"step\": null, \"low\": 0.01, \"high\": 1.0, \"log\": true}}"}
{"op_code":5,"worker_id":"9cb8791b-f26a-41b6-8cd7-7d1fdc46aab0-140057713557504","trial_id":12,"param_name":"tau_sec","param_value_internal":0.0,"distribution":"{\"name\": \"FloatDistribution\", \"attributes\": {\"step\": null, \"low\": 0.0, \"high\": 0.0, \"log\": false}}"}
{"op_code":5,"worker_id":"9cb8791b-f26a-41b6-8cd7-7d1fdc46aab0-140057713557504","trial_id":12,"param_name":"ab_weight_scaling_omega","param_value_internal":0.0,"distribution":"{\"name\": \"FloatDistribution\", \"attributes\": {\"step\": null, \"low\": 0.0, \"high\": 0.0, \"log\": false}}"}
{"op_code":5,"worker_id":"9cb8791b-f26a-41b6-8cd7-7d1fdc46aab0-140057713557504","trial_id":12,"param_name":"min_lr_rate","param_value_internal":0.0,"distribution":"{\"name\": \"FloatDistribution\", \"attributes\": {\"step\": null, \"low\": 0.0, \"high\": 0.0, \"log\": false}}"}
{"op_code":8,"worker_id":"9cb8791b-f26a-41b6-8cd7-7d1fdc46aab0-140057713557504","trial_id":12,"user_attr":{"error":"CUDA_CALL Error 'out of memory' at cuda_util.cu:978\n"}}
{"op_code":6,"worker_id":"9cb8791b-f26a-41b6-8cd7-7d1fdc46aab0-140057713557504","trial_id":12,"state":3,"values":null,"datetime_complete":"2026-03-13T03:07:55.701574"}
{"op_code":0,"worker_id":"ed2144fb-72bc-4749-89f4-ac40e086ae46-140180924174336","study_name":"bert_squad_lrtt_bs48_adam_hybrid_nowd_nomom_nonest_set_noio_noos_as-separate_qkvo_5ep","directions":[2]}
{"op_code":4,"worker_id":"ed2144fb-72bc-4749-89f4-ac40e086ae46-140180924174336","study_id":0,"datetime_start":null,"state":4,"value":null,"values":null,"distributions":{},"params":{},"user_attrs":{},"system_attrs":{"fixed_params":{"learning_rate":0.0014913883997390864,"transfer_lr":0.000721497436498529,"transfer_every":183,"rank_exp":6,"fast_lr":0.017861404515418674,"tau_sec":0.0,"ab_weight_scaling_omega":0.0,"min_lr_rate":0.0}},"intermediate_values":{}}
{"op_code":6,"worker_id":"ed2144fb-72bc-4749-89f4-ac40e086ae46-140180924174336","trial_id":13,"state":0,"values":null,"datetime_start":"2026-03-13T03:08:08.358498"}
{"op_code":5,"worker_id":"ed2144fb-72bc-4749-89f4-ac40e086ae46-140180924174336","trial_id":13,"param_name":"learning_rate","param_value_internal":0.0014913883997390864,"distribution":"{\"name\": \"FloatDistribution\", \"attributes\": {\"step\": null, \"low\": 0.0001, \"high\": 0.02, \"log\": true}}"}
{"op_code":5,"worker_id":"ed2144fb-72bc-4749-89f4-ac40e086ae46-140180924174336","trial_id":13,"param_name":"transfer_lr","param_value_internal":0.000721497436498529,"distribution":"{\"name\": \"FloatDistribution\", \"attributes\": {\"step\": null, \"low\": 0.0005, \"high\": 1000.0, \"log\": true}}"}
{"op_code":5,"worker_id":"ed2144fb-72bc-4749-89f4-ac40e086ae46-140180924174336","trial_id":13,"param_name":"transfer_every","param_value_internal":183.0,"distribution":"{\"name\": \"IntDistribution\", \"attributes\": {\"log\": true, \"step\": 1, \"low\": 1, \"high\": 500}}"}
{"op_code":5,"worker_id":"ed2144fb-72bc-4749-89f4-ac40e086ae46-140180924174336","trial_id":13,"param_name":"rank_exp","param_value_internal":6.0,"distribution":"{\"name\": \"IntDistribution\", \"attributes\": {\"log\": false, \"step\": 1, \"low\": 0, \"high\": 6}}"}
{"op_code":5,"worker_id":"ed2144fb-72bc-4749-89f4-ac40e086ae46-140180924174336","trial_id":13,"param_name":"fast_lr","param_value_internal":0.017861404515418674,"distribution":"{\"name\": \"FloatDistribution\", \"attributes\": {\"step\": null, \"low\": 0.01, \"high\": 1.0, \"log\": true}}"}
{"op_code":5,"worker_id":"ed2144fb-72bc-4749-89f4-ac40e086ae46-140180924174336","trial_id":13,"param_name":"tau_sec","param_value_internal":0.0,"distribution":"{\"name\": \"FloatDistribution\", \"attributes\": {\"step\": null, \"low\": 0.0, \"high\": 0.0, \"log\": false}}"}
{"op_code":5,"worker_id":"ed2144fb-72bc-4749-89f4-ac40e086ae46-140180924174336","trial_id":13,"param_name":"ab_weight_scaling_omega","param_value_internal":0.0,"distribution":"{\"name\": \"FloatDistribution\", \"attributes\": {\"step\": null, \"low\": 0.0, \"high\": 0.0, \"log\": false}}"}
{"op_code":5,"worker_id":"ed2144fb-72bc-4749-89f4-ac40e086ae46-140180924174336","trial_id":13,"param_name":"min_lr_rate","param_value_internal":0.0,"distribution":"{\"name\": \"FloatDistribution\", \"attributes\": {\"step\": null, \"low\": 0.0, \"high\": 0.0, \"log\": false}}"}
{"op_code":7,"worker_id":"ed2144fb-72bc-4749-89f4-ac40e086ae46-140180924174336","trial_id":13,"step":1,"intermediate_value":73.75555812445467}
{"op_code":8,"worker_id":"ed2144fb-72bc-4749-89f4-ac40e086ae46-140180924174336","trial_id":13,"user_attr":{"train_loss_epoch_1":2.3280476012925333}}
{"op_code":7,"worker_id":"ed2144fb-72bc-4749-89f4-ac40e086ae46-140180924174336","trial_id":13,"step":2,"intermediate_value":76.38186196797164}
{"op_code":8,"worker_id":"ed2144fb-72bc-4749-89f4-ac40e086ae46-140180924174336","trial_id":13,"user_attr":{"train_loss_epoch_2":1.660427782812814}}
{"op_code":7,"worker_id":"ed2144fb-72bc-4749-89f4-ac40e086ae46-140180924174336","trial_id":13,"step":3,"intermediate_value":77.14519355433741}
{"op_code":8,"worker_id":"ed2144fb-72bc-4749-89f4-ac40e086ae46-140180924174336","trial_id":13,"user_attr":{"train_loss_epoch_3":1.5869419949104482}}
{"op_code":7,"worker_id":"ed2144fb-72bc-4749-89f4-ac40e086ae46-140180924174336","trial_id":13,"step":4,"intermediate_value":77.67677819552664}
{"op_code":8,"worker_id":"ed2144fb-72bc-4749-89f4-ac40e086ae46-140180924174336","trial_id":13,"user_attr":{"train_loss_epoch_4":1.5427608652372093}}
{"op_code":7,"worker_id":"ed2144fb-72bc-4749-89f4-ac40e086ae46-140180924174336","trial_id":13,"step":5,"intermediate_value":78.26455473157785}
{"op_code":8,"worker_id":"ed2144fb-72bc-4749-89f4-ac40e086ae46-140180924174336","trial_id":13,"user_attr":{"train_loss_epoch_5":1.5151679514707606}}
{"op_code":6,"worker_id":"ed2144fb-72bc-4749-89f4-ac40e086ae46-140180924174336","trial_id":13,"state":1,"values":[78.26455473157785],"datetime_complete":"2026-03-13T06:59:44.167373"}
{"op_code":0,"worker_id":"d4ceb742-3056-47f2-b888-f1c70f16d7b7-140272536346624","study_name":"bert_squad_lrtt_bs48_adam_hybrid_nowd_nomom_nonest_set_noio_noos_as-separate_qkvo_5ep","directions":[2]}
{"op_code":4,"worker_id":"d4ceb742-3056-47f2-b888-f1c70f16d7b7-140272536346624","study_id":0,"datetime_start":"2026-03-13T06:59:55.090036"}
{"op_code":5,"worker_id":"d4ceb742-3056-47f2-b888-f1c70f16d7b7-140272536346624","trial_id":14,"param_name":"learning_rate","param_value_internal":0.008492244573847918,"distribution":"{\"name\": \"FloatDistribution\", \"attributes\": {\"step\": null, \"low\": 0.0001, \"high\": 0.02, \"log\": true}}"}
{"op_code":5,"worker_id":"d4ceb742-3056-47f2-b888-f1c70f16d7b7-140272536346624","trial_id":14,"param_name":"transfer_lr","param_value_internal":19.069325329930166,"distribution":"{\"name\": \"FloatDistribution\", \"attributes\": {\"step\": null, \"low\": 0.0005, \"high\": 1000.0, \"log\": true}}"}
{"op_code":5,"worker_id":"d4ceb742-3056-47f2-b888-f1c70f16d7b7-140272536346624","trial_id":14,"param_name":"transfer_every","param_value_internal":126.0,"distribution":"{\"name\": \"IntDistribution\", \"attributes\": {\"log\": true, \"step\": 1, \"low\": 1, \"high\": 500}}"}
{"op_code":5,"worker_id":"d4ceb742-3056-47f2-b888-f1c70f16d7b7-140272536346624","trial_id":14,"param_name":"rank_exp","param_value_internal":4.0,"distribution":"{\"name\": \"IntDistribution\", \"attributes\": {\"log\": false, \"step\": 1, \"low\": 0, \"high\": 6}}"}
{"op_code":5,"worker_id":"d4ceb742-3056-47f2-b888-f1c70f16d7b7-140272536346624","trial_id":14,"param_name":"fast_lr","param_value_internal":0.07987170710522215,"distribution":"{\"name\": \"FloatDistribution\", \"attributes\": {\"step\": null, \"low\": 0.01, \"high\": 1.0, \"log\": true}}"}
{"op_code":5,"worker_id":"d4ceb742-3056-47f2-b888-f1c70f16d7b7-140272536346624","trial_id":14,"param_name":"tau_sec","param_value_internal":0.0,"distribution":"{\"name\": \"FloatDistribution\", \"attributes\": {\"step\": null, \"low\": 0.0, \"high\": 0.0, \"log\": false}}"}
{"op_code":5,"worker_id":"d4ceb742-3056-47f2-b888-f1c70f16d7b7-140272536346624","trial_id":14,"param_name":"ab_weight_scaling_omega","param_value_internal":0.0,"distribution":"{\"name\": \"FloatDistribution\", \"attributes\": {\"step\": null, \"low\": 0.0, \"high\": 0.0, \"log\": false}}"}
{"op_code":5,"worker_id":"d4ceb742-3056-47f2-b888-f1c70f16d7b7-140272536346624","trial_id":14,"param_name":"min_lr_rate","param_value_internal":0.0,"distribution":"{\"name\": \"FloatDistribution\", \"attributes\": {\"step\": null, \"low\": 0.0, \"high\": 0.0, \"log\": false}}"}
{"op_code":8,"worker_id":"d4ceb742-3056-47f2-b888-f1c70f16d7b7-140272536346624","trial_id":14,"user_attr":{"error":"CUDA_CALL Error 'out of memory' at cuda_util.cu:978\n"}}
{"op_code":6,"worker_id":"d4ceb742-3056-47f2-b888-f1c70f16d7b7-140272536346624","trial_id":14,"state":3,"values":null,"datetime_complete":"2026-03-13T07:02:59.109452"}
{"op_code":0,"worker_id":"c1b476b8-b771-4d35-9d6b-befd667e4ca8-140676762935296","study_name":"bert_squad_lrtt_bs48_adam_hybrid_nowd_nomom_nonest_set_noio_noos_as-separate_qkvo_5ep","directions":[2]}
{"op_code":4,"worker_id":"c1b476b8-b771-4d35-9d6b-befd667e4ca8-140676762935296","study_id":0,"datetime_start":null,"state":4,"value":null,"values":null,"distributions":{},"params":{},"user_attrs":{},"system_attrs":{"fixed_params":{"learning_rate":0.008492244573847918,"transfer_lr":19.069325329930166,"transfer_every":126,"rank_exp":4,"fast_lr":0.07987170710522215,"tau_sec":0.0,"ab_weight_scaling_omega":0.0,"min_lr_rate":0.0}},"intermediate_values":{}}
{"op_code":6,"worker_id":"c1b476b8-b771-4d35-9d6b-befd667e4ca8-140676762935296","trial_id":15,"state":0,"values":null,"datetime_start":"2026-03-13T07:03:10.213798"}
{"op_code":5,"worker_id":"c1b476b8-b771-4d35-9d6b-befd667e4ca8-140676762935296","trial_id":15,"param_name":"learning_rate","param_value_internal":0.008492244573847918,"distribution":"{\"name\": \"FloatDistribution\", \"attributes\": {\"step\": null, \"low\": 0.0001, \"high\": 0.02, \"log\": true}}"}
{"op_code":5,"worker_id":"c1b476b8-b771-4d35-9d6b-befd667e4ca8-140676762935296","trial_id":15,"param_name":"transfer_lr","param_value_internal":19.069325329930166,"distribution":"{\"name\": \"FloatDistribution\", \"attributes\": {\"step\": null, \"low\": 0.0005, \"high\": 1000.0, \"log\": true}}"}
{"op_code":5,"worker_id":"c1b476b8-b771-4d35-9d6b-befd667e4ca8-140676762935296","trial_id":15,"param_name":"transfer_every","param_value_internal":126.0,"distribution":"{\"name\": \"IntDistribution\", \"attributes\": {\"log\": true, \"step\": 1, \"low\": 1, \"high\": 500}}"}
{"op_code":5,"worker_id":"c1b476b8-b771-4d35-9d6b-befd667e4ca8-140676762935296","trial_id":15,"param_name":"rank_exp","param_value_internal":4.0,"distribution":"{\"name\": \"IntDistribution\", \"attributes\": {\"log\": false, \"step\": 1, \"low\": 0, \"high\": 6}}"}
{"op_code":5,"worker_id":"c1b476b8-b771-4d35-9d6b-befd667e4ca8-140676762935296","trial_id":15,"param_name":"fast_lr","param_value_internal":0.07987170710522215,"distribution":"{\"name\": \"FloatDistribution\", \"attributes\": {\"step\": null, \"low\": 0.01, \"high\": 1.0, \"log\": true}}"}
{"op_code":5,"worker_id":"c1b476b8-b771-4d35-9d6b-befd667e4ca8-140676762935296","trial_id":15,"param_name":"tau_sec","param_value_internal":0.0,"distribution":"{\"name\": \"FloatDistribution\", \"attributes\": {\"step\": null, \"low\": 0.0, \"high\": 0.0, \"log\": false}}"}
{"op_code":5,"worker_id":"c1b476b8-b771-4d35-9d6b-befd667e4ca8-140676762935296","trial_id":15,"param_name":"ab_weight_scaling_omega","param_value_internal":0.0,"distribution":"{\"name\": \"FloatDistribution\", \"attributes\": {\"step\": null, \"low\": 0.0, \"high\": 0.0, \"log\": false}}"}
{"op_code":5,"worker_id":"c1b476b8-b771-4d35-9d6b-befd667e4ca8-140676762935296","trial_id":15,"param_name":"min_lr_rate","param_value_internal":0.0,"distribution":"{\"name\": \"FloatDistribution\", \"attributes\": {\"step\": null, \"low\": 0.0, \"high\": 0.0, \"log\": false}}"}
{"op_code":7,"worker_id":"c1b476b8-b771-4d35-9d6b-befd667e4ca8-140676762935296","trial_id":15,"step":1,"intermediate_value":9.123017816724277}
{"op_code":8,"worker_id":"c1b476b8-b771-4d35-9d6b-befd667e4ca8-140676762935296","trial_id":15,"user_attr":{"train_loss_epoch_1":4.041808359924776}}
{"op_code":7,"worker_id":"c1b476b8-b771-4d35-9d6b-befd667e4ca8-140676762935296","trial_id":15,"step":2,"intermediate_value":9.123017816724277}
{"op_code":8,"worker_id":"c1b476b8-b771-4d35-9d6b-befd667e4ca8-140676762935296","trial_id":15,"user_attr":{"train_loss_epoch_2":4.6001602438091425}}
{"op_code":7,"worker_id":"c1b476b8-b771-4d35-9d6b-befd667e4ca8-140676762935296","trial_id":15,"step":3,"intermediate_value":9.123017816724277}
{"op_code":8,"worker_id":"c1b476b8-b771-4d35-9d6b-befd667e4ca8-140676762935296","trial_id":15,"user_attr":{"train_loss_epoch_3":4.622841789134959}}
{"op_code":6,"worker_id":"c1b476b8-b771-4d35-9d6b-befd667e4ca8-140676762935296","trial_id":15,"state":1,"values":[9.123017816724277],"datetime_complete":"2026-03-13T09:18:52.639123"}
{"op_code":0,"worker_id":"ca5a2555-635f-4055-83c4-0d9b8f0b16b4-140284701179904","study_name":"bert_squad_lrtt_bs48_adam_hybrid_nowd_nomom_nonest_set_noio_noos_as-separate_qkvo_5ep","directions":[2]}
{"op_code":4,"worker_id":"ca5a2555-635f-4055-83c4-0d9b8f0b16b4-140284701179904","study_id":0,"datetime_start":"2026-03-13T09:19:03.209905"}
{"op_code":5,"worker_id":"ca5a2555-635f-4055-83c4-0d9b8f0b16b4-140284701179904","trial_id":16,"param_name":"learning_rate","param_value_internal":0.0011349474320523619,"distribution":"{\"name\": \"FloatDistribution\", \"attributes\": {\"step\": null, \"low\": 0.0001, \"high\": 0.02, \"log\": true}}"}
{"op_code":5,"worker_id":"ca5a2555-635f-4055-83c4-0d9b8f0b16b4-140284701179904","trial_id":16,"param_name":"transfer_lr","param_value_internal":3.970793338034697,"distribution":"{\"name\": \"FloatDistribution\", \"attributes\": {\"step\": null, \"low\": 0.0005, \"high\": 1000.0, \"log\": true}}"}
{"op_code":5,"worker_id":"ca5a2555-635f-4055-83c4-0d9b8f0b16b4-140284701179904","trial_id":16,"param_name":"transfer_every","param_value_internal":437.0,"distribution":"{\"name\": \"IntDistribution\", \"attributes\": {\"log\": true, \"step\": 1, \"low\": 1, \"high\": 500}}"}
{"op_code":5,"worker_id":"ca5a2555-635f-4055-83c4-0d9b8f0b16b4-140284701179904","trial_id":16,"param_name":"rank_exp","param_value_internal":5.0,"distribution":"{\"name\": \"IntDistribution\", \"attributes\": {\"log\": false, \"step\": 1, \"low\": 0, \"high\": 6}}"}
{"op_code":5,"worker_id":"ca5a2555-635f-4055-83c4-0d9b8f0b16b4-140284701179904","trial_id":16,"param_name":"fast_lr","param_value_internal":0.3453567691140555,"distribution":"{\"name\": \"FloatDistribution\", \"attributes\": {\"step\": null, \"low\": 0.01, \"high\": 1.0, \"log\": true}}"}
{"op_code":5,"worker_id":"ca5a2555-635f-4055-83c4-0d9b8f0b16b4-140284701179904","trial_id":16,"param_name":"tau_sec","param_value_internal":0.0,"distribution":"{\"name\": \"FloatDistribution\", \"attributes\": {\"step\": null, \"low\": 0.0, \"high\": 0.0, \"log\": false}}"}
{"op_code":5,"worker_id":"ca5a2555-635f-4055-83c4-0d9b8f0b16b4-140284701179904","trial_id":16,"param_name":"ab_weight_scaling_omega","param_value_internal":0.0,"distribution":"{\"name\": \"FloatDistribution\", \"attributes\": {\"step\": null, \"low\": 0.0, \"high\": 0.0, \"log\": false}}"}
{"op_code":5,"worker_id":"ca5a2555-635f-4055-83c4-0d9b8f0b16b4-140284701179904","trial_id":16,"param_name":"min_lr_rate","param_value_internal":0.0,"distribution":"{\"name\": \"FloatDistribution\", \"attributes\": {\"step\": null, \"low\": 0.0, \"high\": 0.0, \"log\": false}}"}
{"op_code":8,"worker_id":"ca5a2555-635f-4055-83c4-0d9b8f0b16b4-140284701179904","trial_id":16,"user_attr":{"error":"CUDA_CALL Error 'out of memory' at cuda_util.cu:978\n"}}
{"op_code":6,"worker_id":"ca5a2555-635f-4055-83c4-0d9b8f0b16b4-140284701179904","trial_id":16,"state":3,"values":null,"datetime_complete":"2026-03-13T09:21:51.076416"}
{"op_code":0,"worker_id":"497f129c-61b9-4b55-93ba-fde3f8a9a443-139922121687040","study_name":"bert_squad_lrtt_bs48_adam_hybrid_nowd_nomom_nonest_set_noio_noos_as-separate_qkvo_5ep","directions":[2]}
{"op_code":4,"worker_id":"497f129c-61b9-4b55-93ba-fde3f8a9a443-139922121687040","study_id":0,"datetime_start":null,"state":4,"value":null,"values":null,"distributions":{},"params":{},"user_attrs":{},"system_attrs":{"fixed_params":{"learning_rate":0.0011349474320523619,"transfer_lr":3.970793338034697,"transfer_every":437,"rank_exp":5,"fast_lr":0.3453567691140555,"tau_sec":0.0,"ab_weight_scaling_omega":0.0,"min_lr_rate":0.0}},"intermediate_values":{}}
{"op_code":6,"worker_id":"497f129c-61b9-4b55-93ba-fde3f8a9a443-139922121687040","trial_id":17,"state":0,"values":null,"datetime_start":"2026-03-13T09:22:01.683522"}
{"op_code":5,"worker_id":"497f129c-61b9-4b55-93ba-fde3f8a9a443-139922121687040","trial_id":17,"param_name":"learning_rate","param_value_internal":0.0011349474320523619,"distribution":"{\"name\": \"FloatDistribution\", \"attributes\": {\"step\": null, \"low\": 0.0001, \"high\": 0.02, \"log\": true}}"}
{"op_code":5,"worker_id":"497f129c-61b9-4b55-93ba-fde3f8a9a443-139922121687040","trial_id":17,"param_name":"transfer_lr","param_value_internal":3.970793338034697,"distribution":"{\"name\": \"FloatDistribution\", \"attributes\": {\"step\": null, \"low\": 0.0005, \"high\": 1000.0, \"log\": true}}"}
{"op_code":5,"worker_id":"497f129c-61b9-4b55-93ba-fde3f8a9a443-139922121687040","trial_id":17,"param_name":"transfer_every","param_value_internal":437.0,"distribution":"{\"name\": \"IntDistribution\", \"attributes\": {\"log\": true, \"step\": 1, \"low\": 1, \"high\": 500}}"}
{"op_code":5,"worker_id":"497f129c-61b9-4b55-93ba-fde3f8a9a443-139922121687040","trial_id":17,"param_name":"rank_exp","param_value_internal":5.0,"distribution":"{\"name\": \"IntDistribution\", \"attributes\": {\"log\": false, \"step\": 1, \"low\": 0, \"high\": 6}}"}
{"op_code":5,"worker_id":"497f129c-61b9-4b55-93ba-fde3f8a9a443-139922121687040","trial_id":17,"param_name":"fast_lr","param_value_internal":0.3453567691140555,"distribution":"{\"name\": \"FloatDistribution\", \"attributes\": {\"step\": null, \"low\": 0.01, \"high\": 1.0, \"log\": true}}"}
{"op_code":5,"worker_id":"497f129c-61b9-4b55-93ba-fde3f8a9a443-139922121687040","trial_id":17,"param_name":"tau_sec","param_value_internal":0.0,"distribution":"{\"name\": \"FloatDistribution\", \"attributes\": {\"step\": null, \"low\": 0.0, \"high\": 0.0, \"log\": false}}"}
{"op_code":5,"worker_id":"497f129c-61b9-4b55-93ba-fde3f8a9a443-139922121687040","trial_id":17,"param_name":"ab_weight_scaling_omega","param_value_internal":0.0,"distribution":"{\"name\": \"FloatDistribution\", \"attributes\": {\"step\": null, \"low\": 0.0, \"high\": 0.0, \"log\": false}}"}
{"op_code":5,"worker_id":"497f129c-61b9-4b55-93ba-fde3f8a9a443-139922121687040","trial_id":17,"param_name":"min_lr_rate","param_value_internal":0.0,"distribution":"{\"name\": \"FloatDistribution\", \"attributes\": {\"step\": null, \"low\": 0.0, \"high\": 0.0, \"log\": false}}"}
{"op_code":7,"worker_id":"497f129c-61b9-4b55-93ba-fde3f8a9a443-139922121687040","trial_id":17,"step":1,"intermediate_value":72.53755457161904}
{"op_code":8,"worker_id":"497f129c-61b9-4b55-93ba-fde3f8a9a443-139922121687040","trial_id":17,"user_attr":{"train_loss_epoch_1":2.419358567966617}}
{"op_code":7,"worker_id":"497f129c-61b9-4b55-93ba-fde3f8a9a443-139922121687040","trial_id":17,"step":2,"intermediate_value":75.04768722109561}
{"op_code":8,"worker_id":"497f129c-61b9-4b55-93ba-fde3f8a9a443-139922121687040","trial_id":17,"user_attr":{"train_loss_epoch_2":1.7173196542841467}}
{"op_code":7,"worker_id":"497f129c-61b9-4b55-93ba-fde3f8a9a443-139922121687040","trial_id":17,"step":3,"intermediate_value":75.60484139253795}
{"op_code":8,"worker_id":"497f129c-61b9-4b55-93ba-fde3f8a9a443-139922121687040","trial_id":17,"user_attr":{"train_loss_epoch_3":1.6563646295394443}}
{"op_code":7,"worker_id":"497f129c-61b9-4b55-93ba-fde3f8a9a443-139922121687040","trial_id":17,"step":4,"intermediate_value":76.03571750294262}
{"op_code":8,"worker_id":"497f129c-61b9-4b55-93ba-fde3f8a9a443-139922121687040","trial_id":17,"user_attr":{"train_loss_epoch_4":1.6274349912617323}}
{"op_code":7,"worker_id":"497f129c-61b9-4b55-93ba-fde3f8a9a443-139922121687040","trial_id":17,"step":5,"intermediate_value":76.46699606855547}
{"op_code":8,"worker_id":"497f129c-61b9-4b55-93ba-fde3f8a9a443-139922121687040","trial_id":17,"user_attr":{"train_loss_epoch_5":1.6089797494986025}}
{"op_code":6,"worker_id":"497f129c-61b9-4b55-93ba-fde3f8a9a443-139922121687040","trial_id":17,"state":1,"values":[76.46699606855547],"datetime_complete":"2026-03-13T13:11:10.555529"}
{"op_code":0,"worker_id":"3d8c85cc-f345-407e-a884-c42c7b2cb032-140521032355840","study_name":"bert_squad_lrtt_bs48_adam_hybrid_nowd_nomom_nonest_set_noio_noos_as-separate_qkvo_5ep","directions":[2]}
{"op_code":4,"worker_id":"3d8c85cc-f345-407e-a884-c42c7b2cb032-140521032355840","study_id":0,"datetime_start":"2026-03-13T13:11:21.178200"}
{"op_code":5,"worker_id":"3d8c85cc-f345-407e-a884-c42c7b2cb032-140521032355840","trial_id":18,"param_name":"learning_rate","param_value_internal":0.0014233682218821387,"distribution":"{\"name\": \"FloatDistribution\", \"attributes\": {\"step\": null, \"low\": 0.0001, \"high\": 0.02, \"log\": true}}"}
{"op_code":5,"worker_id":"3d8c85cc-f345-407e-a884-c42c7b2cb032-140521032355840","trial_id":18,"param_name":"transfer_lr","param_value_internal":0.0014499090932012263,"distribution":"{\"name\": \"FloatDistribution\", \"attributes\": {\"step\": null, \"low\": 0.0005, \"high\": 1000.0, \"log\": true}}"}
{"op_code":5,"worker_id":"3d8c85cc-f345-407e-a884-c42c7b2cb032-140521032355840","trial_id":18,"param_name":"transfer_every","param_value_internal":1.0,"distribution":"{\"name\": \"IntDistribution\", \"attributes\": {\"log\": true, \"step\": 1, \"low\": 1, \"high\": 500}}"}
{"op_code":5,"worker_id":"3d8c85cc-f345-407e-a884-c42c7b2cb032-140521032355840","trial_id":18,"param_name":"rank_exp","param_value_internal":6.0,"distribution":"{\"name\": \"IntDistribution\", \"attributes\": {\"log\": false, \"step\": 1, \"low\": 0, \"high\": 6}}"}
{"op_code":5,"worker_id":"3d8c85cc-f345-407e-a884-c42c7b2cb032-140521032355840","trial_id":18,"param_name":"fast_lr","param_value_internal":0.6827399686245674,"distribution":"{\"name\": \"FloatDistribution\", \"attributes\": {\"step\": null, \"low\": 0.01, \"high\": 1.0, \"log\": true}}"}
{"op_code":5,"worker_id":"3d8c85cc-f345-407e-a884-c42c7b2cb032-140521032355840","trial_id":18,"param_name":"tau_sec","param_value_internal":0.0,"distribution":"{\"name\": \"FloatDistribution\", \"attributes\": {\"step\": null, \"low\": 0.0, \"high\": 0.0, \"log\": false}}"}
{"op_code":5,"worker_id":"3d8c85cc-f345-407e-a884-c42c7b2cb032-140521032355840","trial_id":18,"param_name":"ab_weight_scaling_omega","param_value_internal":0.0,"distribution":"{\"name\": \"FloatDistribution\", \"attributes\": {\"step\": null, \"low\": 0.0, \"high\": 0.0, \"log\": false}}"}
{"op_code":5,"worker_id":"3d8c85cc-f345-407e-a884-c42c7b2cb032-140521032355840","trial_id":18,"param_name":"min_lr_rate","param_value_internal":0.0,"distribution":"{\"name\": \"FloatDistribution\", \"attributes\": {\"step\": null, \"low\": 0.0, \"high\": 0.0, \"log\": false}}"}
{"op_code":8,"worker_id":"3d8c85cc-f345-407e-a884-c42c7b2cb032-140521032355840","trial_id":18,"user_attr":{"error":"CUDA_CALL Error 'out of memory' at cuda_util.cu:978\n"}}
{"op_code":6,"worker_id":"3d8c85cc-f345-407e-a884-c42c7b2cb032-140521032355840","trial_id":18,"state":3,"values":null,"datetime_complete":"2026-03-13T13:13:50.054981"}
{"op_code":0,"worker_id":"bc2cb9d6-aec8-492a-aac7-e38dc2ca7397-140205936488448","study_name":"bert_squad_lrtt_bs48_adam_hybrid_nowd_nomom_nonest_set_noio_noos_as-separate_qkvo_5ep","directions":[2]}
{"op_code":4,"worker_id":"bc2cb9d6-aec8-492a-aac7-e38dc2ca7397-140205936488448","study_id":0,"datetime_start":null,"state":4,"value":null,"values":null,"distributions":{},"params":{},"user_attrs":{},"system_attrs":{"fixed_params":{"learning_rate":0.0014233682218821387,"transfer_lr":0.0014499090932012263,"transfer_every":1,"rank_exp":6,"fast_lr":0.6827399686245674,"tau_sec":0.0,"ab_weight_scaling_omega":0.0,"min_lr_rate":0.0}},"intermediate_values":{}}
{"op_code":6,"worker_id":"bc2cb9d6-aec8-492a-aac7-e38dc2ca7397-140205936488448","trial_id":19,"state":0,"values":null,"datetime_start":"2026-03-13T13:14:00.606199"}
{"op_code":5,"worker_id":"bc2cb9d6-aec8-492a-aac7-e38dc2ca7397-140205936488448","trial_id":19,"param_name":"learning_rate","param_value_internal":0.0014233682218821387,"distribution":"{\"name\": \"FloatDistribution\", \"attributes\": {\"step\": null, \"low\": 0.0001, \"high\": 0.02, \"log\": true}}"}
{"op_code":5,"worker_id":"bc2cb9d6-aec8-492a-aac7-e38dc2ca7397-140205936488448","trial_id":19,"param_name":"transfer_lr","param_value_internal":0.0014499090932012263,"distribution":"{\"name\": \"FloatDistribution\", \"attributes\": {\"step\": null, \"low\": 0.0005, \"high\": 1000.0, \"log\": true}}"}
{"op_code":5,"worker_id":"bc2cb9d6-aec8-492a-aac7-e38dc2ca7397-140205936488448","trial_id":19,"param_name":"transfer_every","param_value_internal":1.0,"distribution":"{\"name\": \"IntDistribution\", \"attributes\": {\"log\": true, \"step\": 1, \"low\": 1, \"high\": 500}}"}
{"op_code":5,"worker_id":"bc2cb9d6-aec8-492a-aac7-e38dc2ca7397-140205936488448","trial_id":19,"param_name":"rank_exp","param_value_internal":6.0,"distribution":"{\"name\": \"IntDistribution\", \"attributes\": {\"log\": false, \"step\": 1, \"low\": 0, \"high\": 6}}"}
{"op_code":5,"worker_id":"bc2cb9d6-aec8-492a-aac7-e38dc2ca7397-140205936488448","trial_id":19,"param_name":"fast_lr","param_value_internal":0.6827399686245674,"distribution":"{\"name\": \"FloatDistribution\", \"attributes\": {\"step\": null, \"low\": 0.01, \"high\": 1.0, \"log\": true}}"}
{"op_code":5,"worker_id":"bc2cb9d6-aec8-492a-aac7-e38dc2ca7397-140205936488448","trial_id":19,"param_name":"tau_sec","param_value_internal":0.0,"distribution":"{\"name\": \"FloatDistribution\", \"attributes\": {\"step\": null, \"low\": 0.0, \"high\": 0.0, \"log\": false}}"}
{"op_code":5,"worker_id":"bc2cb9d6-aec8-492a-aac7-e38dc2ca7397-140205936488448","trial_id":19,"param_name":"ab_weight_scaling_omega","param_value_internal":0.0,"distribution":"{\"name\": \"FloatDistribution\", \"attributes\": {\"step\": null, \"low\": 0.0, \"high\": 0.0, \"log\": false}}"}
{"op_code":5,"worker_id":"bc2cb9d6-aec8-492a-aac7-e38dc2ca7397-140205936488448","trial_id":19,"param_name":"min_lr_rate","param_value_internal":0.0,"distribution":"{\"name\": \"FloatDistribution\", \"attributes\": {\"step\": null, \"low\": 0.0, \"high\": 0.0, \"log\": false}}"}
{"op_code":7,"worker_id":"bc2cb9d6-aec8-492a-aac7-e38dc2ca7397-140205936488448","trial_id":19,"step":1,"intermediate_value":73.23631202441649}
{"op_code":8,"worker_id":"bc2cb9d6-aec8-492a-aac7-e38dc2ca7397-140205936488448","trial_id":19,"user_attr":{"train_loss_epoch_1":2.343125169339882}}
{"op_code":7,"worker_id":"bc2cb9d6-aec8-492a-aac7-e38dc2ca7397-140205936488448","trial_id":19,"step":2,"intermediate_value":76.1431343367239}
{"op_code":8,"worker_id":"bc2cb9d6-aec8-492a-aac7-e38dc2ca7397-140205936488448","trial_id":19,"user_attr":{"train_loss_epoch_2":1.6672542540966964}}
{"op_code":7,"worker_id":"bc2cb9d6-aec8-492a-aac7-e38dc2ca7397-140205936488448","trial_id":19,"step":3,"intermediate_value":77.25360424675169}
{"op_code":8,"worker_id":"bc2cb9d6-aec8-492a-aac7-e38dc2ca7397-140205936488448","trial_id":19,"user_attr":{"train_loss_epoch_3":1.5913537400755724}}
{"op_code":7,"worker_id":"bc2cb9d6-aec8-492a-aac7-e38dc2ca7397-140205936488448","trial_id":19,"step":4,"intermediate_value":77.78911193115141}
{"op_code":8,"worker_id":"bc2cb9d6-aec8-492a-aac7-e38dc2ca7397-140205936488448","trial_id":19,"user_attr":{"train_loss_epoch_4":1.5478075433630516}}
{"op_code":7,"worker_id":"bc2cb9d6-aec8-492a-aac7-e38dc2ca7397-140205936488448","trial_id":19,"step":5,"intermediate_value":78.07446441263116}
{"op_code":8,"worker_id":"bc2cb9d6-aec8-492a-aac7-e38dc2ca7397-140205936488448","trial_id":19,"user_attr":{"train_loss_epoch_5":1.5206905783240663}}
{"op_code":6,"worker_id":"bc2cb9d6-aec8-492a-aac7-e38dc2ca7397-140205936488448","trial_id":19,"state":1,"values":[78.07446441263116],"datetime_complete":"2026-03-13T17:26:23.946756"}
{"op_code":0,"worker_id":"6e45cc78-61a3-46dc-a1cc-e78240ec06cc-139762560237568","study_name":"bert_squad_lrtt_bs48_adam_hybrid_nowd_nomom_nonest_set_noio_noos_as-separate_qkvo_5ep","directions":[2]}
{"op_code":4,"worker_id":"6e45cc78-61a3-46dc-a1cc-e78240ec06cc-139762560237568","study_id":0,"datetime_start":"2026-03-13T17:26:35.141496"}
{"op_code":5,"worker_id":"6e45cc78-61a3-46dc-a1cc-e78240ec06cc-139762560237568","trial_id":20,"param_name":"learning_rate","param_value_internal":0.0028209234330272446,"distribution":"{\"name\": \"FloatDistribution\", \"attributes\": {\"step\": null, \"low\": 0.0001, \"high\": 0.02, \"log\": true}}"}
{"op_code":5,"worker_id":"6e45cc78-61a3-46dc-a1cc-e78240ec06cc-139762560237568","trial_id":20,"param_name":"transfer_lr","param_value_internal":0.013782935582264939,"distribution":"{\"name\": \"FloatDistribution\", \"attributes\": {\"step\": null, \"low\": 0.0005, \"high\": 1000.0, \"log\": true}}"}
{"op_code":5,"worker_id":"6e45cc78-61a3-46dc-a1cc-e78240ec06cc-139762560237568","trial_id":20,"param_name":"transfer_every","param_value_internal":1.0,"distribution":"{\"name\": \"IntDistribution\", \"attributes\": {\"log\": true, \"step\": 1, \"low\": 1, \"high\": 500}}"}
{"op_code":5,"worker_id":"6e45cc78-61a3-46dc-a1cc-e78240ec06cc-139762560237568","trial_id":20,"param_name":"rank_exp","param_value_internal":4.0,"distribution":"{\"name\": \"IntDistribution\", \"attributes\": {\"log\": false, \"step\": 1, \"low\": 0, \"high\": 6}}"}
{"op_code":5,"worker_id":"6e45cc78-61a3-46dc-a1cc-e78240ec06cc-139762560237568","trial_id":20,"param_name":"fast_lr","param_value_internal":0.19759885858279938,"distribution":"{\"name\": \"FloatDistribution\", \"attributes\": {\"step\": null, \"low\": 0.01, \"high\": 1.0, \"log\": true}}"}
{"op_code":5,"worker_id":"6e45cc78-61a3-46dc-a1cc-e78240ec06cc-139762560237568","trial_id":20,"param_name":"tau_sec","param_value_internal":0.0,"distribution":"{\"name\": \"FloatDistribution\", \"attributes\": {\"step\": null, \"low\": 0.0, \"high\": 0.0, \"log\": false}}"}
{"op_code":5,"worker_id":"6e45cc78-61a3-46dc-a1cc-e78240ec06cc-139762560237568","trial_id":20,"param_name":"ab_weight_scaling_omega","param_value_internal":0.0,"distribution":"{\"name\": \"FloatDistribution\", \"attributes\": {\"step\": null, \"low\": 0.0, \"high\": 0.0, \"log\": false}}"}
{"op_code":5,"worker_id":"6e45cc78-61a3-46dc-a1cc-e78240ec06cc-139762560237568","trial_id":20,"param_name":"min_lr_rate","param_value_internal":0.0,"distribution":"{\"name\": \"FloatDistribution\", \"attributes\": {\"step\": null, \"low\": 0.0, \"high\": 0.0, \"log\": false}}"}
{"op_code":8,"worker_id":"6e45cc78-61a3-46dc-a1cc-e78240ec06cc-139762560237568","trial_id":20,"user_attr":{"error":"CUDA_CALL Error 'out of memory' at cuda_util.cu:978\n"}}
{"op_code":6,"worker_id":"6e45cc78-61a3-46dc-a1cc-e78240ec06cc-139762560237568","trial_id":20,"state":3,"values":null,"datetime_complete":"2026-03-13T17:29:43.555456"}
{"op_code":0,"worker_id":"2f95d48b-2122-4141-a78f-30c47bc72f08-139972378607616","study_name":"bert_squad_lrtt_bs48_adam_hybrid_nowd_nomom_nonest_set_noio_noos_as-separate_qkvo_5ep","directions":[2]}
{"op_code":4,"worker_id":"2f95d48b-2122-4141-a78f-30c47bc72f08-139972378607616","study_id":0,"datetime_start":null,"state":4,"value":null,"values":null,"distributions":{},"params":{},"user_attrs":{},"system_attrs":{"fixed_params":{"learning_rate":0.0028209234330272446,"transfer_lr":0.013782935582264939,"transfer_every":1,"rank_exp":4,"fast_lr":0.19759885858279938,"tau_sec":0.0,"ab_weight_scaling_omega":0.0,"min_lr_rate":0.0}},"intermediate_values":{}}
{"op_code":6,"worker_id":"2f95d48b-2122-4141-a78f-30c47bc72f08-139972378607616","trial_id":21,"state":0,"values":null,"datetime_start":"2026-03-13T17:29:54.425079"}
{"op_code":5,"worker_id":"2f95d48b-2122-4141-a78f-30c47bc72f08-139972378607616","trial_id":21,"param_name":"learning_rate","param_value_internal":0.0028209234330272446,"distribution":"{\"name\": \"FloatDistribution\", \"attributes\": {\"step\": null, \"low\": 0.0001, \"high\": 0.02, \"log\": true}}"}
{"op_code":5,"worker_id":"2f95d48b-2122-4141-a78f-30c47bc72f08-139972378607616","trial_id":21,"param_name":"transfer_lr","param_value_internal":0.013782935582264939,"distribution":"{\"name\": \"FloatDistribution\", \"attributes\": {\"step\": null, \"low\": 0.0005, \"high\": 1000.0, \"log\": true}}"}
{"op_code":5,"worker_id":"2f95d48b-2122-4141-a78f-30c47bc72f08-139972378607616","trial_id":21,"param_name":"transfer_every","param_value_internal":1.0,"distribution":"{\"name\": \"IntDistribution\", \"attributes\": {\"log\": true, \"step\": 1, \"low\": 1, \"high\": 500}}"}
{"op_code":5,"worker_id":"2f95d48b-2122-4141-a78f-30c47bc72f08-139972378607616","trial_id":21,"param_name":"rank_exp","param_value_internal":4.0,"distribution":"{\"name\": \"IntDistribution\", \"attributes\": {\"log\": false, \"step\": 1, \"low\": 0, \"high\": 6}}"}
{"op_code":5,"worker_id":"2f95d48b-2122-4141-a78f-30c47bc72f08-139972378607616","trial_id":21,"param_name":"fast_lr","param_value_internal":0.19759885858279938,"distribution":"{\"name\": \"FloatDistribution\", \"attributes\": {\"step\": null, \"low\": 0.01, \"high\": 1.0, \"log\": true}}"}
{"op_code":5,"worker_id":"2f95d48b-2122-4141-a78f-30c47bc72f08-139972378607616","trial_id":21,"param_name":"tau_sec","param_value_internal":0.0,"distribution":"{\"name\": \"FloatDistribution\", \"attributes\": {\"step\": null, \"low\": 0.0, \"high\": 0.0, \"log\": false}}"}
{"op_code":5,"worker_id":"2f95d48b-2122-4141-a78f-30c47bc72f08-139972378607616","trial_id":21,"param_name":"ab_weight_scaling_omega","param_value_internal":0.0,"distribution":"{\"name\": \"FloatDistribution\", \"attributes\": {\"step\": null, \"low\": 0.0, \"high\": 0.0, \"log\": false}}"}
{"op_code":5,"worker_id":"2f95d48b-2122-4141-a78f-30c47bc72f08-139972378607616","trial_id":21,"param_name":"min_lr_rate","param_value_internal":0.0,"distribution":"{\"name\": \"FloatDistribution\", \"attributes\": {\"step\": null, \"low\": 0.0, \"high\": 0.0, \"log\": false}}"}
{"op_code":7,"worker_id":"2f95d48b-2122-4141-a78f-30c47bc72f08-139972378607616","trial_id":21,"step":1,"intermediate_value":75.00232827801983}
{"op_code":8,"worker_id":"2f95d48b-2122-4141-a78f-30c47bc72f08-139972378607616","trial_id":21,"user_attr":{"train_loss_epoch_1":2.1766108812662797}}
{"op_code":7,"worker_id":"2f95d48b-2122-4141-a78f-30c47bc72f08-139972378607616","trial_id":21,"step":2,"intermediate_value":77.0625695583883}
{"op_code":8,"worker_id":"2f95d48b-2122-4141-a78f-30c47bc72f08-139972378607616","trial_id":21,"user_attr":{"train_loss_epoch_2":1.6222623677297672}}
{"op_code":7,"worker_id":"2f95d48b-2122-4141-a78f-30c47bc72f08-139972378607616","trial_id":21,"step":3,"intermediate_value":78.14854261130039}
{"op_code":8,"worker_id":"2f95d48b-2122-4141-a78f-30c47bc72f08-139972378607616","trial_id":21,"user_attr":{"train_loss_epoch_3":1.543145158840861}}
{"op_code":7,"worker_id":"2f95d48b-2122-4141-a78f-30c47bc72f08-139972378607616","trial_id":21,"step":4,"intermediate_value":79.12553256855783}
{"op_code":8,"worker_id":"2f95d48b-2122-4141-a78f-30c47bc72f08-139972378607616","trial_id":21,"user_attr":{"train_loss_epoch_4":1.4907715859921136}}
{"op_code":7,"worker_id":"2f95d48b-2122-4141-a78f-30c47bc72f08-139972378607616","trial_id":21,"step":5,"intermediate_value":79.58558045672257}
{"op_code":8,"worker_id":"2f95d48b-2122-4141-a78f-30c47bc72f08-139972378607616","trial_id":21,"user_attr":{"train_loss_epoch_5":1.4526693956352372}}
{"op_code":6,"worker_id":"2f95d48b-2122-4141-a78f-30c47bc72f08-139972378607616","trial_id":21,"state":1,"values":[79.58558045672257],"datetime_complete":"2026-03-13T21:29:37.353947"}
{"op_code":0,"worker_id":"4cfcb8e7-73ca-412d-88e2-c8b3cbbf0d93-140639448764416","study_name":"bert_squad_lrtt_bs48_adam_hybrid_nowd_nomom_nonest_set_noio_noos_as-separate_qkvo_5ep","directions":[2]}
{"op_code":4,"worker_id":"4cfcb8e7-73ca-412d-88e2-c8b3cbbf0d93-140639448764416","study_id":0,"datetime_start":"2026-03-13T21:29:47.376796"}
{"op_code":5,"worker_id":"4cfcb8e7-73ca-412d-88e2-c8b3cbbf0d93-140639448764416","trial_id":22,"param_name":"learning_rate","param_value_internal":0.0002514116293681301,"distribution":"{\"name\": \"FloatDistribution\", \"attributes\": {\"step\": null, \"low\": 0.0001, \"high\": 0.02, \"log\": true}}"}
{"op_code":5,"worker_id":"4cfcb8e7-73ca-412d-88e2-c8b3cbbf0d93-140639448764416","trial_id":22,"param_name":"transfer_lr","param_value_internal":0.0005232043305965096,"distribution":"{\"name\": \"FloatDistribution\", \"attributes\": {\"step\": null, \"low\": 0.0005, \"high\": 1000.0, \"log\": true}}"}
{"op_code":5,"worker_id":"4cfcb8e7-73ca-412d-88e2-c8b3cbbf0d93-140639448764416","trial_id":22,"param_name":"transfer_every","param_value_internal":154.0,"distribution":"{\"name\": \"IntDistribution\", \"attributes\": {\"log\": true, \"step\": 1, \"low\": 1, \"high\": 500}}"}
{"op_code":5,"worker_id":"4cfcb8e7-73ca-412d-88e2-c8b3cbbf0d93-140639448764416","trial_id":22,"param_name":"rank_exp","param_value_internal":5.0,"distribution":"{\"name\": \"IntDistribution\", \"attributes\": {\"log\": false, \"step\": 1, \"low\": 0, \"high\": 6}}"}
{"op_code":5,"worker_id":"4cfcb8e7-73ca-412d-88e2-c8b3cbbf0d93-140639448764416","trial_id":22,"param_name":"fast_lr","param_value_internal":0.01,"distribution":"{\"name\": \"FloatDistribution\", \"attributes\": {\"step\": null, \"low\": 0.01, \"high\": 1.0, \"log\": true}}"}
{"op_code":5,"worker_id":"4cfcb8e7-73ca-412d-88e2-c8b3cbbf0d93-140639448764416","trial_id":22,"param_name":"tau_sec","param_value_internal":0.0,"distribution":"{\"name\": \"FloatDistribution\", \"attributes\": {\"step\": null, \"low\": 0.0, \"high\": 0.0, \"log\": false}}"}
{"op_code":5,"worker_id":"4cfcb8e7-73ca-412d-88e2-c8b3cbbf0d93-140639448764416","trial_id":22,"param_name":"ab_weight_scaling_omega","param_value_internal":0.0,"distribution":"{\"name\": \"FloatDistribution\", \"attributes\": {\"step\": null, \"low\": 0.0, \"high\": 0.0, \"log\": false}}"}
{"op_code":5,"worker_id":"4cfcb8e7-73ca-412d-88e2-c8b3cbbf0d93-140639448764416","trial_id":22,"param_name":"min_lr_rate","param_value_internal":0.0,"distribution":"{\"name\": \"FloatDistribution\", \"attributes\": {\"step\": null, \"low\": 0.0, \"high\": 0.0, \"log\": false}}"}
{"op_code":6,"worker_id":"4cfcb8e7-73ca-412d-88e2-c8b3cbbf0d93-140639448764416","trial_id":22,"state":3,"values":null,"datetime_complete":"2026-03-15T05:22:16.831663"}
