{"op_code":0,"worker_id":"20cca06a-d61c-4f62-a646-894d17c7fef7-140357573505024","study_name":"bert_squad_lrtt_bs48_adam_decay_nowd_nomom_nonest_set_constantstepideal_cconstantstepideal_perfect_noos_abml_qkvo_5ep","directions":[2]}
{"op_code":4,"worker_id":"20cca06a-d61c-4f62-a646-894d17c7fef7-140357573505024","study_id":0,"datetime_start":null,"state":4,"value":null,"values":null,"distributions":{},"params":{},"user_attrs":{},"system_attrs":{"fixed_params":{"learning_rate":0.002,"transfer_lr":1.0,"transfer_every":2,"rank_exp":0,"fast_lr":0.3,"tau_sec":0.0,"ab_dw_min":0.00012109375,"ab_desired_bl":31,"ab_multilevel":10,"c_dw_min":0.001953,"c_desired_bl":31,"out_noise":0.0,"ab_weight_scaling_omega":0.0,"min_lr_rate":0.0}},"intermediate_values":{}}
{"op_code":4,"worker_id":"20cca06a-d61c-4f62-a646-894d17c7fef7-140357573505024","study_id":0,"datetime_start":null,"state":4,"value":null,"values":null,"distributions":{},"params":{},"user_attrs":{},"system_attrs":{"fixed_params":{"learning_rate":0.002,"transfer_lr":1.0,"transfer_every":1,"rank_exp":1,"fast_lr":0.5,"tau_sec":0.0,"ab_dw_min":0.00012109375,"ab_desired_bl":31,"ab_multilevel":10,"c_dw_min":0.001953,"c_desired_bl":31,"out_noise":0.0,"ab_weight_scaling_omega":0.0,"min_lr_rate":0.0}},"intermediate_values":{}}
{"op_code":4,"worker_id":"20cca06a-d61c-4f62-a646-894d17c7fef7-140357573505024","study_id":0,"datetime_start":null,"state":4,"value":null,"values":null,"distributions":{},"params":{},"user_attrs":{},"system_attrs":{"fixed_params":{"learning_rate":0.002,"transfer_lr":0.5,"transfer_every":2,"rank_exp":2,"fast_lr":0.3,"tau_sec":0.0,"ab_dw_min":0.00012109375,"ab_desired_bl":31,"ab_multilevel":10,"c_dw_min":0.001953,"c_desired_bl":31,"out_noise":0.0,"ab_weight_scaling_omega":0.0,"min_lr_rate":0.0}},"intermediate_values":{}}
{"op_code":4,"worker_id":"20cca06a-d61c-4f62-a646-894d17c7fef7-140357573505024","study_id":0,"datetime_start":null,"state":4,"value":null,"values":null,"distributions":{},"params":{},"user_attrs":{},"system_attrs":{"fixed_params":{"learning_rate":0.00328,"transfer_lr":0.35,"transfer_every":1,"rank_exp":3,"fast_lr":0.3,"tau_sec":0.0,"ab_dw_min":0.00012109375,"ab_desired_bl":31,"ab_multilevel":10,"c_dw_min":0.001953,"c_desired_bl":31,"out_noise":0.0,"ab_weight_scaling_omega":0.0,"min_lr_rate":0.0}},"intermediate_values":{}}
{"op_code":4,"worker_id":"20cca06a-d61c-4f62-a646-894d17c7fef7-140357573505024","study_id":0,"datetime_start":null,"state":4,"value":null,"values":null,"distributions":{},"params":{},"user_attrs":{},"system_attrs":{"fixed_params":{"learning_rate":0.00328,"transfer_lr":0.35,"transfer_every":2,"rank_exp":4,"fast_lr":0.3,"tau_sec":0.0,"ab_dw_min":0.00012109375,"ab_desired_bl":31,"ab_multilevel":10,"c_dw_min":0.001953,"c_desired_bl":31,"out_noise":0.0,"ab_weight_scaling_omega":0.0,"min_lr_rate":0.0}},"intermediate_values":{}}
{"op_code":4,"worker_id":"20cca06a-d61c-4f62-a646-894d17c7fef7-140357573505024","study_id":0,"datetime_start":null,"state":4,"value":null,"values":null,"distributions":{},"params":{},"user_attrs":{},"system_attrs":{"fixed_params":{"learning_rate":0.00328,"transfer_lr":0.25,"transfer_every":2,"rank_exp":5,"fast_lr":0.3,"tau_sec":0.0,"ab_dw_min":0.0001210937,"ab_desired_bl":31,"ab_multilevel":10,"c_dw_min":0.001953,"c_desired_bl":31,"out_noise":0.0,"ab_weight_scaling_omega":0.0,"min_lr_rate":0.0}},"intermediate_values":{}}
{"op_code":4,"worker_id":"20cca06a-d61c-4f62-a646-894d17c7fef7-140357573505024","study_id":0,"datetime_start":null,"state":4,"value":null,"values":null,"distributions":{},"params":{},"user_attrs":{},"system_attrs":{"fixed_params":{"learning_rate":0.0038,"transfer_lr":0.095,"transfer_every":1,"rank_exp":6,"fast_lr":0.4,"tau_sec":0.0,"ab_dw_min":0.00012109375,"ab_desired_bl":31,"ab_multilevel":10,"c_dw_min":0.001953,"c_desired_bl":31,"out_noise":0.0,"ab_weight_scaling_omega":0.0,"min_lr_rate":0.0}},"intermediate_values":{}}
{"op_code":0,"worker_id":"ef1aa350-8d0f-4fef-8f14-50495e008e82-140451147231232","study_name":"bert_squad_lrtt_bs48_adam_decay_nowd_nomom_nonest_set_constantstepideal_cconstantstepideal_perfect_noos_abml_qkvo_5ep","directions":[2]}
{"op_code":6,"worker_id":"ef1aa350-8d0f-4fef-8f14-50495e008e82-140451147231232","trial_id":0,"state":0,"values":null,"datetime_start":"2026-04-21T02:58:14.717765"}
{"op_code":5,"worker_id":"ef1aa350-8d0f-4fef-8f14-50495e008e82-140451147231232","trial_id":0,"param_name":"learning_rate","param_value_internal":0.002,"distribution":"{\"name\": \"FloatDistribution\", \"attributes\": {\"step\": null, \"low\": 0.0003, \"high\": 0.04, \"log\": true}}"}
{"op_code":5,"worker_id":"ef1aa350-8d0f-4fef-8f14-50495e008e82-140451147231232","trial_id":0,"param_name":"transfer_lr","param_value_internal":1.0,"distribution":"{\"name\": \"FloatDistribution\", \"attributes\": {\"step\": null, \"low\": 0.01, \"high\": 4.0, \"log\": true}}"}
{"op_code":5,"worker_id":"ef1aa350-8d0f-4fef-8f14-50495e008e82-140451147231232","trial_id":0,"param_name":"transfer_every","param_value_internal":2.0,"distribution":"{\"name\": \"IntDistribution\", \"attributes\": {\"log\": true, \"step\": 1, \"low\": 1, \"high\": 20}}"}
{"op_code":5,"worker_id":"ef1aa350-8d0f-4fef-8f14-50495e008e82-140451147231232","trial_id":0,"param_name":"rank_exp","param_value_internal":0.0,"distribution":"{\"name\": \"IntDistribution\", \"attributes\": {\"log\": false, \"step\": 1, \"low\": 0, \"high\": 6}}"}
{"op_code":5,"worker_id":"ef1aa350-8d0f-4fef-8f14-50495e008e82-140451147231232","trial_id":0,"param_name":"fast_lr","param_value_internal":0.3,"distribution":"{\"name\": \"FloatDistribution\", \"attributes\": {\"step\": null, \"low\": 0.001, \"high\": 2.0, \"log\": true}}"}
{"op_code":5,"worker_id":"ef1aa350-8d0f-4fef-8f14-50495e008e82-140451147231232","trial_id":0,"param_name":"tau_sec","param_value_internal":0.0,"distribution":"{\"name\": \"FloatDistribution\", \"attributes\": {\"step\": null, \"low\": 0.0, \"high\": 0.0, \"log\": false}}"}
{"op_code":5,"worker_id":"ef1aa350-8d0f-4fef-8f14-50495e008e82-140451147231232","trial_id":0,"param_name":"ab_dw_min","param_value_internal":0.00012109375,"distribution":"{\"name\": \"FloatDistribution\", \"attributes\": {\"step\": null, \"low\": 0.00012109375, \"high\": 0.00012109375, \"log\": true}}"}
{"op_code":5,"worker_id":"ef1aa350-8d0f-4fef-8f14-50495e008e82-140451147231232","trial_id":0,"param_name":"ab_desired_bl","param_value_internal":31.0,"distribution":"{\"name\": \"IntDistribution\", \"attributes\": {\"log\": false, \"step\": 1, \"low\": 31, \"high\": 31}}"}
{"op_code":5,"worker_id":"ef1aa350-8d0f-4fef-8f14-50495e008e82-140451147231232","trial_id":0,"param_name":"ab_multilevel","param_value_internal":10.0,"distribution":"{\"name\": \"IntDistribution\", \"attributes\": {\"log\": false, \"step\": 1, \"low\": 12, \"high\": 12}}"}
{"op_code":5,"worker_id":"ef1aa350-8d0f-4fef-8f14-50495e008e82-140451147231232","trial_id":0,"param_name":"out_noise","param_value_internal":0.0,"distribution":"{\"name\": \"FloatDistribution\", \"attributes\": {\"step\": null, \"low\": 0.0, \"high\": 0.0, \"log\": false}}"}
{"op_code":5,"worker_id":"ef1aa350-8d0f-4fef-8f14-50495e008e82-140451147231232","trial_id":0,"param_name":"ab_weight_scaling_omega","param_value_internal":0.0,"distribution":"{\"name\": \"FloatDistribution\", \"attributes\": {\"step\": null, \"low\": 0.0, \"high\": 0.0, \"log\": false}}"}
{"op_code":5,"worker_id":"ef1aa350-8d0f-4fef-8f14-50495e008e82-140451147231232","trial_id":0,"param_name":"min_lr_rate","param_value_internal":0.0,"distribution":"{\"name\": \"FloatDistribution\", \"attributes\": {\"step\": null, \"low\": 0.0, \"high\": 0.0, \"log\": false}}"}
{"op_code":0,"worker_id":"a0b082bb-58de-49a9-a2b7-210f6fdb1e24-140280166457344","study_name":"bert_squad_lrtt_bs48_adam_decay_nowd_nomom_nonest_set_constantstepideal_cconstantstepideal_perfect_noos_abml_qkvo_5ep","directions":[2]}
{"op_code":6,"worker_id":"a0b082bb-58de-49a9-a2b7-210f6fdb1e24-140280166457344","trial_id":1,"state":0,"values":null,"datetime_start":"2026-04-21T02:58:22.631322"}
{"op_code":5,"worker_id":"a0b082bb-58de-49a9-a2b7-210f6fdb1e24-140280166457344","trial_id":1,"param_name":"learning_rate","param_value_internal":0.002,"distribution":"{\"name\": \"FloatDistribution\", \"attributes\": {\"step\": null, \"low\": 0.0003, \"high\": 0.04, \"log\": true}}"}
{"op_code":5,"worker_id":"a0b082bb-58de-49a9-a2b7-210f6fdb1e24-140280166457344","trial_id":1,"param_name":"transfer_lr","param_value_internal":1.0,"distribution":"{\"name\": \"FloatDistribution\", \"attributes\": {\"step\": null, \"low\": 0.01, \"high\": 4.0, \"log\": true}}"}
{"op_code":5,"worker_id":"a0b082bb-58de-49a9-a2b7-210f6fdb1e24-140280166457344","trial_id":1,"param_name":"transfer_every","param_value_internal":1.0,"distribution":"{\"name\": \"IntDistribution\", \"attributes\": {\"log\": true, \"step\": 1, \"low\": 1, \"high\": 20}}"}
{"op_code":5,"worker_id":"a0b082bb-58de-49a9-a2b7-210f6fdb1e24-140280166457344","trial_id":1,"param_name":"rank_exp","param_value_internal":1.0,"distribution":"{\"name\": \"IntDistribution\", \"attributes\": {\"log\": false, \"step\": 1, \"low\": 0, \"high\": 6}}"}
{"op_code":5,"worker_id":"a0b082bb-58de-49a9-a2b7-210f6fdb1e24-140280166457344","trial_id":1,"param_name":"fast_lr","param_value_internal":0.5,"distribution":"{\"name\": \"FloatDistribution\", \"attributes\": {\"step\": null, \"low\": 0.001, \"high\": 2.0, \"log\": true}}"}
{"op_code":5,"worker_id":"a0b082bb-58de-49a9-a2b7-210f6fdb1e24-140280166457344","trial_id":1,"param_name":"tau_sec","param_value_internal":0.0,"distribution":"{\"name\": \"FloatDistribution\", \"attributes\": {\"step\": null, \"low\": 0.0, \"high\": 0.0, \"log\": false}}"}
{"op_code":5,"worker_id":"a0b082bb-58de-49a9-a2b7-210f6fdb1e24-140280166457344","trial_id":1,"param_name":"ab_dw_min","param_value_internal":0.00012109375,"distribution":"{\"name\": \"FloatDistribution\", \"attributes\": {\"step\": null, \"low\": 0.00012109375, \"high\": 0.00012109375, \"log\": true}}"}
{"op_code":5,"worker_id":"a0b082bb-58de-49a9-a2b7-210f6fdb1e24-140280166457344","trial_id":1,"param_name":"ab_desired_bl","param_value_internal":31.0,"distribution":"{\"name\": \"IntDistribution\", \"attributes\": {\"log\": false, \"step\": 1, \"low\": 31, \"high\": 31}}"}
{"op_code":5,"worker_id":"a0b082bb-58de-49a9-a2b7-210f6fdb1e24-140280166457344","trial_id":1,"param_name":"ab_multilevel","param_value_internal":10.0,"distribution":"{\"name\": \"IntDistribution\", \"attributes\": {\"log\": false, \"step\": 1, \"low\": 12, \"high\": 12}}"}
{"op_code":5,"worker_id":"a0b082bb-58de-49a9-a2b7-210f6fdb1e24-140280166457344","trial_id":1,"param_name":"out_noise","param_value_internal":0.0,"distribution":"{\"name\": \"FloatDistribution\", \"attributes\": {\"step\": null, \"low\": 0.0, \"high\": 0.0, \"log\": false}}"}
{"op_code":5,"worker_id":"a0b082bb-58de-49a9-a2b7-210f6fdb1e24-140280166457344","trial_id":1,"param_name":"ab_weight_scaling_omega","param_value_internal":0.0,"distribution":"{\"name\": \"FloatDistribution\", \"attributes\": {\"step\": null, \"low\": 0.0, \"high\": 0.0, \"log\": false}}"}
{"op_code":5,"worker_id":"a0b082bb-58de-49a9-a2b7-210f6fdb1e24-140280166457344","trial_id":1,"param_name":"min_lr_rate","param_value_internal":0.0,"distribution":"{\"name\": \"FloatDistribution\", \"attributes\": {\"step\": null, \"low\": 0.0, \"high\": 0.0, \"log\": false}}"}
{"op_code":8,"worker_id":"ef1aa350-8d0f-4fef-8f14-50495e008e82-140451147231232","trial_id":0,"user_attr":{"grad_accum_steps":1}}
{"op_code":0,"worker_id":"4f5f3fe9-921e-4f69-94dc-e4b3a788121e-140662571773952","study_name":"bert_squad_lrtt_bs48_adam_decay_nowd_nomom_nonest_set_constantstepideal_cconstantstepideal_perfect_noos_abml_qkvo_5ep","directions":[2]}
{"op_code":6,"worker_id":"4f5f3fe9-921e-4f69-94dc-e4b3a788121e-140662571773952","trial_id":2,"state":0,"values":null,"datetime_start":"2026-04-21T02:58:29.746662"}
{"op_code":5,"worker_id":"4f5f3fe9-921e-4f69-94dc-e4b3a788121e-140662571773952","trial_id":2,"param_name":"learning_rate","param_value_internal":0.002,"distribution":"{\"name\": \"FloatDistribution\", \"attributes\": {\"step\": null, \"low\": 0.0003, \"high\": 0.04, \"log\": true}}"}
{"op_code":5,"worker_id":"4f5f3fe9-921e-4f69-94dc-e4b3a788121e-140662571773952","trial_id":2,"param_name":"transfer_lr","param_value_internal":0.5,"distribution":"{\"name\": \"FloatDistribution\", \"attributes\": {\"step\": null, \"low\": 0.01, \"high\": 4.0, \"log\": true}}"}
{"op_code":5,"worker_id":"4f5f3fe9-921e-4f69-94dc-e4b3a788121e-140662571773952","trial_id":2,"param_name":"transfer_every","param_value_internal":2.0,"distribution":"{\"name\": \"IntDistribution\", \"attributes\": {\"log\": true, \"step\": 1, \"low\": 1, \"high\": 20}}"}
{"op_code":5,"worker_id":"4f5f3fe9-921e-4f69-94dc-e4b3a788121e-140662571773952","trial_id":2,"param_name":"rank_exp","param_value_internal":2.0,"distribution":"{\"name\": \"IntDistribution\", \"attributes\": {\"log\": false, \"step\": 1, \"low\": 0, \"high\": 6}}"}
{"op_code":5,"worker_id":"4f5f3fe9-921e-4f69-94dc-e4b3a788121e-140662571773952","trial_id":2,"param_name":"fast_lr","param_value_internal":0.3,"distribution":"{\"name\": \"FloatDistribution\", \"attributes\": {\"step\": null, \"low\": 0.001, \"high\": 2.0, \"log\": true}}"}
{"op_code":5,"worker_id":"4f5f3fe9-921e-4f69-94dc-e4b3a788121e-140662571773952","trial_id":2,"param_name":"tau_sec","param_value_internal":0.0,"distribution":"{\"name\": \"FloatDistribution\", \"attributes\": {\"step\": null, \"low\": 0.0, \"high\": 0.0, \"log\": false}}"}
{"op_code":5,"worker_id":"4f5f3fe9-921e-4f69-94dc-e4b3a788121e-140662571773952","trial_id":2,"param_name":"ab_dw_min","param_value_internal":0.00012109375,"distribution":"{\"name\": \"FloatDistribution\", \"attributes\": {\"step\": null, \"low\": 0.00012109375, \"high\": 0.00012109375, \"log\": true}}"}
{"op_code":5,"worker_id":"4f5f3fe9-921e-4f69-94dc-e4b3a788121e-140662571773952","trial_id":2,"param_name":"ab_desired_bl","param_value_internal":31.0,"distribution":"{\"name\": \"IntDistribution\", \"attributes\": {\"log\": false, \"step\": 1, \"low\": 31, \"high\": 31}}"}
{"op_code":5,"worker_id":"4f5f3fe9-921e-4f69-94dc-e4b3a788121e-140662571773952","trial_id":2,"param_name":"ab_multilevel","param_value_internal":10.0,"distribution":"{\"name\": \"IntDistribution\", \"attributes\": {\"log\": false, \"step\": 1, \"low\": 12, \"high\": 12}}"}
{"op_code":5,"worker_id":"4f5f3fe9-921e-4f69-94dc-e4b3a788121e-140662571773952","trial_id":2,"param_name":"out_noise","param_value_internal":0.0,"distribution":"{\"name\": \"FloatDistribution\", \"attributes\": {\"step\": null, \"low\": 0.0, \"high\": 0.0, \"log\": false}}"}
{"op_code":5,"worker_id":"4f5f3fe9-921e-4f69-94dc-e4b3a788121e-140662571773952","trial_id":2,"param_name":"ab_weight_scaling_omega","param_value_internal":0.0,"distribution":"{\"name\": \"FloatDistribution\", \"attributes\": {\"step\": null, \"low\": 0.0, \"high\": 0.0, \"log\": false}}"}
{"op_code":5,"worker_id":"4f5f3fe9-921e-4f69-94dc-e4b3a788121e-140662571773952","trial_id":2,"param_name":"min_lr_rate","param_value_internal":0.0,"distribution":"{\"name\": \"FloatDistribution\", \"attributes\": {\"step\": null, \"low\": 0.0, \"high\": 0.0, \"log\": false}}"}
{"op_code":8,"worker_id":"a0b082bb-58de-49a9-a2b7-210f6fdb1e24-140280166457344","trial_id":1,"user_attr":{"grad_accum_steps":1}}
{"op_code":8,"worker_id":"4f5f3fe9-921e-4f69-94dc-e4b3a788121e-140662571773952","trial_id":2,"user_attr":{"grad_accum_steps":1}}
{"op_code":0,"worker_id":"110349b3-b382-405b-b5b4-a63be4d60fe5-139927639523328","study_name":"bert_squad_lrtt_bs48_adam_decay_nowd_nomom_nonest_set_constantstepideal_cconstantstepideal_perfect_noos_abml_qkvo_5ep","directions":[2]}
{"op_code":6,"worker_id":"110349b3-b382-405b-b5b4-a63be4d60fe5-139927639523328","trial_id":3,"state":0,"values":null,"datetime_start":"2026-04-21T02:59:20.215659"}
{"op_code":5,"worker_id":"110349b3-b382-405b-b5b4-a63be4d60fe5-139927639523328","trial_id":3,"param_name":"learning_rate","param_value_internal":0.00328,"distribution":"{\"name\": \"FloatDistribution\", \"attributes\": {\"step\": null, \"low\": 0.0003, \"high\": 0.04, \"log\": true}}"}
{"op_code":5,"worker_id":"110349b3-b382-405b-b5b4-a63be4d60fe5-139927639523328","trial_id":3,"param_name":"transfer_lr","param_value_internal":0.35,"distribution":"{\"name\": \"FloatDistribution\", \"attributes\": {\"step\": null, \"low\": 0.01, \"high\": 4.0, \"log\": true}}"}
{"op_code":5,"worker_id":"110349b3-b382-405b-b5b4-a63be4d60fe5-139927639523328","trial_id":3,"param_name":"transfer_every","param_value_internal":1.0,"distribution":"{\"name\": \"IntDistribution\", \"attributes\": {\"log\": true, \"step\": 1, \"low\": 1, \"high\": 20}}"}
{"op_code":5,"worker_id":"110349b3-b382-405b-b5b4-a63be4d60fe5-139927639523328","trial_id":3,"param_name":"rank_exp","param_value_internal":3.0,"distribution":"{\"name\": \"IntDistribution\", \"attributes\": {\"log\": false, \"step\": 1, \"low\": 0, \"high\": 6}}"}
{"op_code":5,"worker_id":"110349b3-b382-405b-b5b4-a63be4d60fe5-139927639523328","trial_id":3,"param_name":"fast_lr","param_value_internal":0.3,"distribution":"{\"name\": \"FloatDistribution\", \"attributes\": {\"step\": null, \"low\": 0.001, \"high\": 2.0, \"log\": true}}"}
{"op_code":5,"worker_id":"110349b3-b382-405b-b5b4-a63be4d60fe5-139927639523328","trial_id":3,"param_name":"tau_sec","param_value_internal":0.0,"distribution":"{\"name\": \"FloatDistribution\", \"attributes\": {\"step\": null, \"low\": 0.0, \"high\": 0.0, \"log\": false}}"}
{"op_code":5,"worker_id":"110349b3-b382-405b-b5b4-a63be4d60fe5-139927639523328","trial_id":3,"param_name":"ab_dw_min","param_value_internal":0.00012109375,"distribution":"{\"name\": \"FloatDistribution\", \"attributes\": {\"step\": null, \"low\": 0.00012109375, \"high\": 0.00012109375, \"log\": true}}"}
{"op_code":5,"worker_id":"110349b3-b382-405b-b5b4-a63be4d60fe5-139927639523328","trial_id":3,"param_name":"ab_desired_bl","param_value_internal":31.0,"distribution":"{\"name\": \"IntDistribution\", \"attributes\": {\"log\": false, \"step\": 1, \"low\": 31, \"high\": 31}}"}
{"op_code":5,"worker_id":"110349b3-b382-405b-b5b4-a63be4d60fe5-139927639523328","trial_id":3,"param_name":"ab_multilevel","param_value_internal":10.0,"distribution":"{\"name\": \"IntDistribution\", \"attributes\": {\"log\": false, \"step\": 1, \"low\": 12, \"high\": 12}}"}
{"op_code":5,"worker_id":"110349b3-b382-405b-b5b4-a63be4d60fe5-139927639523328","trial_id":3,"param_name":"out_noise","param_value_internal":0.0,"distribution":"{\"name\": \"FloatDistribution\", \"attributes\": {\"step\": null, \"low\": 0.0, \"high\": 0.0, \"log\": false}}"}
{"op_code":5,"worker_id":"110349b3-b382-405b-b5b4-a63be4d60fe5-139927639523328","trial_id":3,"param_name":"ab_weight_scaling_omega","param_value_internal":0.0,"distribution":"{\"name\": \"FloatDistribution\", \"attributes\": {\"step\": null, \"low\": 0.0, \"high\": 0.0, \"log\": false}}"}
{"op_code":5,"worker_id":"110349b3-b382-405b-b5b4-a63be4d60fe5-139927639523328","trial_id":3,"param_name":"min_lr_rate","param_value_internal":0.0,"distribution":"{\"name\": \"FloatDistribution\", \"attributes\": {\"step\": null, \"low\": 0.0, \"high\": 0.0, \"log\": false}}"}
{"op_code":8,"worker_id":"110349b3-b382-405b-b5b4-a63be4d60fe5-139927639523328","trial_id":3,"user_attr":{"grad_accum_steps":1}}
{"op_code":7,"worker_id":"ef1aa350-8d0f-4fef-8f14-50495e008e82-140451147231232","trial_id":0,"step":1,"intermediate_value":78.1641469435928}
{"op_code":8,"worker_id":"ef1aa350-8d0f-4fef-8f14-50495e008e82-140451147231232","trial_id":0,"user_attr":{"train_loss_epoch_1":2.1700806814157545}}
{"op_code":7,"worker_id":"4f5f3fe9-921e-4f69-94dc-e4b3a788121e-140662571773952","trial_id":2,"step":1,"intermediate_value":79.14899148938999}
{"op_code":8,"worker_id":"4f5f3fe9-921e-4f69-94dc-e4b3a788121e-140662571773952","trial_id":2,"user_attr":{"train_loss_epoch_1":2.1235372921315636}}
{"op_code":7,"worker_id":"a0b082bb-58de-49a9-a2b7-210f6fdb1e24-140280166457344","trial_id":1,"step":1,"intermediate_value":78.9573393506953}
{"op_code":8,"worker_id":"a0b082bb-58de-49a9-a2b7-210f6fdb1e24-140280166457344","trial_id":1,"user_attr":{"train_loss_epoch_1":2.0845094443013674}}
{"op_code":7,"worker_id":"110349b3-b382-405b-b5b4-a63be4d60fe5-139927639523328","trial_id":3,"step":1,"intermediate_value":79.9976572606873}
{"op_code":8,"worker_id":"110349b3-b382-405b-b5b4-a63be4d60fe5-139927639523328","trial_id":3,"user_attr":{"train_loss_epoch_1":1.997834361536393}}
{"op_code":7,"worker_id":"ef1aa350-8d0f-4fef-8f14-50495e008e82-140451147231232","trial_id":0,"step":2,"intermediate_value":80.27706292640575}
{"op_code":8,"worker_id":"ef1aa350-8d0f-4fef-8f14-50495e008e82-140451147231232","trial_id":0,"user_attr":{"train_loss_epoch_2":1.475457141199086}}
{"op_code":7,"worker_id":"4f5f3fe9-921e-4f69-94dc-e4b3a788121e-140662571773952","trial_id":2,"step":2,"intermediate_value":81.21695582316418}
{"op_code":8,"worker_id":"4f5f3fe9-921e-4f69-94dc-e4b3a788121e-140662571773952","trial_id":2,"user_attr":{"train_loss_epoch_2":1.4218089552106572}}
{"op_code":7,"worker_id":"a0b082bb-58de-49a9-a2b7-210f6fdb1e24-140280166457344","trial_id":1,"step":2,"intermediate_value":81.25651696026956}
{"op_code":8,"worker_id":"a0b082bb-58de-49a9-a2b7-210f6fdb1e24-140280166457344","trial_id":1,"user_attr":{"train_loss_epoch_2":1.4390692728644787}}
{"op_code":7,"worker_id":"110349b3-b382-405b-b5b4-a63be4d60fe5-139927639523328","trial_id":3,"step":2,"intermediate_value":82.17639300165025}
{"op_code":8,"worker_id":"110349b3-b382-405b-b5b4-a63be4d60fe5-139927639523328","trial_id":3,"user_attr":{"train_loss_epoch_2":1.3695640969728713}}
{"op_code":7,"worker_id":"ef1aa350-8d0f-4fef-8f14-50495e008e82-140451147231232","trial_id":0,"step":3,"intermediate_value":81.36557712296774}
{"op_code":8,"worker_id":"ef1aa350-8d0f-4fef-8f14-50495e008e82-140451147231232","trial_id":0,"user_attr":{"train_loss_epoch_3":1.3809938878547854}}
{"op_code":7,"worker_id":"4f5f3fe9-921e-4f69-94dc-e4b3a788121e-140662571773952","trial_id":2,"step":3,"intermediate_value":82.11288071888396}
{"op_code":8,"worker_id":"4f5f3fe9-921e-4f69-94dc-e4b3a788121e-140662571773952","trial_id":2,"user_attr":{"train_loss_epoch_3":1.3193742582145422}}
{"op_code":7,"worker_id":"a0b082bb-58de-49a9-a2b7-210f6fdb1e24-140280166457344","trial_id":1,"step":3,"intermediate_value":82.50843595284731}
{"op_code":8,"worker_id":"a0b082bb-58de-49a9-a2b7-210f6fdb1e24-140280166457344","trial_id":1,"user_attr":{"train_loss_epoch_3":1.3234655835764195}}
{"op_code":7,"worker_id":"110349b3-b382-405b-b5b4-a63be4d60fe5-139927639523328","trial_id":3,"step":3,"intermediate_value":82.85366020433354}
{"op_code":8,"worker_id":"110349b3-b382-405b-b5b4-a63be4d60fe5-139927639523328","trial_id":3,"user_attr":{"train_loss_epoch_3":1.2658573334779197}}
{"op_code":7,"worker_id":"ef1aa350-8d0f-4fef-8f14-50495e008e82-140451147231232","trial_id":0,"step":4,"intermediate_value":82.26050793969527}
{"op_code":8,"worker_id":"ef1aa350-8d0f-4fef-8f14-50495e008e82-140451147231232","trial_id":0,"user_attr":{"train_loss_epoch_4":1.3216036324255511}}
{"op_code":7,"worker_id":"4f5f3fe9-921e-4f69-94dc-e4b3a788121e-140662571773952","trial_id":2,"step":4,"intermediate_value":82.98289925660256}
{"op_code":8,"worker_id":"4f5f3fe9-921e-4f69-94dc-e4b3a788121e-140662571773952","trial_id":2,"user_attr":{"train_loss_epoch_4":1.2537589607523063}}
{"op_code":7,"worker_id":"a0b082bb-58de-49a9-a2b7-210f6fdb1e24-140280166457344","trial_id":1,"step":4,"intermediate_value":83.0610968987221}
{"op_code":8,"worker_id":"a0b082bb-58de-49a9-a2b7-210f6fdb1e24-140280166457344","trial_id":1,"user_attr":{"train_loss_epoch_4":1.2628720831741809}}
{"op_code":7,"worker_id":"110349b3-b382-405b-b5b4-a63be4d60fe5-139927639523328","trial_id":3,"step":4,"intermediate_value":83.27636610254832}
{"op_code":8,"worker_id":"110349b3-b382-405b-b5b4-a63be4d60fe5-139927639523328","trial_id":3,"user_attr":{"train_loss_epoch_4":1.211783015760303}}
{"op_code":7,"worker_id":"ef1aa350-8d0f-4fef-8f14-50495e008e82-140451147231232","trial_id":0,"step":5,"intermediate_value":82.39078047164385}
{"op_code":8,"worker_id":"ef1aa350-8d0f-4fef-8f14-50495e008e82-140451147231232","trial_id":0,"user_attr":{"train_loss_epoch_5":1.2897162245218023}}
{"op_code":6,"worker_id":"ef1aa350-8d0f-4fef-8f14-50495e008e82-140451147231232","trial_id":0,"state":1,"values":[82.39078047164385],"datetime_complete":"2026-04-21T04:30:56.492834"}
{"op_code":6,"worker_id":"ef1aa350-8d0f-4fef-8f14-50495e008e82-140451147231232","trial_id":4,"state":0,"values":null,"datetime_start":"2026-04-21T04:30:56.494349"}
{"op_code":5,"worker_id":"ef1aa350-8d0f-4fef-8f14-50495e008e82-140451147231232","trial_id":4,"param_name":"learning_rate","param_value_internal":0.00328,"distribution":"{\"name\": \"FloatDistribution\", \"attributes\": {\"step\": null, \"low\": 0.0003, \"high\": 0.04, \"log\": true}}"}
{"op_code":5,"worker_id":"ef1aa350-8d0f-4fef-8f14-50495e008e82-140451147231232","trial_id":4,"param_name":"transfer_lr","param_value_internal":0.35,"distribution":"{\"name\": \"FloatDistribution\", \"attributes\": {\"step\": null, \"low\": 0.01, \"high\": 4.0, \"log\": true}}"}
{"op_code":5,"worker_id":"ef1aa350-8d0f-4fef-8f14-50495e008e82-140451147231232","trial_id":4,"param_name":"transfer_every","param_value_internal":2.0,"distribution":"{\"name\": \"IntDistribution\", \"attributes\": {\"log\": true, \"step\": 1, \"low\": 1, \"high\": 20}}"}
{"op_code":5,"worker_id":"ef1aa350-8d0f-4fef-8f14-50495e008e82-140451147231232","trial_id":4,"param_name":"rank_exp","param_value_internal":4.0,"distribution":"{\"name\": \"IntDistribution\", \"attributes\": {\"log\": false, \"step\": 1, \"low\": 0, \"high\": 6}}"}
{"op_code":5,"worker_id":"ef1aa350-8d0f-4fef-8f14-50495e008e82-140451147231232","trial_id":4,"param_name":"fast_lr","param_value_internal":0.3,"distribution":"{\"name\": \"FloatDistribution\", \"attributes\": {\"step\": null, \"low\": 0.001, \"high\": 2.0, \"log\": true}}"}
{"op_code":5,"worker_id":"ef1aa350-8d0f-4fef-8f14-50495e008e82-140451147231232","trial_id":4,"param_name":"tau_sec","param_value_internal":0.0,"distribution":"{\"name\": \"FloatDistribution\", \"attributes\": {\"step\": null, \"low\": 0.0, \"high\": 0.0, \"log\": false}}"}
{"op_code":5,"worker_id":"ef1aa350-8d0f-4fef-8f14-50495e008e82-140451147231232","trial_id":4,"param_name":"ab_dw_min","param_value_internal":0.00012109375,"distribution":"{\"name\": \"FloatDistribution\", \"attributes\": {\"step\": null, \"low\": 0.00012109375, \"high\": 0.00012109375, \"log\": true}}"}
{"op_code":5,"worker_id":"ef1aa350-8d0f-4fef-8f14-50495e008e82-140451147231232","trial_id":4,"param_name":"ab_desired_bl","param_value_internal":31.0,"distribution":"{\"name\": \"IntDistribution\", \"attributes\": {\"log\": false, \"step\": 1, \"low\": 31, \"high\": 31}}"}
{"op_code":5,"worker_id":"ef1aa350-8d0f-4fef-8f14-50495e008e82-140451147231232","trial_id":4,"param_name":"ab_multilevel","param_value_internal":10.0,"distribution":"{\"name\": \"IntDistribution\", \"attributes\": {\"log\": false, \"step\": 1, \"low\": 12, \"high\": 12}}"}
{"op_code":5,"worker_id":"ef1aa350-8d0f-4fef-8f14-50495e008e82-140451147231232","trial_id":4,"param_name":"out_noise","param_value_internal":0.0,"distribution":"{\"name\": \"FloatDistribution\", \"attributes\": {\"step\": null, \"low\": 0.0, \"high\": 0.0, \"log\": false}}"}
{"op_code":5,"worker_id":"ef1aa350-8d0f-4fef-8f14-50495e008e82-140451147231232","trial_id":4,"param_name":"ab_weight_scaling_omega","param_value_internal":0.0,"distribution":"{\"name\": \"FloatDistribution\", \"attributes\": {\"step\": null, \"low\": 0.0, \"high\": 0.0, \"log\": false}}"}
{"op_code":5,"worker_id":"ef1aa350-8d0f-4fef-8f14-50495e008e82-140451147231232","trial_id":4,"param_name":"min_lr_rate","param_value_internal":0.0,"distribution":"{\"name\": \"FloatDistribution\", \"attributes\": {\"step\": null, \"low\": 0.0, \"high\": 0.0, \"log\": false}}"}
{"op_code":8,"worker_id":"ef1aa350-8d0f-4fef-8f14-50495e008e82-140451147231232","trial_id":4,"user_attr":{"grad_accum_steps":1}}
{"op_code":7,"worker_id":"4f5f3fe9-921e-4f69-94dc-e4b3a788121e-140662571773952","trial_id":2,"step":5,"intermediate_value":83.45005917522076}
{"op_code":8,"worker_id":"4f5f3fe9-921e-4f69-94dc-e4b3a788121e-140662571773952","trial_id":2,"user_attr":{"train_loss_epoch_5":1.2189704134858397}}
{"op_code":6,"worker_id":"4f5f3fe9-921e-4f69-94dc-e4b3a788121e-140662571773952","trial_id":2,"state":1,"values":[83.45005917522076],"datetime_complete":"2026-04-21T04:33:49.384951"}
{"op_code":6,"worker_id":"4f5f3fe9-921e-4f69-94dc-e4b3a788121e-140662571773952","trial_id":5,"state":0,"values":null,"datetime_start":"2026-04-21T04:33:49.386425"}
{"op_code":5,"worker_id":"4f5f3fe9-921e-4f69-94dc-e4b3a788121e-140662571773952","trial_id":5,"param_name":"learning_rate","param_value_internal":0.00328,"distribution":"{\"name\": \"FloatDistribution\", \"attributes\": {\"step\": null, \"low\": 0.0003, \"high\": 0.04, \"log\": true}}"}
{"op_code":5,"worker_id":"4f5f3fe9-921e-4f69-94dc-e4b3a788121e-140662571773952","trial_id":5,"param_name":"transfer_lr","param_value_internal":0.25,"distribution":"{\"name\": \"FloatDistribution\", \"attributes\": {\"step\": null, \"low\": 0.01, \"high\": 4.0, \"log\": true}}"}
{"op_code":5,"worker_id":"4f5f3fe9-921e-4f69-94dc-e4b3a788121e-140662571773952","trial_id":5,"param_name":"transfer_every","param_value_internal":2.0,"distribution":"{\"name\": \"IntDistribution\", \"attributes\": {\"log\": true, \"step\": 1, \"low\": 1, \"high\": 20}}"}
{"op_code":5,"worker_id":"4f5f3fe9-921e-4f69-94dc-e4b3a788121e-140662571773952","trial_id":5,"param_name":"rank_exp","param_value_internal":5.0,"distribution":"{\"name\": \"IntDistribution\", \"attributes\": {\"log\": false, \"step\": 1, \"low\": 0, \"high\": 6}}"}
{"op_code":5,"worker_id":"4f5f3fe9-921e-4f69-94dc-e4b3a788121e-140662571773952","trial_id":5,"param_name":"fast_lr","param_value_internal":0.3,"distribution":"{\"name\": \"FloatDistribution\", \"attributes\": {\"step\": null, \"low\": 0.001, \"high\": 2.0, \"log\": true}}"}
{"op_code":5,"worker_id":"4f5f3fe9-921e-4f69-94dc-e4b3a788121e-140662571773952","trial_id":5,"param_name":"tau_sec","param_value_internal":0.0,"distribution":"{\"name\": \"FloatDistribution\", \"attributes\": {\"step\": null, \"low\": 0.0, \"high\": 0.0, \"log\": false}}"}
{"op_code":5,"worker_id":"4f5f3fe9-921e-4f69-94dc-e4b3a788121e-140662571773952","trial_id":5,"param_name":"ab_dw_min","param_value_internal":0.0001210937,"distribution":"{\"name\": \"FloatDistribution\", \"attributes\": {\"step\": null, \"low\": 0.00012109375, \"high\": 0.00012109375, \"log\": true}}"}
{"op_code":5,"worker_id":"4f5f3fe9-921e-4f69-94dc-e4b3a788121e-140662571773952","trial_id":5,"param_name":"ab_desired_bl","param_value_internal":31.0,"distribution":"{\"name\": \"IntDistribution\", \"attributes\": {\"log\": false, \"step\": 1, \"low\": 31, \"high\": 31}}"}
{"op_code":5,"worker_id":"4f5f3fe9-921e-4f69-94dc-e4b3a788121e-140662571773952","trial_id":5,"param_name":"ab_multilevel","param_value_internal":10.0,"distribution":"{\"name\": \"IntDistribution\", \"attributes\": {\"log\": false, \"step\": 1, \"low\": 12, \"high\": 12}}"}
{"op_code":5,"worker_id":"4f5f3fe9-921e-4f69-94dc-e4b3a788121e-140662571773952","trial_id":5,"param_name":"out_noise","param_value_internal":0.0,"distribution":"{\"name\": \"FloatDistribution\", \"attributes\": {\"step\": null, \"low\": 0.0, \"high\": 0.0, \"log\": false}}"}
{"op_code":5,"worker_id":"4f5f3fe9-921e-4f69-94dc-e4b3a788121e-140662571773952","trial_id":5,"param_name":"ab_weight_scaling_omega","param_value_internal":0.0,"distribution":"{\"name\": \"FloatDistribution\", \"attributes\": {\"step\": null, \"low\": 0.0, \"high\": 0.0, \"log\": false}}"}
{"op_code":5,"worker_id":"4f5f3fe9-921e-4f69-94dc-e4b3a788121e-140662571773952","trial_id":5,"param_name":"min_lr_rate","param_value_internal":0.0,"distribution":"{\"name\": \"FloatDistribution\", \"attributes\": {\"step\": null, \"low\": 0.0, \"high\": 0.0, \"log\": false}}"}
{"op_code":8,"worker_id":"4f5f3fe9-921e-4f69-94dc-e4b3a788121e-140662571773952","trial_id":5,"user_attr":{"grad_accum_steps":1}}
{"op_code":7,"worker_id":"a0b082bb-58de-49a9-a2b7-210f6fdb1e24-140280166457344","trial_id":1,"step":5,"intermediate_value":83.23450471560334}
{"op_code":8,"worker_id":"a0b082bb-58de-49a9-a2b7-210f6fdb1e24-140280166457344","trial_id":1,"user_attr":{"train_loss_epoch_5":1.2249959829376964}}
{"op_code":6,"worker_id":"a0b082bb-58de-49a9-a2b7-210f6fdb1e24-140280166457344","trial_id":1,"state":1,"values":[83.23450471560334],"datetime_complete":"2026-04-21T04:36:21.435104"}
{"op_code":6,"worker_id":"a0b082bb-58de-49a9-a2b7-210f6fdb1e24-140280166457344","trial_id":6,"state":0,"values":null,"datetime_start":"2026-04-21T04:36:21.436611"}
{"op_code":5,"worker_id":"a0b082bb-58de-49a9-a2b7-210f6fdb1e24-140280166457344","trial_id":6,"param_name":"learning_rate","param_value_internal":0.0038,"distribution":"{\"name\": \"FloatDistribution\", \"attributes\": {\"step\": null, \"low\": 0.0003, \"high\": 0.04, \"log\": true}}"}
{"op_code":5,"worker_id":"a0b082bb-58de-49a9-a2b7-210f6fdb1e24-140280166457344","trial_id":6,"param_name":"transfer_lr","param_value_internal":0.095,"distribution":"{\"name\": \"FloatDistribution\", \"attributes\": {\"step\": null, \"low\": 0.01, \"high\": 4.0, \"log\": true}}"}
{"op_code":5,"worker_id":"a0b082bb-58de-49a9-a2b7-210f6fdb1e24-140280166457344","trial_id":6,"param_name":"transfer_every","param_value_internal":1.0,"distribution":"{\"name\": \"IntDistribution\", \"attributes\": {\"log\": true, \"step\": 1, \"low\": 1, \"high\": 20}}"}
{"op_code":5,"worker_id":"a0b082bb-58de-49a9-a2b7-210f6fdb1e24-140280166457344","trial_id":6,"param_name":"rank_exp","param_value_internal":6.0,"distribution":"{\"name\": \"IntDistribution\", \"attributes\": {\"log\": false, \"step\": 1, \"low\": 0, \"high\": 6}}"}
{"op_code":5,"worker_id":"a0b082bb-58de-49a9-a2b7-210f6fdb1e24-140280166457344","trial_id":6,"param_name":"fast_lr","param_value_internal":0.4,"distribution":"{\"name\": \"FloatDistribution\", \"attributes\": {\"step\": null, \"low\": 0.001, \"high\": 2.0, \"log\": true}}"}
{"op_code":5,"worker_id":"a0b082bb-58de-49a9-a2b7-210f6fdb1e24-140280166457344","trial_id":6,"param_name":"tau_sec","param_value_internal":0.0,"distribution":"{\"name\": \"FloatDistribution\", \"attributes\": {\"step\": null, \"low\": 0.0, \"high\": 0.0, \"log\": false}}"}
{"op_code":5,"worker_id":"a0b082bb-58de-49a9-a2b7-210f6fdb1e24-140280166457344","trial_id":6,"param_name":"ab_dw_min","param_value_internal":0.00012109375,"distribution":"{\"name\": \"FloatDistribution\", \"attributes\": {\"step\": null, \"low\": 0.00012109375, \"high\": 0.00012109375, \"log\": true}}"}
{"op_code":5,"worker_id":"a0b082bb-58de-49a9-a2b7-210f6fdb1e24-140280166457344","trial_id":6,"param_name":"ab_desired_bl","param_value_internal":31.0,"distribution":"{\"name\": \"IntDistribution\", \"attributes\": {\"log\": false, \"step\": 1, \"low\": 31, \"high\": 31}}"}
{"op_code":5,"worker_id":"a0b082bb-58de-49a9-a2b7-210f6fdb1e24-140280166457344","trial_id":6,"param_name":"ab_multilevel","param_value_internal":10.0,"distribution":"{\"name\": \"IntDistribution\", \"attributes\": {\"log\": false, \"step\": 1, \"low\": 12, \"high\": 12}}"}
{"op_code":5,"worker_id":"a0b082bb-58de-49a9-a2b7-210f6fdb1e24-140280166457344","trial_id":6,"param_name":"out_noise","param_value_internal":0.0,"distribution":"{\"name\": \"FloatDistribution\", \"attributes\": {\"step\": null, \"low\": 0.0, \"high\": 0.0, \"log\": false}}"}
{"op_code":5,"worker_id":"a0b082bb-58de-49a9-a2b7-210f6fdb1e24-140280166457344","trial_id":6,"param_name":"ab_weight_scaling_omega","param_value_internal":0.0,"distribution":"{\"name\": \"FloatDistribution\", \"attributes\": {\"step\": null, \"low\": 0.0, \"high\": 0.0, \"log\": false}}"}
{"op_code":5,"worker_id":"a0b082bb-58de-49a9-a2b7-210f6fdb1e24-140280166457344","trial_id":6,"param_name":"min_lr_rate","param_value_internal":0.0,"distribution":"{\"name\": \"FloatDistribution\", \"attributes\": {\"step\": null, \"low\": 0.0, \"high\": 0.0, \"log\": false}}"}
{"op_code":8,"worker_id":"a0b082bb-58de-49a9-a2b7-210f6fdb1e24-140280166457344","trial_id":6,"user_attr":{"grad_accum_steps":1}}
{"op_code":7,"worker_id":"110349b3-b382-405b-b5b4-a63be4d60fe5-139927639523328","trial_id":3,"step":5,"intermediate_value":83.90075329672386}
{"op_code":8,"worker_id":"110349b3-b382-405b-b5b4-a63be4d60fe5-139927639523328","trial_id":3,"user_attr":{"train_loss_epoch_5":1.183429017105723}}
{"op_code":6,"worker_id":"110349b3-b382-405b-b5b4-a63be4d60fe5-139927639523328","trial_id":3,"state":1,"values":[83.90075329672386],"datetime_complete":"2026-04-21T04:36:41.254688"}
{"op_code":4,"worker_id":"110349b3-b382-405b-b5b4-a63be4d60fe5-139927639523328","study_id":0,"datetime_start":"2026-04-21T04:36:41.256228"}
{"op_code":5,"worker_id":"110349b3-b382-405b-b5b4-a63be4d60fe5-139927639523328","trial_id":7,"param_name":"learning_rate","param_value_internal":0.000982283675660945,"distribution":"{\"name\": \"FloatDistribution\", \"attributes\": {\"step\": null, \"low\": 0.0003, \"high\": 0.04, \"log\": true}}"}
{"op_code":5,"worker_id":"110349b3-b382-405b-b5b4-a63be4d60fe5-139927639523328","trial_id":7,"param_name":"transfer_lr","param_value_internal":0.0762952112711825,"distribution":"{\"name\": \"FloatDistribution\", \"attributes\": {\"step\": null, \"low\": 0.01, \"high\": 4.0, \"log\": true}}"}
{"op_code":5,"worker_id":"110349b3-b382-405b-b5b4-a63be4d60fe5-139927639523328","trial_id":7,"param_name":"transfer_every","param_value_internal":1.0,"distribution":"{\"name\": \"IntDistribution\", \"attributes\": {\"log\": true, \"step\": 1, \"low\": 1, \"high\": 20}}"}
{"op_code":5,"worker_id":"110349b3-b382-405b-b5b4-a63be4d60fe5-139927639523328","trial_id":7,"param_name":"rank_exp","param_value_internal":3.0,"distribution":"{\"name\": \"IntDistribution\", \"attributes\": {\"log\": false, \"step\": 1, \"low\": 0, \"high\": 6}}"}
{"op_code":5,"worker_id":"110349b3-b382-405b-b5b4-a63be4d60fe5-139927639523328","trial_id":7,"param_name":"fast_lr","param_value_internal":0.5523891969022838,"distribution":"{\"name\": \"FloatDistribution\", \"attributes\": {\"step\": null, \"low\": 0.001, \"high\": 2.0, \"log\": true}}"}
{"op_code":5,"worker_id":"110349b3-b382-405b-b5b4-a63be4d60fe5-139927639523328","trial_id":7,"param_name":"tau_sec","param_value_internal":0.0,"distribution":"{\"name\": \"FloatDistribution\", \"attributes\": {\"step\": null, \"low\": 0.0, \"high\": 0.0, \"log\": false}}"}
{"op_code":5,"worker_id":"110349b3-b382-405b-b5b4-a63be4d60fe5-139927639523328","trial_id":7,"param_name":"ab_dw_min","param_value_internal":0.00012109375,"distribution":"{\"name\": \"FloatDistribution\", \"attributes\": {\"step\": null, \"low\": 0.00012109375, \"high\": 0.00012109375, \"log\": true}}"}
{"op_code":5,"worker_id":"110349b3-b382-405b-b5b4-a63be4d60fe5-139927639523328","trial_id":7,"param_name":"ab_desired_bl","param_value_internal":31.0,"distribution":"{\"name\": \"IntDistribution\", \"attributes\": {\"log\": false, \"step\": 1, \"low\": 31, \"high\": 31}}"}
{"op_code":5,"worker_id":"110349b3-b382-405b-b5b4-a63be4d60fe5-139927639523328","trial_id":7,"param_name":"ab_multilevel","param_value_internal":12.0,"distribution":"{\"name\": \"IntDistribution\", \"attributes\": {\"log\": false, \"step\": 1, \"low\": 12, \"high\": 12}}"}
{"op_code":5,"worker_id":"110349b3-b382-405b-b5b4-a63be4d60fe5-139927639523328","trial_id":7,"param_name":"out_noise","param_value_internal":0.0,"distribution":"{\"name\": \"FloatDistribution\", \"attributes\": {\"step\": null, \"low\": 0.0, \"high\": 0.0, \"log\": false}}"}
{"op_code":5,"worker_id":"110349b3-b382-405b-b5b4-a63be4d60fe5-139927639523328","trial_id":7,"param_name":"ab_weight_scaling_omega","param_value_internal":0.0,"distribution":"{\"name\": \"FloatDistribution\", \"attributes\": {\"step\": null, \"low\": 0.0, \"high\": 0.0, \"log\": false}}"}
{"op_code":5,"worker_id":"110349b3-b382-405b-b5b4-a63be4d60fe5-139927639523328","trial_id":7,"param_name":"min_lr_rate","param_value_internal":0.0,"distribution":"{\"name\": \"FloatDistribution\", \"attributes\": {\"step\": null, \"low\": 0.0, \"high\": 0.0, \"log\": false}}"}
{"op_code":8,"worker_id":"110349b3-b382-405b-b5b4-a63be4d60fe5-139927639523328","trial_id":7,"user_attr":{"grad_accum_steps":1}}
{"op_code":7,"worker_id":"ef1aa350-8d0f-4fef-8f14-50495e008e82-140451147231232","trial_id":4,"step":1,"intermediate_value":79.98974325670027}
{"op_code":8,"worker_id":"ef1aa350-8d0f-4fef-8f14-50495e008e82-140451147231232","trial_id":4,"user_attr":{"train_loss_epoch_1":1.9894881121834442}}
{"op_code":6,"worker_id":"110349b3-b382-405b-b5b4-a63be4d60fe5-139927639523328","trial_id":7,"state":3,"values":null,"datetime_complete":"2026-04-21T04:52:57.759161"}
{"op_code":7,"worker_id":"4f5f3fe9-921e-4f69-94dc-e4b3a788121e-140662571773952","trial_id":5,"step":1,"intermediate_value":79.905077841275}
{"op_code":8,"worker_id":"4f5f3fe9-921e-4f69-94dc-e4b3a788121e-140662571773952","trial_id":5,"user_attr":{"train_loss_epoch_1":1.9746141604291714}}
{"op_code":7,"worker_id":"a0b082bb-58de-49a9-a2b7-210f6fdb1e24-140280166457344","trial_id":6,"step":1,"intermediate_value":79.8320914851446}
{"op_code":8,"worker_id":"a0b082bb-58de-49a9-a2b7-210f6fdb1e24-140280166457344","trial_id":6,"user_attr":{"train_loss_epoch_1":1.9775750651915223}}
{"op_code":7,"worker_id":"ef1aa350-8d0f-4fef-8f14-50495e008e82-140451147231232","trial_id":4,"step":2,"intermediate_value":82.17102692998576}
{"op_code":8,"worker_id":"ef1aa350-8d0f-4fef-8f14-50495e008e82-140451147231232","trial_id":4,"user_attr":{"train_loss_epoch_2":1.386825161057759}}
{"op_code":7,"worker_id":"4f5f3fe9-921e-4f69-94dc-e4b3a788121e-140662571773952","trial_id":5,"step":2,"intermediate_value":83.00384851589828}
{"op_code":8,"worker_id":"4f5f3fe9-921e-4f69-94dc-e4b3a788121e-140662571773952","trial_id":5,"user_attr":{"train_loss_epoch_2":1.3773994455815655}}
{"op_code":7,"worker_id":"a0b082bb-58de-49a9-a2b7-210f6fdb1e24-140280166457344","trial_id":6,"step":2,"intermediate_value":82.88237409744342}
{"op_code":8,"worker_id":"a0b082bb-58de-49a9-a2b7-210f6fdb1e24-140280166457344","trial_id":6,"user_attr":{"train_loss_epoch_2":1.3623498514415773}}
{"op_code":7,"worker_id":"ef1aa350-8d0f-4fef-8f14-50495e008e82-140451147231232","trial_id":4,"step":3,"intermediate_value":83.48397709968414}
{"op_code":8,"worker_id":"ef1aa350-8d0f-4fef-8f14-50495e008e82-140451147231232","trial_id":4,"user_attr":{"train_loss_epoch_3":1.2656717988210642}}
{"op_code":7,"worker_id":"4f5f3fe9-921e-4f69-94dc-e4b3a788121e-140662571773952","trial_id":5,"step":3,"intermediate_value":84.1905758570019}
{"op_code":8,"worker_id":"4f5f3fe9-921e-4f69-94dc-e4b3a788121e-140662571773952","trial_id":5,"user_attr":{"train_loss_epoch_3":1.245769026641277}}
{"op_code":7,"worker_id":"a0b082bb-58de-49a9-a2b7-210f6fdb1e24-140280166457344","trial_id":6,"step":3,"intermediate_value":83.79898535434218}
{"op_code":8,"worker_id":"a0b082bb-58de-49a9-a2b7-210f6fdb1e24-140280166457344","trial_id":6,"user_attr":{"train_loss_epoch_3":1.2155508888123159}}
{"op_code":7,"worker_id":"ef1aa350-8d0f-4fef-8f14-50495e008e82-140451147231232","trial_id":4,"step":4,"intermediate_value":84.29951553239673}
{"op_code":8,"worker_id":"ef1aa350-8d0f-4fef-8f14-50495e008e82-140451147231232","trial_id":4,"user_attr":{"train_loss_epoch_4":1.1838089618094891}}
{"op_code":7,"worker_id":"4f5f3fe9-921e-4f69-94dc-e4b3a788121e-140662571773952","trial_id":5,"step":4,"intermediate_value":84.50467643715675}
{"op_code":8,"worker_id":"4f5f3fe9-921e-4f69-94dc-e4b3a788121e-140662571773952","trial_id":5,"user_attr":{"train_loss_epoch_4":1.1483367544606449}}
{"op_code":7,"worker_id":"a0b082bb-58de-49a9-a2b7-210f6fdb1e24-140280166457344","trial_id":6,"step":4,"intermediate_value":84.32909356391536}
{"op_code":8,"worker_id":"a0b082bb-58de-49a9-a2b7-210f6fdb1e24-140280166457344","trial_id":6,"user_attr":{"train_loss_epoch_4":1.1281626602821557}}
{"op_code":7,"worker_id":"ef1aa350-8d0f-4fef-8f14-50495e008e82-140451147231232","trial_id":4,"step":5,"intermediate_value":84.97158722959598}
{"op_code":8,"worker_id":"ef1aa350-8d0f-4fef-8f14-50495e008e82-140451147231232","trial_id":4,"user_attr":{"train_loss_epoch_5":1.1258829870844276}}
{"op_code":6,"worker_id":"ef1aa350-8d0f-4fef-8f14-50495e008e82-140451147231232","trial_id":4,"state":1,"values":[84.97158722959598],"datetime_complete":"2026-04-21T06:09:17.827931"}
{"op_code":4,"worker_id":"ef1aa350-8d0f-4fef-8f14-50495e008e82-140451147231232","study_id":0,"datetime_start":"2026-04-21T06:09:17.894530"}
{"op_code":5,"worker_id":"ef1aa350-8d0f-4fef-8f14-50495e008e82-140451147231232","trial_id":8,"param_name":"learning_rate","param_value_internal":0.0003453307110442207,"distribution":"{\"name\": \"FloatDistribution\", \"attributes\": {\"step\": null, \"low\": 0.0003, \"high\": 0.04, \"log\": true}}"}
{"op_code":5,"worker_id":"ef1aa350-8d0f-4fef-8f14-50495e008e82-140451147231232","trial_id":8,"param_name":"transfer_lr","param_value_internal":2.8516357750080092,"distribution":"{\"name\": \"FloatDistribution\", \"attributes\": {\"step\": null, \"low\": 0.01, \"high\": 4.0, \"log\": true}}"}
{"op_code":5,"worker_id":"ef1aa350-8d0f-4fef-8f14-50495e008e82-140451147231232","trial_id":8,"param_name":"transfer_every","param_value_internal":1.0,"distribution":"{\"name\": \"IntDistribution\", \"attributes\": {\"log\": true, \"step\": 1, \"low\": 1, \"high\": 20}}"}
{"op_code":5,"worker_id":"ef1aa350-8d0f-4fef-8f14-50495e008e82-140451147231232","trial_id":8,"param_name":"rank_exp","param_value_internal":4.0,"distribution":"{\"name\": \"IntDistribution\", \"attributes\": {\"log\": false, \"step\": 1, \"low\": 0, \"high\": 6}}"}
{"op_code":5,"worker_id":"ef1aa350-8d0f-4fef-8f14-50495e008e82-140451147231232","trial_id":8,"param_name":"fast_lr","param_value_internal":0.854605362176558,"distribution":"{\"name\": \"FloatDistribution\", \"attributes\": {\"step\": null, \"low\": 0.001, \"high\": 2.0, \"log\": true}}"}
{"op_code":5,"worker_id":"ef1aa350-8d0f-4fef-8f14-50495e008e82-140451147231232","trial_id":8,"param_name":"tau_sec","param_value_internal":0.0,"distribution":"{\"name\": \"FloatDistribution\", \"attributes\": {\"step\": null, \"low\": 0.0, \"high\": 0.0, \"log\": false}}"}
{"op_code":5,"worker_id":"ef1aa350-8d0f-4fef-8f14-50495e008e82-140451147231232","trial_id":8,"param_name":"ab_dw_min","param_value_internal":0.00012109375,"distribution":"{\"name\": \"FloatDistribution\", \"attributes\": {\"step\": null, \"low\": 0.00012109375, \"high\": 0.00012109375, \"log\": true}}"}
{"op_code":5,"worker_id":"ef1aa350-8d0f-4fef-8f14-50495e008e82-140451147231232","trial_id":8,"param_name":"ab_desired_bl","param_value_internal":31.0,"distribution":"{\"name\": \"IntDistribution\", \"attributes\": {\"log\": false, \"step\": 1, \"low\": 31, \"high\": 31}}"}
{"op_code":5,"worker_id":"ef1aa350-8d0f-4fef-8f14-50495e008e82-140451147231232","trial_id":8,"param_name":"ab_multilevel","param_value_internal":12.0,"distribution":"{\"name\": \"IntDistribution\", \"attributes\": {\"log\": false, \"step\": 1, \"low\": 12, \"high\": 12}}"}
{"op_code":5,"worker_id":"ef1aa350-8d0f-4fef-8f14-50495e008e82-140451147231232","trial_id":8,"param_name":"out_noise","param_value_internal":0.0,"distribution":"{\"name\": \"FloatDistribution\", \"attributes\": {\"step\": null, \"low\": 0.0, \"high\": 0.0, \"log\": false}}"}
{"op_code":5,"worker_id":"ef1aa350-8d0f-4fef-8f14-50495e008e82-140451147231232","trial_id":8,"param_name":"ab_weight_scaling_omega","param_value_internal":0.0,"distribution":"{\"name\": \"FloatDistribution\", \"attributes\": {\"step\": null, \"low\": 0.0, \"high\": 0.0, \"log\": false}}"}
{"op_code":5,"worker_id":"ef1aa350-8d0f-4fef-8f14-50495e008e82-140451147231232","trial_id":8,"param_name":"min_lr_rate","param_value_internal":0.0,"distribution":"{\"name\": \"FloatDistribution\", \"attributes\": {\"step\": null, \"low\": 0.0, \"high\": 0.0, \"log\": false}}"}
{"op_code":8,"worker_id":"ef1aa350-8d0f-4fef-8f14-50495e008e82-140451147231232","trial_id":8,"user_attr":{"grad_accum_steps":1}}
{"op_code":6,"worker_id":"ef1aa350-8d0f-4fef-8f14-50495e008e82-140451147231232","trial_id":8,"state":3,"values":null,"datetime_complete":"2026-04-21T06:12:02.972892"}
{"op_code":7,"worker_id":"4f5f3fe9-921e-4f69-94dc-e4b3a788121e-140662571773952","trial_id":5,"step":5,"intermediate_value":84.79431337959396}
{"op_code":8,"worker_id":"4f5f3fe9-921e-4f69-94dc-e4b3a788121e-140662571773952","trial_id":5,"user_attr":{"train_loss_epoch_5":1.0863118628499309}}
{"op_code":6,"worker_id":"4f5f3fe9-921e-4f69-94dc-e4b3a788121e-140662571773952","trial_id":5,"state":1,"values":[84.79431337959396],"datetime_complete":"2026-04-21T06:12:29.920517"}
{"op_code":4,"worker_id":"4f5f3fe9-921e-4f69-94dc-e4b3a788121e-140662571773952","study_id":0,"datetime_start":"2026-04-21T06:12:29.922189"}
{"op_code":5,"worker_id":"4f5f3fe9-921e-4f69-94dc-e4b3a788121e-140662571773952","trial_id":9,"param_name":"learning_rate","param_value_internal":0.00032981864426455534,"distribution":"{\"name\": \"FloatDistribution\", \"attributes\": {\"step\": null, \"low\": 0.0003, \"high\": 0.04, \"log\": true}}"}
{"op_code":5,"worker_id":"4f5f3fe9-921e-4f69-94dc-e4b3a788121e-140662571773952","trial_id":9,"param_name":"transfer_lr","param_value_internal":0.025419519546064286,"distribution":"{\"name\": \"FloatDistribution\", \"attributes\": {\"step\": null, \"low\": 0.01, \"high\": 4.0, \"log\": true}}"}
{"op_code":5,"worker_id":"4f5f3fe9-921e-4f69-94dc-e4b3a788121e-140662571773952","trial_id":9,"param_name":"transfer_every","param_value_internal":2.0,"distribution":"{\"name\": \"IntDistribution\", \"attributes\": {\"log\": true, \"step\": 1, \"low\": 1, \"high\": 20}}"}
{"op_code":5,"worker_id":"4f5f3fe9-921e-4f69-94dc-e4b3a788121e-140662571773952","trial_id":9,"param_name":"rank_exp","param_value_internal":6.0,"distribution":"{\"name\": \"IntDistribution\", \"attributes\": {\"log\": false, \"step\": 1, \"low\": 0, \"high\": 6}}"}
{"op_code":5,"worker_id":"4f5f3fe9-921e-4f69-94dc-e4b3a788121e-140662571773952","trial_id":9,"param_name":"fast_lr","param_value_internal":0.47684641777571946,"distribution":"{\"name\": \"FloatDistribution\", \"attributes\": {\"step\": null, \"low\": 0.001, \"high\": 2.0, \"log\": true}}"}
{"op_code":5,"worker_id":"4f5f3fe9-921e-4f69-94dc-e4b3a788121e-140662571773952","trial_id":9,"param_name":"tau_sec","param_value_internal":0.0,"distribution":"{\"name\": \"FloatDistribution\", \"attributes\": {\"step\": null, \"low\": 0.0, \"high\": 0.0, \"log\": false}}"}
{"op_code":5,"worker_id":"4f5f3fe9-921e-4f69-94dc-e4b3a788121e-140662571773952","trial_id":9,"param_name":"ab_dw_min","param_value_internal":0.00012109375,"distribution":"{\"name\": \"FloatDistribution\", \"attributes\": {\"step\": null, \"low\": 0.00012109375, \"high\": 0.00012109375, \"log\": true}}"}
{"op_code":5,"worker_id":"4f5f3fe9-921e-4f69-94dc-e4b3a788121e-140662571773952","trial_id":9,"param_name":"ab_desired_bl","param_value_internal":31.0,"distribution":"{\"name\": \"IntDistribution\", \"attributes\": {\"log\": false, \"step\": 1, \"low\": 31, \"high\": 31}}"}
{"op_code":5,"worker_id":"4f5f3fe9-921e-4f69-94dc-e4b3a788121e-140662571773952","trial_id":9,"param_name":"ab_multilevel","param_value_internal":12.0,"distribution":"{\"name\": \"IntDistribution\", \"attributes\": {\"log\": false, \"step\": 1, \"low\": 12, \"high\": 12}}"}
{"op_code":5,"worker_id":"4f5f3fe9-921e-4f69-94dc-e4b3a788121e-140662571773952","trial_id":9,"param_name":"out_noise","param_value_internal":0.0,"distribution":"{\"name\": \"FloatDistribution\", \"attributes\": {\"step\": null, \"low\": 0.0, \"high\": 0.0, \"log\": false}}"}
{"op_code":5,"worker_id":"4f5f3fe9-921e-4f69-94dc-e4b3a788121e-140662571773952","trial_id":9,"param_name":"ab_weight_scaling_omega","param_value_internal":0.0,"distribution":"{\"name\": \"FloatDistribution\", \"attributes\": {\"step\": null, \"low\": 0.0, \"high\": 0.0, \"log\": false}}"}
{"op_code":5,"worker_id":"4f5f3fe9-921e-4f69-94dc-e4b3a788121e-140662571773952","trial_id":9,"param_name":"min_lr_rate","param_value_internal":0.0,"distribution":"{\"name\": \"FloatDistribution\", \"attributes\": {\"step\": null, \"low\": 0.0, \"high\": 0.0, \"log\": false}}"}
{"op_code":8,"worker_id":"4f5f3fe9-921e-4f69-94dc-e4b3a788121e-140662571773952","trial_id":9,"user_attr":{"grad_accum_steps":1}}
{"op_code":7,"worker_id":"a0b082bb-58de-49a9-a2b7-210f6fdb1e24-140280166457344","trial_id":6,"step":5,"intermediate_value":84.55629867918196}
{"op_code":8,"worker_id":"a0b082bb-58de-49a9-a2b7-210f6fdb1e24-140280166457344","trial_id":6,"user_attr":{"train_loss_epoch_5":1.0709812254763553}}
{"op_code":6,"worker_id":"a0b082bb-58de-49a9-a2b7-210f6fdb1e24-140280166457344","trial_id":6,"state":1,"values":[84.55629867918196],"datetime_complete":"2026-04-21T06:21:25.517965"}
{"op_code":4,"worker_id":"a0b082bb-58de-49a9-a2b7-210f6fdb1e24-140280166457344","study_id":0,"datetime_start":"2026-04-21T06:21:25.519664"}
{"op_code":5,"worker_id":"a0b082bb-58de-49a9-a2b7-210f6fdb1e24-140280166457344","trial_id":10,"param_name":"learning_rate","param_value_internal":0.029547862836063768,"distribution":"{\"name\": \"FloatDistribution\", \"attributes\": {\"step\": null, \"low\": 0.0003, \"high\": 0.04, \"log\": true}}"}
{"op_code":5,"worker_id":"a0b082bb-58de-49a9-a2b7-210f6fdb1e24-140280166457344","trial_id":10,"param_name":"transfer_lr","param_value_internal":0.09416958099266609,"distribution":"{\"name\": \"FloatDistribution\", \"attributes\": {\"step\": null, \"low\": 0.01, \"high\": 4.0, \"log\": true}}"}
{"op_code":5,"worker_id":"a0b082bb-58de-49a9-a2b7-210f6fdb1e24-140280166457344","trial_id":10,"param_name":"transfer_every","param_value_internal":8.0,"distribution":"{\"name\": \"IntDistribution\", \"attributes\": {\"log\": true, \"step\": 1, \"low\": 1, \"high\": 20}}"}
{"op_code":5,"worker_id":"a0b082bb-58de-49a9-a2b7-210f6fdb1e24-140280166457344","trial_id":10,"param_name":"rank_exp","param_value_internal":5.0,"distribution":"{\"name\": \"IntDistribution\", \"attributes\": {\"log\": false, \"step\": 1, \"low\": 0, \"high\": 6}}"}
{"op_code":5,"worker_id":"a0b082bb-58de-49a9-a2b7-210f6fdb1e24-140280166457344","trial_id":10,"param_name":"fast_lr","param_value_internal":1.8901681416398097,"distribution":"{\"name\": \"FloatDistribution\", \"attributes\": {\"step\": null, \"low\": 0.001, \"high\": 2.0, \"log\": true}}"}
{"op_code":5,"worker_id":"a0b082bb-58de-49a9-a2b7-210f6fdb1e24-140280166457344","trial_id":10,"param_name":"tau_sec","param_value_internal":0.0,"distribution":"{\"name\": \"FloatDistribution\", \"attributes\": {\"step\": null, \"low\": 0.0, \"high\": 0.0, \"log\": false}}"}
{"op_code":5,"worker_id":"a0b082bb-58de-49a9-a2b7-210f6fdb1e24-140280166457344","trial_id":10,"param_name":"ab_dw_min","param_value_internal":0.00012109375,"distribution":"{\"name\": \"FloatDistribution\", \"attributes\": {\"step\": null, \"low\": 0.00012109375, \"high\": 0.00012109375, \"log\": true}}"}
{"op_code":5,"worker_id":"a0b082bb-58de-49a9-a2b7-210f6fdb1e24-140280166457344","trial_id":10,"param_name":"ab_desired_bl","param_value_internal":31.0,"distribution":"{\"name\": \"IntDistribution\", \"attributes\": {\"log\": false, \"step\": 1, \"low\": 31, \"high\": 31}}"}
{"op_code":5,"worker_id":"a0b082bb-58de-49a9-a2b7-210f6fdb1e24-140280166457344","trial_id":10,"param_name":"ab_multilevel","param_value_internal":12.0,"distribution":"{\"name\": \"IntDistribution\", \"attributes\": {\"log\": false, \"step\": 1, \"low\": 12, \"high\": 12}}"}
{"op_code":5,"worker_id":"a0b082bb-58de-49a9-a2b7-210f6fdb1e24-140280166457344","trial_id":10,"param_name":"out_noise","param_value_internal":0.0,"distribution":"{\"name\": \"FloatDistribution\", \"attributes\": {\"step\": null, \"low\": 0.0, \"high\": 0.0, \"log\": false}}"}
{"op_code":5,"worker_id":"a0b082bb-58de-49a9-a2b7-210f6fdb1e24-140280166457344","trial_id":10,"param_name":"ab_weight_scaling_omega","param_value_internal":0.0,"distribution":"{\"name\": \"FloatDistribution\", \"attributes\": {\"step\": null, \"low\": 0.0, \"high\": 0.0, \"log\": false}}"}
{"op_code":5,"worker_id":"a0b082bb-58de-49a9-a2b7-210f6fdb1e24-140280166457344","trial_id":10,"param_name":"min_lr_rate","param_value_internal":0.0,"distribution":"{\"name\": \"FloatDistribution\", \"attributes\": {\"step\": null, \"low\": 0.0, \"high\": 0.0, \"log\": false}}"}
{"op_code":8,"worker_id":"a0b082bb-58de-49a9-a2b7-210f6fdb1e24-140280166457344","trial_id":10,"user_attr":{"grad_accum_steps":1}}
{"op_code":6,"worker_id":"4f5f3fe9-921e-4f69-94dc-e4b3a788121e-140662571773952","trial_id":9,"state":3,"values":null,"datetime_complete":"2026-04-21T06:28:08.586778"}
{"op_code":6,"worker_id":"a0b082bb-58de-49a9-a2b7-210f6fdb1e24-140280166457344","trial_id":10,"state":3,"values":null,"datetime_complete":"2026-04-21T06:28:10.380667"}
