{"op_code":0,"worker_id":"bbfca7d6-7b97-4dd3-be0f-c8ab022b09d1-139878858301440","study_name":"bert_squad_lrtt_bs48_adam_hybrid_nowd_nomom_nonest_set_perfect_notrans_noos_ffn_5ep","directions":[2]}
{"op_code":4,"worker_id":"bbfca7d6-7b97-4dd3-be0f-c8ab022b09d1-139878858301440","study_id":0,"datetime_start":"2026-03-21T19:05:27.979832"}
{"op_code":5,"worker_id":"bbfca7d6-7b97-4dd3-be0f-c8ab022b09d1-139878858301440","trial_id":0,"param_name":"learning_rate","param_value_internal":0.00321889873186921,"distribution":"{\"name\": \"FloatDistribution\", \"attributes\": {\"step\": null, \"low\": 0.003, \"high\": 0.007, \"log\": true}}"}
{"op_code":5,"worker_id":"bbfca7d6-7b97-4dd3-be0f-c8ab022b09d1-139878858301440","trial_id":0,"param_name":"ab_dw_min","param_value_internal":0.001981,"distribution":"{\"name\": \"FloatDistribution\", \"attributes\": {\"step\": null, \"low\": 0.001981, \"high\": 0.001981, \"log\": false}}"}
{"op_code":5,"worker_id":"bbfca7d6-7b97-4dd3-be0f-c8ab022b09d1-139878858301440","trial_id":0,"param_name":"ab_desired_bl","param_value_internal":31.0,"distribution":"{\"name\": \"IntDistribution\", \"attributes\": {\"log\": false, \"step\": 1, \"low\": 31, \"high\": 31}}"}
{"op_code":5,"worker_id":"bbfca7d6-7b97-4dd3-be0f-c8ab022b09d1-139878858301440","trial_id":0,"param_name":"out_noise","param_value_internal":0.0,"distribution":"{\"name\": \"FloatDistribution\", \"attributes\": {\"step\": null, \"low\": 0.0, \"high\": 0.0, \"log\": false}}"}
{"op_code":5,"worker_id":"bbfca7d6-7b97-4dd3-be0f-c8ab022b09d1-139878858301440","trial_id":0,"param_name":"ab_weight_scaling_omega","param_value_internal":0.0,"distribution":"{\"name\": \"FloatDistribution\", \"attributes\": {\"step\": null, \"low\": 0.0, \"high\": 0.0, \"log\": false}}"}
{"op_code":5,"worker_id":"bbfca7d6-7b97-4dd3-be0f-c8ab022b09d1-139878858301440","trial_id":0,"param_name":"min_lr_rate","param_value_internal":0.0,"distribution":"{\"name\": \"FloatDistribution\", \"attributes\": {\"step\": null, \"low\": 0.0, \"high\": 0.0, \"log\": false}}"}
{"op_code":8,"worker_id":"bbfca7d6-7b97-4dd3-be0f-c8ab022b09d1-139878858301440","trial_id":0,"user_attr":{"grad_accum_steps":1}}
{"op_code":8,"worker_id":"bbfca7d6-7b97-4dd3-be0f-c8ab022b09d1-139878858301440","trial_id":0,"user_attr":{"error":"NVML_SUCCESS == r INTERNAL ASSERT FAILED at \"../c10/cuda/CUDACachingAllocator.cpp\":844, please report a bug to PyTorch. "}}
{"op_code":6,"worker_id":"bbfca7d6-7b97-4dd3-be0f-c8ab022b09d1-139878858301440","trial_id":0,"state":3,"values":null,"datetime_complete":"2026-03-21T19:09:49.150176"}
{"op_code":0,"worker_id":"4a7e2cdf-4c16-43f0-9a06-a16d789f323f-139837946834944","study_name":"bert_squad_lrtt_bs48_adam_hybrid_nowd_nomom_nonest_set_perfect_notrans_noos_ffn_5ep","directions":[2]}
{"op_code":4,"worker_id":"4a7e2cdf-4c16-43f0-9a06-a16d789f323f-139837946834944","study_id":0,"datetime_start":null,"state":4,"value":null,"values":null,"distributions":{},"params":{},"user_attrs":{},"system_attrs":{"fixed_params":{"learning_rate":0.00321889873186921,"ab_dw_min":0.001981,"ab_desired_bl":31,"out_noise":0.0,"ab_weight_scaling_omega":0.0,"min_lr_rate":0.0}},"intermediate_values":{}}
{"op_code":6,"worker_id":"4a7e2cdf-4c16-43f0-9a06-a16d789f323f-139837946834944","trial_id":1,"state":0,"values":null,"datetime_start":"2026-03-21T19:09:59.455701"}
{"op_code":5,"worker_id":"4a7e2cdf-4c16-43f0-9a06-a16d789f323f-139837946834944","trial_id":1,"param_name":"learning_rate","param_value_internal":0.00321889873186921,"distribution":"{\"name\": \"FloatDistribution\", \"attributes\": {\"step\": null, \"low\": 0.003, \"high\": 0.007, \"log\": true}}"}
{"op_code":5,"worker_id":"4a7e2cdf-4c16-43f0-9a06-a16d789f323f-139837946834944","trial_id":1,"param_name":"ab_dw_min","param_value_internal":0.001981,"distribution":"{\"name\": \"FloatDistribution\", \"attributes\": {\"step\": null, \"low\": 0.001981, \"high\": 0.001981, \"log\": false}}"}
{"op_code":5,"worker_id":"4a7e2cdf-4c16-43f0-9a06-a16d789f323f-139837946834944","trial_id":1,"param_name":"ab_desired_bl","param_value_internal":31.0,"distribution":"{\"name\": \"IntDistribution\", \"attributes\": {\"log\": false, \"step\": 1, \"low\": 31, \"high\": 31}}"}
{"op_code":5,"worker_id":"4a7e2cdf-4c16-43f0-9a06-a16d789f323f-139837946834944","trial_id":1,"param_name":"out_noise","param_value_internal":0.0,"distribution":"{\"name\": \"FloatDistribution\", \"attributes\": {\"step\": null, \"low\": 0.0, \"high\": 0.0, \"log\": false}}"}
{"op_code":5,"worker_id":"4a7e2cdf-4c16-43f0-9a06-a16d789f323f-139837946834944","trial_id":1,"param_name":"ab_weight_scaling_omega","param_value_internal":0.0,"distribution":"{\"name\": \"FloatDistribution\", \"attributes\": {\"step\": null, \"low\": 0.0, \"high\": 0.0, \"log\": false}}"}
{"op_code":5,"worker_id":"4a7e2cdf-4c16-43f0-9a06-a16d789f323f-139837946834944","trial_id":1,"param_name":"min_lr_rate","param_value_internal":0.0,"distribution":"{\"name\": \"FloatDistribution\", \"attributes\": {\"step\": null, \"low\": 0.0, \"high\": 0.0, \"log\": false}}"}
{"op_code":8,"worker_id":"4a7e2cdf-4c16-43f0-9a06-a16d789f323f-139837946834944","trial_id":1,"user_attr":{"grad_accum_steps":2}}
{"op_code":8,"worker_id":"4a7e2cdf-4c16-43f0-9a06-a16d789f323f-139837946834944","trial_id":1,"user_attr":{"error":"CUDA_CALL Error 'out of memory' at cuda_util.cu:978\n"}}
{"op_code":6,"worker_id":"4a7e2cdf-4c16-43f0-9a06-a16d789f323f-139837946834944","trial_id":1,"state":3,"values":null,"datetime_complete":"2026-03-21T19:13:20.595512"}
{"op_code":0,"worker_id":"2733eef0-3113-43b4-814e-fe85d3473f0a-139943043739648","study_name":"bert_squad_lrtt_bs48_adam_hybrid_nowd_nomom_nonest_set_perfect_notrans_noos_ffn_5ep","directions":[2]}
{"op_code":4,"worker_id":"2733eef0-3113-43b4-814e-fe85d3473f0a-139943043739648","study_id":0,"datetime_start":null,"state":4,"value":null,"values":null,"distributions":{},"params":{},"user_attrs":{},"system_attrs":{"fixed_params":{"learning_rate":0.00321889873186921,"ab_dw_min":0.001981,"ab_desired_bl":31,"out_noise":0.0,"ab_weight_scaling_omega":0.0,"min_lr_rate":0.0}},"intermediate_values":{}}
{"op_code":6,"worker_id":"2733eef0-3113-43b4-814e-fe85d3473f0a-139943043739648","trial_id":2,"state":0,"values":null,"datetime_start":"2026-03-21T19:13:31.054756"}
{"op_code":5,"worker_id":"2733eef0-3113-43b4-814e-fe85d3473f0a-139943043739648","trial_id":2,"param_name":"learning_rate","param_value_internal":0.00321889873186921,"distribution":"{\"name\": \"FloatDistribution\", \"attributes\": {\"step\": null, \"low\": 0.003, \"high\": 0.007, \"log\": true}}"}
{"op_code":5,"worker_id":"2733eef0-3113-43b4-814e-fe85d3473f0a-139943043739648","trial_id":2,"param_name":"ab_dw_min","param_value_internal":0.001981,"distribution":"{\"name\": \"FloatDistribution\", \"attributes\": {\"step\": null, \"low\": 0.001981, \"high\": 0.001981, \"log\": false}}"}
{"op_code":5,"worker_id":"2733eef0-3113-43b4-814e-fe85d3473f0a-139943043739648","trial_id":2,"param_name":"ab_desired_bl","param_value_internal":31.0,"distribution":"{\"name\": \"IntDistribution\", \"attributes\": {\"log\": false, \"step\": 1, \"low\": 31, \"high\": 31}}"}
{"op_code":5,"worker_id":"2733eef0-3113-43b4-814e-fe85d3473f0a-139943043739648","trial_id":2,"param_name":"out_noise","param_value_internal":0.0,"distribution":"{\"name\": \"FloatDistribution\", \"attributes\": {\"step\": null, \"low\": 0.0, \"high\": 0.0, \"log\": false}}"}
{"op_code":5,"worker_id":"2733eef0-3113-43b4-814e-fe85d3473f0a-139943043739648","trial_id":2,"param_name":"ab_weight_scaling_omega","param_value_internal":0.0,"distribution":"{\"name\": \"FloatDistribution\", \"attributes\": {\"step\": null, \"low\": 0.0, \"high\": 0.0, \"log\": false}}"}
{"op_code":5,"worker_id":"2733eef0-3113-43b4-814e-fe85d3473f0a-139943043739648","trial_id":2,"param_name":"min_lr_rate","param_value_internal":0.0,"distribution":"{\"name\": \"FloatDistribution\", \"attributes\": {\"step\": null, \"low\": 0.0, \"high\": 0.0, \"log\": false}}"}
{"op_code":8,"worker_id":"2733eef0-3113-43b4-814e-fe85d3473f0a-139943043739648","trial_id":2,"user_attr":{"grad_accum_steps":3}}
{"op_code":8,"worker_id":"2733eef0-3113-43b4-814e-fe85d3473f0a-139943043739648","trial_id":2,"user_attr":{"error":"CUDA_CALL Error 'out of memory' at cuda_util.cu:978\n"}}
{"op_code":6,"worker_id":"2733eef0-3113-43b4-814e-fe85d3473f0a-139943043739648","trial_id":2,"state":3,"values":null,"datetime_complete":"2026-03-21T19:17:51.699980"}
{"op_code":0,"worker_id":"906715a3-6d14-4a39-852a-e54c5ba8a5e0-139686450286592","study_name":"bert_squad_lrtt_bs48_adam_hybrid_nowd_nomom_nonest_set_perfect_notrans_noos_ffn_5ep","directions":[2]}
{"op_code":4,"worker_id":"906715a3-6d14-4a39-852a-e54c5ba8a5e0-139686450286592","study_id":0,"datetime_start":null,"state":4,"value":null,"values":null,"distributions":{},"params":{},"user_attrs":{},"system_attrs":{"fixed_params":{"learning_rate":0.00321889873186921,"ab_dw_min":0.001981,"ab_desired_bl":31,"out_noise":0.0,"ab_weight_scaling_omega":0.0,"min_lr_rate":0.0}},"intermediate_values":{}}
{"op_code":6,"worker_id":"906715a3-6d14-4a39-852a-e54c5ba8a5e0-139686450286592","trial_id":3,"state":0,"values":null,"datetime_start":"2026-03-21T19:18:02.440739"}
{"op_code":5,"worker_id":"906715a3-6d14-4a39-852a-e54c5ba8a5e0-139686450286592","trial_id":3,"param_name":"learning_rate","param_value_internal":0.00321889873186921,"distribution":"{\"name\": \"FloatDistribution\", \"attributes\": {\"step\": null, \"low\": 0.003, \"high\": 0.007, \"log\": true}}"}
{"op_code":5,"worker_id":"906715a3-6d14-4a39-852a-e54c5ba8a5e0-139686450286592","trial_id":3,"param_name":"ab_dw_min","param_value_internal":0.001981,"distribution":"{\"name\": \"FloatDistribution\", \"attributes\": {\"step\": null, \"low\": 0.001981, \"high\": 0.001981, \"log\": false}}"}
{"op_code":5,"worker_id":"906715a3-6d14-4a39-852a-e54c5ba8a5e0-139686450286592","trial_id":3,"param_name":"ab_desired_bl","param_value_internal":31.0,"distribution":"{\"name\": \"IntDistribution\", \"attributes\": {\"log\": false, \"step\": 1, \"low\": 31, \"high\": 31}}"}
{"op_code":5,"worker_id":"906715a3-6d14-4a39-852a-e54c5ba8a5e0-139686450286592","trial_id":3,"param_name":"out_noise","param_value_internal":0.0,"distribution":"{\"name\": \"FloatDistribution\", \"attributes\": {\"step\": null, \"low\": 0.0, \"high\": 0.0, \"log\": false}}"}
{"op_code":5,"worker_id":"906715a3-6d14-4a39-852a-e54c5ba8a5e0-139686450286592","trial_id":3,"param_name":"ab_weight_scaling_omega","param_value_internal":0.0,"distribution":"{\"name\": \"FloatDistribution\", \"attributes\": {\"step\": null, \"low\": 0.0, \"high\": 0.0, \"log\": false}}"}
{"op_code":5,"worker_id":"906715a3-6d14-4a39-852a-e54c5ba8a5e0-139686450286592","trial_id":3,"param_name":"min_lr_rate","param_value_internal":0.0,"distribution":"{\"name\": \"FloatDistribution\", \"attributes\": {\"step\": null, \"low\": 0.0, \"high\": 0.0, \"log\": false}}"}
{"op_code":8,"worker_id":"906715a3-6d14-4a39-852a-e54c5ba8a5e0-139686450286592","trial_id":3,"user_attr":{"grad_accum_steps":4}}
{"op_code":8,"worker_id":"906715a3-6d14-4a39-852a-e54c5ba8a5e0-139686450286592","trial_id":3,"user_attr":{"error":"CUDA_CALL Error 'out of memory' at cuda_util.cu:978\n"}}
{"op_code":6,"worker_id":"906715a3-6d14-4a39-852a-e54c5ba8a5e0-139686450286592","trial_id":3,"state":3,"values":null,"datetime_complete":"2026-03-21T19:22:34.758112"}
{"op_code":0,"worker_id":"36253acb-1037-4e93-bcde-f59a28142970-139862565101568","study_name":"bert_squad_lrtt_bs48_adam_hybrid_nowd_nomom_nonest_set_perfect_notrans_noos_ffn_5ep","directions":[2]}
{"op_code":4,"worker_id":"36253acb-1037-4e93-bcde-f59a28142970-139862565101568","study_id":0,"datetime_start":null,"state":4,"value":null,"values":null,"distributions":{},"params":{},"user_attrs":{},"system_attrs":{"fixed_params":{"learning_rate":0.00321889873186921,"ab_dw_min":0.001981,"ab_desired_bl":31,"out_noise":0.0,"ab_weight_scaling_omega":0.0,"min_lr_rate":0.0}},"intermediate_values":{}}
{"op_code":6,"worker_id":"36253acb-1037-4e93-bcde-f59a28142970-139862565101568","trial_id":4,"state":0,"values":null,"datetime_start":"2026-03-21T19:22:45.345600"}
{"op_code":5,"worker_id":"36253acb-1037-4e93-bcde-f59a28142970-139862565101568","trial_id":4,"param_name":"learning_rate","param_value_internal":0.00321889873186921,"distribution":"{\"name\": \"FloatDistribution\", \"attributes\": {\"step\": null, \"low\": 0.003, \"high\": 0.007, \"log\": true}}"}
{"op_code":5,"worker_id":"36253acb-1037-4e93-bcde-f59a28142970-139862565101568","trial_id":4,"param_name":"ab_dw_min","param_value_internal":0.001981,"distribution":"{\"name\": \"FloatDistribution\", \"attributes\": {\"step\": null, \"low\": 0.001981, \"high\": 0.001981, \"log\": false}}"}
{"op_code":5,"worker_id":"36253acb-1037-4e93-bcde-f59a28142970-139862565101568","trial_id":4,"param_name":"ab_desired_bl","param_value_internal":31.0,"distribution":"{\"name\": \"IntDistribution\", \"attributes\": {\"log\": false, \"step\": 1, \"low\": 31, \"high\": 31}}"}
{"op_code":5,"worker_id":"36253acb-1037-4e93-bcde-f59a28142970-139862565101568","trial_id":4,"param_name":"out_noise","param_value_internal":0.0,"distribution":"{\"name\": \"FloatDistribution\", \"attributes\": {\"step\": null, \"low\": 0.0, \"high\": 0.0, \"log\": false}}"}
{"op_code":5,"worker_id":"36253acb-1037-4e93-bcde-f59a28142970-139862565101568","trial_id":4,"param_name":"ab_weight_scaling_omega","param_value_internal":0.0,"distribution":"{\"name\": \"FloatDistribution\", \"attributes\": {\"step\": null, \"low\": 0.0, \"high\": 0.0, \"log\": false}}"}
{"op_code":5,"worker_id":"36253acb-1037-4e93-bcde-f59a28142970-139862565101568","trial_id":4,"param_name":"min_lr_rate","param_value_internal":0.0,"distribution":"{\"name\": \"FloatDistribution\", \"attributes\": {\"step\": null, \"low\": 0.0, \"high\": 0.0, \"log\": false}}"}
{"op_code":8,"worker_id":"36253acb-1037-4e93-bcde-f59a28142970-139862565101568","trial_id":4,"user_attr":{"grad_accum_steps":6}}
{"op_code":8,"worker_id":"36253acb-1037-4e93-bcde-f59a28142970-139862565101568","trial_id":4,"user_attr":{"error":"CUDA_CALL Error 'out of memory' at cuda_util.cu:978\n"}}
{"op_code":6,"worker_id":"36253acb-1037-4e93-bcde-f59a28142970-139862565101568","trial_id":4,"state":3,"values":null,"datetime_complete":"2026-03-21T19:27:22.409109"}
{"op_code":0,"worker_id":"1059318d-2439-4705-9c50-1516739f0602-140511691902976","study_name":"bert_squad_lrtt_bs48_adam_hybrid_nowd_nomom_nonest_set_perfect_notrans_noos_ffn_5ep","directions":[2]}
{"op_code":4,"worker_id":"1059318d-2439-4705-9c50-1516739f0602-140511691902976","study_id":0,"datetime_start":null,"state":4,"value":null,"values":null,"distributions":{},"params":{},"user_attrs":{},"system_attrs":{"fixed_params":{"learning_rate":0.00321889873186921,"ab_dw_min":0.001981,"ab_desired_bl":31,"out_noise":0.0,"ab_weight_scaling_omega":0.0,"min_lr_rate":0.0}},"intermediate_values":{}}
{"op_code":6,"worker_id":"1059318d-2439-4705-9c50-1516739f0602-140511691902976","trial_id":5,"state":0,"values":null,"datetime_start":"2026-03-21T19:27:33.483500"}
{"op_code":5,"worker_id":"1059318d-2439-4705-9c50-1516739f0602-140511691902976","trial_id":5,"param_name":"learning_rate","param_value_internal":0.00321889873186921,"distribution":"{\"name\": \"FloatDistribution\", \"attributes\": {\"step\": null, \"low\": 0.003, \"high\": 0.007, \"log\": true}}"}
{"op_code":5,"worker_id":"1059318d-2439-4705-9c50-1516739f0602-140511691902976","trial_id":5,"param_name":"ab_dw_min","param_value_internal":0.001981,"distribution":"{\"name\": \"FloatDistribution\", \"attributes\": {\"step\": null, \"low\": 0.001981, \"high\": 0.001981, \"log\": false}}"}
{"op_code":5,"worker_id":"1059318d-2439-4705-9c50-1516739f0602-140511691902976","trial_id":5,"param_name":"ab_desired_bl","param_value_internal":31.0,"distribution":"{\"name\": \"IntDistribution\", \"attributes\": {\"log\": false, \"step\": 1, \"low\": 31, \"high\": 31}}"}
{"op_code":5,"worker_id":"1059318d-2439-4705-9c50-1516739f0602-140511691902976","trial_id":5,"param_name":"out_noise","param_value_internal":0.0,"distribution":"{\"name\": \"FloatDistribution\", \"attributes\": {\"step\": null, \"low\": 0.0, \"high\": 0.0, \"log\": false}}"}
{"op_code":5,"worker_id":"1059318d-2439-4705-9c50-1516739f0602-140511691902976","trial_id":5,"param_name":"ab_weight_scaling_omega","param_value_internal":0.0,"distribution":"{\"name\": \"FloatDistribution\", \"attributes\": {\"step\": null, \"low\": 0.0, \"high\": 0.0, \"log\": false}}"}
{"op_code":5,"worker_id":"1059318d-2439-4705-9c50-1516739f0602-140511691902976","trial_id":5,"param_name":"min_lr_rate","param_value_internal":0.0,"distribution":"{\"name\": \"FloatDistribution\", \"attributes\": {\"step\": null, \"low\": 0.0, \"high\": 0.0, \"log\": false}}"}
{"op_code":8,"worker_id":"1059318d-2439-4705-9c50-1516739f0602-140511691902976","trial_id":5,"user_attr":{"grad_accum_steps":8}}
{"op_code":8,"worker_id":"1059318d-2439-4705-9c50-1516739f0602-140511691902976","trial_id":5,"user_attr":{"error":"CUDA_CALL Error 'out of memory' at cuda_util.cu:978\n"}}
{"op_code":6,"worker_id":"1059318d-2439-4705-9c50-1516739f0602-140511691902976","trial_id":5,"state":3,"values":null,"datetime_complete":"2026-03-21T19:32:20.041403"}
{"op_code":0,"worker_id":"92b9daea-11cf-4d64-9084-78becc2643c3-140715201220608","study_name":"bert_squad_lrtt_bs48_adam_hybrid_nowd_nomom_nonest_set_perfect_notrans_noos_ffn_5ep","directions":[2]}
{"op_code":4,"worker_id":"92b9daea-11cf-4d64-9084-78becc2643c3-140715201220608","study_id":0,"datetime_start":null,"state":4,"value":null,"values":null,"distributions":{},"params":{},"user_attrs":{},"system_attrs":{"fixed_params":{"learning_rate":0.00321889873186921,"ab_dw_min":0.001981,"ab_desired_bl":31,"out_noise":0.0,"ab_weight_scaling_omega":0.0,"min_lr_rate":0.0}},"intermediate_values":{}}
{"op_code":6,"worker_id":"92b9daea-11cf-4d64-9084-78becc2643c3-140715201220608","trial_id":6,"state":0,"values":null,"datetime_start":"2026-03-21T19:32:30.792835"}
{"op_code":5,"worker_id":"92b9daea-11cf-4d64-9084-78becc2643c3-140715201220608","trial_id":6,"param_name":"learning_rate","param_value_internal":0.00321889873186921,"distribution":"{\"name\": \"FloatDistribution\", \"attributes\": {\"step\": null, \"low\": 0.003, \"high\": 0.007, \"log\": true}}"}
{"op_code":5,"worker_id":"92b9daea-11cf-4d64-9084-78becc2643c3-140715201220608","trial_id":6,"param_name":"ab_dw_min","param_value_internal":0.001981,"distribution":"{\"name\": \"FloatDistribution\", \"attributes\": {\"step\": null, \"low\": 0.001981, \"high\": 0.001981, \"log\": false}}"}
{"op_code":5,"worker_id":"92b9daea-11cf-4d64-9084-78becc2643c3-140715201220608","trial_id":6,"param_name":"ab_desired_bl","param_value_internal":31.0,"distribution":"{\"name\": \"IntDistribution\", \"attributes\": {\"log\": false, \"step\": 1, \"low\": 31, \"high\": 31}}"}
{"op_code":5,"worker_id":"92b9daea-11cf-4d64-9084-78becc2643c3-140715201220608","trial_id":6,"param_name":"out_noise","param_value_internal":0.0,"distribution":"{\"name\": \"FloatDistribution\", \"attributes\": {\"step\": null, \"low\": 0.0, \"high\": 0.0, \"log\": false}}"}
{"op_code":5,"worker_id":"92b9daea-11cf-4d64-9084-78becc2643c3-140715201220608","trial_id":6,"param_name":"ab_weight_scaling_omega","param_value_internal":0.0,"distribution":"{\"name\": \"FloatDistribution\", \"attributes\": {\"step\": null, \"low\": 0.0, \"high\": 0.0, \"log\": false}}"}
{"op_code":5,"worker_id":"92b9daea-11cf-4d64-9084-78becc2643c3-140715201220608","trial_id":6,"param_name":"min_lr_rate","param_value_internal":0.0,"distribution":"{\"name\": \"FloatDistribution\", \"attributes\": {\"step\": null, \"low\": 0.0, \"high\": 0.0, \"log\": false}}"}
{"op_code":8,"worker_id":"92b9daea-11cf-4d64-9084-78becc2643c3-140715201220608","trial_id":6,"user_attr":{"grad_accum_steps":12}}
{"op_code":8,"worker_id":"92b9daea-11cf-4d64-9084-78becc2643c3-140715201220608","trial_id":6,"user_attr":{"error":"CUDA_CALL Error 'out of memory' at cuda_util.cu:978\n"}}
{"op_code":6,"worker_id":"92b9daea-11cf-4d64-9084-78becc2643c3-140715201220608","trial_id":6,"state":3,"values":null,"datetime_complete":"2026-03-21T19:37:12.565452"}
{"op_code":0,"worker_id":"4107b0eb-a147-46ce-b229-ae45bf0d3181-139628442431488","study_name":"bert_squad_lrtt_bs48_adam_hybrid_nowd_nomom_nonest_set_perfect_notrans_noos_ffn_5ep","directions":[2]}
{"op_code":4,"worker_id":"4107b0eb-a147-46ce-b229-ae45bf0d3181-139628442431488","study_id":0,"datetime_start":null,"state":4,"value":null,"values":null,"distributions":{},"params":{},"user_attrs":{},"system_attrs":{"fixed_params":{"learning_rate":0.00321889873186921,"ab_dw_min":0.001981,"ab_desired_bl":31,"out_noise":0.0,"ab_weight_scaling_omega":0.0,"min_lr_rate":0.0}},"intermediate_values":{}}
{"op_code":6,"worker_id":"4107b0eb-a147-46ce-b229-ae45bf0d3181-139628442431488","trial_id":7,"state":0,"values":null,"datetime_start":"2026-03-21T19:37:23.732081"}
{"op_code":5,"worker_id":"4107b0eb-a147-46ce-b229-ae45bf0d3181-139628442431488","trial_id":7,"param_name":"learning_rate","param_value_internal":0.00321889873186921,"distribution":"{\"name\": \"FloatDistribution\", \"attributes\": {\"step\": null, \"low\": 0.003, \"high\": 0.007, \"log\": true}}"}
{"op_code":5,"worker_id":"4107b0eb-a147-46ce-b229-ae45bf0d3181-139628442431488","trial_id":7,"param_name":"ab_dw_min","param_value_internal":0.001981,"distribution":"{\"name\": \"FloatDistribution\", \"attributes\": {\"step\": null, \"low\": 0.001981, \"high\": 0.001981, \"log\": false}}"}
{"op_code":5,"worker_id":"4107b0eb-a147-46ce-b229-ae45bf0d3181-139628442431488","trial_id":7,"param_name":"ab_desired_bl","param_value_internal":31.0,"distribution":"{\"name\": \"IntDistribution\", \"attributes\": {\"log\": false, \"step\": 1, \"low\": 31, \"high\": 31}}"}
{"op_code":5,"worker_id":"4107b0eb-a147-46ce-b229-ae45bf0d3181-139628442431488","trial_id":7,"param_name":"out_noise","param_value_internal":0.0,"distribution":"{\"name\": \"FloatDistribution\", \"attributes\": {\"step\": null, \"low\": 0.0, \"high\": 0.0, \"log\": false}}"}
{"op_code":5,"worker_id":"4107b0eb-a147-46ce-b229-ae45bf0d3181-139628442431488","trial_id":7,"param_name":"ab_weight_scaling_omega","param_value_internal":0.0,"distribution":"{\"name\": \"FloatDistribution\", \"attributes\": {\"step\": null, \"low\": 0.0, \"high\": 0.0, \"log\": false}}"}
{"op_code":5,"worker_id":"4107b0eb-a147-46ce-b229-ae45bf0d3181-139628442431488","trial_id":7,"param_name":"min_lr_rate","param_value_internal":0.0,"distribution":"{\"name\": \"FloatDistribution\", \"attributes\": {\"step\": null, \"low\": 0.0, \"high\": 0.0, \"log\": false}}"}
{"op_code":8,"worker_id":"4107b0eb-a147-46ce-b229-ae45bf0d3181-139628442431488","trial_id":7,"user_attr":{"grad_accum_steps":16}}
{"op_code":8,"worker_id":"4107b0eb-a147-46ce-b229-ae45bf0d3181-139628442431488","trial_id":7,"user_attr":{"error":"CUDA_CALL Error 'out of memory' at cuda_util.cu:978\n"}}
{"op_code":6,"worker_id":"4107b0eb-a147-46ce-b229-ae45bf0d3181-139628442431488","trial_id":7,"state":3,"values":null,"datetime_complete":"2026-03-21T19:42:13.448840"}
{"op_code":0,"worker_id":"3e8fd3ba-aaad-4d2b-b19e-430103eb8e96-140674803499008","study_name":"bert_squad_lrtt_bs48_adam_hybrid_nowd_nomom_nonest_set_perfect_notrans_noos_ffn_5ep","directions":[2]}
{"op_code":4,"worker_id":"3e8fd3ba-aaad-4d2b-b19e-430103eb8e96-140674803499008","study_id":0,"datetime_start":null,"state":4,"value":null,"values":null,"distributions":{},"params":{},"user_attrs":{},"system_attrs":{"fixed_params":{"learning_rate":0.00321889873186921,"ab_dw_min":0.001981,"ab_desired_bl":31,"out_noise":0.0,"ab_weight_scaling_omega":0.0,"min_lr_rate":0.0}},"intermediate_values":{}}
{"op_code":6,"worker_id":"3e8fd3ba-aaad-4d2b-b19e-430103eb8e96-140674803499008","trial_id":8,"state":0,"values":null,"datetime_start":"2026-03-21T19:42:24.773339"}
{"op_code":5,"worker_id":"3e8fd3ba-aaad-4d2b-b19e-430103eb8e96-140674803499008","trial_id":8,"param_name":"learning_rate","param_value_internal":0.00321889873186921,"distribution":"{\"name\": \"FloatDistribution\", \"attributes\": {\"step\": null, \"low\": 0.003, \"high\": 0.007, \"log\": true}}"}
{"op_code":5,"worker_id":"3e8fd3ba-aaad-4d2b-b19e-430103eb8e96-140674803499008","trial_id":8,"param_name":"ab_dw_min","param_value_internal":0.001981,"distribution":"{\"name\": \"FloatDistribution\", \"attributes\": {\"step\": null, \"low\": 0.001981, \"high\": 0.001981, \"log\": false}}"}
{"op_code":5,"worker_id":"3e8fd3ba-aaad-4d2b-b19e-430103eb8e96-140674803499008","trial_id":8,"param_name":"ab_desired_bl","param_value_internal":31.0,"distribution":"{\"name\": \"IntDistribution\", \"attributes\": {\"log\": false, \"step\": 1, \"low\": 31, \"high\": 31}}"}
{"op_code":5,"worker_id":"3e8fd3ba-aaad-4d2b-b19e-430103eb8e96-140674803499008","trial_id":8,"param_name":"out_noise","param_value_internal":0.0,"distribution":"{\"name\": \"FloatDistribution\", \"attributes\": {\"step\": null, \"low\": 0.0, \"high\": 0.0, \"log\": false}}"}
{"op_code":5,"worker_id":"3e8fd3ba-aaad-4d2b-b19e-430103eb8e96-140674803499008","trial_id":8,"param_name":"ab_weight_scaling_omega","param_value_internal":0.0,"distribution":"{\"name\": \"FloatDistribution\", \"attributes\": {\"step\": null, \"low\": 0.0, \"high\": 0.0, \"log\": false}}"}
{"op_code":5,"worker_id":"3e8fd3ba-aaad-4d2b-b19e-430103eb8e96-140674803499008","trial_id":8,"param_name":"min_lr_rate","param_value_internal":0.0,"distribution":"{\"name\": \"FloatDistribution\", \"attributes\": {\"step\": null, \"low\": 0.0, \"high\": 0.0, \"log\": false}}"}
{"op_code":8,"worker_id":"3e8fd3ba-aaad-4d2b-b19e-430103eb8e96-140674803499008","trial_id":8,"user_attr":{"grad_accum_steps":24}}
{"op_code":8,"worker_id":"3e8fd3ba-aaad-4d2b-b19e-430103eb8e96-140674803499008","trial_id":8,"user_attr":{"error":"NVML_SUCCESS == r INTERNAL ASSERT FAILED at \"../c10/cuda/CUDACachingAllocator.cpp\":844, please report a bug to PyTorch. "}}
{"op_code":6,"worker_id":"3e8fd3ba-aaad-4d2b-b19e-430103eb8e96-140674803499008","trial_id":8,"state":3,"values":null,"datetime_complete":"2026-03-21T22:35:02.560085"}
{"op_code":0,"worker_id":"df90c752-6912-4577-8376-18c6d793d7d2-140534090891264","study_name":"bert_squad_lrtt_bs48_adam_hybrid_nowd_nomom_nonest_set_perfect_notrans_noos_ffn_5ep","directions":[2]}
{"op_code":4,"worker_id":"df90c752-6912-4577-8376-18c6d793d7d2-140534090891264","study_id":0,"datetime_start":null,"state":4,"value":null,"values":null,"distributions":{},"params":{},"user_attrs":{},"system_attrs":{"fixed_params":{"learning_rate":0.00321889873186921,"ab_dw_min":0.001981,"ab_desired_bl":31,"out_noise":0.0,"ab_weight_scaling_omega":0.0,"min_lr_rate":0.0}},"intermediate_values":{}}
{"op_code":6,"worker_id":"df90c752-6912-4577-8376-18c6d793d7d2-140534090891264","trial_id":9,"state":0,"values":null,"datetime_start":"2026-03-21T22:35:13.160915"}
{"op_code":5,"worker_id":"df90c752-6912-4577-8376-18c6d793d7d2-140534090891264","trial_id":9,"param_name":"learning_rate","param_value_internal":0.00321889873186921,"distribution":"{\"name\": \"FloatDistribution\", \"attributes\": {\"step\": null, \"low\": 0.003, \"high\": 0.007, \"log\": true}}"}
{"op_code":5,"worker_id":"df90c752-6912-4577-8376-18c6d793d7d2-140534090891264","trial_id":9,"param_name":"ab_dw_min","param_value_internal":0.001981,"distribution":"{\"name\": \"FloatDistribution\", \"attributes\": {\"step\": null, \"low\": 0.001981, \"high\": 0.001981, \"log\": false}}"}
{"op_code":5,"worker_id":"df90c752-6912-4577-8376-18c6d793d7d2-140534090891264","trial_id":9,"param_name":"ab_desired_bl","param_value_internal":31.0,"distribution":"{\"name\": \"IntDistribution\", \"attributes\": {\"log\": false, \"step\": 1, \"low\": 31, \"high\": 31}}"}
{"op_code":5,"worker_id":"df90c752-6912-4577-8376-18c6d793d7d2-140534090891264","trial_id":9,"param_name":"out_noise","param_value_internal":0.0,"distribution":"{\"name\": \"FloatDistribution\", \"attributes\": {\"step\": null, \"low\": 0.0, \"high\": 0.0, \"log\": false}}"}
{"op_code":5,"worker_id":"df90c752-6912-4577-8376-18c6d793d7d2-140534090891264","trial_id":9,"param_name":"ab_weight_scaling_omega","param_value_internal":0.0,"distribution":"{\"name\": \"FloatDistribution\", \"attributes\": {\"step\": null, \"low\": 0.0, \"high\": 0.0, \"log\": false}}"}
{"op_code":5,"worker_id":"df90c752-6912-4577-8376-18c6d793d7d2-140534090891264","trial_id":9,"param_name":"min_lr_rate","param_value_internal":0.0,"distribution":"{\"name\": \"FloatDistribution\", \"attributes\": {\"step\": null, \"low\": 0.0, \"high\": 0.0, \"log\": false}}"}
{"op_code":8,"worker_id":"df90c752-6912-4577-8376-18c6d793d7d2-140534090891264","trial_id":9,"user_attr":{"grad_accum_steps":48}}
{"op_code":7,"worker_id":"df90c752-6912-4577-8376-18c6d793d7d2-140534090891264","trial_id":9,"step":1,"intermediate_value":75.23038956103156}
{"op_code":8,"worker_id":"df90c752-6912-4577-8376-18c6d793d7d2-140534090891264","trial_id":9,"user_attr":{"train_loss_epoch_1":2.1168355159059242}}
{"op_code":7,"worker_id":"df90c752-6912-4577-8376-18c6d793d7d2-140534090891264","trial_id":9,"step":2,"intermediate_value":76.71999368087901}
{"op_code":8,"worker_id":"df90c752-6912-4577-8376-18c6d793d7d2-140534090891264","trial_id":9,"user_attr":{"train_loss_epoch_2":1.610646476175678}}
{"op_code":7,"worker_id":"df90c752-6912-4577-8376-18c6d793d7d2-140534090891264","trial_id":9,"step":3,"intermediate_value":77.99390255874016}
{"op_code":8,"worker_id":"df90c752-6912-4577-8376-18c6d793d7d2-140534090891264","trial_id":9,"user_attr":{"train_loss_epoch_3":1.5342992609997552}}
{"op_code":7,"worker_id":"df90c752-6912-4577-8376-18c6d793d7d2-140534090891264","trial_id":9,"step":4,"intermediate_value":78.87696419560112}
{"op_code":8,"worker_id":"df90c752-6912-4577-8376-18c6d793d7d2-140534090891264","trial_id":9,"user_attr":{"train_loss_epoch_4":1.4847225097202517}}
{"op_code":7,"worker_id":"df90c752-6912-4577-8376-18c6d793d7d2-140534090891264","trial_id":9,"step":5,"intermediate_value":79.12621001253683}
{"op_code":8,"worker_id":"df90c752-6912-4577-8376-18c6d793d7d2-140534090891264","trial_id":9,"user_attr":{"train_loss_epoch_5":1.44676574038252}}
{"op_code":6,"worker_id":"df90c752-6912-4577-8376-18c6d793d7d2-140534090891264","trial_id":9,"state":1,"values":[79.12621001253683],"datetime_complete":"2026-03-22T23:52:13.157517"}
{"op_code":0,"worker_id":"4f2c20de-8e48-48a3-8aee-126bcf3ab3b9-140127158210560","study_name":"bert_squad_lrtt_bs48_adam_hybrid_nowd_nomom_nonest_set_perfect_notrans_noos_ffn_5ep","directions":[2]}
{"op_code":4,"worker_id":"4f2c20de-8e48-48a3-8aee-126bcf3ab3b9-140127158210560","study_id":0,"datetime_start":"2026-03-22T23:52:23.816054"}
{"op_code":5,"worker_id":"4f2c20de-8e48-48a3-8aee-126bcf3ab3b9-140127158210560","trial_id":10,"param_name":"learning_rate","param_value_internal":0.006273294628552997,"distribution":"{\"name\": \"FloatDistribution\", \"attributes\": {\"step\": null, \"low\": 0.003, \"high\": 0.007, \"log\": true}}"}
{"op_code":5,"worker_id":"4f2c20de-8e48-48a3-8aee-126bcf3ab3b9-140127158210560","trial_id":10,"param_name":"ab_dw_min","param_value_internal":0.001981,"distribution":"{\"name\": \"FloatDistribution\", \"attributes\": {\"step\": null, \"low\": 0.001981, \"high\": 0.001981, \"log\": false}}"}
{"op_code":5,"worker_id":"4f2c20de-8e48-48a3-8aee-126bcf3ab3b9-140127158210560","trial_id":10,"param_name":"ab_desired_bl","param_value_internal":31.0,"distribution":"{\"name\": \"IntDistribution\", \"attributes\": {\"log\": false, \"step\": 1, \"low\": 31, \"high\": 31}}"}
{"op_code":5,"worker_id":"4f2c20de-8e48-48a3-8aee-126bcf3ab3b9-140127158210560","trial_id":10,"param_name":"out_noise","param_value_internal":0.0,"distribution":"{\"name\": \"FloatDistribution\", \"attributes\": {\"step\": null, \"low\": 0.0, \"high\": 0.0, \"log\": false}}"}
{"op_code":5,"worker_id":"4f2c20de-8e48-48a3-8aee-126bcf3ab3b9-140127158210560","trial_id":10,"param_name":"ab_weight_scaling_omega","param_value_internal":0.0,"distribution":"{\"name\": \"FloatDistribution\", \"attributes\": {\"step\": null, \"low\": 0.0, \"high\": 0.0, \"log\": false}}"}
{"op_code":5,"worker_id":"4f2c20de-8e48-48a3-8aee-126bcf3ab3b9-140127158210560","trial_id":10,"param_name":"min_lr_rate","param_value_internal":0.0,"distribution":"{\"name\": \"FloatDistribution\", \"attributes\": {\"step\": null, \"low\": 0.0, \"high\": 0.0, \"log\": false}}"}
{"op_code":8,"worker_id":"4f2c20de-8e48-48a3-8aee-126bcf3ab3b9-140127158210560","trial_id":10,"user_attr":{"grad_accum_steps":1}}
{"op_code":8,"worker_id":"4f2c20de-8e48-48a3-8aee-126bcf3ab3b9-140127158210560","trial_id":10,"user_attr":{"error":"NVML_SUCCESS == r INTERNAL ASSERT FAILED at \"../c10/cuda/CUDACachingAllocator.cpp\":844, please report a bug to PyTorch. "}}
{"op_code":6,"worker_id":"4f2c20de-8e48-48a3-8aee-126bcf3ab3b9-140127158210560","trial_id":10,"state":3,"values":null,"datetime_complete":"2026-03-22T23:55:18.231076"}
{"op_code":0,"worker_id":"efd3e19c-09c7-4039-b0af-168572fa6c9b-140077354266624","study_name":"bert_squad_lrtt_bs48_adam_hybrid_nowd_nomom_nonest_set_perfect_notrans_noos_ffn_5ep","directions":[2]}
{"op_code":4,"worker_id":"efd3e19c-09c7-4039-b0af-168572fa6c9b-140077354266624","study_id":0,"datetime_start":null,"state":4,"value":null,"values":null,"distributions":{},"params":{},"user_attrs":{},"system_attrs":{"fixed_params":{"learning_rate":0.006273294628552997,"ab_dw_min":0.001981,"ab_desired_bl":31,"out_noise":0.0,"ab_weight_scaling_omega":0.0,"min_lr_rate":0.0}},"intermediate_values":{}}
{"op_code":6,"worker_id":"efd3e19c-09c7-4039-b0af-168572fa6c9b-140077354266624","trial_id":11,"state":0,"values":null,"datetime_start":"2026-03-22T23:55:28.928417"}
{"op_code":5,"worker_id":"efd3e19c-09c7-4039-b0af-168572fa6c9b-140077354266624","trial_id":11,"param_name":"learning_rate","param_value_internal":0.006273294628552997,"distribution":"{\"name\": \"FloatDistribution\", \"attributes\": {\"step\": null, \"low\": 0.003, \"high\": 0.007, \"log\": true}}"}
{"op_code":5,"worker_id":"efd3e19c-09c7-4039-b0af-168572fa6c9b-140077354266624","trial_id":11,"param_name":"ab_dw_min","param_value_internal":0.001981,"distribution":"{\"name\": \"FloatDistribution\", \"attributes\": {\"step\": null, \"low\": 0.001981, \"high\": 0.001981, \"log\": false}}"}
{"op_code":5,"worker_id":"efd3e19c-09c7-4039-b0af-168572fa6c9b-140077354266624","trial_id":11,"param_name":"ab_desired_bl","param_value_internal":31.0,"distribution":"{\"name\": \"IntDistribution\", \"attributes\": {\"log\": false, \"step\": 1, \"low\": 31, \"high\": 31}}"}
{"op_code":5,"worker_id":"efd3e19c-09c7-4039-b0af-168572fa6c9b-140077354266624","trial_id":11,"param_name":"out_noise","param_value_internal":0.0,"distribution":"{\"name\": \"FloatDistribution\", \"attributes\": {\"step\": null, \"low\": 0.0, \"high\": 0.0, \"log\": false}}"}
{"op_code":5,"worker_id":"efd3e19c-09c7-4039-b0af-168572fa6c9b-140077354266624","trial_id":11,"param_name":"ab_weight_scaling_omega","param_value_internal":0.0,"distribution":"{\"name\": \"FloatDistribution\", \"attributes\": {\"step\": null, \"low\": 0.0, \"high\": 0.0, \"log\": false}}"}
{"op_code":5,"worker_id":"efd3e19c-09c7-4039-b0af-168572fa6c9b-140077354266624","trial_id":11,"param_name":"min_lr_rate","param_value_internal":0.0,"distribution":"{\"name\": \"FloatDistribution\", \"attributes\": {\"step\": null, \"low\": 0.0, \"high\": 0.0, \"log\": false}}"}
{"op_code":8,"worker_id":"efd3e19c-09c7-4039-b0af-168572fa6c9b-140077354266624","trial_id":11,"user_attr":{"grad_accum_steps":2}}
{"op_code":8,"worker_id":"efd3e19c-09c7-4039-b0af-168572fa6c9b-140077354266624","trial_id":11,"user_attr":{"error":"CUDA_CALL Error 'out of memory' at cuda_util.cu:978\n"}}
{"op_code":6,"worker_id":"efd3e19c-09c7-4039-b0af-168572fa6c9b-140077354266624","trial_id":11,"state":3,"values":null,"datetime_complete":"2026-03-22T23:58:15.005714"}
{"op_code":0,"worker_id":"d63626f3-8229-4855-91f9-abcfc19c24ef-140215181639680","study_name":"bert_squad_lrtt_bs48_adam_hybrid_nowd_nomom_nonest_set_perfect_notrans_noos_ffn_5ep","directions":[2]}
{"op_code":4,"worker_id":"d63626f3-8229-4855-91f9-abcfc19c24ef-140215181639680","study_id":0,"datetime_start":null,"state":4,"value":null,"values":null,"distributions":{},"params":{},"user_attrs":{},"system_attrs":{"fixed_params":{"learning_rate":0.006273294628552997,"ab_dw_min":0.001981,"ab_desired_bl":31,"out_noise":0.0,"ab_weight_scaling_omega":0.0,"min_lr_rate":0.0}},"intermediate_values":{}}
{"op_code":6,"worker_id":"d63626f3-8229-4855-91f9-abcfc19c24ef-140215181639680","trial_id":12,"state":0,"values":null,"datetime_start":"2026-03-22T23:58:25.462643"}
{"op_code":5,"worker_id":"d63626f3-8229-4855-91f9-abcfc19c24ef-140215181639680","trial_id":12,"param_name":"learning_rate","param_value_internal":0.006273294628552997,"distribution":"{\"name\": \"FloatDistribution\", \"attributes\": {\"step\": null, \"low\": 0.003, \"high\": 0.007, \"log\": true}}"}
{"op_code":5,"worker_id":"d63626f3-8229-4855-91f9-abcfc19c24ef-140215181639680","trial_id":12,"param_name":"ab_dw_min","param_value_internal":0.001981,"distribution":"{\"name\": \"FloatDistribution\", \"attributes\": {\"step\": null, \"low\": 0.001981, \"high\": 0.001981, \"log\": false}}"}
{"op_code":5,"worker_id":"d63626f3-8229-4855-91f9-abcfc19c24ef-140215181639680","trial_id":12,"param_name":"ab_desired_bl","param_value_internal":31.0,"distribution":"{\"name\": \"IntDistribution\", \"attributes\": {\"log\": false, \"step\": 1, \"low\": 31, \"high\": 31}}"}
{"op_code":5,"worker_id":"d63626f3-8229-4855-91f9-abcfc19c24ef-140215181639680","trial_id":12,"param_name":"out_noise","param_value_internal":0.0,"distribution":"{\"name\": \"FloatDistribution\", \"attributes\": {\"step\": null, \"low\": 0.0, \"high\": 0.0, \"log\": false}}"}
{"op_code":5,"worker_id":"d63626f3-8229-4855-91f9-abcfc19c24ef-140215181639680","trial_id":12,"param_name":"ab_weight_scaling_omega","param_value_internal":0.0,"distribution":"{\"name\": \"FloatDistribution\", \"attributes\": {\"step\": null, \"low\": 0.0, \"high\": 0.0, \"log\": false}}"}
{"op_code":5,"worker_id":"d63626f3-8229-4855-91f9-abcfc19c24ef-140215181639680","trial_id":12,"param_name":"min_lr_rate","param_value_internal":0.0,"distribution":"{\"name\": \"FloatDistribution\", \"attributes\": {\"step\": null, \"low\": 0.0, \"high\": 0.0, \"log\": false}}"}
{"op_code":8,"worker_id":"d63626f3-8229-4855-91f9-abcfc19c24ef-140215181639680","trial_id":12,"user_attr":{"grad_accum_steps":3}}
{"op_code":8,"worker_id":"d63626f3-8229-4855-91f9-abcfc19c24ef-140215181639680","trial_id":12,"user_attr":{"error":"CUDA_CALL Error 'out of memory' at cuda_util.cu:978\n"}}
{"op_code":6,"worker_id":"d63626f3-8229-4855-91f9-abcfc19c24ef-140215181639680","trial_id":12,"state":3,"values":null,"datetime_complete":"2026-03-23T00:02:04.166885"}
{"op_code":0,"worker_id":"43e4cc1b-c25f-49b2-9372-05bfae03be77-140111835136000","study_name":"bert_squad_lrtt_bs48_adam_hybrid_nowd_nomom_nonest_set_perfect_notrans_noos_ffn_5ep","directions":[2]}
{"op_code":4,"worker_id":"43e4cc1b-c25f-49b2-9372-05bfae03be77-140111835136000","study_id":0,"datetime_start":null,"state":4,"value":null,"values":null,"distributions":{},"params":{},"user_attrs":{},"system_attrs":{"fixed_params":{"learning_rate":0.006273294628552997,"ab_dw_min":0.001981,"ab_desired_bl":31,"out_noise":0.0,"ab_weight_scaling_omega":0.0,"min_lr_rate":0.0}},"intermediate_values":{}}
{"op_code":6,"worker_id":"43e4cc1b-c25f-49b2-9372-05bfae03be77-140111835136000","trial_id":13,"state":0,"values":null,"datetime_start":"2026-03-23T00:02:14.837042"}
{"op_code":5,"worker_id":"43e4cc1b-c25f-49b2-9372-05bfae03be77-140111835136000","trial_id":13,"param_name":"learning_rate","param_value_internal":0.006273294628552997,"distribution":"{\"name\": \"FloatDistribution\", \"attributes\": {\"step\": null, \"low\": 0.003, \"high\": 0.007, \"log\": true}}"}
{"op_code":5,"worker_id":"43e4cc1b-c25f-49b2-9372-05bfae03be77-140111835136000","trial_id":13,"param_name":"ab_dw_min","param_value_internal":0.001981,"distribution":"{\"name\": \"FloatDistribution\", \"attributes\": {\"step\": null, \"low\": 0.001981, \"high\": 0.001981, \"log\": false}}"}
{"op_code":5,"worker_id":"43e4cc1b-c25f-49b2-9372-05bfae03be77-140111835136000","trial_id":13,"param_name":"ab_desired_bl","param_value_internal":31.0,"distribution":"{\"name\": \"IntDistribution\", \"attributes\": {\"log\": false, \"step\": 1, \"low\": 31, \"high\": 31}}"}
{"op_code":5,"worker_id":"43e4cc1b-c25f-49b2-9372-05bfae03be77-140111835136000","trial_id":13,"param_name":"out_noise","param_value_internal":0.0,"distribution":"{\"name\": \"FloatDistribution\", \"attributes\": {\"step\": null, \"low\": 0.0, \"high\": 0.0, \"log\": false}}"}
{"op_code":5,"worker_id":"43e4cc1b-c25f-49b2-9372-05bfae03be77-140111835136000","trial_id":13,"param_name":"ab_weight_scaling_omega","param_value_internal":0.0,"distribution":"{\"name\": \"FloatDistribution\", \"attributes\": {\"step\": null, \"low\": 0.0, \"high\": 0.0, \"log\": false}}"}
{"op_code":5,"worker_id":"43e4cc1b-c25f-49b2-9372-05bfae03be77-140111835136000","trial_id":13,"param_name":"min_lr_rate","param_value_internal":0.0,"distribution":"{\"name\": \"FloatDistribution\", \"attributes\": {\"step\": null, \"low\": 0.0, \"high\": 0.0, \"log\": false}}"}
{"op_code":8,"worker_id":"43e4cc1b-c25f-49b2-9372-05bfae03be77-140111835136000","trial_id":13,"user_attr":{"grad_accum_steps":4}}
{"op_code":8,"worker_id":"43e4cc1b-c25f-49b2-9372-05bfae03be77-140111835136000","trial_id":13,"user_attr":{"error":"CUDA_CALL Error 'out of memory' at cuda_util.cu:978\n"}}
{"op_code":6,"worker_id":"43e4cc1b-c25f-49b2-9372-05bfae03be77-140111835136000","trial_id":13,"state":3,"values":null,"datetime_complete":"2026-03-23T00:05:18.141201"}
{"op_code":0,"worker_id":"1cca4f40-a6e6-472b-88f6-6744f1d7ab7f-139832724664320","study_name":"bert_squad_lrtt_bs48_adam_hybrid_nowd_nomom_nonest_set_perfect_notrans_noos_ffn_5ep","directions":[2]}
{"op_code":4,"worker_id":"1cca4f40-a6e6-472b-88f6-6744f1d7ab7f-139832724664320","study_id":0,"datetime_start":null,"state":4,"value":null,"values":null,"distributions":{},"params":{},"user_attrs":{},"system_attrs":{"fixed_params":{"learning_rate":0.006273294628552997,"ab_dw_min":0.001981,"ab_desired_bl":31,"out_noise":0.0,"ab_weight_scaling_omega":0.0,"min_lr_rate":0.0}},"intermediate_values":{}}
{"op_code":6,"worker_id":"1cca4f40-a6e6-472b-88f6-6744f1d7ab7f-139832724664320","trial_id":14,"state":0,"values":null,"datetime_start":"2026-03-23T00:05:28.780211"}
{"op_code":5,"worker_id":"1cca4f40-a6e6-472b-88f6-6744f1d7ab7f-139832724664320","trial_id":14,"param_name":"learning_rate","param_value_internal":0.006273294628552997,"distribution":"{\"name\": \"FloatDistribution\", \"attributes\": {\"step\": null, \"low\": 0.003, \"high\": 0.007, \"log\": true}}"}
{"op_code":5,"worker_id":"1cca4f40-a6e6-472b-88f6-6744f1d7ab7f-139832724664320","trial_id":14,"param_name":"ab_dw_min","param_value_internal":0.001981,"distribution":"{\"name\": \"FloatDistribution\", \"attributes\": {\"step\": null, \"low\": 0.001981, \"high\": 0.001981, \"log\": false}}"}
{"op_code":5,"worker_id":"1cca4f40-a6e6-472b-88f6-6744f1d7ab7f-139832724664320","trial_id":14,"param_name":"ab_desired_bl","param_value_internal":31.0,"distribution":"{\"name\": \"IntDistribution\", \"attributes\": {\"log\": false, \"step\": 1, \"low\": 31, \"high\": 31}}"}
{"op_code":5,"worker_id":"1cca4f40-a6e6-472b-88f6-6744f1d7ab7f-139832724664320","trial_id":14,"param_name":"out_noise","param_value_internal":0.0,"distribution":"{\"name\": \"FloatDistribution\", \"attributes\": {\"step\": null, \"low\": 0.0, \"high\": 0.0, \"log\": false}}"}
{"op_code":5,"worker_id":"1cca4f40-a6e6-472b-88f6-6744f1d7ab7f-139832724664320","trial_id":14,"param_name":"ab_weight_scaling_omega","param_value_internal":0.0,"distribution":"{\"name\": \"FloatDistribution\", \"attributes\": {\"step\": null, \"low\": 0.0, \"high\": 0.0, \"log\": false}}"}
{"op_code":5,"worker_id":"1cca4f40-a6e6-472b-88f6-6744f1d7ab7f-139832724664320","trial_id":14,"param_name":"min_lr_rate","param_value_internal":0.0,"distribution":"{\"name\": \"FloatDistribution\", \"attributes\": {\"step\": null, \"low\": 0.0, \"high\": 0.0, \"log\": false}}"}
{"op_code":8,"worker_id":"1cca4f40-a6e6-472b-88f6-6744f1d7ab7f-139832724664320","trial_id":14,"user_attr":{"grad_accum_steps":6}}
{"op_code":8,"worker_id":"1cca4f40-a6e6-472b-88f6-6744f1d7ab7f-139832724664320","trial_id":14,"user_attr":{"error":"CUDA_CALL Error 'out of memory' at cuda_util.cu:978\n"}}
{"op_code":6,"worker_id":"1cca4f40-a6e6-472b-88f6-6744f1d7ab7f-139832724664320","trial_id":14,"state":3,"values":null,"datetime_complete":"2026-03-23T00:08:32.187468"}
{"op_code":0,"worker_id":"c7179b15-0c1d-4b43-9e60-2bd31ec64cc0-139746637692928","study_name":"bert_squad_lrtt_bs48_adam_hybrid_nowd_nomom_nonest_set_perfect_notrans_noos_ffn_5ep","directions":[2]}
{"op_code":4,"worker_id":"c7179b15-0c1d-4b43-9e60-2bd31ec64cc0-139746637692928","study_id":0,"datetime_start":null,"state":4,"value":null,"values":null,"distributions":{},"params":{},"user_attrs":{},"system_attrs":{"fixed_params":{"learning_rate":0.006273294628552997,"ab_dw_min":0.001981,"ab_desired_bl":31,"out_noise":0.0,"ab_weight_scaling_omega":0.0,"min_lr_rate":0.0}},"intermediate_values":{}}
{"op_code":6,"worker_id":"c7179b15-0c1d-4b43-9e60-2bd31ec64cc0-139746637692928","trial_id":15,"state":0,"values":null,"datetime_start":"2026-03-23T00:08:42.919516"}
{"op_code":5,"worker_id":"c7179b15-0c1d-4b43-9e60-2bd31ec64cc0-139746637692928","trial_id":15,"param_name":"learning_rate","param_value_internal":0.006273294628552997,"distribution":"{\"name\": \"FloatDistribution\", \"attributes\": {\"step\": null, \"low\": 0.003, \"high\": 0.007, \"log\": true}}"}
{"op_code":5,"worker_id":"c7179b15-0c1d-4b43-9e60-2bd31ec64cc0-139746637692928","trial_id":15,"param_name":"ab_dw_min","param_value_internal":0.001981,"distribution":"{\"name\": \"FloatDistribution\", \"attributes\": {\"step\": null, \"low\": 0.001981, \"high\": 0.001981, \"log\": false}}"}
{"op_code":5,"worker_id":"c7179b15-0c1d-4b43-9e60-2bd31ec64cc0-139746637692928","trial_id":15,"param_name":"ab_desired_bl","param_value_internal":31.0,"distribution":"{\"name\": \"IntDistribution\", \"attributes\": {\"log\": false, \"step\": 1, \"low\": 31, \"high\": 31}}"}
{"op_code":5,"worker_id":"c7179b15-0c1d-4b43-9e60-2bd31ec64cc0-139746637692928","trial_id":15,"param_name":"out_noise","param_value_internal":0.0,"distribution":"{\"name\": \"FloatDistribution\", \"attributes\": {\"step\": null, \"low\": 0.0, \"high\": 0.0, \"log\": false}}"}
{"op_code":5,"worker_id":"c7179b15-0c1d-4b43-9e60-2bd31ec64cc0-139746637692928","trial_id":15,"param_name":"ab_weight_scaling_omega","param_value_internal":0.0,"distribution":"{\"name\": \"FloatDistribution\", \"attributes\": {\"step\": null, \"low\": 0.0, \"high\": 0.0, \"log\": false}}"}
{"op_code":5,"worker_id":"c7179b15-0c1d-4b43-9e60-2bd31ec64cc0-139746637692928","trial_id":15,"param_name":"min_lr_rate","param_value_internal":0.0,"distribution":"{\"name\": \"FloatDistribution\", \"attributes\": {\"step\": null, \"low\": 0.0, \"high\": 0.0, \"log\": false}}"}
{"op_code":8,"worker_id":"c7179b15-0c1d-4b43-9e60-2bd31ec64cc0-139746637692928","trial_id":15,"user_attr":{"grad_accum_steps":8}}
{"op_code":8,"worker_id":"c7179b15-0c1d-4b43-9e60-2bd31ec64cc0-139746637692928","trial_id":15,"user_attr":{"error":"CUDA_CALL Error 'out of memory' at cuda_util.cu:978\n"}}
{"op_code":6,"worker_id":"c7179b15-0c1d-4b43-9e60-2bd31ec64cc0-139746637692928","trial_id":15,"state":3,"values":null,"datetime_complete":"2026-03-23T00:12:02.030765"}
{"op_code":0,"worker_id":"28ba7e41-054f-40e1-9fe1-76603410bbf7-139636850106368","study_name":"bert_squad_lrtt_bs48_adam_hybrid_nowd_nomom_nonest_set_perfect_notrans_noos_ffn_5ep","directions":[2]}
{"op_code":4,"worker_id":"28ba7e41-054f-40e1-9fe1-76603410bbf7-139636850106368","study_id":0,"datetime_start":null,"state":4,"value":null,"values":null,"distributions":{},"params":{},"user_attrs":{},"system_attrs":{"fixed_params":{"learning_rate":0.006273294628552997,"ab_dw_min":0.001981,"ab_desired_bl":31,"out_noise":0.0,"ab_weight_scaling_omega":0.0,"min_lr_rate":0.0}},"intermediate_values":{}}
{"op_code":6,"worker_id":"28ba7e41-054f-40e1-9fe1-76603410bbf7-139636850106368","trial_id":16,"state":0,"values":null,"datetime_start":"2026-03-23T00:12:12.662427"}
{"op_code":5,"worker_id":"28ba7e41-054f-40e1-9fe1-76603410bbf7-139636850106368","trial_id":16,"param_name":"learning_rate","param_value_internal":0.006273294628552997,"distribution":"{\"name\": \"FloatDistribution\", \"attributes\": {\"step\": null, \"low\": 0.003, \"high\": 0.007, \"log\": true}}"}
{"op_code":5,"worker_id":"28ba7e41-054f-40e1-9fe1-76603410bbf7-139636850106368","trial_id":16,"param_name":"ab_dw_min","param_value_internal":0.001981,"distribution":"{\"name\": \"FloatDistribution\", \"attributes\": {\"step\": null, \"low\": 0.001981, \"high\": 0.001981, \"log\": false}}"}
{"op_code":5,"worker_id":"28ba7e41-054f-40e1-9fe1-76603410bbf7-139636850106368","trial_id":16,"param_name":"ab_desired_bl","param_value_internal":31.0,"distribution":"{\"name\": \"IntDistribution\", \"attributes\": {\"log\": false, \"step\": 1, \"low\": 31, \"high\": 31}}"}
{"op_code":5,"worker_id":"28ba7e41-054f-40e1-9fe1-76603410bbf7-139636850106368","trial_id":16,"param_name":"out_noise","param_value_internal":0.0,"distribution":"{\"name\": \"FloatDistribution\", \"attributes\": {\"step\": null, \"low\": 0.0, \"high\": 0.0, \"log\": false}}"}
{"op_code":5,"worker_id":"28ba7e41-054f-40e1-9fe1-76603410bbf7-139636850106368","trial_id":16,"param_name":"ab_weight_scaling_omega","param_value_internal":0.0,"distribution":"{\"name\": \"FloatDistribution\", \"attributes\": {\"step\": null, \"low\": 0.0, \"high\": 0.0, \"log\": false}}"}
{"op_code":5,"worker_id":"28ba7e41-054f-40e1-9fe1-76603410bbf7-139636850106368","trial_id":16,"param_name":"min_lr_rate","param_value_internal":0.0,"distribution":"{\"name\": \"FloatDistribution\", \"attributes\": {\"step\": null, \"low\": 0.0, \"high\": 0.0, \"log\": false}}"}
{"op_code":8,"worker_id":"28ba7e41-054f-40e1-9fe1-76603410bbf7-139636850106368","trial_id":16,"user_attr":{"grad_accum_steps":12}}
{"op_code":8,"worker_id":"28ba7e41-054f-40e1-9fe1-76603410bbf7-139636850106368","trial_id":16,"user_attr":{"error":"CUDA_CALL Error 'out of memory' at cuda_util.cu:978\n"}}
{"op_code":6,"worker_id":"28ba7e41-054f-40e1-9fe1-76603410bbf7-139636850106368","trial_id":16,"state":3,"values":null,"datetime_complete":"2026-03-23T00:15:25.165906"}
{"op_code":0,"worker_id":"cca8af8b-9652-4ef8-872a-d3992079cb98-140476335316992","study_name":"bert_squad_lrtt_bs48_adam_hybrid_nowd_nomom_nonest_set_perfect_notrans_noos_ffn_5ep","directions":[2]}
{"op_code":4,"worker_id":"cca8af8b-9652-4ef8-872a-d3992079cb98-140476335316992","study_id":0,"datetime_start":null,"state":4,"value":null,"values":null,"distributions":{},"params":{},"user_attrs":{},"system_attrs":{"fixed_params":{"learning_rate":0.006273294628552997,"ab_dw_min":0.001981,"ab_desired_bl":31,"out_noise":0.0,"ab_weight_scaling_omega":0.0,"min_lr_rate":0.0}},"intermediate_values":{}}
{"op_code":6,"worker_id":"cca8af8b-9652-4ef8-872a-d3992079cb98-140476335316992","trial_id":17,"state":0,"values":null,"datetime_start":"2026-03-23T00:15:35.843792"}
{"op_code":5,"worker_id":"cca8af8b-9652-4ef8-872a-d3992079cb98-140476335316992","trial_id":17,"param_name":"learning_rate","param_value_internal":0.006273294628552997,"distribution":"{\"name\": \"FloatDistribution\", \"attributes\": {\"step\": null, \"low\": 0.003, \"high\": 0.007, \"log\": true}}"}
{"op_code":5,"worker_id":"cca8af8b-9652-4ef8-872a-d3992079cb98-140476335316992","trial_id":17,"param_name":"ab_dw_min","param_value_internal":0.001981,"distribution":"{\"name\": \"FloatDistribution\", \"attributes\": {\"step\": null, \"low\": 0.001981, \"high\": 0.001981, \"log\": false}}"}
{"op_code":5,"worker_id":"cca8af8b-9652-4ef8-872a-d3992079cb98-140476335316992","trial_id":17,"param_name":"ab_desired_bl","param_value_internal":31.0,"distribution":"{\"name\": \"IntDistribution\", \"attributes\": {\"log\": false, \"step\": 1, \"low\": 31, \"high\": 31}}"}
{"op_code":5,"worker_id":"cca8af8b-9652-4ef8-872a-d3992079cb98-140476335316992","trial_id":17,"param_name":"out_noise","param_value_internal":0.0,"distribution":"{\"name\": \"FloatDistribution\", \"attributes\": {\"step\": null, \"low\": 0.0, \"high\": 0.0, \"log\": false}}"}
{"op_code":5,"worker_id":"cca8af8b-9652-4ef8-872a-d3992079cb98-140476335316992","trial_id":17,"param_name":"ab_weight_scaling_omega","param_value_internal":0.0,"distribution":"{\"name\": \"FloatDistribution\", \"attributes\": {\"step\": null, \"low\": 0.0, \"high\": 0.0, \"log\": false}}"}
{"op_code":5,"worker_id":"cca8af8b-9652-4ef8-872a-d3992079cb98-140476335316992","trial_id":17,"param_name":"min_lr_rate","param_value_internal":0.0,"distribution":"{\"name\": \"FloatDistribution\", \"attributes\": {\"step\": null, \"low\": 0.0, \"high\": 0.0, \"log\": false}}"}
{"op_code":8,"worker_id":"cca8af8b-9652-4ef8-872a-d3992079cb98-140476335316992","trial_id":17,"user_attr":{"grad_accum_steps":16}}
{"op_code":8,"worker_id":"cca8af8b-9652-4ef8-872a-d3992079cb98-140476335316992","trial_id":17,"user_attr":{"error":"CUDA_CALL Error 'out of memory' at cuda_util.cu:978\n"}}
{"op_code":6,"worker_id":"cca8af8b-9652-4ef8-872a-d3992079cb98-140476335316992","trial_id":17,"state":3,"values":null,"datetime_complete":"2026-03-23T00:18:33.208459"}
{"op_code":0,"worker_id":"8b6d7ae9-0a65-434b-9de7-40a0d19bdb24-140084753358848","study_name":"bert_squad_lrtt_bs48_adam_hybrid_nowd_nomom_nonest_set_perfect_notrans_noos_ffn_5ep","directions":[2]}
{"op_code":4,"worker_id":"8b6d7ae9-0a65-434b-9de7-40a0d19bdb24-140084753358848","study_id":0,"datetime_start":null,"state":4,"value":null,"values":null,"distributions":{},"params":{},"user_attrs":{},"system_attrs":{"fixed_params":{"learning_rate":0.006273294628552997,"ab_dw_min":0.001981,"ab_desired_bl":31,"out_noise":0.0,"ab_weight_scaling_omega":0.0,"min_lr_rate":0.0}},"intermediate_values":{}}
{"op_code":6,"worker_id":"8b6d7ae9-0a65-434b-9de7-40a0d19bdb24-140084753358848","trial_id":18,"state":0,"values":null,"datetime_start":"2026-03-23T00:18:43.839988"}
{"op_code":5,"worker_id":"8b6d7ae9-0a65-434b-9de7-40a0d19bdb24-140084753358848","trial_id":18,"param_name":"learning_rate","param_value_internal":0.006273294628552997,"distribution":"{\"name\": \"FloatDistribution\", \"attributes\": {\"step\": null, \"low\": 0.003, \"high\": 0.007, \"log\": true}}"}
{"op_code":5,"worker_id":"8b6d7ae9-0a65-434b-9de7-40a0d19bdb24-140084753358848","trial_id":18,"param_name":"ab_dw_min","param_value_internal":0.001981,"distribution":"{\"name\": \"FloatDistribution\", \"attributes\": {\"step\": null, \"low\": 0.001981, \"high\": 0.001981, \"log\": false}}"}
{"op_code":5,"worker_id":"8b6d7ae9-0a65-434b-9de7-40a0d19bdb24-140084753358848","trial_id":18,"param_name":"ab_desired_bl","param_value_internal":31.0,"distribution":"{\"name\": \"IntDistribution\", \"attributes\": {\"log\": false, \"step\": 1, \"low\": 31, \"high\": 31}}"}
{"op_code":5,"worker_id":"8b6d7ae9-0a65-434b-9de7-40a0d19bdb24-140084753358848","trial_id":18,"param_name":"out_noise","param_value_internal":0.0,"distribution":"{\"name\": \"FloatDistribution\", \"attributes\": {\"step\": null, \"low\": 0.0, \"high\": 0.0, \"log\": false}}"}
{"op_code":5,"worker_id":"8b6d7ae9-0a65-434b-9de7-40a0d19bdb24-140084753358848","trial_id":18,"param_name":"ab_weight_scaling_omega","param_value_internal":0.0,"distribution":"{\"name\": \"FloatDistribution\", \"attributes\": {\"step\": null, \"low\": 0.0, \"high\": 0.0, \"log\": false}}"}
{"op_code":5,"worker_id":"8b6d7ae9-0a65-434b-9de7-40a0d19bdb24-140084753358848","trial_id":18,"param_name":"min_lr_rate","param_value_internal":0.0,"distribution":"{\"name\": \"FloatDistribution\", \"attributes\": {\"step\": null, \"low\": 0.0, \"high\": 0.0, \"log\": false}}"}
{"op_code":8,"worker_id":"8b6d7ae9-0a65-434b-9de7-40a0d19bdb24-140084753358848","trial_id":18,"user_attr":{"grad_accum_steps":24}}
{"op_code":8,"worker_id":"8b6d7ae9-0a65-434b-9de7-40a0d19bdb24-140084753358848","trial_id":18,"user_attr":{"error":"NVML_SUCCESS == r INTERNAL ASSERT FAILED at \"../c10/cuda/CUDACachingAllocator.cpp\":844, please report a bug to PyTorch. "}}
{"op_code":6,"worker_id":"8b6d7ae9-0a65-434b-9de7-40a0d19bdb24-140084753358848","trial_id":18,"state":3,"values":null,"datetime_complete":"2026-03-23T03:08:45.094632"}
{"op_code":0,"worker_id":"c79dfe31-9383-46f4-9bba-06256791cb6e-139644394516480","study_name":"bert_squad_lrtt_bs48_adam_hybrid_nowd_nomom_nonest_set_perfect_notrans_noos_ffn_5ep","directions":[2]}
{"op_code":4,"worker_id":"c79dfe31-9383-46f4-9bba-06256791cb6e-139644394516480","study_id":0,"datetime_start":null,"state":4,"value":null,"values":null,"distributions":{},"params":{},"user_attrs":{},"system_attrs":{"fixed_params":{"learning_rate":0.006273294628552997,"ab_dw_min":0.001981,"ab_desired_bl":31,"out_noise":0.0,"ab_weight_scaling_omega":0.0,"min_lr_rate":0.0}},"intermediate_values":{}}
{"op_code":6,"worker_id":"c79dfe31-9383-46f4-9bba-06256791cb6e-139644394516480","trial_id":19,"state":0,"values":null,"datetime_start":"2026-03-23T03:08:55.841122"}
{"op_code":5,"worker_id":"c79dfe31-9383-46f4-9bba-06256791cb6e-139644394516480","trial_id":19,"param_name":"learning_rate","param_value_internal":0.006273294628552997,"distribution":"{\"name\": \"FloatDistribution\", \"attributes\": {\"step\": null, \"low\": 0.003, \"high\": 0.007, \"log\": true}}"}
{"op_code":5,"worker_id":"c79dfe31-9383-46f4-9bba-06256791cb6e-139644394516480","trial_id":19,"param_name":"ab_dw_min","param_value_internal":0.001981,"distribution":"{\"name\": \"FloatDistribution\", \"attributes\": {\"step\": null, \"low\": 0.001981, \"high\": 0.001981, \"log\": false}}"}
{"op_code":5,"worker_id":"c79dfe31-9383-46f4-9bba-06256791cb6e-139644394516480","trial_id":19,"param_name":"ab_desired_bl","param_value_internal":31.0,"distribution":"{\"name\": \"IntDistribution\", \"attributes\": {\"log\": false, \"step\": 1, \"low\": 31, \"high\": 31}}"}
{"op_code":5,"worker_id":"c79dfe31-9383-46f4-9bba-06256791cb6e-139644394516480","trial_id":19,"param_name":"out_noise","param_value_internal":0.0,"distribution":"{\"name\": \"FloatDistribution\", \"attributes\": {\"step\": null, \"low\": 0.0, \"high\": 0.0, \"log\": false}}"}
{"op_code":5,"worker_id":"c79dfe31-9383-46f4-9bba-06256791cb6e-139644394516480","trial_id":19,"param_name":"ab_weight_scaling_omega","param_value_internal":0.0,"distribution":"{\"name\": \"FloatDistribution\", \"attributes\": {\"step\": null, \"low\": 0.0, \"high\": 0.0, \"log\": false}}"}
{"op_code":5,"worker_id":"c79dfe31-9383-46f4-9bba-06256791cb6e-139644394516480","trial_id":19,"param_name":"min_lr_rate","param_value_internal":0.0,"distribution":"{\"name\": \"FloatDistribution\", \"attributes\": {\"step\": null, \"low\": 0.0, \"high\": 0.0, \"log\": false}}"}
{"op_code":8,"worker_id":"c79dfe31-9383-46f4-9bba-06256791cb6e-139644394516480","trial_id":19,"user_attr":{"grad_accum_steps":48}}
{"op_code":7,"worker_id":"c79dfe31-9383-46f4-9bba-06256791cb6e-139644394516480","trial_id":19,"step":1,"intermediate_value":74.64064895246831}
{"op_code":8,"worker_id":"c79dfe31-9383-46f4-9bba-06256791cb6e-139644394516480","trial_id":19,"user_attr":{"train_loss_epoch_1":2.0768579809412793}}
{"op_code":7,"worker_id":"c79dfe31-9383-46f4-9bba-06256791cb6e-139644394516480","trial_id":19,"step":2,"intermediate_value":75.93216874050951}
{"op_code":8,"worker_id":"c79dfe31-9383-46f4-9bba-06256791cb6e-139644394516480","trial_id":19,"user_attr":{"train_loss_epoch_2":1.6468433897018173}}
{"op_code":7,"worker_id":"c79dfe31-9383-46f4-9bba-06256791cb6e-139644394516480","trial_id":19,"step":3,"intermediate_value":77.60112119493942}
{"op_code":8,"worker_id":"c79dfe31-9383-46f4-9bba-06256791cb6e-139644394516480","trial_id":19,"user_attr":{"train_loss_epoch_3":1.5640903513134055}}
{"op_code":7,"worker_id":"c79dfe31-9383-46f4-9bba-06256791cb6e-139644394516480","trial_id":19,"step":4,"intermediate_value":78.54918029482728}
{"op_code":8,"worker_id":"c79dfe31-9383-46f4-9bba-06256791cb6e-139644394516480","trial_id":19,"user_attr":{"train_loss_epoch_4":1.4995672025187077}}
{"op_code":7,"worker_id":"c79dfe31-9383-46f4-9bba-06256791cb6e-139644394516480","trial_id":19,"step":5,"intermediate_value":79.46859106019032}
{"op_code":8,"worker_id":"c79dfe31-9383-46f4-9bba-06256791cb6e-139644394516480","trial_id":19,"user_attr":{"train_loss_epoch_5":1.4416168353176537}}
{"op_code":6,"worker_id":"c79dfe31-9383-46f4-9bba-06256791cb6e-139644394516480","trial_id":19,"state":1,"values":[79.46859106019032],"datetime_complete":"2026-03-24T03:58:06.851515"}
{"op_code":0,"worker_id":"ae05c4aa-3f03-48a8-9d75-e76d9bdaa9b3-140531515875328","study_name":"bert_squad_lrtt_bs48_adam_hybrid_nowd_nomom_nonest_set_perfect_notrans_noos_ffn_5ep","directions":[2]}
{"op_code":4,"worker_id":"ae05c4aa-3f03-48a8-9d75-e76d9bdaa9b3-140531515875328","study_id":0,"datetime_start":"2026-03-24T03:58:17.254015"}
{"op_code":5,"worker_id":"ae05c4aa-3f03-48a8-9d75-e76d9bdaa9b3-140531515875328","trial_id":20,"param_name":"learning_rate","param_value_internal":0.003590552293199735,"distribution":"{\"name\": \"FloatDistribution\", \"attributes\": {\"step\": null, \"low\": 0.003, \"high\": 0.007, \"log\": true}}"}
{"op_code":5,"worker_id":"ae05c4aa-3f03-48a8-9d75-e76d9bdaa9b3-140531515875328","trial_id":20,"param_name":"ab_dw_min","param_value_internal":0.001981,"distribution":"{\"name\": \"FloatDistribution\", \"attributes\": {\"step\": null, \"low\": 0.001981, \"high\": 0.001981, \"log\": false}}"}
{"op_code":5,"worker_id":"ae05c4aa-3f03-48a8-9d75-e76d9bdaa9b3-140531515875328","trial_id":20,"param_name":"ab_desired_bl","param_value_internal":31.0,"distribution":"{\"name\": \"IntDistribution\", \"attributes\": {\"log\": false, \"step\": 1, \"low\": 31, \"high\": 31}}"}
{"op_code":5,"worker_id":"ae05c4aa-3f03-48a8-9d75-e76d9bdaa9b3-140531515875328","trial_id":20,"param_name":"out_noise","param_value_internal":0.0,"distribution":"{\"name\": \"FloatDistribution\", \"attributes\": {\"step\": null, \"low\": 0.0, \"high\": 0.0, \"log\": false}}"}
{"op_code":5,"worker_id":"ae05c4aa-3f03-48a8-9d75-e76d9bdaa9b3-140531515875328","trial_id":20,"param_name":"ab_weight_scaling_omega","param_value_internal":0.0,"distribution":"{\"name\": \"FloatDistribution\", \"attributes\": {\"step\": null, \"low\": 0.0, \"high\": 0.0, \"log\": false}}"}
{"op_code":5,"worker_id":"ae05c4aa-3f03-48a8-9d75-e76d9bdaa9b3-140531515875328","trial_id":20,"param_name":"min_lr_rate","param_value_internal":0.0,"distribution":"{\"name\": \"FloatDistribution\", \"attributes\": {\"step\": null, \"low\": 0.0, \"high\": 0.0, \"log\": false}}"}
{"op_code":8,"worker_id":"ae05c4aa-3f03-48a8-9d75-e76d9bdaa9b3-140531515875328","trial_id":20,"user_attr":{"grad_accum_steps":1}}
{"op_code":8,"worker_id":"ae05c4aa-3f03-48a8-9d75-e76d9bdaa9b3-140531515875328","trial_id":20,"user_attr":{"error":"NVML_SUCCESS == r INTERNAL ASSERT FAILED at \"../c10/cuda/CUDACachingAllocator.cpp\":844, please report a bug to PyTorch. "}}
{"op_code":6,"worker_id":"ae05c4aa-3f03-48a8-9d75-e76d9bdaa9b3-140531515875328","trial_id":20,"state":3,"values":null,"datetime_complete":"2026-03-24T03:58:52.532370"}
{"op_code":0,"worker_id":"cca52829-1f26-4551-9d26-2b87e9da6ee2-140638562603008","study_name":"bert_squad_lrtt_bs48_adam_hybrid_nowd_nomom_nonest_set_perfect_notrans_noos_ffn_5ep","directions":[2]}
{"op_code":4,"worker_id":"cca52829-1f26-4551-9d26-2b87e9da6ee2-140638562603008","study_id":0,"datetime_start":null,"state":4,"value":null,"values":null,"distributions":{},"params":{},"user_attrs":{},"system_attrs":{"fixed_params":{"learning_rate":0.003590552293199735,"ab_dw_min":0.001981,"ab_desired_bl":31,"out_noise":0.0,"ab_weight_scaling_omega":0.0,"min_lr_rate":0.0}},"intermediate_values":{}}
{"op_code":6,"worker_id":"cca52829-1f26-4551-9d26-2b87e9da6ee2-140638562603008","trial_id":21,"state":0,"values":null,"datetime_start":"2026-03-24T03:59:03.119557"}
{"op_code":5,"worker_id":"cca52829-1f26-4551-9d26-2b87e9da6ee2-140638562603008","trial_id":21,"param_name":"learning_rate","param_value_internal":0.003590552293199735,"distribution":"{\"name\": \"FloatDistribution\", \"attributes\": {\"step\": null, \"low\": 0.003, \"high\": 0.007, \"log\": true}}"}
{"op_code":5,"worker_id":"cca52829-1f26-4551-9d26-2b87e9da6ee2-140638562603008","trial_id":21,"param_name":"ab_dw_min","param_value_internal":0.001981,"distribution":"{\"name\": \"FloatDistribution\", \"attributes\": {\"step\": null, \"low\": 0.001981, \"high\": 0.001981, \"log\": false}}"}
{"op_code":5,"worker_id":"cca52829-1f26-4551-9d26-2b87e9da6ee2-140638562603008","trial_id":21,"param_name":"ab_desired_bl","param_value_internal":31.0,"distribution":"{\"name\": \"IntDistribution\", \"attributes\": {\"log\": false, \"step\": 1, \"low\": 31, \"high\": 31}}"}
{"op_code":5,"worker_id":"cca52829-1f26-4551-9d26-2b87e9da6ee2-140638562603008","trial_id":21,"param_name":"out_noise","param_value_internal":0.0,"distribution":"{\"name\": \"FloatDistribution\", \"attributes\": {\"step\": null, \"low\": 0.0, \"high\": 0.0, \"log\": false}}"}
{"op_code":5,"worker_id":"cca52829-1f26-4551-9d26-2b87e9da6ee2-140638562603008","trial_id":21,"param_name":"ab_weight_scaling_omega","param_value_internal":0.0,"distribution":"{\"name\": \"FloatDistribution\", \"attributes\": {\"step\": null, \"low\": 0.0, \"high\": 0.0, \"log\": false}}"}
{"op_code":5,"worker_id":"cca52829-1f26-4551-9d26-2b87e9da6ee2-140638562603008","trial_id":21,"param_name":"min_lr_rate","param_value_internal":0.0,"distribution":"{\"name\": \"FloatDistribution\", \"attributes\": {\"step\": null, \"low\": 0.0, \"high\": 0.0, \"log\": false}}"}
{"op_code":8,"worker_id":"cca52829-1f26-4551-9d26-2b87e9da6ee2-140638562603008","trial_id":21,"user_attr":{"grad_accum_steps":2}}
{"op_code":8,"worker_id":"cca52829-1f26-4551-9d26-2b87e9da6ee2-140638562603008","trial_id":21,"user_attr":{"error":"CUDA_CALL Error 'out of memory' at cuda_util.cu:978\n"}}
{"op_code":6,"worker_id":"cca52829-1f26-4551-9d26-2b87e9da6ee2-140638562603008","trial_id":21,"state":3,"values":null,"datetime_complete":"2026-03-24T03:59:41.932985"}
{"op_code":0,"worker_id":"f4c7f638-2580-414a-944d-78af80fcf886-140283986337792","study_name":"bert_squad_lrtt_bs48_adam_hybrid_nowd_nomom_nonest_set_perfect_notrans_noos_ffn_5ep","directions":[2]}
{"op_code":4,"worker_id":"f4c7f638-2580-414a-944d-78af80fcf886-140283986337792","study_id":0,"datetime_start":null,"state":4,"value":null,"values":null,"distributions":{},"params":{},"user_attrs":{},"system_attrs":{"fixed_params":{"learning_rate":0.003590552293199735,"ab_dw_min":0.001981,"ab_desired_bl":31,"out_noise":0.0,"ab_weight_scaling_omega":0.0,"min_lr_rate":0.0}},"intermediate_values":{}}
{"op_code":6,"worker_id":"f4c7f638-2580-414a-944d-78af80fcf886-140283986337792","trial_id":22,"state":0,"values":null,"datetime_start":"2026-03-24T03:59:52.140756"}
{"op_code":5,"worker_id":"f4c7f638-2580-414a-944d-78af80fcf886-140283986337792","trial_id":22,"param_name":"learning_rate","param_value_internal":0.003590552293199735,"distribution":"{\"name\": \"FloatDistribution\", \"attributes\": {\"step\": null, \"low\": 0.003, \"high\": 0.007, \"log\": true}}"}
{"op_code":5,"worker_id":"f4c7f638-2580-414a-944d-78af80fcf886-140283986337792","trial_id":22,"param_name":"ab_dw_min","param_value_internal":0.001981,"distribution":"{\"name\": \"FloatDistribution\", \"attributes\": {\"step\": null, \"low\": 0.001981, \"high\": 0.001981, \"log\": false}}"}
{"op_code":5,"worker_id":"f4c7f638-2580-414a-944d-78af80fcf886-140283986337792","trial_id":22,"param_name":"ab_desired_bl","param_value_internal":31.0,"distribution":"{\"name\": \"IntDistribution\", \"attributes\": {\"log\": false, \"step\": 1, \"low\": 31, \"high\": 31}}"}
{"op_code":5,"worker_id":"f4c7f638-2580-414a-944d-78af80fcf886-140283986337792","trial_id":22,"param_name":"out_noise","param_value_internal":0.0,"distribution":"{\"name\": \"FloatDistribution\", \"attributes\": {\"step\": null, \"low\": 0.0, \"high\": 0.0, \"log\": false}}"}
{"op_code":5,"worker_id":"f4c7f638-2580-414a-944d-78af80fcf886-140283986337792","trial_id":22,"param_name":"ab_weight_scaling_omega","param_value_internal":0.0,"distribution":"{\"name\": \"FloatDistribution\", \"attributes\": {\"step\": null, \"low\": 0.0, \"high\": 0.0, \"log\": false}}"}
{"op_code":5,"worker_id":"f4c7f638-2580-414a-944d-78af80fcf886-140283986337792","trial_id":22,"param_name":"min_lr_rate","param_value_internal":0.0,"distribution":"{\"name\": \"FloatDistribution\", \"attributes\": {\"step\": null, \"low\": 0.0, \"high\": 0.0, \"log\": false}}"}
{"op_code":8,"worker_id":"f4c7f638-2580-414a-944d-78af80fcf886-140283986337792","trial_id":22,"user_attr":{"grad_accum_steps":3}}
{"op_code":8,"worker_id":"f4c7f638-2580-414a-944d-78af80fcf886-140283986337792","trial_id":22,"user_attr":{"error":"CUDA_CALL Error 'out of memory' at cuda_util.cu:978\n"}}
{"op_code":6,"worker_id":"f4c7f638-2580-414a-944d-78af80fcf886-140283986337792","trial_id":22,"state":3,"values":null,"datetime_complete":"2026-03-24T04:00:31.996252"}
{"op_code":0,"worker_id":"eb16d2b4-90d5-48c6-a85f-f299efeb63e5-139676796870656","study_name":"bert_squad_lrtt_bs48_adam_hybrid_nowd_nomom_nonest_set_perfect_notrans_noos_ffn_5ep","directions":[2]}
{"op_code":4,"worker_id":"eb16d2b4-90d5-48c6-a85f-f299efeb63e5-139676796870656","study_id":0,"datetime_start":null,"state":4,"value":null,"values":null,"distributions":{},"params":{},"user_attrs":{},"system_attrs":{"fixed_params":{"learning_rate":0.003590552293199735,"ab_dw_min":0.001981,"ab_desired_bl":31,"out_noise":0.0,"ab_weight_scaling_omega":0.0,"min_lr_rate":0.0}},"intermediate_values":{}}
{"op_code":6,"worker_id":"eb16d2b4-90d5-48c6-a85f-f299efeb63e5-139676796870656","trial_id":23,"state":0,"values":null,"datetime_start":"2026-03-24T04:00:42.235995"}
{"op_code":5,"worker_id":"eb16d2b4-90d5-48c6-a85f-f299efeb63e5-139676796870656","trial_id":23,"param_name":"learning_rate","param_value_internal":0.003590552293199735,"distribution":"{\"name\": \"FloatDistribution\", \"attributes\": {\"step\": null, \"low\": 0.003, \"high\": 0.007, \"log\": true}}"}
{"op_code":5,"worker_id":"eb16d2b4-90d5-48c6-a85f-f299efeb63e5-139676796870656","trial_id":23,"param_name":"ab_dw_min","param_value_internal":0.001981,"distribution":"{\"name\": \"FloatDistribution\", \"attributes\": {\"step\": null, \"low\": 0.001981, \"high\": 0.001981, \"log\": false}}"}
{"op_code":5,"worker_id":"eb16d2b4-90d5-48c6-a85f-f299efeb63e5-139676796870656","trial_id":23,"param_name":"ab_desired_bl","param_value_internal":31.0,"distribution":"{\"name\": \"IntDistribution\", \"attributes\": {\"log\": false, \"step\": 1, \"low\": 31, \"high\": 31}}"}
{"op_code":5,"worker_id":"eb16d2b4-90d5-48c6-a85f-f299efeb63e5-139676796870656","trial_id":23,"param_name":"out_noise","param_value_internal":0.0,"distribution":"{\"name\": \"FloatDistribution\", \"attributes\": {\"step\": null, \"low\": 0.0, \"high\": 0.0, \"log\": false}}"}
{"op_code":5,"worker_id":"eb16d2b4-90d5-48c6-a85f-f299efeb63e5-139676796870656","trial_id":23,"param_name":"ab_weight_scaling_omega","param_value_internal":0.0,"distribution":"{\"name\": \"FloatDistribution\", \"attributes\": {\"step\": null, \"low\": 0.0, \"high\": 0.0, \"log\": false}}"}
{"op_code":5,"worker_id":"eb16d2b4-90d5-48c6-a85f-f299efeb63e5-139676796870656","trial_id":23,"param_name":"min_lr_rate","param_value_internal":0.0,"distribution":"{\"name\": \"FloatDistribution\", \"attributes\": {\"step\": null, \"low\": 0.0, \"high\": 0.0, \"log\": false}}"}
{"op_code":8,"worker_id":"eb16d2b4-90d5-48c6-a85f-f299efeb63e5-139676796870656","trial_id":23,"user_attr":{"grad_accum_steps":4}}
{"op_code":8,"worker_id":"eb16d2b4-90d5-48c6-a85f-f299efeb63e5-139676796870656","trial_id":23,"user_attr":{"error":"CUDA_CALL Error 'out of memory' at cuda_util.cu:978\n"}}
{"op_code":6,"worker_id":"eb16d2b4-90d5-48c6-a85f-f299efeb63e5-139676796870656","trial_id":23,"state":3,"values":null,"datetime_complete":"2026-03-24T04:01:25.100236"}
{"op_code":0,"worker_id":"6f99072e-6114-47d3-b12c-26b5151d97cd-139835655196672","study_name":"bert_squad_lrtt_bs48_adam_hybrid_nowd_nomom_nonest_set_perfect_notrans_noos_ffn_5ep","directions":[2]}
{"op_code":4,"worker_id":"6f99072e-6114-47d3-b12c-26b5151d97cd-139835655196672","study_id":0,"datetime_start":null,"state":4,"value":null,"values":null,"distributions":{},"params":{},"user_attrs":{},"system_attrs":{"fixed_params":{"learning_rate":0.003590552293199735,"ab_dw_min":0.001981,"ab_desired_bl":31,"out_noise":0.0,"ab_weight_scaling_omega":0.0,"min_lr_rate":0.0}},"intermediate_values":{}}
{"op_code":6,"worker_id":"6f99072e-6114-47d3-b12c-26b5151d97cd-139835655196672","trial_id":24,"state":0,"values":null,"datetime_start":"2026-03-24T04:01:35.573006"}
{"op_code":5,"worker_id":"6f99072e-6114-47d3-b12c-26b5151d97cd-139835655196672","trial_id":24,"param_name":"learning_rate","param_value_internal":0.003590552293199735,"distribution":"{\"name\": \"FloatDistribution\", \"attributes\": {\"step\": null, \"low\": 0.003, \"high\": 0.007, \"log\": true}}"}
{"op_code":5,"worker_id":"6f99072e-6114-47d3-b12c-26b5151d97cd-139835655196672","trial_id":24,"param_name":"ab_dw_min","param_value_internal":0.001981,"distribution":"{\"name\": \"FloatDistribution\", \"attributes\": {\"step\": null, \"low\": 0.001981, \"high\": 0.001981, \"log\": false}}"}
{"op_code":5,"worker_id":"6f99072e-6114-47d3-b12c-26b5151d97cd-139835655196672","trial_id":24,"param_name":"ab_desired_bl","param_value_internal":31.0,"distribution":"{\"name\": \"IntDistribution\", \"attributes\": {\"log\": false, \"step\": 1, \"low\": 31, \"high\": 31}}"}
{"op_code":5,"worker_id":"6f99072e-6114-47d3-b12c-26b5151d97cd-139835655196672","trial_id":24,"param_name":"out_noise","param_value_internal":0.0,"distribution":"{\"name\": \"FloatDistribution\", \"attributes\": {\"step\": null, \"low\": 0.0, \"high\": 0.0, \"log\": false}}"}
{"op_code":5,"worker_id":"6f99072e-6114-47d3-b12c-26b5151d97cd-139835655196672","trial_id":24,"param_name":"ab_weight_scaling_omega","param_value_internal":0.0,"distribution":"{\"name\": \"FloatDistribution\", \"attributes\": {\"step\": null, \"low\": 0.0, \"high\": 0.0, \"log\": false}}"}
{"op_code":5,"worker_id":"6f99072e-6114-47d3-b12c-26b5151d97cd-139835655196672","trial_id":24,"param_name":"min_lr_rate","param_value_internal":0.0,"distribution":"{\"name\": \"FloatDistribution\", \"attributes\": {\"step\": null, \"low\": 0.0, \"high\": 0.0, \"log\": false}}"}
{"op_code":8,"worker_id":"6f99072e-6114-47d3-b12c-26b5151d97cd-139835655196672","trial_id":24,"user_attr":{"grad_accum_steps":6}}
{"op_code":8,"worker_id":"6f99072e-6114-47d3-b12c-26b5151d97cd-139835655196672","trial_id":24,"user_attr":{"error":"CUDA_CALL Error 'out of memory' at cuda_util.cu:978\n"}}
{"op_code":6,"worker_id":"6f99072e-6114-47d3-b12c-26b5151d97cd-139835655196672","trial_id":24,"state":3,"values":null,"datetime_complete":"2026-03-24T04:02:16.979793"}
{"op_code":0,"worker_id":"cfd0c797-5cca-4683-b6f1-b70f859ae244-140666611290112","study_name":"bert_squad_lrtt_bs48_adam_hybrid_nowd_nomom_nonest_set_perfect_notrans_noos_ffn_5ep","directions":[2]}
{"op_code":4,"worker_id":"cfd0c797-5cca-4683-b6f1-b70f859ae244-140666611290112","study_id":0,"datetime_start":null,"state":4,"value":null,"values":null,"distributions":{},"params":{},"user_attrs":{},"system_attrs":{"fixed_params":{"learning_rate":0.003590552293199735,"ab_dw_min":0.001981,"ab_desired_bl":31,"out_noise":0.0,"ab_weight_scaling_omega":0.0,"min_lr_rate":0.0}},"intermediate_values":{}}
{"op_code":6,"worker_id":"cfd0c797-5cca-4683-b6f1-b70f859ae244-140666611290112","trial_id":25,"state":0,"values":null,"datetime_start":"2026-03-24T04:02:27.602389"}
{"op_code":5,"worker_id":"cfd0c797-5cca-4683-b6f1-b70f859ae244-140666611290112","trial_id":25,"param_name":"learning_rate","param_value_internal":0.003590552293199735,"distribution":"{\"name\": \"FloatDistribution\", \"attributes\": {\"step\": null, \"low\": 0.003, \"high\": 0.007, \"log\": true}}"}
{"op_code":5,"worker_id":"cfd0c797-5cca-4683-b6f1-b70f859ae244-140666611290112","trial_id":25,"param_name":"ab_dw_min","param_value_internal":0.001981,"distribution":"{\"name\": \"FloatDistribution\", \"attributes\": {\"step\": null, \"low\": 0.001981, \"high\": 0.001981, \"log\": false}}"}
{"op_code":5,"worker_id":"cfd0c797-5cca-4683-b6f1-b70f859ae244-140666611290112","trial_id":25,"param_name":"ab_desired_bl","param_value_internal":31.0,"distribution":"{\"name\": \"IntDistribution\", \"attributes\": {\"log\": false, \"step\": 1, \"low\": 31, \"high\": 31}}"}
{"op_code":5,"worker_id":"cfd0c797-5cca-4683-b6f1-b70f859ae244-140666611290112","trial_id":25,"param_name":"out_noise","param_value_internal":0.0,"distribution":"{\"name\": \"FloatDistribution\", \"attributes\": {\"step\": null, \"low\": 0.0, \"high\": 0.0, \"log\": false}}"}
{"op_code":5,"worker_id":"cfd0c797-5cca-4683-b6f1-b70f859ae244-140666611290112","trial_id":25,"param_name":"ab_weight_scaling_omega","param_value_internal":0.0,"distribution":"{\"name\": \"FloatDistribution\", \"attributes\": {\"step\": null, \"low\": 0.0, \"high\": 0.0, \"log\": false}}"}
{"op_code":5,"worker_id":"cfd0c797-5cca-4683-b6f1-b70f859ae244-140666611290112","trial_id":25,"param_name":"min_lr_rate","param_value_internal":0.0,"distribution":"{\"name\": \"FloatDistribution\", \"attributes\": {\"step\": null, \"low\": 0.0, \"high\": 0.0, \"log\": false}}"}
{"op_code":8,"worker_id":"cfd0c797-5cca-4683-b6f1-b70f859ae244-140666611290112","trial_id":25,"user_attr":{"grad_accum_steps":8}}
{"op_code":8,"worker_id":"cfd0c797-5cca-4683-b6f1-b70f859ae244-140666611290112","trial_id":25,"user_attr":{"error":"CUDA_CALL Error 'out of memory' at cuda_util.cu:978\n"}}
{"op_code":6,"worker_id":"cfd0c797-5cca-4683-b6f1-b70f859ae244-140666611290112","trial_id":25,"state":3,"values":null,"datetime_complete":"2026-03-24T04:03:11.832438"}
{"op_code":0,"worker_id":"5f1ec2c4-e45f-404a-8e7f-7b46a41af93a-140357052194816","study_name":"bert_squad_lrtt_bs48_adam_hybrid_nowd_nomom_nonest_set_perfect_notrans_noos_ffn_5ep","directions":[2]}
{"op_code":4,"worker_id":"5f1ec2c4-e45f-404a-8e7f-7b46a41af93a-140357052194816","study_id":0,"datetime_start":null,"state":4,"value":null,"values":null,"distributions":{},"params":{},"user_attrs":{},"system_attrs":{"fixed_params":{"learning_rate":0.003590552293199735,"ab_dw_min":0.001981,"ab_desired_bl":31,"out_noise":0.0,"ab_weight_scaling_omega":0.0,"min_lr_rate":0.0}},"intermediate_values":{}}
{"op_code":6,"worker_id":"5f1ec2c4-e45f-404a-8e7f-7b46a41af93a-140357052194816","trial_id":26,"state":0,"values":null,"datetime_start":"2026-03-24T04:03:22.250591"}
{"op_code":5,"worker_id":"5f1ec2c4-e45f-404a-8e7f-7b46a41af93a-140357052194816","trial_id":26,"param_name":"learning_rate","param_value_internal":0.003590552293199735,"distribution":"{\"name\": \"FloatDistribution\", \"attributes\": {\"step\": null, \"low\": 0.003, \"high\": 0.007, \"log\": true}}"}
{"op_code":5,"worker_id":"5f1ec2c4-e45f-404a-8e7f-7b46a41af93a-140357052194816","trial_id":26,"param_name":"ab_dw_min","param_value_internal":0.001981,"distribution":"{\"name\": \"FloatDistribution\", \"attributes\": {\"step\": null, \"low\": 0.001981, \"high\": 0.001981, \"log\": false}}"}
{"op_code":5,"worker_id":"5f1ec2c4-e45f-404a-8e7f-7b46a41af93a-140357052194816","trial_id":26,"param_name":"ab_desired_bl","param_value_internal":31.0,"distribution":"{\"name\": \"IntDistribution\", \"attributes\": {\"log\": false, \"step\": 1, \"low\": 31, \"high\": 31}}"}
{"op_code":5,"worker_id":"5f1ec2c4-e45f-404a-8e7f-7b46a41af93a-140357052194816","trial_id":26,"param_name":"out_noise","param_value_internal":0.0,"distribution":"{\"name\": \"FloatDistribution\", \"attributes\": {\"step\": null, \"low\": 0.0, \"high\": 0.0, \"log\": false}}"}
{"op_code":5,"worker_id":"5f1ec2c4-e45f-404a-8e7f-7b46a41af93a-140357052194816","trial_id":26,"param_name":"ab_weight_scaling_omega","param_value_internal":0.0,"distribution":"{\"name\": \"FloatDistribution\", \"attributes\": {\"step\": null, \"low\": 0.0, \"high\": 0.0, \"log\": false}}"}
{"op_code":5,"worker_id":"5f1ec2c4-e45f-404a-8e7f-7b46a41af93a-140357052194816","trial_id":26,"param_name":"min_lr_rate","param_value_internal":0.0,"distribution":"{\"name\": \"FloatDistribution\", \"attributes\": {\"step\": null, \"low\": 0.0, \"high\": 0.0, \"log\": false}}"}
{"op_code":8,"worker_id":"5f1ec2c4-e45f-404a-8e7f-7b46a41af93a-140357052194816","trial_id":26,"user_attr":{"grad_accum_steps":12}}
{"op_code":8,"worker_id":"5f1ec2c4-e45f-404a-8e7f-7b46a41af93a-140357052194816","trial_id":26,"user_attr":{"error":"CUDA_CALL Error 'out of memory' at cuda_util.cu:978\n"}}
{"op_code":6,"worker_id":"5f1ec2c4-e45f-404a-8e7f-7b46a41af93a-140357052194816","trial_id":26,"state":3,"values":null,"datetime_complete":"2026-03-24T04:04:07.615803"}
{"op_code":0,"worker_id":"c8a17a62-9cc7-4cf0-8485-7d0e49aaa123-140078027689984","study_name":"bert_squad_lrtt_bs48_adam_hybrid_nowd_nomom_nonest_set_perfect_notrans_noos_ffn_5ep","directions":[2]}
{"op_code":4,"worker_id":"c8a17a62-9cc7-4cf0-8485-7d0e49aaa123-140078027689984","study_id":0,"datetime_start":null,"state":4,"value":null,"values":null,"distributions":{},"params":{},"user_attrs":{},"system_attrs":{"fixed_params":{"learning_rate":0.003590552293199735,"ab_dw_min":0.001981,"ab_desired_bl":31,"out_noise":0.0,"ab_weight_scaling_omega":0.0,"min_lr_rate":0.0}},"intermediate_values":{}}
{"op_code":6,"worker_id":"c8a17a62-9cc7-4cf0-8485-7d0e49aaa123-140078027689984","trial_id":27,"state":0,"values":null,"datetime_start":"2026-03-24T04:04:18.206074"}
{"op_code":5,"worker_id":"c8a17a62-9cc7-4cf0-8485-7d0e49aaa123-140078027689984","trial_id":27,"param_name":"learning_rate","param_value_internal":0.003590552293199735,"distribution":"{\"name\": \"FloatDistribution\", \"attributes\": {\"step\": null, \"low\": 0.003, \"high\": 0.007, \"log\": true}}"}
{"op_code":5,"worker_id":"c8a17a62-9cc7-4cf0-8485-7d0e49aaa123-140078027689984","trial_id":27,"param_name":"ab_dw_min","param_value_internal":0.001981,"distribution":"{\"name\": \"FloatDistribution\", \"attributes\": {\"step\": null, \"low\": 0.001981, \"high\": 0.001981, \"log\": false}}"}
{"op_code":5,"worker_id":"c8a17a62-9cc7-4cf0-8485-7d0e49aaa123-140078027689984","trial_id":27,"param_name":"ab_desired_bl","param_value_internal":31.0,"distribution":"{\"name\": \"IntDistribution\", \"attributes\": {\"log\": false, \"step\": 1, \"low\": 31, \"high\": 31}}"}
{"op_code":5,"worker_id":"c8a17a62-9cc7-4cf0-8485-7d0e49aaa123-140078027689984","trial_id":27,"param_name":"out_noise","param_value_internal":0.0,"distribution":"{\"name\": \"FloatDistribution\", \"attributes\": {\"step\": null, \"low\": 0.0, \"high\": 0.0, \"log\": false}}"}
{"op_code":5,"worker_id":"c8a17a62-9cc7-4cf0-8485-7d0e49aaa123-140078027689984","trial_id":27,"param_name":"ab_weight_scaling_omega","param_value_internal":0.0,"distribution":"{\"name\": \"FloatDistribution\", \"attributes\": {\"step\": null, \"low\": 0.0, \"high\": 0.0, \"log\": false}}"}
{"op_code":5,"worker_id":"c8a17a62-9cc7-4cf0-8485-7d0e49aaa123-140078027689984","trial_id":27,"param_name":"min_lr_rate","param_value_internal":0.0,"distribution":"{\"name\": \"FloatDistribution\", \"attributes\": {\"step\": null, \"low\": 0.0, \"high\": 0.0, \"log\": false}}"}
{"op_code":8,"worker_id":"c8a17a62-9cc7-4cf0-8485-7d0e49aaa123-140078027689984","trial_id":27,"user_attr":{"grad_accum_steps":16}}
{"op_code":8,"worker_id":"c8a17a62-9cc7-4cf0-8485-7d0e49aaa123-140078027689984","trial_id":27,"user_attr":{"error":"CUDA_CALL Error 'out of memory' at cuda_util.cu:978\n"}}
{"op_code":6,"worker_id":"c8a17a62-9cc7-4cf0-8485-7d0e49aaa123-140078027689984","trial_id":27,"state":3,"values":null,"datetime_complete":"2026-03-24T04:05:08.555280"}
{"op_code":0,"worker_id":"856b6a3d-6eb1-4bfe-ba4f-228f4512500e-140493235589120","study_name":"bert_squad_lrtt_bs48_adam_hybrid_nowd_nomom_nonest_set_perfect_notrans_noos_ffn_5ep","directions":[2]}
{"op_code":4,"worker_id":"856b6a3d-6eb1-4bfe-ba4f-228f4512500e-140493235589120","study_id":0,"datetime_start":null,"state":4,"value":null,"values":null,"distributions":{},"params":{},"user_attrs":{},"system_attrs":{"fixed_params":{"learning_rate":0.003590552293199735,"ab_dw_min":0.001981,"ab_desired_bl":31,"out_noise":0.0,"ab_weight_scaling_omega":0.0,"min_lr_rate":0.0}},"intermediate_values":{}}
{"op_code":6,"worker_id":"856b6a3d-6eb1-4bfe-ba4f-228f4512500e-140493235589120","trial_id":28,"state":0,"values":null,"datetime_start":"2026-03-24T04:05:18.987454"}
{"op_code":5,"worker_id":"856b6a3d-6eb1-4bfe-ba4f-228f4512500e-140493235589120","trial_id":28,"param_name":"learning_rate","param_value_internal":0.003590552293199735,"distribution":"{\"name\": \"FloatDistribution\", \"attributes\": {\"step\": null, \"low\": 0.003, \"high\": 0.007, \"log\": true}}"}
{"op_code":5,"worker_id":"856b6a3d-6eb1-4bfe-ba4f-228f4512500e-140493235589120","trial_id":28,"param_name":"ab_dw_min","param_value_internal":0.001981,"distribution":"{\"name\": \"FloatDistribution\", \"attributes\": {\"step\": null, \"low\": 0.001981, \"high\": 0.001981, \"log\": false}}"}
{"op_code":5,"worker_id":"856b6a3d-6eb1-4bfe-ba4f-228f4512500e-140493235589120","trial_id":28,"param_name":"ab_desired_bl","param_value_internal":31.0,"distribution":"{\"name\": \"IntDistribution\", \"attributes\": {\"log\": false, \"step\": 1, \"low\": 31, \"high\": 31}}"}
{"op_code":5,"worker_id":"856b6a3d-6eb1-4bfe-ba4f-228f4512500e-140493235589120","trial_id":28,"param_name":"out_noise","param_value_internal":0.0,"distribution":"{\"name\": \"FloatDistribution\", \"attributes\": {\"step\": null, \"low\": 0.0, \"high\": 0.0, \"log\": false}}"}
{"op_code":5,"worker_id":"856b6a3d-6eb1-4bfe-ba4f-228f4512500e-140493235589120","trial_id":28,"param_name":"ab_weight_scaling_omega","param_value_internal":0.0,"distribution":"{\"name\": \"FloatDistribution\", \"attributes\": {\"step\": null, \"low\": 0.0, \"high\": 0.0, \"log\": false}}"}
{"op_code":5,"worker_id":"856b6a3d-6eb1-4bfe-ba4f-228f4512500e-140493235589120","trial_id":28,"param_name":"min_lr_rate","param_value_internal":0.0,"distribution":"{\"name\": \"FloatDistribution\", \"attributes\": {\"step\": null, \"low\": 0.0, \"high\": 0.0, \"log\": false}}"}
{"op_code":8,"worker_id":"856b6a3d-6eb1-4bfe-ba4f-228f4512500e-140493235589120","trial_id":28,"user_attr":{"grad_accum_steps":24}}
{"op_code":8,"worker_id":"856b6a3d-6eb1-4bfe-ba4f-228f4512500e-140493235589120","trial_id":28,"user_attr":{"error":"NVML_SUCCESS == r INTERNAL ASSERT FAILED at \"../c10/cuda/CUDACachingAllocator.cpp\":844, please report a bug to PyTorch. "}}
{"op_code":6,"worker_id":"856b6a3d-6eb1-4bfe-ba4f-228f4512500e-140493235589120","trial_id":28,"state":3,"values":null,"datetime_complete":"2026-03-24T06:46:29.074194"}
{"op_code":0,"worker_id":"a61a27f3-b798-4c71-90a8-6ae50289dc35-139873037840384","study_name":"bert_squad_lrtt_bs48_adam_hybrid_nowd_nomom_nonest_set_perfect_notrans_noos_ffn_5ep","directions":[2]}
{"op_code":4,"worker_id":"a61a27f3-b798-4c71-90a8-6ae50289dc35-139873037840384","study_id":0,"datetime_start":null,"state":4,"value":null,"values":null,"distributions":{},"params":{},"user_attrs":{},"system_attrs":{"fixed_params":{"learning_rate":0.003590552293199735,"ab_dw_min":0.001981,"ab_desired_bl":31,"out_noise":0.0,"ab_weight_scaling_omega":0.0,"min_lr_rate":0.0}},"intermediate_values":{}}
{"op_code":6,"worker_id":"a61a27f3-b798-4c71-90a8-6ae50289dc35-139873037840384","trial_id":29,"state":0,"values":null,"datetime_start":"2026-03-24T06:46:39.332539"}
{"op_code":5,"worker_id":"a61a27f3-b798-4c71-90a8-6ae50289dc35-139873037840384","trial_id":29,"param_name":"learning_rate","param_value_internal":0.003590552293199735,"distribution":"{\"name\": \"FloatDistribution\", \"attributes\": {\"step\": null, \"low\": 0.003, \"high\": 0.007, \"log\": true}}"}
{"op_code":5,"worker_id":"a61a27f3-b798-4c71-90a8-6ae50289dc35-139873037840384","trial_id":29,"param_name":"ab_dw_min","param_value_internal":0.001981,"distribution":"{\"name\": \"FloatDistribution\", \"attributes\": {\"step\": null, \"low\": 0.001981, \"high\": 0.001981, \"log\": false}}"}
{"op_code":5,"worker_id":"a61a27f3-b798-4c71-90a8-6ae50289dc35-139873037840384","trial_id":29,"param_name":"ab_desired_bl","param_value_internal":31.0,"distribution":"{\"name\": \"IntDistribution\", \"attributes\": {\"log\": false, \"step\": 1, \"low\": 31, \"high\": 31}}"}
{"op_code":5,"worker_id":"a61a27f3-b798-4c71-90a8-6ae50289dc35-139873037840384","trial_id":29,"param_name":"out_noise","param_value_internal":0.0,"distribution":"{\"name\": \"FloatDistribution\", \"attributes\": {\"step\": null, \"low\": 0.0, \"high\": 0.0, \"log\": false}}"}
{"op_code":5,"worker_id":"a61a27f3-b798-4c71-90a8-6ae50289dc35-139873037840384","trial_id":29,"param_name":"ab_weight_scaling_omega","param_value_internal":0.0,"distribution":"{\"name\": \"FloatDistribution\", \"attributes\": {\"step\": null, \"low\": 0.0, \"high\": 0.0, \"log\": false}}"}
{"op_code":5,"worker_id":"a61a27f3-b798-4c71-90a8-6ae50289dc35-139873037840384","trial_id":29,"param_name":"min_lr_rate","param_value_internal":0.0,"distribution":"{\"name\": \"FloatDistribution\", \"attributes\": {\"step\": null, \"low\": 0.0, \"high\": 0.0, \"log\": false}}"}
{"op_code":8,"worker_id":"a61a27f3-b798-4c71-90a8-6ae50289dc35-139873037840384","trial_id":29,"user_attr":{"grad_accum_steps":48}}
{"op_code":7,"worker_id":"a61a27f3-b798-4c71-90a8-6ae50289dc35-139873037840384","trial_id":29,"step":1,"intermediate_value":75.22410272600538}
{"op_code":8,"worker_id":"a61a27f3-b798-4c71-90a8-6ae50289dc35-139873037840384","trial_id":29,"user_attr":{"train_loss_epoch_1":2.104150894403219}}
{"op_code":7,"worker_id":"a61a27f3-b798-4c71-90a8-6ae50289dc35-139873037840384","trial_id":29,"step":2,"intermediate_value":76.7939318932294}
{"op_code":8,"worker_id":"a61a27f3-b798-4c71-90a8-6ae50289dc35-139873037840384","trial_id":29,"user_attr":{"train_loss_epoch_2":1.6093161262915816}}
{"op_code":7,"worker_id":"a61a27f3-b798-4c71-90a8-6ae50289dc35-139873037840384","trial_id":29,"step":3,"intermediate_value":77.89893580982944}
{"op_code":8,"worker_id":"a61a27f3-b798-4c71-90a8-6ae50289dc35-139873037840384","trial_id":29,"user_attr":{"train_loss_epoch_3":1.5314087777276586}}
{"op_code":7,"worker_id":"a61a27f3-b798-4c71-90a8-6ae50289dc35-139873037840384","trial_id":29,"step":4,"intermediate_value":78.96132700023973}
{"op_code":8,"worker_id":"a61a27f3-b798-4c71-90a8-6ae50289dc35-139873037840384","trial_id":29,"user_attr":{"train_loss_epoch_4":1.4805383231840992}}
{"op_code":7,"worker_id":"a61a27f3-b798-4c71-90a8-6ae50289dc35-139873037840384","trial_id":29,"step":5,"intermediate_value":79.24051974181525}
{"op_code":8,"worker_id":"a61a27f3-b798-4c71-90a8-6ae50289dc35-139873037840384","trial_id":29,"user_attr":{"train_loss_epoch_5":1.4408684407903871}}
{"op_code":6,"worker_id":"a61a27f3-b798-4c71-90a8-6ae50289dc35-139873037840384","trial_id":29,"state":1,"values":[79.24051974181525],"datetime_complete":"2026-03-25T08:35:01.081538"}
{"op_code":0,"worker_id":"96b94f3f-ab0d-451f-a74c-14ea3c04cca3-139703563538432","study_name":"bert_squad_lrtt_bs48_adam_hybrid_nowd_nomom_nonest_set_perfect_notrans_noos_ffn_5ep","directions":[2]}
{"op_code":4,"worker_id":"96b94f3f-ab0d-451f-a74c-14ea3c04cca3-139703563538432","study_id":0,"datetime_start":"2026-03-25T08:35:12.125508"}
{"op_code":5,"worker_id":"96b94f3f-ab0d-451f-a74c-14ea3c04cca3-139703563538432","trial_id":30,"param_name":"learning_rate","param_value_internal":0.006876550604435667,"distribution":"{\"name\": \"FloatDistribution\", \"attributes\": {\"step\": null, \"low\": 0.003, \"high\": 0.007, \"log\": true}}"}
{"op_code":5,"worker_id":"96b94f3f-ab0d-451f-a74c-14ea3c04cca3-139703563538432","trial_id":30,"param_name":"ab_dw_min","param_value_internal":0.001981,"distribution":"{\"name\": \"FloatDistribution\", \"attributes\": {\"step\": null, \"low\": 0.001981, \"high\": 0.001981, \"log\": false}}"}
{"op_code":5,"worker_id":"96b94f3f-ab0d-451f-a74c-14ea3c04cca3-139703563538432","trial_id":30,"param_name":"ab_desired_bl","param_value_internal":31.0,"distribution":"{\"name\": \"IntDistribution\", \"attributes\": {\"log\": false, \"step\": 1, \"low\": 31, \"high\": 31}}"}
{"op_code":5,"worker_id":"96b94f3f-ab0d-451f-a74c-14ea3c04cca3-139703563538432","trial_id":30,"param_name":"out_noise","param_value_internal":0.0,"distribution":"{\"name\": \"FloatDistribution\", \"attributes\": {\"step\": null, \"low\": 0.0, \"high\": 0.0, \"log\": false}}"}
{"op_code":5,"worker_id":"96b94f3f-ab0d-451f-a74c-14ea3c04cca3-139703563538432","trial_id":30,"param_name":"ab_weight_scaling_omega","param_value_internal":0.0,"distribution":"{\"name\": \"FloatDistribution\", \"attributes\": {\"step\": null, \"low\": 0.0, \"high\": 0.0, \"log\": false}}"}
{"op_code":5,"worker_id":"96b94f3f-ab0d-451f-a74c-14ea3c04cca3-139703563538432","trial_id":30,"param_name":"min_lr_rate","param_value_internal":0.0,"distribution":"{\"name\": \"FloatDistribution\", \"attributes\": {\"step\": null, \"low\": 0.0, \"high\": 0.0, \"log\": false}}"}
{"op_code":8,"worker_id":"96b94f3f-ab0d-451f-a74c-14ea3c04cca3-139703563538432","trial_id":30,"user_attr":{"grad_accum_steps":1}}
{"op_code":6,"worker_id":"96b94f3f-ab0d-451f-a74c-14ea3c04cca3-139703563538432","trial_id":30,"state":3,"values":null,"datetime_complete":"2026-03-25T14:06:32.313198"}
