{"op_code": 0, "worker_id": "519c33c4-5f33-453f-9d94-5a7bd1d3ed05-140083897909248", "study_name": "bert_squad_lrtt_bs48_adam_decay_nowd_nomom_nonest_set_ideal_cideal_fwinj_perfect_noos_fica_ffn_5ep", "directions": [2]}
{"op_code": 4, "worker_id": "519c33c4-5f33-453f-9d94-5a7bd1d3ed05-140083897909248", "study_id": 0, "datetime_start": ""}
{"op_code": 5, "worker_id": "519c33c4-5f33-453f-9d94-5a7bd1d3ed05-140083897909248", "trial_id": 0, "param_name": "learning_rate", "param_value_internal": 6.392350945063544e-05, "distribution": ""}
{"op_code": 5, "worker_id": "519c33c4-5f33-453f-9d94-5a7bd1d3ed05-140083897909248", "trial_id": 0, "param_name": "transfer_lr", "param_value_internal": 9.16373735472723, "distribution": ""}
{"op_code": 5, "worker_id": "519c33c4-5f33-453f-9d94-5a7bd1d3ed05-140083897909248", "trial_id": 0, "param_name": "transfer_every", "param_value_internal": 2, "distribution": ""}
{"op_code": 5, "worker_id": "519c33c4-5f33-453f-9d94-5a7bd1d3ed05-140083897909248", "trial_id": 0, "param_name": "rank_exp", "param_value_internal": 2, "distribution": ""}
{"op_code": 5, "worker_id": "519c33c4-5f33-453f-9d94-5a7bd1d3ed05-140083897909248", "trial_id": 0, "param_name": "fast_lr", "param_value_internal": 0.04943082653598049, "distribution": ""}
{"op_code": 5, "worker_id": "519c33c4-5f33-453f-9d94-5a7bd1d3ed05-140083897909248", "trial_id": 0, "param_name": "tau_sec", "param_value_internal": 0.0, "distribution": ""}
{"op_code": 5, "worker_id": "519c33c4-5f33-453f-9d94-5a7bd1d3ed05-140083897909248", "trial_id": 0, "param_name": "ab_dw_min", "param_value_internal": 0.001981, "distribution": ""}
{"op_code": 5, "worker_id": "519c33c4-5f33-453f-9d94-5a7bd1d3ed05-140083897909248", "trial_id": 0, "param_name": "ab_desired_bl", "param_value_internal": 31, "distribution": ""}
{"op_code": 5, "worker_id": "519c33c4-5f33-453f-9d94-5a7bd1d3ed05-140083897909248", "trial_id": 0, "param_name": "out_noise", "param_value_internal": 0.0, "distribution": ""}
{"op_code": 5, "worker_id": "519c33c4-5f33-453f-9d94-5a7bd1d3ed05-140083897909248", "trial_id": 0, "param_name": "ab_weight_scaling_omega", "param_value_internal": 0.0, "distribution": ""}
{"op_code": 5, "worker_id": "519c33c4-5f33-453f-9d94-5a7bd1d3ed05-140083897909248", "trial_id": 0, "param_name": "min_lr_rate", "param_value_internal": 0.0, "distribution": ""}
{"op_code": 6, "worker_id": "519c33c4-5f33-453f-9d94-5a7bd1d3ed05-140083897909248", "trial_id": 0, "state": 4, "values": null, "datetime_complete": ""}
{"op_code": 4, "worker_id": "519c33c4-5f33-453f-9d94-5a7bd1d3ed05-140083897909248", "study_id": 0, "datetime_start": ""}
{"op_code": 5, "worker_id": "519c33c4-5f33-453f-9d94-5a7bd1d3ed05-140083897909248", "trial_id": 1, "param_name": "learning_rate", "param_value_internal": 0.000369738428884514, "distribution": ""}
{"op_code": 5, "worker_id": "519c33c4-5f33-453f-9d94-5a7bd1d3ed05-140083897909248", "trial_id": 1, "param_name": "transfer_lr", "param_value_internal": 1365.6599890790953, "distribution": ""}
{"op_code": 5, "worker_id": "519c33c4-5f33-453f-9d94-5a7bd1d3ed05-140083897909248", "trial_id": 1, "param_name": "transfer_every", "param_value_internal": 1, "distribution": ""}
{"op_code": 5, "worker_id": "519c33c4-5f33-453f-9d94-5a7bd1d3ed05-140083897909248", "trial_id": 1, "param_name": "rank_exp", "param_value_internal": 1, "distribution": ""}
{"op_code": 5, "worker_id": "519c33c4-5f33-453f-9d94-5a7bd1d3ed05-140083897909248", "trial_id": 1, "param_name": "fast_lr", "param_value_internal": 0.14982601532795567, "distribution": ""}
{"op_code": 5, "worker_id": "519c33c4-5f33-453f-9d94-5a7bd1d3ed05-140083897909248", "trial_id": 1, "param_name": "tau_sec", "param_value_internal": 0.0, "distribution": ""}
{"op_code": 5, "worker_id": "519c33c4-5f33-453f-9d94-5a7bd1d3ed05-140083897909248", "trial_id": 1, "param_name": "ab_dw_min", "param_value_internal": 0.001981, "distribution": ""}
{"op_code": 5, "worker_id": "519c33c4-5f33-453f-9d94-5a7bd1d3ed05-140083897909248", "trial_id": 1, "param_name": "ab_desired_bl", "param_value_internal": 31, "distribution": ""}
{"op_code": 5, "worker_id": "519c33c4-5f33-453f-9d94-5a7bd1d3ed05-140083897909248", "trial_id": 1, "param_name": "out_noise", "param_value_internal": 0.0, "distribution": ""}
{"op_code": 5, "worker_id": "519c33c4-5f33-453f-9d94-5a7bd1d3ed05-140083897909248", "trial_id": 1, "param_name": "ab_weight_scaling_omega", "param_value_internal": 0.0, "distribution": ""}
{"op_code": 5, "worker_id": "519c33c4-5f33-453f-9d94-5a7bd1d3ed05-140083897909248", "trial_id": 1, "param_name": "min_lr_rate", "param_value_internal": 0.0, "distribution": ""}
{"op_code": 6, "worker_id": "519c33c4-5f33-453f-9d94-5a7bd1d3ed05-140083897909248", "trial_id": 1, "state": 4, "values": null, "datetime_complete": ""}
