{"op_code":0,"worker_id":"f6e5170e-9ff6-4010-b114-54f420aa42bb-140702178664448","study_name":"bert_squad_lrtt_bs48_adam_hybrid_nowd_nomom_nonest_set_ideal_cideal_fwinj_perfect_noos_fica_ffn_5ep","directions":[2]}
{"op_code":4,"worker_id":"f6e5170e-9ff6-4010-b114-54f420aa42bb-140702178664448","study_id":0,"datetime_start":"2026-03-21T19:13:04.038269"}
{"op_code":5,"worker_id":"f6e5170e-9ff6-4010-b114-54f420aa42bb-140702178664448","trial_id":0,"param_name":"learning_rate","param_value_internal":0.0009323557920105487,"distribution":"{\"name\": \"FloatDistribution\", \"attributes\": {\"step\": null, \"low\": 1e-05, \"high\": 0.005, \"log\": true}}"}
{"op_code":5,"worker_id":"f6e5170e-9ff6-4010-b114-54f420aa42bb-140702178664448","trial_id":0,"param_name":"transfer_lr","param_value_internal":112.71647315002943,"distribution":"{\"name\": \"FloatDistribution\", \"attributes\": {\"step\": null, \"low\": 90.0, \"high\": 300000.0, \"log\": true}}"}
{"op_code":5,"worker_id":"f6e5170e-9ff6-4010-b114-54f420aa42bb-140702178664448","trial_id":0,"param_name":"transfer_every","param_value_internal":4.0,"distribution":"{\"name\": \"IntDistribution\", \"attributes\": {\"log\": true, \"step\": 1, \"low\": 1, \"high\": 500}}"}
{"op_code":5,"worker_id":"f6e5170e-9ff6-4010-b114-54f420aa42bb-140702178664448","trial_id":0,"param_name":"rank_exp","param_value_internal":5.0,"distribution":"{\"name\": \"IntDistribution\", \"attributes\": {\"log\": false, \"step\": 1, \"low\": 5, \"high\": 5}}"}
{"op_code":5,"worker_id":"f6e5170e-9ff6-4010-b114-54f420aa42bb-140702178664448","trial_id":0,"param_name":"fast_lr","param_value_internal":0.10364774886677937,"distribution":"{\"name\": \"FloatDistribution\", \"attributes\": {\"step\": null, \"low\": 0.02, \"high\": 0.9, \"log\": true}}"}
{"op_code":5,"worker_id":"f6e5170e-9ff6-4010-b114-54f420aa42bb-140702178664448","trial_id":0,"param_name":"tau_sec","param_value_internal":0.0,"distribution":"{\"name\": \"FloatDistribution\", \"attributes\": {\"step\": null, \"low\": 0.0, \"high\": 0.0, \"log\": false}}"}
{"op_code":5,"worker_id":"f6e5170e-9ff6-4010-b114-54f420aa42bb-140702178664448","trial_id":0,"param_name":"ab_dw_min","param_value_internal":0.001981,"distribution":"{\"name\": \"FloatDistribution\", \"attributes\": {\"step\": null, \"low\": 0.001981, \"high\": 0.001981, \"log\": false}}"}
{"op_code":5,"worker_id":"f6e5170e-9ff6-4010-b114-54f420aa42bb-140702178664448","trial_id":0,"param_name":"ab_desired_bl","param_value_internal":31.0,"distribution":"{\"name\": \"IntDistribution\", \"attributes\": {\"log\": false, \"step\": 1, \"low\": 31, \"high\": 31}}"}
{"op_code":5,"worker_id":"f6e5170e-9ff6-4010-b114-54f420aa42bb-140702178664448","trial_id":0,"param_name":"out_noise","param_value_internal":0.0,"distribution":"{\"name\": \"FloatDistribution\", \"attributes\": {\"step\": null, \"low\": 0.0, \"high\": 0.0, \"log\": false}}"}
{"op_code":5,"worker_id":"f6e5170e-9ff6-4010-b114-54f420aa42bb-140702178664448","trial_id":0,"param_name":"ab_weight_scaling_omega","param_value_internal":0.0,"distribution":"{\"name\": \"FloatDistribution\", \"attributes\": {\"step\": null, \"low\": 0.0, \"high\": 0.0, \"log\": false}}"}
{"op_code":5,"worker_id":"f6e5170e-9ff6-4010-b114-54f420aa42bb-140702178664448","trial_id":0,"param_name":"min_lr_rate","param_value_internal":0.0,"distribution":"{\"name\": \"FloatDistribution\", \"attributes\": {\"step\": null, \"low\": 0.0, \"high\": 0.0, \"log\": false}}"}
{"op_code":8,"worker_id":"f6e5170e-9ff6-4010-b114-54f420aa42bb-140702178664448","trial_id":0,"user_attr":{"grad_accum_steps":1}}
{"op_code":8,"worker_id":"f6e5170e-9ff6-4010-b114-54f420aa42bb-140702178664448","trial_id":0,"user_attr":{"error":"NVML_SUCCESS == r INTERNAL ASSERT FAILED at \"../c10/cuda/CUDACachingAllocator.cpp\":844, please report a bug to PyTorch. "}}
{"op_code":6,"worker_id":"f6e5170e-9ff6-4010-b114-54f420aa42bb-140702178664448","trial_id":0,"state":3,"values":null,"datetime_complete":"2026-03-21T19:16:59.133550"}
{"op_code":0,"worker_id":"2a84239f-0a22-4977-8f06-590596f2072c-139761424867328","study_name":"bert_squad_lrtt_bs48_adam_hybrid_nowd_nomom_nonest_set_ideal_cideal_fwinj_perfect_noos_fica_ffn_5ep","directions":[2]}
{"op_code":4,"worker_id":"2a84239f-0a22-4977-8f06-590596f2072c-139761424867328","study_id":0,"datetime_start":null,"state":4,"value":null,"values":null,"distributions":{},"params":{},"user_attrs":{},"system_attrs":{"fixed_params":{"learning_rate":0.0009323557920105487,"transfer_lr":112.71647315002943,"transfer_every":4,"rank_exp":5,"fast_lr":0.10364774886677937,"tau_sec":0.0,"ab_dw_min":0.001981,"ab_desired_bl":31,"out_noise":0.0,"ab_weight_scaling_omega":0.0,"min_lr_rate":0.0}},"intermediate_values":{}}
{"op_code":6,"worker_id":"2a84239f-0a22-4977-8f06-590596f2072c-139761424867328","trial_id":1,"state":0,"values":null,"datetime_start":"2026-03-21T19:17:09.362632"}
{"op_code":5,"worker_id":"2a84239f-0a22-4977-8f06-590596f2072c-139761424867328","trial_id":1,"param_name":"learning_rate","param_value_internal":0.0009323557920105487,"distribution":"{\"name\": \"FloatDistribution\", \"attributes\": {\"step\": null, \"low\": 1e-05, \"high\": 0.005, \"log\": true}}"}
{"op_code":5,"worker_id":"2a84239f-0a22-4977-8f06-590596f2072c-139761424867328","trial_id":1,"param_name":"transfer_lr","param_value_internal":112.71647315002943,"distribution":"{\"name\": \"FloatDistribution\", \"attributes\": {\"step\": null, \"low\": 90.0, \"high\": 300000.0, \"log\": true}}"}
{"op_code":5,"worker_id":"2a84239f-0a22-4977-8f06-590596f2072c-139761424867328","trial_id":1,"param_name":"transfer_every","param_value_internal":4.0,"distribution":"{\"name\": \"IntDistribution\", \"attributes\": {\"log\": true, \"step\": 1, \"low\": 1, \"high\": 500}}"}
{"op_code":5,"worker_id":"2a84239f-0a22-4977-8f06-590596f2072c-139761424867328","trial_id":1,"param_name":"rank_exp","param_value_internal":5.0,"distribution":"{\"name\": \"IntDistribution\", \"attributes\": {\"log\": false, \"step\": 1, \"low\": 5, \"high\": 5}}"}
{"op_code":5,"worker_id":"2a84239f-0a22-4977-8f06-590596f2072c-139761424867328","trial_id":1,"param_name":"fast_lr","param_value_internal":0.10364774886677937,"distribution":"{\"name\": \"FloatDistribution\", \"attributes\": {\"step\": null, \"low\": 0.02, \"high\": 0.9, \"log\": true}}"}
{"op_code":5,"worker_id":"2a84239f-0a22-4977-8f06-590596f2072c-139761424867328","trial_id":1,"param_name":"tau_sec","param_value_internal":0.0,"distribution":"{\"name\": \"FloatDistribution\", \"attributes\": {\"step\": null, \"low\": 0.0, \"high\": 0.0, \"log\": false}}"}
{"op_code":5,"worker_id":"2a84239f-0a22-4977-8f06-590596f2072c-139761424867328","trial_id":1,"param_name":"ab_dw_min","param_value_internal":0.001981,"distribution":"{\"name\": \"FloatDistribution\", \"attributes\": {\"step\": null, \"low\": 0.001981, \"high\": 0.001981, \"log\": false}}"}
{"op_code":5,"worker_id":"2a84239f-0a22-4977-8f06-590596f2072c-139761424867328","trial_id":1,"param_name":"ab_desired_bl","param_value_internal":31.0,"distribution":"{\"name\": \"IntDistribution\", \"attributes\": {\"log\": false, \"step\": 1, \"low\": 31, \"high\": 31}}"}
{"op_code":5,"worker_id":"2a84239f-0a22-4977-8f06-590596f2072c-139761424867328","trial_id":1,"param_name":"out_noise","param_value_internal":0.0,"distribution":"{\"name\": \"FloatDistribution\", \"attributes\": {\"step\": null, \"low\": 0.0, \"high\": 0.0, \"log\": false}}"}
{"op_code":5,"worker_id":"2a84239f-0a22-4977-8f06-590596f2072c-139761424867328","trial_id":1,"param_name":"ab_weight_scaling_omega","param_value_internal":0.0,"distribution":"{\"name\": \"FloatDistribution\", \"attributes\": {\"step\": null, \"low\": 0.0, \"high\": 0.0, \"log\": false}}"}
{"op_code":5,"worker_id":"2a84239f-0a22-4977-8f06-590596f2072c-139761424867328","trial_id":1,"param_name":"min_lr_rate","param_value_internal":0.0,"distribution":"{\"name\": \"FloatDistribution\", \"attributes\": {\"step\": null, \"low\": 0.0, \"high\": 0.0, \"log\": false}}"}
{"op_code":8,"worker_id":"2a84239f-0a22-4977-8f06-590596f2072c-139761424867328","trial_id":1,"user_attr":{"grad_accum_steps":2}}
{"op_code":8,"worker_id":"2a84239f-0a22-4977-8f06-590596f2072c-139761424867328","trial_id":1,"user_attr":{"error":"NVML_SUCCESS == r INTERNAL ASSERT FAILED at \"../c10/cuda/CUDACachingAllocator.cpp\":844, please report a bug to PyTorch. "}}
{"op_code":6,"worker_id":"2a84239f-0a22-4977-8f06-590596f2072c-139761424867328","trial_id":1,"state":3,"values":null,"datetime_complete":"2026-03-21T19:21:24.353447"}
{"op_code":0,"worker_id":"584786c3-d75b-4571-96d1-c51a2a9b40b5-139861537042432","study_name":"bert_squad_lrtt_bs48_adam_hybrid_nowd_nomom_nonest_set_ideal_cideal_fwinj_perfect_noos_fica_ffn_5ep","directions":[2]}
{"op_code":4,"worker_id":"584786c3-d75b-4571-96d1-c51a2a9b40b5-139861537042432","study_id":0,"datetime_start":null,"state":4,"value":null,"values":null,"distributions":{},"params":{},"user_attrs":{},"system_attrs":{"fixed_params":{"learning_rate":0.0009323557920105487,"transfer_lr":112.71647315002943,"transfer_every":4,"rank_exp":5,"fast_lr":0.10364774886677937,"tau_sec":0.0,"ab_dw_min":0.001981,"ab_desired_bl":31,"out_noise":0.0,"ab_weight_scaling_omega":0.0,"min_lr_rate":0.0}},"intermediate_values":{}}
{"op_code":6,"worker_id":"584786c3-d75b-4571-96d1-c51a2a9b40b5-139861537042432","trial_id":2,"state":0,"values":null,"datetime_start":"2026-03-21T19:21:34.695142"}
{"op_code":5,"worker_id":"584786c3-d75b-4571-96d1-c51a2a9b40b5-139861537042432","trial_id":2,"param_name":"learning_rate","param_value_internal":0.0009323557920105487,"distribution":"{\"name\": \"FloatDistribution\", \"attributes\": {\"step\": null, \"low\": 1e-05, \"high\": 0.005, \"log\": true}}"}
{"op_code":5,"worker_id":"584786c3-d75b-4571-96d1-c51a2a9b40b5-139861537042432","trial_id":2,"param_name":"transfer_lr","param_value_internal":112.71647315002943,"distribution":"{\"name\": \"FloatDistribution\", \"attributes\": {\"step\": null, \"low\": 90.0, \"high\": 300000.0, \"log\": true}}"}
{"op_code":5,"worker_id":"584786c3-d75b-4571-96d1-c51a2a9b40b5-139861537042432","trial_id":2,"param_name":"transfer_every","param_value_internal":4.0,"distribution":"{\"name\": \"IntDistribution\", \"attributes\": {\"log\": true, \"step\": 1, \"low\": 1, \"high\": 500}}"}
{"op_code":5,"worker_id":"584786c3-d75b-4571-96d1-c51a2a9b40b5-139861537042432","trial_id":2,"param_name":"rank_exp","param_value_internal":5.0,"distribution":"{\"name\": \"IntDistribution\", \"attributes\": {\"log\": false, \"step\": 1, \"low\": 5, \"high\": 5}}"}
{"op_code":5,"worker_id":"584786c3-d75b-4571-96d1-c51a2a9b40b5-139861537042432","trial_id":2,"param_name":"fast_lr","param_value_internal":0.10364774886677937,"distribution":"{\"name\": \"FloatDistribution\", \"attributes\": {\"step\": null, \"low\": 0.02, \"high\": 0.9, \"log\": true}}"}
{"op_code":5,"worker_id":"584786c3-d75b-4571-96d1-c51a2a9b40b5-139861537042432","trial_id":2,"param_name":"tau_sec","param_value_internal":0.0,"distribution":"{\"name\": \"FloatDistribution\", \"attributes\": {\"step\": null, \"low\": 0.0, \"high\": 0.0, \"log\": false}}"}
{"op_code":5,"worker_id":"584786c3-d75b-4571-96d1-c51a2a9b40b5-139861537042432","trial_id":2,"param_name":"ab_dw_min","param_value_internal":0.001981,"distribution":"{\"name\": \"FloatDistribution\", \"attributes\": {\"step\": null, \"low\": 0.001981, \"high\": 0.001981, \"log\": false}}"}
{"op_code":5,"worker_id":"584786c3-d75b-4571-96d1-c51a2a9b40b5-139861537042432","trial_id":2,"param_name":"ab_desired_bl","param_value_internal":31.0,"distribution":"{\"name\": \"IntDistribution\", \"attributes\": {\"log\": false, \"step\": 1, \"low\": 31, \"high\": 31}}"}
{"op_code":5,"worker_id":"584786c3-d75b-4571-96d1-c51a2a9b40b5-139861537042432","trial_id":2,"param_name":"out_noise","param_value_internal":0.0,"distribution":"{\"name\": \"FloatDistribution\", \"attributes\": {\"step\": null, \"low\": 0.0, \"high\": 0.0, \"log\": false}}"}
{"op_code":5,"worker_id":"584786c3-d75b-4571-96d1-c51a2a9b40b5-139861537042432","trial_id":2,"param_name":"ab_weight_scaling_omega","param_value_internal":0.0,"distribution":"{\"name\": \"FloatDistribution\", \"attributes\": {\"step\": null, \"low\": 0.0, \"high\": 0.0, \"log\": false}}"}
{"op_code":5,"worker_id":"584786c3-d75b-4571-96d1-c51a2a9b40b5-139861537042432","trial_id":2,"param_name":"min_lr_rate","param_value_internal":0.0,"distribution":"{\"name\": \"FloatDistribution\", \"attributes\": {\"step\": null, \"low\": 0.0, \"high\": 0.0, \"log\": false}}"}
{"op_code":8,"worker_id":"584786c3-d75b-4571-96d1-c51a2a9b40b5-139861537042432","trial_id":2,"user_attr":{"grad_accum_steps":3}}
{"op_code":8,"worker_id":"584786c3-d75b-4571-96d1-c51a2a9b40b5-139861537042432","trial_id":2,"user_attr":{"error":"NVML_SUCCESS == r INTERNAL ASSERT FAILED at \"../c10/cuda/CUDACachingAllocator.cpp\":844, please report a bug to PyTorch. "}}
{"op_code":6,"worker_id":"584786c3-d75b-4571-96d1-c51a2a9b40b5-139861537042432","trial_id":2,"state":3,"values":null,"datetime_complete":"2026-03-21T19:25:52.236518"}
{"op_code":0,"worker_id":"03282756-2fc7-43bf-bbc4-9f7e71625fba-139936593084416","study_name":"bert_squad_lrtt_bs48_adam_hybrid_nowd_nomom_nonest_set_ideal_cideal_fwinj_perfect_noos_fica_ffn_5ep","directions":[2]}
{"op_code":4,"worker_id":"03282756-2fc7-43bf-bbc4-9f7e71625fba-139936593084416","study_id":0,"datetime_start":null,"state":4,"value":null,"values":null,"distributions":{},"params":{},"user_attrs":{},"system_attrs":{"fixed_params":{"learning_rate":0.0009323557920105487,"transfer_lr":112.71647315002943,"transfer_every":4,"rank_exp":5,"fast_lr":0.10364774886677937,"tau_sec":0.0,"ab_dw_min":0.001981,"ab_desired_bl":31,"out_noise":0.0,"ab_weight_scaling_omega":0.0,"min_lr_rate":0.0}},"intermediate_values":{}}
{"op_code":6,"worker_id":"03282756-2fc7-43bf-bbc4-9f7e71625fba-139936593084416","trial_id":3,"state":0,"values":null,"datetime_start":"2026-03-21T19:26:03.291667"}
{"op_code":5,"worker_id":"03282756-2fc7-43bf-bbc4-9f7e71625fba-139936593084416","trial_id":3,"param_name":"learning_rate","param_value_internal":0.0009323557920105487,"distribution":"{\"name\": \"FloatDistribution\", \"attributes\": {\"step\": null, \"low\": 1e-05, \"high\": 0.005, \"log\": true}}"}
{"op_code":5,"worker_id":"03282756-2fc7-43bf-bbc4-9f7e71625fba-139936593084416","trial_id":3,"param_name":"transfer_lr","param_value_internal":112.71647315002943,"distribution":"{\"name\": \"FloatDistribution\", \"attributes\": {\"step\": null, \"low\": 90.0, \"high\": 300000.0, \"log\": true}}"}
{"op_code":5,"worker_id":"03282756-2fc7-43bf-bbc4-9f7e71625fba-139936593084416","trial_id":3,"param_name":"transfer_every","param_value_internal":4.0,"distribution":"{\"name\": \"IntDistribution\", \"attributes\": {\"log\": true, \"step\": 1, \"low\": 1, \"high\": 500}}"}
{"op_code":5,"worker_id":"03282756-2fc7-43bf-bbc4-9f7e71625fba-139936593084416","trial_id":3,"param_name":"rank_exp","param_value_internal":5.0,"distribution":"{\"name\": \"IntDistribution\", \"attributes\": {\"log\": false, \"step\": 1, \"low\": 5, \"high\": 5}}"}
{"op_code":5,"worker_id":"03282756-2fc7-43bf-bbc4-9f7e71625fba-139936593084416","trial_id":3,"param_name":"fast_lr","param_value_internal":0.10364774886677937,"distribution":"{\"name\": \"FloatDistribution\", \"attributes\": {\"step\": null, \"low\": 0.02, \"high\": 0.9, \"log\": true}}"}
{"op_code":5,"worker_id":"03282756-2fc7-43bf-bbc4-9f7e71625fba-139936593084416","trial_id":3,"param_name":"tau_sec","param_value_internal":0.0,"distribution":"{\"name\": \"FloatDistribution\", \"attributes\": {\"step\": null, \"low\": 0.0, \"high\": 0.0, \"log\": false}}"}
{"op_code":5,"worker_id":"03282756-2fc7-43bf-bbc4-9f7e71625fba-139936593084416","trial_id":3,"param_name":"ab_dw_min","param_value_internal":0.001981,"distribution":"{\"name\": \"FloatDistribution\", \"attributes\": {\"step\": null, \"low\": 0.001981, \"high\": 0.001981, \"log\": false}}"}
{"op_code":5,"worker_id":"03282756-2fc7-43bf-bbc4-9f7e71625fba-139936593084416","trial_id":3,"param_name":"ab_desired_bl","param_value_internal":31.0,"distribution":"{\"name\": \"IntDistribution\", \"attributes\": {\"log\": false, \"step\": 1, \"low\": 31, \"high\": 31}}"}
{"op_code":5,"worker_id":"03282756-2fc7-43bf-bbc4-9f7e71625fba-139936593084416","trial_id":3,"param_name":"out_noise","param_value_internal":0.0,"distribution":"{\"name\": \"FloatDistribution\", \"attributes\": {\"step\": null, \"low\": 0.0, \"high\": 0.0, \"log\": false}}"}
{"op_code":5,"worker_id":"03282756-2fc7-43bf-bbc4-9f7e71625fba-139936593084416","trial_id":3,"param_name":"ab_weight_scaling_omega","param_value_internal":0.0,"distribution":"{\"name\": \"FloatDistribution\", \"attributes\": {\"step\": null, \"low\": 0.0, \"high\": 0.0, \"log\": false}}"}
{"op_code":5,"worker_id":"03282756-2fc7-43bf-bbc4-9f7e71625fba-139936593084416","trial_id":3,"param_name":"min_lr_rate","param_value_internal":0.0,"distribution":"{\"name\": \"FloatDistribution\", \"attributes\": {\"step\": null, \"low\": 0.0, \"high\": 0.0, \"log\": false}}"}
{"op_code":8,"worker_id":"03282756-2fc7-43bf-bbc4-9f7e71625fba-139936593084416","trial_id":3,"user_attr":{"grad_accum_steps":4}}
{"op_code":8,"worker_id":"03282756-2fc7-43bf-bbc4-9f7e71625fba-139936593084416","trial_id":3,"user_attr":{"error":"NVML_SUCCESS == r INTERNAL ASSERT FAILED at \"../c10/cuda/CUDACachingAllocator.cpp\":844, please report a bug to PyTorch. "}}
{"op_code":6,"worker_id":"03282756-2fc7-43bf-bbc4-9f7e71625fba-139936593084416","trial_id":3,"state":3,"values":null,"datetime_complete":"2026-03-21T19:30:22.119922"}
{"op_code":0,"worker_id":"44542879-d466-4724-997e-e6f1163e57d4-139966321041408","study_name":"bert_squad_lrtt_bs48_adam_hybrid_nowd_nomom_nonest_set_ideal_cideal_fwinj_perfect_noos_fica_ffn_5ep","directions":[2]}
{"op_code":4,"worker_id":"44542879-d466-4724-997e-e6f1163e57d4-139966321041408","study_id":0,"datetime_start":null,"state":4,"value":null,"values":null,"distributions":{},"params":{},"user_attrs":{},"system_attrs":{"fixed_params":{"learning_rate":0.0009323557920105487,"transfer_lr":112.71647315002943,"transfer_every":4,"rank_exp":5,"fast_lr":0.10364774886677937,"tau_sec":0.0,"ab_dw_min":0.001981,"ab_desired_bl":31,"out_noise":0.0,"ab_weight_scaling_omega":0.0,"min_lr_rate":0.0}},"intermediate_values":{}}
{"op_code":6,"worker_id":"44542879-d466-4724-997e-e6f1163e57d4-139966321041408","trial_id":4,"state":0,"values":null,"datetime_start":"2026-03-21T19:30:32.591990"}
{"op_code":5,"worker_id":"44542879-d466-4724-997e-e6f1163e57d4-139966321041408","trial_id":4,"param_name":"learning_rate","param_value_internal":0.0009323557920105487,"distribution":"{\"name\": \"FloatDistribution\", \"attributes\": {\"step\": null, \"low\": 1e-05, \"high\": 0.005, \"log\": true}}"}
{"op_code":5,"worker_id":"44542879-d466-4724-997e-e6f1163e57d4-139966321041408","trial_id":4,"param_name":"transfer_lr","param_value_internal":112.71647315002943,"distribution":"{\"name\": \"FloatDistribution\", \"attributes\": {\"step\": null, \"low\": 90.0, \"high\": 300000.0, \"log\": true}}"}
{"op_code":5,"worker_id":"44542879-d466-4724-997e-e6f1163e57d4-139966321041408","trial_id":4,"param_name":"transfer_every","param_value_internal":4.0,"distribution":"{\"name\": \"IntDistribution\", \"attributes\": {\"log\": true, \"step\": 1, \"low\": 1, \"high\": 500}}"}
{"op_code":5,"worker_id":"44542879-d466-4724-997e-e6f1163e57d4-139966321041408","trial_id":4,"param_name":"rank_exp","param_value_internal":5.0,"distribution":"{\"name\": \"IntDistribution\", \"attributes\": {\"log\": false, \"step\": 1, \"low\": 5, \"high\": 5}}"}
{"op_code":5,"worker_id":"44542879-d466-4724-997e-e6f1163e57d4-139966321041408","trial_id":4,"param_name":"fast_lr","param_value_internal":0.10364774886677937,"distribution":"{\"name\": \"FloatDistribution\", \"attributes\": {\"step\": null, \"low\": 0.02, \"high\": 0.9, \"log\": true}}"}
{"op_code":5,"worker_id":"44542879-d466-4724-997e-e6f1163e57d4-139966321041408","trial_id":4,"param_name":"tau_sec","param_value_internal":0.0,"distribution":"{\"name\": \"FloatDistribution\", \"attributes\": {\"step\": null, \"low\": 0.0, \"high\": 0.0, \"log\": false}}"}
{"op_code":5,"worker_id":"44542879-d466-4724-997e-e6f1163e57d4-139966321041408","trial_id":4,"param_name":"ab_dw_min","param_value_internal":0.001981,"distribution":"{\"name\": \"FloatDistribution\", \"attributes\": {\"step\": null, \"low\": 0.001981, \"high\": 0.001981, \"log\": false}}"}
{"op_code":5,"worker_id":"44542879-d466-4724-997e-e6f1163e57d4-139966321041408","trial_id":4,"param_name":"ab_desired_bl","param_value_internal":31.0,"distribution":"{\"name\": \"IntDistribution\", \"attributes\": {\"log\": false, \"step\": 1, \"low\": 31, \"high\": 31}}"}
{"op_code":5,"worker_id":"44542879-d466-4724-997e-e6f1163e57d4-139966321041408","trial_id":4,"param_name":"out_noise","param_value_internal":0.0,"distribution":"{\"name\": \"FloatDistribution\", \"attributes\": {\"step\": null, \"low\": 0.0, \"high\": 0.0, \"log\": false}}"}
{"op_code":5,"worker_id":"44542879-d466-4724-997e-e6f1163e57d4-139966321041408","trial_id":4,"param_name":"ab_weight_scaling_omega","param_value_internal":0.0,"distribution":"{\"name\": \"FloatDistribution\", \"attributes\": {\"step\": null, \"low\": 0.0, \"high\": 0.0, \"log\": false}}"}
{"op_code":5,"worker_id":"44542879-d466-4724-997e-e6f1163e57d4-139966321041408","trial_id":4,"param_name":"min_lr_rate","param_value_internal":0.0,"distribution":"{\"name\": \"FloatDistribution\", \"attributes\": {\"step\": null, \"low\": 0.0, \"high\": 0.0, \"log\": false}}"}
{"op_code":8,"worker_id":"44542879-d466-4724-997e-e6f1163e57d4-139966321041408","trial_id":4,"user_attr":{"grad_accum_steps":6}}
{"op_code":8,"worker_id":"44542879-d466-4724-997e-e6f1163e57d4-139966321041408","trial_id":4,"user_attr":{"error":"NVML_SUCCESS == r INTERNAL ASSERT FAILED at \"../c10/cuda/CUDACachingAllocator.cpp\":844, please report a bug to PyTorch. "}}
{"op_code":6,"worker_id":"44542879-d466-4724-997e-e6f1163e57d4-139966321041408","trial_id":4,"state":3,"values":null,"datetime_complete":"2026-03-21T19:34:51.312283"}
{"op_code":0,"worker_id":"a294a9e7-b138-4e91-823a-50e00fd8e53b-139832858095616","study_name":"bert_squad_lrtt_bs48_adam_hybrid_nowd_nomom_nonest_set_ideal_cideal_fwinj_perfect_noos_fica_ffn_5ep","directions":[2]}
{"op_code":4,"worker_id":"a294a9e7-b138-4e91-823a-50e00fd8e53b-139832858095616","study_id":0,"datetime_start":null,"state":4,"value":null,"values":null,"distributions":{},"params":{},"user_attrs":{},"system_attrs":{"fixed_params":{"learning_rate":0.0009323557920105487,"transfer_lr":112.71647315002943,"transfer_every":4,"rank_exp":5,"fast_lr":0.10364774886677937,"tau_sec":0.0,"ab_dw_min":0.001981,"ab_desired_bl":31,"out_noise":0.0,"ab_weight_scaling_omega":0.0,"min_lr_rate":0.0}},"intermediate_values":{}}
{"op_code":6,"worker_id":"a294a9e7-b138-4e91-823a-50e00fd8e53b-139832858095616","trial_id":5,"state":0,"values":null,"datetime_start":"2026-03-21T19:35:01.571364"}
{"op_code":5,"worker_id":"a294a9e7-b138-4e91-823a-50e00fd8e53b-139832858095616","trial_id":5,"param_name":"learning_rate","param_value_internal":0.0009323557920105487,"distribution":"{\"name\": \"FloatDistribution\", \"attributes\": {\"step\": null, \"low\": 1e-05, \"high\": 0.005, \"log\": true}}"}
{"op_code":5,"worker_id":"a294a9e7-b138-4e91-823a-50e00fd8e53b-139832858095616","trial_id":5,"param_name":"transfer_lr","param_value_internal":112.71647315002943,"distribution":"{\"name\": \"FloatDistribution\", \"attributes\": {\"step\": null, \"low\": 90.0, \"high\": 300000.0, \"log\": true}}"}
{"op_code":5,"worker_id":"a294a9e7-b138-4e91-823a-50e00fd8e53b-139832858095616","trial_id":5,"param_name":"transfer_every","param_value_internal":4.0,"distribution":"{\"name\": \"IntDistribution\", \"attributes\": {\"log\": true, \"step\": 1, \"low\": 1, \"high\": 500}}"}
{"op_code":5,"worker_id":"a294a9e7-b138-4e91-823a-50e00fd8e53b-139832858095616","trial_id":5,"param_name":"rank_exp","param_value_internal":5.0,"distribution":"{\"name\": \"IntDistribution\", \"attributes\": {\"log\": false, \"step\": 1, \"low\": 5, \"high\": 5}}"}
{"op_code":5,"worker_id":"a294a9e7-b138-4e91-823a-50e00fd8e53b-139832858095616","trial_id":5,"param_name":"fast_lr","param_value_internal":0.10364774886677937,"distribution":"{\"name\": \"FloatDistribution\", \"attributes\": {\"step\": null, \"low\": 0.02, \"high\": 0.9, \"log\": true}}"}
{"op_code":5,"worker_id":"a294a9e7-b138-4e91-823a-50e00fd8e53b-139832858095616","trial_id":5,"param_name":"tau_sec","param_value_internal":0.0,"distribution":"{\"name\": \"FloatDistribution\", \"attributes\": {\"step\": null, \"low\": 0.0, \"high\": 0.0, \"log\": false}}"}
{"op_code":5,"worker_id":"a294a9e7-b138-4e91-823a-50e00fd8e53b-139832858095616","trial_id":5,"param_name":"ab_dw_min","param_value_internal":0.001981,"distribution":"{\"name\": \"FloatDistribution\", \"attributes\": {\"step\": null, \"low\": 0.001981, \"high\": 0.001981, \"log\": false}}"}
{"op_code":5,"worker_id":"a294a9e7-b138-4e91-823a-50e00fd8e53b-139832858095616","trial_id":5,"param_name":"ab_desired_bl","param_value_internal":31.0,"distribution":"{\"name\": \"IntDistribution\", \"attributes\": {\"log\": false, \"step\": 1, \"low\": 31, \"high\": 31}}"}
{"op_code":5,"worker_id":"a294a9e7-b138-4e91-823a-50e00fd8e53b-139832858095616","trial_id":5,"param_name":"out_noise","param_value_internal":0.0,"distribution":"{\"name\": \"FloatDistribution\", \"attributes\": {\"step\": null, \"low\": 0.0, \"high\": 0.0, \"log\": false}}"}
{"op_code":5,"worker_id":"a294a9e7-b138-4e91-823a-50e00fd8e53b-139832858095616","trial_id":5,"param_name":"ab_weight_scaling_omega","param_value_internal":0.0,"distribution":"{\"name\": \"FloatDistribution\", \"attributes\": {\"step\": null, \"low\": 0.0, \"high\": 0.0, \"log\": false}}"}
{"op_code":5,"worker_id":"a294a9e7-b138-4e91-823a-50e00fd8e53b-139832858095616","trial_id":5,"param_name":"min_lr_rate","param_value_internal":0.0,"distribution":"{\"name\": \"FloatDistribution\", \"attributes\": {\"step\": null, \"low\": 0.0, \"high\": 0.0, \"log\": false}}"}
{"op_code":8,"worker_id":"a294a9e7-b138-4e91-823a-50e00fd8e53b-139832858095616","trial_id":5,"user_attr":{"grad_accum_steps":8}}
{"op_code":8,"worker_id":"a294a9e7-b138-4e91-823a-50e00fd8e53b-139832858095616","trial_id":5,"user_attr":{"error":"NVML_SUCCESS == r INTERNAL ASSERT FAILED at \"../c10/cuda/CUDACachingAllocator.cpp\":844, please report a bug to PyTorch. "}}
{"op_code":6,"worker_id":"a294a9e7-b138-4e91-823a-50e00fd8e53b-139832858095616","trial_id":5,"state":3,"values":null,"datetime_complete":"2026-03-21T19:39:27.911281"}
{"op_code":0,"worker_id":"b68fdd1d-d630-4619-b9c1-d6abb2bc46a4-139913002430464","study_name":"bert_squad_lrtt_bs48_adam_hybrid_nowd_nomom_nonest_set_ideal_cideal_fwinj_perfect_noos_fica_ffn_5ep","directions":[2]}
{"op_code":4,"worker_id":"b68fdd1d-d630-4619-b9c1-d6abb2bc46a4-139913002430464","study_id":0,"datetime_start":null,"state":4,"value":null,"values":null,"distributions":{},"params":{},"user_attrs":{},"system_attrs":{"fixed_params":{"learning_rate":0.0009323557920105487,"transfer_lr":112.71647315002943,"transfer_every":4,"rank_exp":5,"fast_lr":0.10364774886677937,"tau_sec":0.0,"ab_dw_min":0.001981,"ab_desired_bl":31,"out_noise":0.0,"ab_weight_scaling_omega":0.0,"min_lr_rate":0.0}},"intermediate_values":{}}
{"op_code":6,"worker_id":"b68fdd1d-d630-4619-b9c1-d6abb2bc46a4-139913002430464","trial_id":6,"state":0,"values":null,"datetime_start":"2026-03-21T19:39:38.278003"}
{"op_code":5,"worker_id":"b68fdd1d-d630-4619-b9c1-d6abb2bc46a4-139913002430464","trial_id":6,"param_name":"learning_rate","param_value_internal":0.0009323557920105487,"distribution":"{\"name\": \"FloatDistribution\", \"attributes\": {\"step\": null, \"low\": 1e-05, \"high\": 0.005, \"log\": true}}"}
{"op_code":5,"worker_id":"b68fdd1d-d630-4619-b9c1-d6abb2bc46a4-139913002430464","trial_id":6,"param_name":"transfer_lr","param_value_internal":112.71647315002943,"distribution":"{\"name\": \"FloatDistribution\", \"attributes\": {\"step\": null, \"low\": 90.0, \"high\": 300000.0, \"log\": true}}"}
{"op_code":5,"worker_id":"b68fdd1d-d630-4619-b9c1-d6abb2bc46a4-139913002430464","trial_id":6,"param_name":"transfer_every","param_value_internal":4.0,"distribution":"{\"name\": \"IntDistribution\", \"attributes\": {\"log\": true, \"step\": 1, \"low\": 1, \"high\": 500}}"}
{"op_code":5,"worker_id":"b68fdd1d-d630-4619-b9c1-d6abb2bc46a4-139913002430464","trial_id":6,"param_name":"rank_exp","param_value_internal":5.0,"distribution":"{\"name\": \"IntDistribution\", \"attributes\": {\"log\": false, \"step\": 1, \"low\": 5, \"high\": 5}}"}
{"op_code":5,"worker_id":"b68fdd1d-d630-4619-b9c1-d6abb2bc46a4-139913002430464","trial_id":6,"param_name":"fast_lr","param_value_internal":0.10364774886677937,"distribution":"{\"name\": \"FloatDistribution\", \"attributes\": {\"step\": null, \"low\": 0.02, \"high\": 0.9, \"log\": true}}"}
{"op_code":5,"worker_id":"b68fdd1d-d630-4619-b9c1-d6abb2bc46a4-139913002430464","trial_id":6,"param_name":"tau_sec","param_value_internal":0.0,"distribution":"{\"name\": \"FloatDistribution\", \"attributes\": {\"step\": null, \"low\": 0.0, \"high\": 0.0, \"log\": false}}"}
{"op_code":5,"worker_id":"b68fdd1d-d630-4619-b9c1-d6abb2bc46a4-139913002430464","trial_id":6,"param_name":"ab_dw_min","param_value_internal":0.001981,"distribution":"{\"name\": \"FloatDistribution\", \"attributes\": {\"step\": null, \"low\": 0.001981, \"high\": 0.001981, \"log\": false}}"}
{"op_code":5,"worker_id":"b68fdd1d-d630-4619-b9c1-d6abb2bc46a4-139913002430464","trial_id":6,"param_name":"ab_desired_bl","param_value_internal":31.0,"distribution":"{\"name\": \"IntDistribution\", \"attributes\": {\"log\": false, \"step\": 1, \"low\": 31, \"high\": 31}}"}
{"op_code":5,"worker_id":"b68fdd1d-d630-4619-b9c1-d6abb2bc46a4-139913002430464","trial_id":6,"param_name":"out_noise","param_value_internal":0.0,"distribution":"{\"name\": \"FloatDistribution\", \"attributes\": {\"step\": null, \"low\": 0.0, \"high\": 0.0, \"log\": false}}"}
{"op_code":5,"worker_id":"b68fdd1d-d630-4619-b9c1-d6abb2bc46a4-139913002430464","trial_id":6,"param_name":"ab_weight_scaling_omega","param_value_internal":0.0,"distribution":"{\"name\": \"FloatDistribution\", \"attributes\": {\"step\": null, \"low\": 0.0, \"high\": 0.0, \"log\": false}}"}
{"op_code":5,"worker_id":"b68fdd1d-d630-4619-b9c1-d6abb2bc46a4-139913002430464","trial_id":6,"param_name":"min_lr_rate","param_value_internal":0.0,"distribution":"{\"name\": \"FloatDistribution\", \"attributes\": {\"step\": null, \"low\": 0.0, \"high\": 0.0, \"log\": false}}"}
{"op_code":8,"worker_id":"b68fdd1d-d630-4619-b9c1-d6abb2bc46a4-139913002430464","trial_id":6,"user_attr":{"grad_accum_steps":12}}
{"op_code":8,"worker_id":"b68fdd1d-d630-4619-b9c1-d6abb2bc46a4-139913002430464","trial_id":6,"user_attr":{"error":"NVML_SUCCESS == r INTERNAL ASSERT FAILED at \"../c10/cuda/CUDACachingAllocator.cpp\":844, please report a bug to PyTorch. "}}
{"op_code":6,"worker_id":"b68fdd1d-d630-4619-b9c1-d6abb2bc46a4-139913002430464","trial_id":6,"state":3,"values":null,"datetime_complete":"2026-03-21T19:44:14.730384"}
{"op_code":0,"worker_id":"8e2e3c4e-1910-4a5f-b838-8d4cba0f36cf-139778538692608","study_name":"bert_squad_lrtt_bs48_adam_hybrid_nowd_nomom_nonest_set_ideal_cideal_fwinj_perfect_noos_fica_ffn_5ep","directions":[2]}
{"op_code":4,"worker_id":"8e2e3c4e-1910-4a5f-b838-8d4cba0f36cf-139778538692608","study_id":0,"datetime_start":null,"state":4,"value":null,"values":null,"distributions":{},"params":{},"user_attrs":{},"system_attrs":{"fixed_params":{"learning_rate":0.0009323557920105487,"transfer_lr":112.71647315002943,"transfer_every":4,"rank_exp":5,"fast_lr":0.10364774886677937,"tau_sec":0.0,"ab_dw_min":0.001981,"ab_desired_bl":31,"out_noise":0.0,"ab_weight_scaling_omega":0.0,"min_lr_rate":0.0}},"intermediate_values":{}}
{"op_code":6,"worker_id":"8e2e3c4e-1910-4a5f-b838-8d4cba0f36cf-139778538692608","trial_id":7,"state":0,"values":null,"datetime_start":"2026-03-21T19:44:25.014431"}
{"op_code":5,"worker_id":"8e2e3c4e-1910-4a5f-b838-8d4cba0f36cf-139778538692608","trial_id":7,"param_name":"learning_rate","param_value_internal":0.0009323557920105487,"distribution":"{\"name\": \"FloatDistribution\", \"attributes\": {\"step\": null, \"low\": 1e-05, \"high\": 0.005, \"log\": true}}"}
{"op_code":5,"worker_id":"8e2e3c4e-1910-4a5f-b838-8d4cba0f36cf-139778538692608","trial_id":7,"param_name":"transfer_lr","param_value_internal":112.71647315002943,"distribution":"{\"name\": \"FloatDistribution\", \"attributes\": {\"step\": null, \"low\": 90.0, \"high\": 300000.0, \"log\": true}}"}
{"op_code":5,"worker_id":"8e2e3c4e-1910-4a5f-b838-8d4cba0f36cf-139778538692608","trial_id":7,"param_name":"transfer_every","param_value_internal":4.0,"distribution":"{\"name\": \"IntDistribution\", \"attributes\": {\"log\": true, \"step\": 1, \"low\": 1, \"high\": 500}}"}
{"op_code":5,"worker_id":"8e2e3c4e-1910-4a5f-b838-8d4cba0f36cf-139778538692608","trial_id":7,"param_name":"rank_exp","param_value_internal":5.0,"distribution":"{\"name\": \"IntDistribution\", \"attributes\": {\"log\": false, \"step\": 1, \"low\": 5, \"high\": 5}}"}
{"op_code":5,"worker_id":"8e2e3c4e-1910-4a5f-b838-8d4cba0f36cf-139778538692608","trial_id":7,"param_name":"fast_lr","param_value_internal":0.10364774886677937,"distribution":"{\"name\": \"FloatDistribution\", \"attributes\": {\"step\": null, \"low\": 0.02, \"high\": 0.9, \"log\": true}}"}
{"op_code":5,"worker_id":"8e2e3c4e-1910-4a5f-b838-8d4cba0f36cf-139778538692608","trial_id":7,"param_name":"tau_sec","param_value_internal":0.0,"distribution":"{\"name\": \"FloatDistribution\", \"attributes\": {\"step\": null, \"low\": 0.0, \"high\": 0.0, \"log\": false}}"}
{"op_code":5,"worker_id":"8e2e3c4e-1910-4a5f-b838-8d4cba0f36cf-139778538692608","trial_id":7,"param_name":"ab_dw_min","param_value_internal":0.001981,"distribution":"{\"name\": \"FloatDistribution\", \"attributes\": {\"step\": null, \"low\": 0.001981, \"high\": 0.001981, \"log\": false}}"}
{"op_code":5,"worker_id":"8e2e3c4e-1910-4a5f-b838-8d4cba0f36cf-139778538692608","trial_id":7,"param_name":"ab_desired_bl","param_value_internal":31.0,"distribution":"{\"name\": \"IntDistribution\", \"attributes\": {\"log\": false, \"step\": 1, \"low\": 31, \"high\": 31}}"}
{"op_code":5,"worker_id":"8e2e3c4e-1910-4a5f-b838-8d4cba0f36cf-139778538692608","trial_id":7,"param_name":"out_noise","param_value_internal":0.0,"distribution":"{\"name\": \"FloatDistribution\", \"attributes\": {\"step\": null, \"low\": 0.0, \"high\": 0.0, \"log\": false}}"}
{"op_code":5,"worker_id":"8e2e3c4e-1910-4a5f-b838-8d4cba0f36cf-139778538692608","trial_id":7,"param_name":"ab_weight_scaling_omega","param_value_internal":0.0,"distribution":"{\"name\": \"FloatDistribution\", \"attributes\": {\"step\": null, \"low\": 0.0, \"high\": 0.0, \"log\": false}}"}
{"op_code":5,"worker_id":"8e2e3c4e-1910-4a5f-b838-8d4cba0f36cf-139778538692608","trial_id":7,"param_name":"min_lr_rate","param_value_internal":0.0,"distribution":"{\"name\": \"FloatDistribution\", \"attributes\": {\"step\": null, \"low\": 0.0, \"high\": 0.0, \"log\": false}}"}
{"op_code":8,"worker_id":"8e2e3c4e-1910-4a5f-b838-8d4cba0f36cf-139778538692608","trial_id":7,"user_attr":{"grad_accum_steps":16}}
{"op_code":8,"worker_id":"8e2e3c4e-1910-4a5f-b838-8d4cba0f36cf-139778538692608","trial_id":7,"user_attr":{"error":"NVML_SUCCESS == r INTERNAL ASSERT FAILED at \"../c10/cuda/CUDACachingAllocator.cpp\":844, please report a bug to PyTorch. "}}
{"op_code":6,"worker_id":"8e2e3c4e-1910-4a5f-b838-8d4cba0f36cf-139778538692608","trial_id":7,"state":3,"values":null,"datetime_complete":"2026-03-21T19:54:59.659174"}
{"op_code":0,"worker_id":"c81d378d-006a-4065-afa4-5837226c642c-140047382781952","study_name":"bert_squad_lrtt_bs48_adam_hybrid_nowd_nomom_nonest_set_ideal_cideal_fwinj_perfect_noos_fica_ffn_5ep","directions":[2]}
{"op_code":4,"worker_id":"c81d378d-006a-4065-afa4-5837226c642c-140047382781952","study_id":0,"datetime_start":null,"state":4,"value":null,"values":null,"distributions":{},"params":{},"user_attrs":{},"system_attrs":{"fixed_params":{"learning_rate":0.0009323557920105487,"transfer_lr":112.71647315002943,"transfer_every":4,"rank_exp":5,"fast_lr":0.10364774886677937,"tau_sec":0.0,"ab_dw_min":0.001981,"ab_desired_bl":31,"out_noise":0.0,"ab_weight_scaling_omega":0.0,"min_lr_rate":0.0}},"intermediate_values":{}}
{"op_code":6,"worker_id":"c81d378d-006a-4065-afa4-5837226c642c-140047382781952","trial_id":8,"state":0,"values":null,"datetime_start":"2026-03-21T19:55:09.947529"}
{"op_code":5,"worker_id":"c81d378d-006a-4065-afa4-5837226c642c-140047382781952","trial_id":8,"param_name":"learning_rate","param_value_internal":0.0009323557920105487,"distribution":"{\"name\": \"FloatDistribution\", \"attributes\": {\"step\": null, \"low\": 1e-05, \"high\": 0.005, \"log\": true}}"}
{"op_code":5,"worker_id":"c81d378d-006a-4065-afa4-5837226c642c-140047382781952","trial_id":8,"param_name":"transfer_lr","param_value_internal":112.71647315002943,"distribution":"{\"name\": \"FloatDistribution\", \"attributes\": {\"step\": null, \"low\": 90.0, \"high\": 300000.0, \"log\": true}}"}
{"op_code":5,"worker_id":"c81d378d-006a-4065-afa4-5837226c642c-140047382781952","trial_id":8,"param_name":"transfer_every","param_value_internal":4.0,"distribution":"{\"name\": \"IntDistribution\", \"attributes\": {\"log\": true, \"step\": 1, \"low\": 1, \"high\": 500}}"}
{"op_code":5,"worker_id":"c81d378d-006a-4065-afa4-5837226c642c-140047382781952","trial_id":8,"param_name":"rank_exp","param_value_internal":5.0,"distribution":"{\"name\": \"IntDistribution\", \"attributes\": {\"log\": false, \"step\": 1, \"low\": 5, \"high\": 5}}"}
{"op_code":5,"worker_id":"c81d378d-006a-4065-afa4-5837226c642c-140047382781952","trial_id":8,"param_name":"fast_lr","param_value_internal":0.10364774886677937,"distribution":"{\"name\": \"FloatDistribution\", \"attributes\": {\"step\": null, \"low\": 0.02, \"high\": 0.9, \"log\": true}}"}
{"op_code":5,"worker_id":"c81d378d-006a-4065-afa4-5837226c642c-140047382781952","trial_id":8,"param_name":"tau_sec","param_value_internal":0.0,"distribution":"{\"name\": \"FloatDistribution\", \"attributes\": {\"step\": null, \"low\": 0.0, \"high\": 0.0, \"log\": false}}"}
{"op_code":5,"worker_id":"c81d378d-006a-4065-afa4-5837226c642c-140047382781952","trial_id":8,"param_name":"ab_dw_min","param_value_internal":0.001981,"distribution":"{\"name\": \"FloatDistribution\", \"attributes\": {\"step\": null, \"low\": 0.001981, \"high\": 0.001981, \"log\": false}}"}
{"op_code":5,"worker_id":"c81d378d-006a-4065-afa4-5837226c642c-140047382781952","trial_id":8,"param_name":"ab_desired_bl","param_value_internal":31.0,"distribution":"{\"name\": \"IntDistribution\", \"attributes\": {\"log\": false, \"step\": 1, \"low\": 31, \"high\": 31}}"}
{"op_code":5,"worker_id":"c81d378d-006a-4065-afa4-5837226c642c-140047382781952","trial_id":8,"param_name":"out_noise","param_value_internal":0.0,"distribution":"{\"name\": \"FloatDistribution\", \"attributes\": {\"step\": null, \"low\": 0.0, \"high\": 0.0, \"log\": false}}"}
{"op_code":5,"worker_id":"c81d378d-006a-4065-afa4-5837226c642c-140047382781952","trial_id":8,"param_name":"ab_weight_scaling_omega","param_value_internal":0.0,"distribution":"{\"name\": \"FloatDistribution\", \"attributes\": {\"step\": null, \"low\": 0.0, \"high\": 0.0, \"log\": false}}"}
{"op_code":5,"worker_id":"c81d378d-006a-4065-afa4-5837226c642c-140047382781952","trial_id":8,"param_name":"min_lr_rate","param_value_internal":0.0,"distribution":"{\"name\": \"FloatDistribution\", \"attributes\": {\"step\": null, \"low\": 0.0, \"high\": 0.0, \"log\": false}}"}
{"op_code":8,"worker_id":"c81d378d-006a-4065-afa4-5837226c642c-140047382781952","trial_id":8,"user_attr":{"grad_accum_steps":24}}
{"op_code":7,"worker_id":"c81d378d-006a-4065-afa4-5837226c642c-140047382781952","trial_id":8,"step":1,"intermediate_value":71.36008776216313}
{"op_code":8,"worker_id":"c81d378d-006a-4065-afa4-5837226c642c-140047382781952","trial_id":8,"user_attr":{"train_loss_epoch_1":2.473616015363273}}
{"op_code":7,"worker_id":"c81d378d-006a-4065-afa4-5837226c642c-140047382781952","trial_id":8,"step":2,"intermediate_value":75.18695307420164}
{"op_code":8,"worker_id":"c81d378d-006a-4065-afa4-5837226c642c-140047382781952","trial_id":8,"user_attr":{"train_loss_epoch_2":1.714497120375218}}
{"op_code":7,"worker_id":"c81d378d-006a-4065-afa4-5837226c642c-140047382781952","trial_id":8,"step":3,"intermediate_value":76.32317337438927}
{"op_code":8,"worker_id":"c81d378d-006a-4065-afa4-5837226c642c-140047382781952","trial_id":8,"user_attr":{"train_loss_epoch_3":1.62426421902215}}
{"op_code":8,"worker_id":"c81d378d-006a-4065-afa4-5837226c642c-140047382781952","trial_id":8,"user_attr":{"error":"NVML_SUCCESS == r INTERNAL ASSERT FAILED at \"../c10/cuda/CUDACachingAllocator.cpp\":844, please report a bug to PyTorch. "}}
{"op_code":6,"worker_id":"c81d378d-006a-4065-afa4-5837226c642c-140047382781952","trial_id":8,"state":3,"values":null,"datetime_complete":"2026-03-22T08:22:30.304279"}
{"op_code":0,"worker_id":"e0701f91-4401-45bd-9a3d-3b620cbfb993-139844094873600","study_name":"bert_squad_lrtt_bs48_adam_hybrid_nowd_nomom_nonest_set_ideal_cideal_fwinj_perfect_noos_fica_ffn_5ep","directions":[2]}
{"op_code":4,"worker_id":"e0701f91-4401-45bd-9a3d-3b620cbfb993-139844094873600","study_id":0,"datetime_start":null,"state":4,"value":null,"values":null,"distributions":{},"params":{},"user_attrs":{},"system_attrs":{"fixed_params":{"learning_rate":0.0009323557920105487,"transfer_lr":112.71647315002943,"transfer_every":4,"rank_exp":5,"fast_lr":0.10364774886677937,"tau_sec":0.0,"ab_dw_min":0.001981,"ab_desired_bl":31,"out_noise":0.0,"ab_weight_scaling_omega":0.0,"min_lr_rate":0.0}},"intermediate_values":{}}
{"op_code":6,"worker_id":"e0701f91-4401-45bd-9a3d-3b620cbfb993-139844094873600","trial_id":9,"state":0,"values":null,"datetime_start":"2026-03-22T08:22:41.087332"}
{"op_code":5,"worker_id":"e0701f91-4401-45bd-9a3d-3b620cbfb993-139844094873600","trial_id":9,"param_name":"learning_rate","param_value_internal":0.0009323557920105487,"distribution":"{\"name\": \"FloatDistribution\", \"attributes\": {\"step\": null, \"low\": 1e-05, \"high\": 0.005, \"log\": true}}"}
{"op_code":5,"worker_id":"e0701f91-4401-45bd-9a3d-3b620cbfb993-139844094873600","trial_id":9,"param_name":"transfer_lr","param_value_internal":112.71647315002943,"distribution":"{\"name\": \"FloatDistribution\", \"attributes\": {\"step\": null, \"low\": 90.0, \"high\": 300000.0, \"log\": true}}"}
{"op_code":5,"worker_id":"e0701f91-4401-45bd-9a3d-3b620cbfb993-139844094873600","trial_id":9,"param_name":"transfer_every","param_value_internal":4.0,"distribution":"{\"name\": \"IntDistribution\", \"attributes\": {\"log\": true, \"step\": 1, \"low\": 1, \"high\": 500}}"}
{"op_code":5,"worker_id":"e0701f91-4401-45bd-9a3d-3b620cbfb993-139844094873600","trial_id":9,"param_name":"rank_exp","param_value_internal":5.0,"distribution":"{\"name\": \"IntDistribution\", \"attributes\": {\"log\": false, \"step\": 1, \"low\": 5, \"high\": 5}}"}
{"op_code":5,"worker_id":"e0701f91-4401-45bd-9a3d-3b620cbfb993-139844094873600","trial_id":9,"param_name":"fast_lr","param_value_internal":0.10364774886677937,"distribution":"{\"name\": \"FloatDistribution\", \"attributes\": {\"step\": null, \"low\": 0.02, \"high\": 0.9, \"log\": true}}"}
{"op_code":5,"worker_id":"e0701f91-4401-45bd-9a3d-3b620cbfb993-139844094873600","trial_id":9,"param_name":"tau_sec","param_value_internal":0.0,"distribution":"{\"name\": \"FloatDistribution\", \"attributes\": {\"step\": null, \"low\": 0.0, \"high\": 0.0, \"log\": false}}"}
{"op_code":5,"worker_id":"e0701f91-4401-45bd-9a3d-3b620cbfb993-139844094873600","trial_id":9,"param_name":"ab_dw_min","param_value_internal":0.001981,"distribution":"{\"name\": \"FloatDistribution\", \"attributes\": {\"step\": null, \"low\": 0.001981, \"high\": 0.001981, \"log\": false}}"}
{"op_code":5,"worker_id":"e0701f91-4401-45bd-9a3d-3b620cbfb993-139844094873600","trial_id":9,"param_name":"ab_desired_bl","param_value_internal":31.0,"distribution":"{\"name\": \"IntDistribution\", \"attributes\": {\"log\": false, \"step\": 1, \"low\": 31, \"high\": 31}}"}
{"op_code":5,"worker_id":"e0701f91-4401-45bd-9a3d-3b620cbfb993-139844094873600","trial_id":9,"param_name":"out_noise","param_value_internal":0.0,"distribution":"{\"name\": \"FloatDistribution\", \"attributes\": {\"step\": null, \"low\": 0.0, \"high\": 0.0, \"log\": false}}"}
{"op_code":5,"worker_id":"e0701f91-4401-45bd-9a3d-3b620cbfb993-139844094873600","trial_id":9,"param_name":"ab_weight_scaling_omega","param_value_internal":0.0,"distribution":"{\"name\": \"FloatDistribution\", \"attributes\": {\"step\": null, \"low\": 0.0, \"high\": 0.0, \"log\": false}}"}
{"op_code":5,"worker_id":"e0701f91-4401-45bd-9a3d-3b620cbfb993-139844094873600","trial_id":9,"param_name":"min_lr_rate","param_value_internal":0.0,"distribution":"{\"name\": \"FloatDistribution\", \"attributes\": {\"step\": null, \"low\": 0.0, \"high\": 0.0, \"log\": false}}"}
{"op_code":8,"worker_id":"e0701f91-4401-45bd-9a3d-3b620cbfb993-139844094873600","trial_id":9,"user_attr":{"grad_accum_steps":48}}
{"op_code":7,"worker_id":"e0701f91-4401-45bd-9a3d-3b620cbfb993-139844094873600","trial_id":9,"step":1,"intermediate_value":71.4414418951791}
{"op_code":8,"worker_id":"e0701f91-4401-45bd-9a3d-3b620cbfb993-139844094873600","trial_id":9,"user_attr":{"train_loss_epoch_1":2.462184277386473}}
{"op_code":7,"worker_id":"e0701f91-4401-45bd-9a3d-3b620cbfb993-139844094873600","trial_id":9,"step":2,"intermediate_value":74.57024391979498}
{"op_code":8,"worker_id":"e0701f91-4401-45bd-9a3d-3b620cbfb993-139844094873600","trial_id":9,"user_attr":{"train_loss_epoch_2":1.723918020085695}}
{"op_code":7,"worker_id":"e0701f91-4401-45bd-9a3d-3b620cbfb993-139844094873600","trial_id":9,"step":3,"intermediate_value":75.92442008124097}
{"op_code":8,"worker_id":"e0701f91-4401-45bd-9a3d-3b620cbfb993-139844094873600","trial_id":9,"user_attr":{"train_loss_epoch_3":1.6324377480962706}}
{"op_code":7,"worker_id":"e0701f91-4401-45bd-9a3d-3b620cbfb993-139844094873600","trial_id":9,"step":4,"intermediate_value":76.43255551960722}
{"op_code":8,"worker_id":"e0701f91-4401-45bd-9a3d-3b620cbfb993-139844094873600","trial_id":9,"user_attr":{"train_loss_epoch_4":1.5870986553608109}}
{"op_code":7,"worker_id":"e0701f91-4401-45bd-9a3d-3b620cbfb993-139844094873600","trial_id":9,"step":5,"intermediate_value":76.76364177580852}
{"op_code":8,"worker_id":"e0701f91-4401-45bd-9a3d-3b620cbfb993-139844094873600","trial_id":9,"user_attr":{"train_loss_epoch_5":1.5675877446235922}}
{"op_code":6,"worker_id":"e0701f91-4401-45bd-9a3d-3b620cbfb993-139844094873600","trial_id":9,"state":1,"values":[76.76364177580852],"datetime_complete":"2026-03-23T23:46:59.594928"}
{"op_code":0,"worker_id":"ab06db03-2db1-4e79-a8db-e390c40a2659-140584493699072","study_name":"bert_squad_lrtt_bs48_adam_hybrid_nowd_nomom_nonest_set_ideal_cideal_fwinj_perfect_noos_fica_ffn_5ep","directions":[2]}
{"op_code":4,"worker_id":"ab06db03-2db1-4e79-a8db-e390c40a2659-140584493699072","study_id":0,"datetime_start":"2026-03-23T23:47:09.898059"}
{"op_code":5,"worker_id":"ab06db03-2db1-4e79-a8db-e390c40a2659-140584493699072","trial_id":10,"param_name":"learning_rate","param_value_internal":5.8185049759167875e-05,"distribution":"{\"name\": \"FloatDistribution\", \"attributes\": {\"step\": null, \"low\": 1e-05, \"high\": 0.005, \"log\": true}}"}
{"op_code":5,"worker_id":"ab06db03-2db1-4e79-a8db-e390c40a2659-140584493699072","trial_id":10,"param_name":"transfer_lr","param_value_internal":16469.839489902643,"distribution":"{\"name\": \"FloatDistribution\", \"attributes\": {\"step\": null, \"low\": 90.0, \"high\": 300000.0, \"log\": true}}"}
{"op_code":5,"worker_id":"ab06db03-2db1-4e79-a8db-e390c40a2659-140584493699072","trial_id":10,"param_name":"transfer_every","param_value_internal":66.0,"distribution":"{\"name\": \"IntDistribution\", \"attributes\": {\"log\": true, \"step\": 1, \"low\": 1, \"high\": 500}}"}
{"op_code":5,"worker_id":"ab06db03-2db1-4e79-a8db-e390c40a2659-140584493699072","trial_id":10,"param_name":"rank_exp","param_value_internal":5.0,"distribution":"{\"name\": \"IntDistribution\", \"attributes\": {\"log\": false, \"step\": 1, \"low\": 5, \"high\": 5}}"}
{"op_code":5,"worker_id":"ab06db03-2db1-4e79-a8db-e390c40a2659-140584493699072","trial_id":10,"param_name":"fast_lr","param_value_internal":0.21231065919977193,"distribution":"{\"name\": \"FloatDistribution\", \"attributes\": {\"step\": null, \"low\": 0.02, \"high\": 0.9, \"log\": true}}"}
{"op_code":5,"worker_id":"ab06db03-2db1-4e79-a8db-e390c40a2659-140584493699072","trial_id":10,"param_name":"tau_sec","param_value_internal":0.0,"distribution":"{\"name\": \"FloatDistribution\", \"attributes\": {\"step\": null, \"low\": 0.0, \"high\": 0.0, \"log\": false}}"}
{"op_code":5,"worker_id":"ab06db03-2db1-4e79-a8db-e390c40a2659-140584493699072","trial_id":10,"param_name":"ab_dw_min","param_value_internal":0.001981,"distribution":"{\"name\": \"FloatDistribution\", \"attributes\": {\"step\": null, \"low\": 0.001981, \"high\": 0.001981, \"log\": false}}"}
{"op_code":5,"worker_id":"ab06db03-2db1-4e79-a8db-e390c40a2659-140584493699072","trial_id":10,"param_name":"ab_desired_bl","param_value_internal":31.0,"distribution":"{\"name\": \"IntDistribution\", \"attributes\": {\"log\": false, \"step\": 1, \"low\": 31, \"high\": 31}}"}
{"op_code":5,"worker_id":"ab06db03-2db1-4e79-a8db-e390c40a2659-140584493699072","trial_id":10,"param_name":"out_noise","param_value_internal":0.0,"distribution":"{\"name\": \"FloatDistribution\", \"attributes\": {\"step\": null, \"low\": 0.0, \"high\": 0.0, \"log\": false}}"}
{"op_code":5,"worker_id":"ab06db03-2db1-4e79-a8db-e390c40a2659-140584493699072","trial_id":10,"param_name":"ab_weight_scaling_omega","param_value_internal":0.0,"distribution":"{\"name\": \"FloatDistribution\", \"attributes\": {\"step\": null, \"low\": 0.0, \"high\": 0.0, \"log\": false}}"}
{"op_code":5,"worker_id":"ab06db03-2db1-4e79-a8db-e390c40a2659-140584493699072","trial_id":10,"param_name":"min_lr_rate","param_value_internal":0.0,"distribution":"{\"name\": \"FloatDistribution\", \"attributes\": {\"step\": null, \"low\": 0.0, \"high\": 0.0, \"log\": false}}"}
{"op_code":8,"worker_id":"ab06db03-2db1-4e79-a8db-e390c40a2659-140584493699072","trial_id":10,"user_attr":{"grad_accum_steps":1}}
{"op_code":8,"worker_id":"ab06db03-2db1-4e79-a8db-e390c40a2659-140584493699072","trial_id":10,"user_attr":{"error":"NVML_SUCCESS == r INTERNAL ASSERT FAILED at \"../c10/cuda/CUDACachingAllocator.cpp\":844, please report a bug to PyTorch. "}}
{"op_code":6,"worker_id":"ab06db03-2db1-4e79-a8db-e390c40a2659-140584493699072","trial_id":10,"state":3,"values":null,"datetime_complete":"2026-03-23T23:47:24.417579"}
{"op_code":0,"worker_id":"bcf8490d-b458-49d9-a04d-980e77d483d0-140482863964160","study_name":"bert_squad_lrtt_bs48_adam_hybrid_nowd_nomom_nonest_set_ideal_cideal_fwinj_perfect_noos_fica_ffn_5ep","directions":[2]}
{"op_code":4,"worker_id":"bcf8490d-b458-49d9-a04d-980e77d483d0-140482863964160","study_id":0,"datetime_start":null,"state":4,"value":null,"values":null,"distributions":{},"params":{},"user_attrs":{},"system_attrs":{"fixed_params":{"learning_rate":5.8185049759167875e-05,"transfer_lr":16469.839489902643,"transfer_every":66,"rank_exp":5,"fast_lr":0.21231065919977193,"tau_sec":0.0,"ab_dw_min":0.001981,"ab_desired_bl":31,"out_noise":0.0,"ab_weight_scaling_omega":0.0,"min_lr_rate":0.0}},"intermediate_values":{}}
{"op_code":6,"worker_id":"bcf8490d-b458-49d9-a04d-980e77d483d0-140482863964160","trial_id":11,"state":0,"values":null,"datetime_start":"2026-03-23T23:47:34.285289"}
{"op_code":5,"worker_id":"bcf8490d-b458-49d9-a04d-980e77d483d0-140482863964160","trial_id":11,"param_name":"learning_rate","param_value_internal":5.8185049759167875e-05,"distribution":"{\"name\": \"FloatDistribution\", \"attributes\": {\"step\": null, \"low\": 1e-05, \"high\": 0.005, \"log\": true}}"}
{"op_code":5,"worker_id":"bcf8490d-b458-49d9-a04d-980e77d483d0-140482863964160","trial_id":11,"param_name":"transfer_lr","param_value_internal":16469.839489902643,"distribution":"{\"name\": \"FloatDistribution\", \"attributes\": {\"step\": null, \"low\": 90.0, \"high\": 300000.0, \"log\": true}}"}
{"op_code":5,"worker_id":"bcf8490d-b458-49d9-a04d-980e77d483d0-140482863964160","trial_id":11,"param_name":"transfer_every","param_value_internal":66.0,"distribution":"{\"name\": \"IntDistribution\", \"attributes\": {\"log\": true, \"step\": 1, \"low\": 1, \"high\": 500}}"}
{"op_code":5,"worker_id":"bcf8490d-b458-49d9-a04d-980e77d483d0-140482863964160","trial_id":11,"param_name":"rank_exp","param_value_internal":5.0,"distribution":"{\"name\": \"IntDistribution\", \"attributes\": {\"log\": false, \"step\": 1, \"low\": 5, \"high\": 5}}"}
{"op_code":5,"worker_id":"bcf8490d-b458-49d9-a04d-980e77d483d0-140482863964160","trial_id":11,"param_name":"fast_lr","param_value_internal":0.21231065919977193,"distribution":"{\"name\": \"FloatDistribution\", \"attributes\": {\"step\": null, \"low\": 0.02, \"high\": 0.9, \"log\": true}}"}
{"op_code":5,"worker_id":"bcf8490d-b458-49d9-a04d-980e77d483d0-140482863964160","trial_id":11,"param_name":"tau_sec","param_value_internal":0.0,"distribution":"{\"name\": \"FloatDistribution\", \"attributes\": {\"step\": null, \"low\": 0.0, \"high\": 0.0, \"log\": false}}"}
{"op_code":5,"worker_id":"bcf8490d-b458-49d9-a04d-980e77d483d0-140482863964160","trial_id":11,"param_name":"ab_dw_min","param_value_internal":0.001981,"distribution":"{\"name\": \"FloatDistribution\", \"attributes\": {\"step\": null, \"low\": 0.001981, \"high\": 0.001981, \"log\": false}}"}
{"op_code":5,"worker_id":"bcf8490d-b458-49d9-a04d-980e77d483d0-140482863964160","trial_id":11,"param_name":"ab_desired_bl","param_value_internal":31.0,"distribution":"{\"name\": \"IntDistribution\", \"attributes\": {\"log\": false, \"step\": 1, \"low\": 31, \"high\": 31}}"}
{"op_code":5,"worker_id":"bcf8490d-b458-49d9-a04d-980e77d483d0-140482863964160","trial_id":11,"param_name":"out_noise","param_value_internal":0.0,"distribution":"{\"name\": \"FloatDistribution\", \"attributes\": {\"step\": null, \"low\": 0.0, \"high\": 0.0, \"log\": false}}"}
{"op_code":5,"worker_id":"bcf8490d-b458-49d9-a04d-980e77d483d0-140482863964160","trial_id":11,"param_name":"ab_weight_scaling_omega","param_value_internal":0.0,"distribution":"{\"name\": \"FloatDistribution\", \"attributes\": {\"step\": null, \"low\": 0.0, \"high\": 0.0, \"log\": false}}"}
{"op_code":5,"worker_id":"bcf8490d-b458-49d9-a04d-980e77d483d0-140482863964160","trial_id":11,"param_name":"min_lr_rate","param_value_internal":0.0,"distribution":"{\"name\": \"FloatDistribution\", \"attributes\": {\"step\": null, \"low\": 0.0, \"high\": 0.0, \"log\": false}}"}
{"op_code":8,"worker_id":"bcf8490d-b458-49d9-a04d-980e77d483d0-140482863964160","trial_id":11,"user_attr":{"grad_accum_steps":2}}
{"op_code":8,"worker_id":"bcf8490d-b458-49d9-a04d-980e77d483d0-140482863964160","trial_id":11,"user_attr":{"error":"NVML_SUCCESS == r INTERNAL ASSERT FAILED at \"../c10/cuda/CUDACachingAllocator.cpp\":844, please report a bug to PyTorch. "}}
{"op_code":6,"worker_id":"bcf8490d-b458-49d9-a04d-980e77d483d0-140482863964160","trial_id":11,"state":3,"values":null,"datetime_complete":"2026-03-23T23:47:51.350995"}
{"op_code":0,"worker_id":"ee0dd389-2329-4145-b3b9-50f94b975195-140309223391232","study_name":"bert_squad_lrtt_bs48_adam_hybrid_nowd_nomom_nonest_set_ideal_cideal_fwinj_perfect_noos_fica_ffn_5ep","directions":[2]}
{"op_code":4,"worker_id":"ee0dd389-2329-4145-b3b9-50f94b975195-140309223391232","study_id":0,"datetime_start":null,"state":4,"value":null,"values":null,"distributions":{},"params":{},"user_attrs":{},"system_attrs":{"fixed_params":{"learning_rate":5.8185049759167875e-05,"transfer_lr":16469.839489902643,"transfer_every":66,"rank_exp":5,"fast_lr":0.21231065919977193,"tau_sec":0.0,"ab_dw_min":0.001981,"ab_desired_bl":31,"out_noise":0.0,"ab_weight_scaling_omega":0.0,"min_lr_rate":0.0}},"intermediate_values":{}}
{"op_code":6,"worker_id":"ee0dd389-2329-4145-b3b9-50f94b975195-140309223391232","trial_id":12,"state":0,"values":null,"datetime_start":"2026-03-23T23:48:01.184520"}
{"op_code":5,"worker_id":"ee0dd389-2329-4145-b3b9-50f94b975195-140309223391232","trial_id":12,"param_name":"learning_rate","param_value_internal":5.8185049759167875e-05,"distribution":"{\"name\": \"FloatDistribution\", \"attributes\": {\"step\": null, \"low\": 1e-05, \"high\": 0.005, \"log\": true}}"}
{"op_code":5,"worker_id":"ee0dd389-2329-4145-b3b9-50f94b975195-140309223391232","trial_id":12,"param_name":"transfer_lr","param_value_internal":16469.839489902643,"distribution":"{\"name\": \"FloatDistribution\", \"attributes\": {\"step\": null, \"low\": 90.0, \"high\": 300000.0, \"log\": true}}"}
{"op_code":5,"worker_id":"ee0dd389-2329-4145-b3b9-50f94b975195-140309223391232","trial_id":12,"param_name":"transfer_every","param_value_internal":66.0,"distribution":"{\"name\": \"IntDistribution\", \"attributes\": {\"log\": true, \"step\": 1, \"low\": 1, \"high\": 500}}"}
{"op_code":5,"worker_id":"ee0dd389-2329-4145-b3b9-50f94b975195-140309223391232","trial_id":12,"param_name":"rank_exp","param_value_internal":5.0,"distribution":"{\"name\": \"IntDistribution\", \"attributes\": {\"log\": false, \"step\": 1, \"low\": 5, \"high\": 5}}"}
{"op_code":5,"worker_id":"ee0dd389-2329-4145-b3b9-50f94b975195-140309223391232","trial_id":12,"param_name":"fast_lr","param_value_internal":0.21231065919977193,"distribution":"{\"name\": \"FloatDistribution\", \"attributes\": {\"step\": null, \"low\": 0.02, \"high\": 0.9, \"log\": true}}"}
{"op_code":5,"worker_id":"ee0dd389-2329-4145-b3b9-50f94b975195-140309223391232","trial_id":12,"param_name":"tau_sec","param_value_internal":0.0,"distribution":"{\"name\": \"FloatDistribution\", \"attributes\": {\"step\": null, \"low\": 0.0, \"high\": 0.0, \"log\": false}}"}
{"op_code":5,"worker_id":"ee0dd389-2329-4145-b3b9-50f94b975195-140309223391232","trial_id":12,"param_name":"ab_dw_min","param_value_internal":0.001981,"distribution":"{\"name\": \"FloatDistribution\", \"attributes\": {\"step\": null, \"low\": 0.001981, \"high\": 0.001981, \"log\": false}}"}
{"op_code":5,"worker_id":"ee0dd389-2329-4145-b3b9-50f94b975195-140309223391232","trial_id":12,"param_name":"ab_desired_bl","param_value_internal":31.0,"distribution":"{\"name\": \"IntDistribution\", \"attributes\": {\"log\": false, \"step\": 1, \"low\": 31, \"high\": 31}}"}
{"op_code":5,"worker_id":"ee0dd389-2329-4145-b3b9-50f94b975195-140309223391232","trial_id":12,"param_name":"out_noise","param_value_internal":0.0,"distribution":"{\"name\": \"FloatDistribution\", \"attributes\": {\"step\": null, \"low\": 0.0, \"high\": 0.0, \"log\": false}}"}
{"op_code":5,"worker_id":"ee0dd389-2329-4145-b3b9-50f94b975195-140309223391232","trial_id":12,"param_name":"ab_weight_scaling_omega","param_value_internal":0.0,"distribution":"{\"name\": \"FloatDistribution\", \"attributes\": {\"step\": null, \"low\": 0.0, \"high\": 0.0, \"log\": false}}"}
{"op_code":5,"worker_id":"ee0dd389-2329-4145-b3b9-50f94b975195-140309223391232","trial_id":12,"param_name":"min_lr_rate","param_value_internal":0.0,"distribution":"{\"name\": \"FloatDistribution\", \"attributes\": {\"step\": null, \"low\": 0.0, \"high\": 0.0, \"log\": false}}"}
{"op_code":8,"worker_id":"ee0dd389-2329-4145-b3b9-50f94b975195-140309223391232","trial_id":12,"user_attr":{"grad_accum_steps":3}}
{"op_code":8,"worker_id":"ee0dd389-2329-4145-b3b9-50f94b975195-140309223391232","trial_id":12,"user_attr":{"error":"NVML_SUCCESS == r INTERNAL ASSERT FAILED at \"../c10/cuda/CUDACachingAllocator.cpp\":844, please report a bug to PyTorch. "}}
{"op_code":6,"worker_id":"ee0dd389-2329-4145-b3b9-50f94b975195-140309223391232","trial_id":12,"state":3,"values":null,"datetime_complete":"2026-03-23T23:48:16.703522"}
{"op_code":0,"worker_id":"522da4b9-6e74-4594-bdd1-e577df2c5f6e-140452032647168","study_name":"bert_squad_lrtt_bs48_adam_hybrid_nowd_nomom_nonest_set_ideal_cideal_fwinj_perfect_noos_fica_ffn_5ep","directions":[2]}
{"op_code":4,"worker_id":"522da4b9-6e74-4594-bdd1-e577df2c5f6e-140452032647168","study_id":0,"datetime_start":null,"state":4,"value":null,"values":null,"distributions":{},"params":{},"user_attrs":{},"system_attrs":{"fixed_params":{"learning_rate":5.8185049759167875e-05,"transfer_lr":16469.839489902643,"transfer_every":66,"rank_exp":5,"fast_lr":0.21231065919977193,"tau_sec":0.0,"ab_dw_min":0.001981,"ab_desired_bl":31,"out_noise":0.0,"ab_weight_scaling_omega":0.0,"min_lr_rate":0.0}},"intermediate_values":{}}
{"op_code":6,"worker_id":"522da4b9-6e74-4594-bdd1-e577df2c5f6e-140452032647168","trial_id":13,"state":0,"values":null,"datetime_start":"2026-03-23T23:48:26.803745"}
{"op_code":5,"worker_id":"522da4b9-6e74-4594-bdd1-e577df2c5f6e-140452032647168","trial_id":13,"param_name":"learning_rate","param_value_internal":5.8185049759167875e-05,"distribution":"{\"name\": \"FloatDistribution\", \"attributes\": {\"step\": null, \"low\": 1e-05, \"high\": 0.005, \"log\": true}}"}
{"op_code":5,"worker_id":"522da4b9-6e74-4594-bdd1-e577df2c5f6e-140452032647168","trial_id":13,"param_name":"transfer_lr","param_value_internal":16469.839489902643,"distribution":"{\"name\": \"FloatDistribution\", \"attributes\": {\"step\": null, \"low\": 90.0, \"high\": 300000.0, \"log\": true}}"}
{"op_code":5,"worker_id":"522da4b9-6e74-4594-bdd1-e577df2c5f6e-140452032647168","trial_id":13,"param_name":"transfer_every","param_value_internal":66.0,"distribution":"{\"name\": \"IntDistribution\", \"attributes\": {\"log\": true, \"step\": 1, \"low\": 1, \"high\": 500}}"}
{"op_code":5,"worker_id":"522da4b9-6e74-4594-bdd1-e577df2c5f6e-140452032647168","trial_id":13,"param_name":"rank_exp","param_value_internal":5.0,"distribution":"{\"name\": \"IntDistribution\", \"attributes\": {\"log\": false, \"step\": 1, \"low\": 5, \"high\": 5}}"}
{"op_code":5,"worker_id":"522da4b9-6e74-4594-bdd1-e577df2c5f6e-140452032647168","trial_id":13,"param_name":"fast_lr","param_value_internal":0.21231065919977193,"distribution":"{\"name\": \"FloatDistribution\", \"attributes\": {\"step\": null, \"low\": 0.02, \"high\": 0.9, \"log\": true}}"}
{"op_code":5,"worker_id":"522da4b9-6e74-4594-bdd1-e577df2c5f6e-140452032647168","trial_id":13,"param_name":"tau_sec","param_value_internal":0.0,"distribution":"{\"name\": \"FloatDistribution\", \"attributes\": {\"step\": null, \"low\": 0.0, \"high\": 0.0, \"log\": false}}"}
{"op_code":5,"worker_id":"522da4b9-6e74-4594-bdd1-e577df2c5f6e-140452032647168","trial_id":13,"param_name":"ab_dw_min","param_value_internal":0.001981,"distribution":"{\"name\": \"FloatDistribution\", \"attributes\": {\"step\": null, \"low\": 0.001981, \"high\": 0.001981, \"log\": false}}"}
{"op_code":5,"worker_id":"522da4b9-6e74-4594-bdd1-e577df2c5f6e-140452032647168","trial_id":13,"param_name":"ab_desired_bl","param_value_internal":31.0,"distribution":"{\"name\": \"IntDistribution\", \"attributes\": {\"log\": false, \"step\": 1, \"low\": 31, \"high\": 31}}"}
{"op_code":5,"worker_id":"522da4b9-6e74-4594-bdd1-e577df2c5f6e-140452032647168","trial_id":13,"param_name":"out_noise","param_value_internal":0.0,"distribution":"{\"name\": \"FloatDistribution\", \"attributes\": {\"step\": null, \"low\": 0.0, \"high\": 0.0, \"log\": false}}"}
{"op_code":5,"worker_id":"522da4b9-6e74-4594-bdd1-e577df2c5f6e-140452032647168","trial_id":13,"param_name":"ab_weight_scaling_omega","param_value_internal":0.0,"distribution":"{\"name\": \"FloatDistribution\", \"attributes\": {\"step\": null, \"low\": 0.0, \"high\": 0.0, \"log\": false}}"}
{"op_code":5,"worker_id":"522da4b9-6e74-4594-bdd1-e577df2c5f6e-140452032647168","trial_id":13,"param_name":"min_lr_rate","param_value_internal":0.0,"distribution":"{\"name\": \"FloatDistribution\", \"attributes\": {\"step\": null, \"low\": 0.0, \"high\": 0.0, \"log\": false}}"}
{"op_code":8,"worker_id":"522da4b9-6e74-4594-bdd1-e577df2c5f6e-140452032647168","trial_id":13,"user_attr":{"grad_accum_steps":4}}
{"op_code":8,"worker_id":"522da4b9-6e74-4594-bdd1-e577df2c5f6e-140452032647168","trial_id":13,"user_attr":{"error":"NVML_SUCCESS == r INTERNAL ASSERT FAILED at \"../c10/cuda/CUDACachingAllocator.cpp\":844, please report a bug to PyTorch. "}}
{"op_code":6,"worker_id":"522da4b9-6e74-4594-bdd1-e577df2c5f6e-140452032647168","trial_id":13,"state":3,"values":null,"datetime_complete":"2026-03-23T23:48:41.983501"}
{"op_code":0,"worker_id":"d66b21f9-8577-4f96-9202-d3da5c70ff00-139758104715264","study_name":"bert_squad_lrtt_bs48_adam_hybrid_nowd_nomom_nonest_set_ideal_cideal_fwinj_perfect_noos_fica_ffn_5ep","directions":[2]}
{"op_code":4,"worker_id":"d66b21f9-8577-4f96-9202-d3da5c70ff00-139758104715264","study_id":0,"datetime_start":null,"state":4,"value":null,"values":null,"distributions":{},"params":{},"user_attrs":{},"system_attrs":{"fixed_params":{"learning_rate":5.8185049759167875e-05,"transfer_lr":16469.839489902643,"transfer_every":66,"rank_exp":5,"fast_lr":0.21231065919977193,"tau_sec":0.0,"ab_dw_min":0.001981,"ab_desired_bl":31,"out_noise":0.0,"ab_weight_scaling_omega":0.0,"min_lr_rate":0.0}},"intermediate_values":{}}
{"op_code":6,"worker_id":"d66b21f9-8577-4f96-9202-d3da5c70ff00-139758104715264","trial_id":14,"state":0,"values":null,"datetime_start":"2026-03-23T23:48:52.042054"}
{"op_code":5,"worker_id":"d66b21f9-8577-4f96-9202-d3da5c70ff00-139758104715264","trial_id":14,"param_name":"learning_rate","param_value_internal":5.8185049759167875e-05,"distribution":"{\"name\": \"FloatDistribution\", \"attributes\": {\"step\": null, \"low\": 1e-05, \"high\": 0.005, \"log\": true}}"}
{"op_code":5,"worker_id":"d66b21f9-8577-4f96-9202-d3da5c70ff00-139758104715264","trial_id":14,"param_name":"transfer_lr","param_value_internal":16469.839489902643,"distribution":"{\"name\": \"FloatDistribution\", \"attributes\": {\"step\": null, \"low\": 90.0, \"high\": 300000.0, \"log\": true}}"}
{"op_code":5,"worker_id":"d66b21f9-8577-4f96-9202-d3da5c70ff00-139758104715264","trial_id":14,"param_name":"transfer_every","param_value_internal":66.0,"distribution":"{\"name\": \"IntDistribution\", \"attributes\": {\"log\": true, \"step\": 1, \"low\": 1, \"high\": 500}}"}
{"op_code":5,"worker_id":"d66b21f9-8577-4f96-9202-d3da5c70ff00-139758104715264","trial_id":14,"param_name":"rank_exp","param_value_internal":5.0,"distribution":"{\"name\": \"IntDistribution\", \"attributes\": {\"log\": false, \"step\": 1, \"low\": 5, \"high\": 5}}"}
{"op_code":5,"worker_id":"d66b21f9-8577-4f96-9202-d3da5c70ff00-139758104715264","trial_id":14,"param_name":"fast_lr","param_value_internal":0.21231065919977193,"distribution":"{\"name\": \"FloatDistribution\", \"attributes\": {\"step\": null, \"low\": 0.02, \"high\": 0.9, \"log\": true}}"}
{"op_code":5,"worker_id":"d66b21f9-8577-4f96-9202-d3da5c70ff00-139758104715264","trial_id":14,"param_name":"tau_sec","param_value_internal":0.0,"distribution":"{\"name\": \"FloatDistribution\", \"attributes\": {\"step\": null, \"low\": 0.0, \"high\": 0.0, \"log\": false}}"}
{"op_code":5,"worker_id":"d66b21f9-8577-4f96-9202-d3da5c70ff00-139758104715264","trial_id":14,"param_name":"ab_dw_min","param_value_internal":0.001981,"distribution":"{\"name\": \"FloatDistribution\", \"attributes\": {\"step\": null, \"low\": 0.001981, \"high\": 0.001981, \"log\": false}}"}
{"op_code":5,"worker_id":"d66b21f9-8577-4f96-9202-d3da5c70ff00-139758104715264","trial_id":14,"param_name":"ab_desired_bl","param_value_internal":31.0,"distribution":"{\"name\": \"IntDistribution\", \"attributes\": {\"log\": false, \"step\": 1, \"low\": 31, \"high\": 31}}"}
{"op_code":5,"worker_id":"d66b21f9-8577-4f96-9202-d3da5c70ff00-139758104715264","trial_id":14,"param_name":"out_noise","param_value_internal":0.0,"distribution":"{\"name\": \"FloatDistribution\", \"attributes\": {\"step\": null, \"low\": 0.0, \"high\": 0.0, \"log\": false}}"}
{"op_code":5,"worker_id":"d66b21f9-8577-4f96-9202-d3da5c70ff00-139758104715264","trial_id":14,"param_name":"ab_weight_scaling_omega","param_value_internal":0.0,"distribution":"{\"name\": \"FloatDistribution\", \"attributes\": {\"step\": null, \"low\": 0.0, \"high\": 0.0, \"log\": false}}"}
{"op_code":5,"worker_id":"d66b21f9-8577-4f96-9202-d3da5c70ff00-139758104715264","trial_id":14,"param_name":"min_lr_rate","param_value_internal":0.0,"distribution":"{\"name\": \"FloatDistribution\", \"attributes\": {\"step\": null, \"low\": 0.0, \"high\": 0.0, \"log\": false}}"}
{"op_code":8,"worker_id":"d66b21f9-8577-4f96-9202-d3da5c70ff00-139758104715264","trial_id":14,"user_attr":{"grad_accum_steps":6}}
{"op_code":8,"worker_id":"d66b21f9-8577-4f96-9202-d3da5c70ff00-139758104715264","trial_id":14,"user_attr":{"error":"NVML_SUCCESS == r INTERNAL ASSERT FAILED at \"../c10/cuda/CUDACachingAllocator.cpp\":844, please report a bug to PyTorch. "}}
{"op_code":6,"worker_id":"d66b21f9-8577-4f96-9202-d3da5c70ff00-139758104715264","trial_id":14,"state":3,"values":null,"datetime_complete":"2026-03-23T23:49:08.599388"}
{"op_code":0,"worker_id":"c951e18f-9260-4cb1-896a-d7b50805b772-139918738190336","study_name":"bert_squad_lrtt_bs48_adam_hybrid_nowd_nomom_nonest_set_ideal_cideal_fwinj_perfect_noos_fica_ffn_5ep","directions":[2]}
{"op_code":4,"worker_id":"c951e18f-9260-4cb1-896a-d7b50805b772-139918738190336","study_id":0,"datetime_start":null,"state":4,"value":null,"values":null,"distributions":{},"params":{},"user_attrs":{},"system_attrs":{"fixed_params":{"learning_rate":5.8185049759167875e-05,"transfer_lr":16469.839489902643,"transfer_every":66,"rank_exp":5,"fast_lr":0.21231065919977193,"tau_sec":0.0,"ab_dw_min":0.001981,"ab_desired_bl":31,"out_noise":0.0,"ab_weight_scaling_omega":0.0,"min_lr_rate":0.0}},"intermediate_values":{}}
{"op_code":6,"worker_id":"c951e18f-9260-4cb1-896a-d7b50805b772-139918738190336","trial_id":15,"state":0,"values":null,"datetime_start":"2026-03-23T23:49:18.723094"}
{"op_code":5,"worker_id":"c951e18f-9260-4cb1-896a-d7b50805b772-139918738190336","trial_id":15,"param_name":"learning_rate","param_value_internal":5.8185049759167875e-05,"distribution":"{\"name\": \"FloatDistribution\", \"attributes\": {\"step\": null, \"low\": 1e-05, \"high\": 0.005, \"log\": true}}"}
{"op_code":5,"worker_id":"c951e18f-9260-4cb1-896a-d7b50805b772-139918738190336","trial_id":15,"param_name":"transfer_lr","param_value_internal":16469.839489902643,"distribution":"{\"name\": \"FloatDistribution\", \"attributes\": {\"step\": null, \"low\": 90.0, \"high\": 300000.0, \"log\": true}}"}
{"op_code":5,"worker_id":"c951e18f-9260-4cb1-896a-d7b50805b772-139918738190336","trial_id":15,"param_name":"transfer_every","param_value_internal":66.0,"distribution":"{\"name\": \"IntDistribution\", \"attributes\": {\"log\": true, \"step\": 1, \"low\": 1, \"high\": 500}}"}
{"op_code":5,"worker_id":"c951e18f-9260-4cb1-896a-d7b50805b772-139918738190336","trial_id":15,"param_name":"rank_exp","param_value_internal":5.0,"distribution":"{\"name\": \"IntDistribution\", \"attributes\": {\"log\": false, \"step\": 1, \"low\": 5, \"high\": 5}}"}
{"op_code":5,"worker_id":"c951e18f-9260-4cb1-896a-d7b50805b772-139918738190336","trial_id":15,"param_name":"fast_lr","param_value_internal":0.21231065919977193,"distribution":"{\"name\": \"FloatDistribution\", \"attributes\": {\"step\": null, \"low\": 0.02, \"high\": 0.9, \"log\": true}}"}
{"op_code":5,"worker_id":"c951e18f-9260-4cb1-896a-d7b50805b772-139918738190336","trial_id":15,"param_name":"tau_sec","param_value_internal":0.0,"distribution":"{\"name\": \"FloatDistribution\", \"attributes\": {\"step\": null, \"low\": 0.0, \"high\": 0.0, \"log\": false}}"}
{"op_code":5,"worker_id":"c951e18f-9260-4cb1-896a-d7b50805b772-139918738190336","trial_id":15,"param_name":"ab_dw_min","param_value_internal":0.001981,"distribution":"{\"name\": \"FloatDistribution\", \"attributes\": {\"step\": null, \"low\": 0.001981, \"high\": 0.001981, \"log\": false}}"}
{"op_code":5,"worker_id":"c951e18f-9260-4cb1-896a-d7b50805b772-139918738190336","trial_id":15,"param_name":"ab_desired_bl","param_value_internal":31.0,"distribution":"{\"name\": \"IntDistribution\", \"attributes\": {\"log\": false, \"step\": 1, \"low\": 31, \"high\": 31}}"}
{"op_code":5,"worker_id":"c951e18f-9260-4cb1-896a-d7b50805b772-139918738190336","trial_id":15,"param_name":"out_noise","param_value_internal":0.0,"distribution":"{\"name\": \"FloatDistribution\", \"attributes\": {\"step\": null, \"low\": 0.0, \"high\": 0.0, \"log\": false}}"}
{"op_code":5,"worker_id":"c951e18f-9260-4cb1-896a-d7b50805b772-139918738190336","trial_id":15,"param_name":"ab_weight_scaling_omega","param_value_internal":0.0,"distribution":"{\"name\": \"FloatDistribution\", \"attributes\": {\"step\": null, \"low\": 0.0, \"high\": 0.0, \"log\": false}}"}
{"op_code":5,"worker_id":"c951e18f-9260-4cb1-896a-d7b50805b772-139918738190336","trial_id":15,"param_name":"min_lr_rate","param_value_internal":0.0,"distribution":"{\"name\": \"FloatDistribution\", \"attributes\": {\"step\": null, \"low\": 0.0, \"high\": 0.0, \"log\": false}}"}
{"op_code":8,"worker_id":"c951e18f-9260-4cb1-896a-d7b50805b772-139918738190336","trial_id":15,"user_attr":{"grad_accum_steps":8}}
{"op_code":8,"worker_id":"c951e18f-9260-4cb1-896a-d7b50805b772-139918738190336","trial_id":15,"user_attr":{"error":"NVML_SUCCESS == r INTERNAL ASSERT FAILED at \"../c10/cuda/CUDACachingAllocator.cpp\":844, please report a bug to PyTorch. "}}
{"op_code":6,"worker_id":"c951e18f-9260-4cb1-896a-d7b50805b772-139918738190336","trial_id":15,"state":3,"values":null,"datetime_complete":"2026-03-23T23:49:43.123622"}
{"op_code":0,"worker_id":"749f394a-770d-4906-9164-864a41f06b13-140505260118016","study_name":"bert_squad_lrtt_bs48_adam_hybrid_nowd_nomom_nonest_set_ideal_cideal_fwinj_perfect_noos_fica_ffn_5ep","directions":[2]}
{"op_code":4,"worker_id":"749f394a-770d-4906-9164-864a41f06b13-140505260118016","study_id":0,"datetime_start":null,"state":4,"value":null,"values":null,"distributions":{},"params":{},"user_attrs":{},"system_attrs":{"fixed_params":{"learning_rate":5.8185049759167875e-05,"transfer_lr":16469.839489902643,"transfer_every":66,"rank_exp":5,"fast_lr":0.21231065919977193,"tau_sec":0.0,"ab_dw_min":0.001981,"ab_desired_bl":31,"out_noise":0.0,"ab_weight_scaling_omega":0.0,"min_lr_rate":0.0}},"intermediate_values":{}}
{"op_code":6,"worker_id":"749f394a-770d-4906-9164-864a41f06b13-140505260118016","trial_id":16,"state":0,"values":null,"datetime_start":"2026-03-23T23:49:53.148098"}
{"op_code":5,"worker_id":"749f394a-770d-4906-9164-864a41f06b13-140505260118016","trial_id":16,"param_name":"learning_rate","param_value_internal":5.8185049759167875e-05,"distribution":"{\"name\": \"FloatDistribution\", \"attributes\": {\"step\": null, \"low\": 1e-05, \"high\": 0.005, \"log\": true}}"}
{"op_code":5,"worker_id":"749f394a-770d-4906-9164-864a41f06b13-140505260118016","trial_id":16,"param_name":"transfer_lr","param_value_internal":16469.839489902643,"distribution":"{\"name\": \"FloatDistribution\", \"attributes\": {\"step\": null, \"low\": 90.0, \"high\": 300000.0, \"log\": true}}"}
{"op_code":5,"worker_id":"749f394a-770d-4906-9164-864a41f06b13-140505260118016","trial_id":16,"param_name":"transfer_every","param_value_internal":66.0,"distribution":"{\"name\": \"IntDistribution\", \"attributes\": {\"log\": true, \"step\": 1, \"low\": 1, \"high\": 500}}"}
{"op_code":5,"worker_id":"749f394a-770d-4906-9164-864a41f06b13-140505260118016","trial_id":16,"param_name":"rank_exp","param_value_internal":5.0,"distribution":"{\"name\": \"IntDistribution\", \"attributes\": {\"log\": false, \"step\": 1, \"low\": 5, \"high\": 5}}"}
{"op_code":5,"worker_id":"749f394a-770d-4906-9164-864a41f06b13-140505260118016","trial_id":16,"param_name":"fast_lr","param_value_internal":0.21231065919977193,"distribution":"{\"name\": \"FloatDistribution\", \"attributes\": {\"step\": null, \"low\": 0.02, \"high\": 0.9, \"log\": true}}"}
{"op_code":5,"worker_id":"749f394a-770d-4906-9164-864a41f06b13-140505260118016","trial_id":16,"param_name":"tau_sec","param_value_internal":0.0,"distribution":"{\"name\": \"FloatDistribution\", \"attributes\": {\"step\": null, \"low\": 0.0, \"high\": 0.0, \"log\": false}}"}
{"op_code":5,"worker_id":"749f394a-770d-4906-9164-864a41f06b13-140505260118016","trial_id":16,"param_name":"ab_dw_min","param_value_internal":0.001981,"distribution":"{\"name\": \"FloatDistribution\", \"attributes\": {\"step\": null, \"low\": 0.001981, \"high\": 0.001981, \"log\": false}}"}
{"op_code":5,"worker_id":"749f394a-770d-4906-9164-864a41f06b13-140505260118016","trial_id":16,"param_name":"ab_desired_bl","param_value_internal":31.0,"distribution":"{\"name\": \"IntDistribution\", \"attributes\": {\"log\": false, \"step\": 1, \"low\": 31, \"high\": 31}}"}
{"op_code":5,"worker_id":"749f394a-770d-4906-9164-864a41f06b13-140505260118016","trial_id":16,"param_name":"out_noise","param_value_internal":0.0,"distribution":"{\"name\": \"FloatDistribution\", \"attributes\": {\"step\": null, \"low\": 0.0, \"high\": 0.0, \"log\": false}}"}
{"op_code":5,"worker_id":"749f394a-770d-4906-9164-864a41f06b13-140505260118016","trial_id":16,"param_name":"ab_weight_scaling_omega","param_value_internal":0.0,"distribution":"{\"name\": \"FloatDistribution\", \"attributes\": {\"step\": null, \"low\": 0.0, \"high\": 0.0, \"log\": false}}"}
{"op_code":5,"worker_id":"749f394a-770d-4906-9164-864a41f06b13-140505260118016","trial_id":16,"param_name":"min_lr_rate","param_value_internal":0.0,"distribution":"{\"name\": \"FloatDistribution\", \"attributes\": {\"step\": null, \"low\": 0.0, \"high\": 0.0, \"log\": false}}"}
{"op_code":8,"worker_id":"749f394a-770d-4906-9164-864a41f06b13-140505260118016","trial_id":16,"user_attr":{"grad_accum_steps":12}}
{"op_code":8,"worker_id":"749f394a-770d-4906-9164-864a41f06b13-140505260118016","trial_id":16,"user_attr":{"error":"NVML_SUCCESS == r INTERNAL ASSERT FAILED at \"../c10/cuda/CUDACachingAllocator.cpp\":844, please report a bug to PyTorch. "}}
{"op_code":6,"worker_id":"749f394a-770d-4906-9164-864a41f06b13-140505260118016","trial_id":16,"state":3,"values":null,"datetime_complete":"2026-03-23T23:50:20.629645"}
{"op_code":0,"worker_id":"7e3efffb-669c-432f-acfb-bf5d431ea256-139751484653568","study_name":"bert_squad_lrtt_bs48_adam_hybrid_nowd_nomom_nonest_set_ideal_cideal_fwinj_perfect_noos_fica_ffn_5ep","directions":[2]}
{"op_code":4,"worker_id":"7e3efffb-669c-432f-acfb-bf5d431ea256-139751484653568","study_id":0,"datetime_start":null,"state":4,"value":null,"values":null,"distributions":{},"params":{},"user_attrs":{},"system_attrs":{"fixed_params":{"learning_rate":5.8185049759167875e-05,"transfer_lr":16469.839489902643,"transfer_every":66,"rank_exp":5,"fast_lr":0.21231065919977193,"tau_sec":0.0,"ab_dw_min":0.001981,"ab_desired_bl":31,"out_noise":0.0,"ab_weight_scaling_omega":0.0,"min_lr_rate":0.0}},"intermediate_values":{}}
{"op_code":6,"worker_id":"7e3efffb-669c-432f-acfb-bf5d431ea256-139751484653568","trial_id":17,"state":0,"values":null,"datetime_start":"2026-03-23T23:50:30.867242"}
{"op_code":5,"worker_id":"7e3efffb-669c-432f-acfb-bf5d431ea256-139751484653568","trial_id":17,"param_name":"learning_rate","param_value_internal":5.8185049759167875e-05,"distribution":"{\"name\": \"FloatDistribution\", \"attributes\": {\"step\": null, \"low\": 1e-05, \"high\": 0.005, \"log\": true}}"}
{"op_code":5,"worker_id":"7e3efffb-669c-432f-acfb-bf5d431ea256-139751484653568","trial_id":17,"param_name":"transfer_lr","param_value_internal":16469.839489902643,"distribution":"{\"name\": \"FloatDistribution\", \"attributes\": {\"step\": null, \"low\": 90.0, \"high\": 300000.0, \"log\": true}}"}
{"op_code":5,"worker_id":"7e3efffb-669c-432f-acfb-bf5d431ea256-139751484653568","trial_id":17,"param_name":"transfer_every","param_value_internal":66.0,"distribution":"{\"name\": \"IntDistribution\", \"attributes\": {\"log\": true, \"step\": 1, \"low\": 1, \"high\": 500}}"}
{"op_code":5,"worker_id":"7e3efffb-669c-432f-acfb-bf5d431ea256-139751484653568","trial_id":17,"param_name":"rank_exp","param_value_internal":5.0,"distribution":"{\"name\": \"IntDistribution\", \"attributes\": {\"log\": false, \"step\": 1, \"low\": 5, \"high\": 5}}"}
{"op_code":5,"worker_id":"7e3efffb-669c-432f-acfb-bf5d431ea256-139751484653568","trial_id":17,"param_name":"fast_lr","param_value_internal":0.21231065919977193,"distribution":"{\"name\": \"FloatDistribution\", \"attributes\": {\"step\": null, \"low\": 0.02, \"high\": 0.9, \"log\": true}}"}
{"op_code":5,"worker_id":"7e3efffb-669c-432f-acfb-bf5d431ea256-139751484653568","trial_id":17,"param_name":"tau_sec","param_value_internal":0.0,"distribution":"{\"name\": \"FloatDistribution\", \"attributes\": {\"step\": null, \"low\": 0.0, \"high\": 0.0, \"log\": false}}"}
{"op_code":5,"worker_id":"7e3efffb-669c-432f-acfb-bf5d431ea256-139751484653568","trial_id":17,"param_name":"ab_dw_min","param_value_internal":0.001981,"distribution":"{\"name\": \"FloatDistribution\", \"attributes\": {\"step\": null, \"low\": 0.001981, \"high\": 0.001981, \"log\": false}}"}
{"op_code":5,"worker_id":"7e3efffb-669c-432f-acfb-bf5d431ea256-139751484653568","trial_id":17,"param_name":"ab_desired_bl","param_value_internal":31.0,"distribution":"{\"name\": \"IntDistribution\", \"attributes\": {\"log\": false, \"step\": 1, \"low\": 31, \"high\": 31}}"}
{"op_code":5,"worker_id":"7e3efffb-669c-432f-acfb-bf5d431ea256-139751484653568","trial_id":17,"param_name":"out_noise","param_value_internal":0.0,"distribution":"{\"name\": \"FloatDistribution\", \"attributes\": {\"step\": null, \"low\": 0.0, \"high\": 0.0, \"log\": false}}"}
{"op_code":5,"worker_id":"7e3efffb-669c-432f-acfb-bf5d431ea256-139751484653568","trial_id":17,"param_name":"ab_weight_scaling_omega","param_value_internal":0.0,"distribution":"{\"name\": \"FloatDistribution\", \"attributes\": {\"step\": null, \"low\": 0.0, \"high\": 0.0, \"log\": false}}"}
{"op_code":5,"worker_id":"7e3efffb-669c-432f-acfb-bf5d431ea256-139751484653568","trial_id":17,"param_name":"min_lr_rate","param_value_internal":0.0,"distribution":"{\"name\": \"FloatDistribution\", \"attributes\": {\"step\": null, \"low\": 0.0, \"high\": 0.0, \"log\": false}}"}
{"op_code":8,"worker_id":"7e3efffb-669c-432f-acfb-bf5d431ea256-139751484653568","trial_id":17,"user_attr":{"grad_accum_steps":16}}
{"op_code":8,"worker_id":"7e3efffb-669c-432f-acfb-bf5d431ea256-139751484653568","trial_id":17,"user_attr":{"error":"NVML_SUCCESS == r INTERNAL ASSERT FAILED at \"../c10/cuda/CUDACachingAllocator.cpp\":844, please report a bug to PyTorch. "}}
{"op_code":6,"worker_id":"7e3efffb-669c-432f-acfb-bf5d431ea256-139751484653568","trial_id":17,"state":3,"values":null,"datetime_complete":"2026-03-23T23:56:47.254634"}
{"op_code":0,"worker_id":"99f9c3ca-03b5-4074-ba42-a38609764525-140407218843648","study_name":"bert_squad_lrtt_bs48_adam_hybrid_nowd_nomom_nonest_set_ideal_cideal_fwinj_perfect_noos_fica_ffn_5ep","directions":[2]}
{"op_code":4,"worker_id":"99f9c3ca-03b5-4074-ba42-a38609764525-140407218843648","study_id":0,"datetime_start":null,"state":4,"value":null,"values":null,"distributions":{},"params":{},"user_attrs":{},"system_attrs":{"fixed_params":{"learning_rate":5.8185049759167875e-05,"transfer_lr":16469.839489902643,"transfer_every":66,"rank_exp":5,"fast_lr":0.21231065919977193,"tau_sec":0.0,"ab_dw_min":0.001981,"ab_desired_bl":31,"out_noise":0.0,"ab_weight_scaling_omega":0.0,"min_lr_rate":0.0}},"intermediate_values":{}}
{"op_code":6,"worker_id":"99f9c3ca-03b5-4074-ba42-a38609764525-140407218843648","trial_id":18,"state":0,"values":null,"datetime_start":"2026-03-23T23:56:57.523754"}
{"op_code":5,"worker_id":"99f9c3ca-03b5-4074-ba42-a38609764525-140407218843648","trial_id":18,"param_name":"learning_rate","param_value_internal":5.8185049759167875e-05,"distribution":"{\"name\": \"FloatDistribution\", \"attributes\": {\"step\": null, \"low\": 1e-05, \"high\": 0.005, \"log\": true}}"}
{"op_code":5,"worker_id":"99f9c3ca-03b5-4074-ba42-a38609764525-140407218843648","trial_id":18,"param_name":"transfer_lr","param_value_internal":16469.839489902643,"distribution":"{\"name\": \"FloatDistribution\", \"attributes\": {\"step\": null, \"low\": 90.0, \"high\": 300000.0, \"log\": true}}"}
{"op_code":5,"worker_id":"99f9c3ca-03b5-4074-ba42-a38609764525-140407218843648","trial_id":18,"param_name":"transfer_every","param_value_internal":66.0,"distribution":"{\"name\": \"IntDistribution\", \"attributes\": {\"log\": true, \"step\": 1, \"low\": 1, \"high\": 500}}"}
{"op_code":5,"worker_id":"99f9c3ca-03b5-4074-ba42-a38609764525-140407218843648","trial_id":18,"param_name":"rank_exp","param_value_internal":5.0,"distribution":"{\"name\": \"IntDistribution\", \"attributes\": {\"log\": false, \"step\": 1, \"low\": 5, \"high\": 5}}"}
{"op_code":5,"worker_id":"99f9c3ca-03b5-4074-ba42-a38609764525-140407218843648","trial_id":18,"param_name":"fast_lr","param_value_internal":0.21231065919977193,"distribution":"{\"name\": \"FloatDistribution\", \"attributes\": {\"step\": null, \"low\": 0.02, \"high\": 0.9, \"log\": true}}"}
{"op_code":5,"worker_id":"99f9c3ca-03b5-4074-ba42-a38609764525-140407218843648","trial_id":18,"param_name":"tau_sec","param_value_internal":0.0,"distribution":"{\"name\": \"FloatDistribution\", \"attributes\": {\"step\": null, \"low\": 0.0, \"high\": 0.0, \"log\": false}}"}
{"op_code":5,"worker_id":"99f9c3ca-03b5-4074-ba42-a38609764525-140407218843648","trial_id":18,"param_name":"ab_dw_min","param_value_internal":0.001981,"distribution":"{\"name\": \"FloatDistribution\", \"attributes\": {\"step\": null, \"low\": 0.001981, \"high\": 0.001981, \"log\": false}}"}
{"op_code":5,"worker_id":"99f9c3ca-03b5-4074-ba42-a38609764525-140407218843648","trial_id":18,"param_name":"ab_desired_bl","param_value_internal":31.0,"distribution":"{\"name\": \"IntDistribution\", \"attributes\": {\"log\": false, \"step\": 1, \"low\": 31, \"high\": 31}}"}
{"op_code":5,"worker_id":"99f9c3ca-03b5-4074-ba42-a38609764525-140407218843648","trial_id":18,"param_name":"out_noise","param_value_internal":0.0,"distribution":"{\"name\": \"FloatDistribution\", \"attributes\": {\"step\": null, \"low\": 0.0, \"high\": 0.0, \"log\": false}}"}
{"op_code":5,"worker_id":"99f9c3ca-03b5-4074-ba42-a38609764525-140407218843648","trial_id":18,"param_name":"ab_weight_scaling_omega","param_value_internal":0.0,"distribution":"{\"name\": \"FloatDistribution\", \"attributes\": {\"step\": null, \"low\": 0.0, \"high\": 0.0, \"log\": false}}"}
{"op_code":5,"worker_id":"99f9c3ca-03b5-4074-ba42-a38609764525-140407218843648","trial_id":18,"param_name":"min_lr_rate","param_value_internal":0.0,"distribution":"{\"name\": \"FloatDistribution\", \"attributes\": {\"step\": null, \"low\": 0.0, \"high\": 0.0, \"log\": false}}"}
{"op_code":8,"worker_id":"99f9c3ca-03b5-4074-ba42-a38609764525-140407218843648","trial_id":18,"user_attr":{"grad_accum_steps":24}}
{"op_code":7,"worker_id":"99f9c3ca-03b5-4074-ba42-a38609764525-140407218843648","trial_id":18,"step":1,"intermediate_value":44.28205935488595}
{"op_code":8,"worker_id":"99f9c3ca-03b5-4074-ba42-a38609764525-140407218843648","trial_id":18,"user_attr":{"train_loss_epoch_1":3.883555445151995}}
{"op_code":7,"worker_id":"99f9c3ca-03b5-4074-ba42-a38609764525-140407218843648","trial_id":18,"step":2,"intermediate_value":54.37297919636009}
{"op_code":8,"worker_id":"99f9c3ca-03b5-4074-ba42-a38609764525-140407218843648","trial_id":18,"user_attr":{"train_loss_epoch_2":2.492621053562934}}
{"op_code":7,"worker_id":"99f9c3ca-03b5-4074-ba42-a38609764525-140407218843648","trial_id":18,"step":3,"intermediate_value":57.90366481999872}
{"op_code":8,"worker_id":"99f9c3ca-03b5-4074-ba42-a38609764525-140407218843648","trial_id":18,"user_attr":{"train_loss_epoch_3":2.260217005551322}}
{"op_code":8,"worker_id":"99f9c3ca-03b5-4074-ba42-a38609764525-140407218843648","trial_id":18,"user_attr":{"error":"NVML_SUCCESS == r INTERNAL ASSERT FAILED at \"../c10/cuda/CUDACachingAllocator.cpp\":844, please report a bug to PyTorch. "}}
{"op_code":6,"worker_id":"99f9c3ca-03b5-4074-ba42-a38609764525-140407218843648","trial_id":18,"state":3,"values":null,"datetime_complete":"2026-03-24T12:11:32.966312"}
{"op_code":0,"worker_id":"3ee48c39-1c73-47a6-afa4-efa13bc57e02-140625178136576","study_name":"bert_squad_lrtt_bs48_adam_hybrid_nowd_nomom_nonest_set_ideal_cideal_fwinj_perfect_noos_fica_ffn_5ep","directions":[2]}
{"op_code":4,"worker_id":"3ee48c39-1c73-47a6-afa4-efa13bc57e02-140625178136576","study_id":0,"datetime_start":null,"state":4,"value":null,"values":null,"distributions":{},"params":{},"user_attrs":{},"system_attrs":{"fixed_params":{"learning_rate":5.8185049759167875e-05,"transfer_lr":16469.839489902643,"transfer_every":66,"rank_exp":5,"fast_lr":0.21231065919977193,"tau_sec":0.0,"ab_dw_min":0.001981,"ab_desired_bl":31,"out_noise":0.0,"ab_weight_scaling_omega":0.0,"min_lr_rate":0.0}},"intermediate_values":{}}
{"op_code":6,"worker_id":"3ee48c39-1c73-47a6-afa4-efa13bc57e02-140625178136576","trial_id":19,"state":0,"values":null,"datetime_start":"2026-03-24T12:11:43.599568"}
{"op_code":5,"worker_id":"3ee48c39-1c73-47a6-afa4-efa13bc57e02-140625178136576","trial_id":19,"param_name":"learning_rate","param_value_internal":5.8185049759167875e-05,"distribution":"{\"name\": \"FloatDistribution\", \"attributes\": {\"step\": null, \"low\": 1e-05, \"high\": 0.005, \"log\": true}}"}
{"op_code":5,"worker_id":"3ee48c39-1c73-47a6-afa4-efa13bc57e02-140625178136576","trial_id":19,"param_name":"transfer_lr","param_value_internal":16469.839489902643,"distribution":"{\"name\": \"FloatDistribution\", \"attributes\": {\"step\": null, \"low\": 90.0, \"high\": 300000.0, \"log\": true}}"}
{"op_code":5,"worker_id":"3ee48c39-1c73-47a6-afa4-efa13bc57e02-140625178136576","trial_id":19,"param_name":"transfer_every","param_value_internal":66.0,"distribution":"{\"name\": \"IntDistribution\", \"attributes\": {\"log\": true, \"step\": 1, \"low\": 1, \"high\": 500}}"}
{"op_code":5,"worker_id":"3ee48c39-1c73-47a6-afa4-efa13bc57e02-140625178136576","trial_id":19,"param_name":"rank_exp","param_value_internal":5.0,"distribution":"{\"name\": \"IntDistribution\", \"attributes\": {\"log\": false, \"step\": 1, \"low\": 5, \"high\": 5}}"}
{"op_code":5,"worker_id":"3ee48c39-1c73-47a6-afa4-efa13bc57e02-140625178136576","trial_id":19,"param_name":"fast_lr","param_value_internal":0.21231065919977193,"distribution":"{\"name\": \"FloatDistribution\", \"attributes\": {\"step\": null, \"low\": 0.02, \"high\": 0.9, \"log\": true}}"}
{"op_code":5,"worker_id":"3ee48c39-1c73-47a6-afa4-efa13bc57e02-140625178136576","trial_id":19,"param_name":"tau_sec","param_value_internal":0.0,"distribution":"{\"name\": \"FloatDistribution\", \"attributes\": {\"step\": null, \"low\": 0.0, \"high\": 0.0, \"log\": false}}"}
{"op_code":5,"worker_id":"3ee48c39-1c73-47a6-afa4-efa13bc57e02-140625178136576","trial_id":19,"param_name":"ab_dw_min","param_value_internal":0.001981,"distribution":"{\"name\": \"FloatDistribution\", \"attributes\": {\"step\": null, \"low\": 0.001981, \"high\": 0.001981, \"log\": false}}"}
{"op_code":5,"worker_id":"3ee48c39-1c73-47a6-afa4-efa13bc57e02-140625178136576","trial_id":19,"param_name":"ab_desired_bl","param_value_internal":31.0,"distribution":"{\"name\": \"IntDistribution\", \"attributes\": {\"log\": false, \"step\": 1, \"low\": 31, \"high\": 31}}"}
{"op_code":5,"worker_id":"3ee48c39-1c73-47a6-afa4-efa13bc57e02-140625178136576","trial_id":19,"param_name":"out_noise","param_value_internal":0.0,"distribution":"{\"name\": \"FloatDistribution\", \"attributes\": {\"step\": null, \"low\": 0.0, \"high\": 0.0, \"log\": false}}"}
{"op_code":5,"worker_id":"3ee48c39-1c73-47a6-afa4-efa13bc57e02-140625178136576","trial_id":19,"param_name":"ab_weight_scaling_omega","param_value_internal":0.0,"distribution":"{\"name\": \"FloatDistribution\", \"attributes\": {\"step\": null, \"low\": 0.0, \"high\": 0.0, \"log\": false}}"}
{"op_code":5,"worker_id":"3ee48c39-1c73-47a6-afa4-efa13bc57e02-140625178136576","trial_id":19,"param_name":"min_lr_rate","param_value_internal":0.0,"distribution":"{\"name\": \"FloatDistribution\", \"attributes\": {\"step\": null, \"low\": 0.0, \"high\": 0.0, \"log\": false}}"}
{"op_code":8,"worker_id":"3ee48c39-1c73-47a6-afa4-efa13bc57e02-140625178136576","trial_id":19,"user_attr":{"grad_accum_steps":48}}
{"op_code":6,"worker_id":"3ee48c39-1c73-47a6-afa4-efa13bc57e02-140625178136576","trial_id":19,"state":3,"values":null,"datetime_complete":"2026-03-24T12:45:27.031314"}
