{"op_code":0,"worker_id":"fe35740d-175d-4055-a3c1-c2edd06492dc-140083897909248","study_name":"bert_squad_lrtt_bs48_adam_hybrid_nowd_nomom_nonest_set_ideal_cideal_fwinj_perfect_noos_fica_all_5ep","directions":[2]}
{"op_code":4,"worker_id":"4162d46c-80f1-40f6-9916-efac7392c22f-139993884647424","study_id":0,"datetime_start":null,"state":4,"value":null,"values":null,"distributions":{},"params":{},"user_attrs":{},"system_attrs":{"fixed_params":{"learning_rate":0.0027676646872314865,"transfer_lr":13388.744207856947,"transfer_every":1,"rank_exp":5,"fast_lr":0.04912877301004419,"tau_sec":0.0,"min_lr_rate":0.0,"out_noise":0.0,"ab_weight_scaling_omega":0.0}},"intermediate_values":{}}
{"op_code":4,"worker_id":"4162d46c-80f1-40f6-9916-efac7392c22f-139993884647424","study_id":0,"datetime_start":null,"state":4,"value":null,"values":null,"distributions":{},"params":{},"user_attrs":{},"system_attrs":{"fixed_params":{"learning_rate":0.00010278853596915776,"transfer_lr":98395.95706072066,"transfer_every":3,"rank_exp":5,"fast_lr":0.20008047803273357,"tau_sec":0.0,"min_lr_rate":0.0,"out_noise":0.0,"ab_weight_scaling_omega":0.0}},"intermediate_values":{}}
{"op_code":4,"worker_id":"4162d46c-80f1-40f6-9916-efac7392c22f-139993884647424","study_id":0,"datetime_start":null,"state":4,"value":null,"values":null,"distributions":{},"params":{},"user_attrs":{},"system_attrs":{"fixed_params":{"learning_rate":0.001885726425181056,"transfer_lr":9550.05863673823,"transfer_every":193,"rank_exp":4,"fast_lr":0.1027885359691577,"tau_sec":0.0,"min_lr_rate":0.0,"out_noise":0.0,"ab_weight_scaling_omega":0.0}},"intermediate_values":{}}
{"op_code":4,"worker_id":"4162d46c-80f1-40f6-9916-efac7392c22f-139993884647424","study_id":0,"datetime_start":null,"state":4,"value":null,"values":null,"distributions":{},"params":{},"user_attrs":{},"system_attrs":{"fixed_params":{"learning_rate":0.0018440289840614458,"transfer_lr":9550.05863673823,"transfer_every":165,"rank_exp":5,"fast_lr":0.25864539119285673,"tau_sec":0.0,"min_lr_rate":0.0,"out_noise":0.0,"ab_weight_scaling_omega":0.0}},"intermediate_values":{}}
{"op_code":4,"worker_id":"4162d46c-80f1-40f6-9916-efac7392c22f-139993884647424","study_id":0,"datetime_start":null,"state":4,"value":null,"values":null,"distributions":{},"params":{},"user_attrs":{},"system_attrs":{"fixed_params":{"learning_rate":0.0019504232148579573,"transfer_lr":408.797929671749,"transfer_every":159,"rank_exp":7,"fast_lr":0.1027885359691577,"tau_sec":0.0,"min_lr_rate":0.0,"out_noise":0.0,"ab_weight_scaling_omega":0.0}},"intermediate_values":{}}
{"op_code":0,"worker_id":"ca380b4f-48c1-4504-ab13-ae8f4abd31dc-140711803658240","study_name":"bert_squad_lrtt_bs48_adam_hybrid_nowd_nomom_nonest_set_ideal_cideal_fwinj_perfect_noos_fica_all_5ep","directions":[2]}
{"op_code":6,"worker_id":"ca380b4f-48c1-4504-ab13-ae8f4abd31dc-140711803658240","trial_id":0,"state":0,"values":null,"datetime_start":"2026-04-01T09:43:21.266534"}
{"op_code":5,"worker_id":"ca380b4f-48c1-4504-ab13-ae8f4abd31dc-140711803658240","trial_id":0,"param_name":"learning_rate","param_value_internal":0.0027676646872314865,"distribution":"{\"name\": \"FloatDistribution\", \"attributes\": {\"step\": null, \"low\": 8e-05, \"high\": 0.005, \"log\": true}}"}
{"op_code":5,"worker_id":"ca380b4f-48c1-4504-ab13-ae8f4abd31dc-140711803658240","trial_id":0,"param_name":"transfer_lr","param_value_internal":13388.744207856947,"distribution":"{\"name\": \"FloatDistribution\", \"attributes\": {\"step\": null, \"low\": 100.0, \"high\": 300000.0, \"log\": true}}"}
{"op_code":5,"worker_id":"ca380b4f-48c1-4504-ab13-ae8f4abd31dc-140711803658240","trial_id":0,"param_name":"transfer_every","param_value_internal":1.0,"distribution":"{\"name\": \"IntDistribution\", \"attributes\": {\"log\": true, \"step\": 1, \"low\": 1, \"high\": 500}}"}
{"op_code":5,"worker_id":"ca380b4f-48c1-4504-ab13-ae8f4abd31dc-140711803658240","trial_id":0,"param_name":"rank_exp","param_value_internal":5.0,"distribution":"{\"name\": \"IntDistribution\", \"attributes\": {\"log\": false, \"step\": 1, \"low\": 5, \"high\": 5}}"}
{"op_code":5,"worker_id":"ca380b4f-48c1-4504-ab13-ae8f4abd31dc-140711803658240","trial_id":0,"param_name":"fast_lr","param_value_internal":0.04912877301004419,"distribution":"{\"name\": \"FloatDistribution\", \"attributes\": {\"step\": null, \"low\": 0.009, \"high\": 30.0, \"log\": true}}"}
{"op_code":5,"worker_id":"ca380b4f-48c1-4504-ab13-ae8f4abd31dc-140711803658240","trial_id":0,"param_name":"tau_sec","param_value_internal":0.0,"distribution":"{\"name\": \"FloatDistribution\", \"attributes\": {\"step\": null, \"low\": 0.0, \"high\": 0.0, \"log\": false}}"}
{"op_code":5,"worker_id":"ca380b4f-48c1-4504-ab13-ae8f4abd31dc-140711803658240","trial_id":0,"param_name":"ab_dw_min","param_value_internal":0.001981,"distribution":"{\"name\": \"FloatDistribution\", \"attributes\": {\"step\": null, \"low\": 0.001981, \"high\": 0.001981, \"log\": true}}"}
{"op_code":5,"worker_id":"ca380b4f-48c1-4504-ab13-ae8f4abd31dc-140711803658240","trial_id":0,"param_name":"ab_desired_bl","param_value_internal":31.0,"distribution":"{\"name\": \"IntDistribution\", \"attributes\": {\"log\": false, \"step\": 1, \"low\": 31, \"high\": 31}}"}
{"op_code":5,"worker_id":"ca380b4f-48c1-4504-ab13-ae8f4abd31dc-140711803658240","trial_id":0,"param_name":"out_noise","param_value_internal":0.0,"distribution":"{\"name\": \"FloatDistribution\", \"attributes\": {\"step\": null, \"low\": 0.0, \"high\": 0.0, \"log\": false}}"}
{"op_code":5,"worker_id":"ca380b4f-48c1-4504-ab13-ae8f4abd31dc-140711803658240","trial_id":0,"param_name":"ab_weight_scaling_omega","param_value_internal":0.0,"distribution":"{\"name\": \"FloatDistribution\", \"attributes\": {\"step\": null, \"low\": 0.0, \"high\": 0.0, \"log\": false}}"}
{"op_code":5,"worker_id":"ca380b4f-48c1-4504-ab13-ae8f4abd31dc-140711803658240","trial_id":0,"param_name":"min_lr_rate","param_value_internal":0.0,"distribution":"{\"name\": \"FloatDistribution\", \"attributes\": {\"step\": null, \"low\": 0.0, \"high\": 0.0, \"log\": false}}"}
{"op_code":8,"worker_id":"ca380b4f-48c1-4504-ab13-ae8f4abd31dc-140711803658240","trial_id":0,"user_attr":{"grad_accum_steps":1}}
{"op_code":7,"worker_id":"ca380b4f-48c1-4504-ab13-ae8f4abd31dc-140711803658240","trial_id":0,"step":1,"intermediate_value":82.3432427860652}
{"op_code":8,"worker_id":"ca380b4f-48c1-4504-ab13-ae8f4abd31dc-140711803658240","trial_id":0,"user_attr":{"train_loss_epoch_1":1.8077435073813772}}
{"op_code":7,"worker_id":"ca380b4f-48c1-4504-ab13-ae8f4abd31dc-140711803658240","trial_id":0,"step":2,"intermediate_value":84.73886506607293}
{"op_code":8,"worker_id":"ca380b4f-48c1-4504-ab13-ae8f4abd31dc-140711803658240","trial_id":0,"user_attr":{"train_loss_epoch_2":1.2038999227327383}}
{"op_code":7,"worker_id":"ca380b4f-48c1-4504-ab13-ae8f4abd31dc-140711803658240","trial_id":0,"step":3,"intermediate_value":84.87981181549608}
{"op_code":8,"worker_id":"ca380b4f-48c1-4504-ab13-ae8f4abd31dc-140711803658240","trial_id":0,"user_attr":{"train_loss_epoch_3":1.0726249471266418}}
{"op_code":7,"worker_id":"ca380b4f-48c1-4504-ab13-ae8f4abd31dc-140711803658240","trial_id":0,"step":4,"intermediate_value":86.1705475509748}
{"op_code":8,"worker_id":"ca380b4f-48c1-4504-ab13-ae8f4abd31dc-140711803658240","trial_id":0,"user_attr":{"train_loss_epoch_4":0.974310804899469}}
{"op_code":7,"worker_id":"ca380b4f-48c1-4504-ab13-ae8f4abd31dc-140711803658240","trial_id":0,"step":5,"intermediate_value":86.5382150280459}
{"op_code":8,"worker_id":"ca380b4f-48c1-4504-ab13-ae8f4abd31dc-140711803658240","trial_id":0,"user_attr":{"train_loss_epoch_5":0.9048663239976578}}
{"op_code":6,"worker_id":"ca380b4f-48c1-4504-ab13-ae8f4abd31dc-140711803658240","trial_id":0,"state":1,"values":[86.5382150280459],"datetime_complete":"2026-04-01T11:37:49.887008"}
{"op_code":6,"worker_id":"ca380b4f-48c1-4504-ab13-ae8f4abd31dc-140711803658240","trial_id":1,"state":0,"values":null,"datetime_start":"2026-04-01T11:37:49.888592"}
{"op_code":5,"worker_id":"ca380b4f-48c1-4504-ab13-ae8f4abd31dc-140711803658240","trial_id":1,"param_name":"learning_rate","param_value_internal":0.00010278853596915776,"distribution":"{\"name\": \"FloatDistribution\", \"attributes\": {\"step\": null, \"low\": 8e-05, \"high\": 0.005, \"log\": true}}"}
{"op_code":5,"worker_id":"ca380b4f-48c1-4504-ab13-ae8f4abd31dc-140711803658240","trial_id":1,"param_name":"transfer_lr","param_value_internal":98395.95706072066,"distribution":"{\"name\": \"FloatDistribution\", \"attributes\": {\"step\": null, \"low\": 100.0, \"high\": 300000.0, \"log\": true}}"}
{"op_code":5,"worker_id":"ca380b4f-48c1-4504-ab13-ae8f4abd31dc-140711803658240","trial_id":1,"param_name":"transfer_every","param_value_internal":3.0,"distribution":"{\"name\": \"IntDistribution\", \"attributes\": {\"log\": true, \"step\": 1, \"low\": 1, \"high\": 500}}"}
{"op_code":5,"worker_id":"ca380b4f-48c1-4504-ab13-ae8f4abd31dc-140711803658240","trial_id":1,"param_name":"rank_exp","param_value_internal":5.0,"distribution":"{\"name\": \"IntDistribution\", \"attributes\": {\"log\": false, \"step\": 1, \"low\": 5, \"high\": 5}}"}
{"op_code":5,"worker_id":"ca380b4f-48c1-4504-ab13-ae8f4abd31dc-140711803658240","trial_id":1,"param_name":"fast_lr","param_value_internal":0.20008047803273357,"distribution":"{\"name\": \"FloatDistribution\", \"attributes\": {\"step\": null, \"low\": 0.009, \"high\": 30.0, \"log\": true}}"}
{"op_code":5,"worker_id":"ca380b4f-48c1-4504-ab13-ae8f4abd31dc-140711803658240","trial_id":1,"param_name":"tau_sec","param_value_internal":0.0,"distribution":"{\"name\": \"FloatDistribution\", \"attributes\": {\"step\": null, \"low\": 0.0, \"high\": 0.0, \"log\": false}}"}
{"op_code":5,"worker_id":"ca380b4f-48c1-4504-ab13-ae8f4abd31dc-140711803658240","trial_id":1,"param_name":"ab_dw_min","param_value_internal":0.001981,"distribution":"{\"name\": \"FloatDistribution\", \"attributes\": {\"step\": null, \"low\": 0.001981, \"high\": 0.001981, \"log\": true}}"}
{"op_code":5,"worker_id":"ca380b4f-48c1-4504-ab13-ae8f4abd31dc-140711803658240","trial_id":1,"param_name":"ab_desired_bl","param_value_internal":31.0,"distribution":"{\"name\": \"IntDistribution\", \"attributes\": {\"log\": false, \"step\": 1, \"low\": 31, \"high\": 31}}"}
{"op_code":5,"worker_id":"ca380b4f-48c1-4504-ab13-ae8f4abd31dc-140711803658240","trial_id":1,"param_name":"out_noise","param_value_internal":0.0,"distribution":"{\"name\": \"FloatDistribution\", \"attributes\": {\"step\": null, \"low\": 0.0, \"high\": 0.0, \"log\": false}}"}
{"op_code":5,"worker_id":"ca380b4f-48c1-4504-ab13-ae8f4abd31dc-140711803658240","trial_id":1,"param_name":"ab_weight_scaling_omega","param_value_internal":0.0,"distribution":"{\"name\": \"FloatDistribution\", \"attributes\": {\"step\": null, \"low\": 0.0, \"high\": 0.0, \"log\": false}}"}
{"op_code":5,"worker_id":"ca380b4f-48c1-4504-ab13-ae8f4abd31dc-140711803658240","trial_id":1,"param_name":"min_lr_rate","param_value_internal":0.0,"distribution":"{\"name\": \"FloatDistribution\", \"attributes\": {\"step\": null, \"low\": 0.0, \"high\": 0.0, \"log\": false}}"}
{"op_code":8,"worker_id":"ca380b4f-48c1-4504-ab13-ae8f4abd31dc-140711803658240","trial_id":1,"user_attr":{"grad_accum_steps":1}}
{"op_code":7,"worker_id":"ca380b4f-48c1-4504-ab13-ae8f4abd31dc-140711803658240","trial_id":1,"step":1,"intermediate_value":81.1105926890098}
{"op_code":8,"worker_id":"ca380b4f-48c1-4504-ab13-ae8f4abd31dc-140711803658240","trial_id":1,"user_attr":{"train_loss_epoch_1":2.001329478338805}}
{"op_code":7,"worker_id":"ca380b4f-48c1-4504-ab13-ae8f4abd31dc-140711803658240","trial_id":1,"step":2,"intermediate_value":84.28489379452812}
{"op_code":8,"worker_id":"ca380b4f-48c1-4504-ab13-ae8f4abd31dc-140711803658240","trial_id":1,"user_attr":{"train_loss_epoch_2":1.2086593415355942}}
{"op_code":7,"worker_id":"ca380b4f-48c1-4504-ab13-ae8f4abd31dc-140711803658240","trial_id":1,"step":3,"intermediate_value":85.08096806738563}
{"op_code":8,"worker_id":"ca380b4f-48c1-4504-ab13-ae8f4abd31dc-140711803658240","trial_id":1,"user_attr":{"train_loss_epoch_3":1.0585364855078825}}
{"op_code":7,"worker_id":"ca380b4f-48c1-4504-ab13-ae8f4abd31dc-140711803658240","trial_id":1,"step":4,"intermediate_value":85.3585134637712}
{"op_code":8,"worker_id":"ca380b4f-48c1-4504-ab13-ae8f4abd31dc-140711803658240","trial_id":1,"user_attr":{"train_loss_epoch_4":0.9673974418381689}}
{"op_code":7,"worker_id":"ca380b4f-48c1-4504-ab13-ae8f4abd31dc-140711803658240","trial_id":1,"step":5,"intermediate_value":85.51844412113957}
{"op_code":8,"worker_id":"ca380b4f-48c1-4504-ab13-ae8f4abd31dc-140711803658240","trial_id":1,"user_attr":{"train_loss_epoch_5":0.9132668653639352}}
{"op_code":6,"worker_id":"ca380b4f-48c1-4504-ab13-ae8f4abd31dc-140711803658240","trial_id":1,"state":1,"values":[85.51844412113957],"datetime_complete":"2026-04-01T13:25:38.812030"}
{"op_code":6,"worker_id":"ca380b4f-48c1-4504-ab13-ae8f4abd31dc-140711803658240","trial_id":2,"state":0,"values":null,"datetime_start":"2026-04-01T13:25:38.814016"}
{"op_code":5,"worker_id":"ca380b4f-48c1-4504-ab13-ae8f4abd31dc-140711803658240","trial_id":2,"param_name":"learning_rate","param_value_internal":0.001885726425181056,"distribution":"{\"name\": \"FloatDistribution\", \"attributes\": {\"step\": null, \"low\": 8e-05, \"high\": 0.005, \"log\": true}}"}
{"op_code":5,"worker_id":"ca380b4f-48c1-4504-ab13-ae8f4abd31dc-140711803658240","trial_id":2,"param_name":"transfer_lr","param_value_internal":9550.05863673823,"distribution":"{\"name\": \"FloatDistribution\", \"attributes\": {\"step\": null, \"low\": 100.0, \"high\": 300000.0, \"log\": true}}"}
{"op_code":5,"worker_id":"ca380b4f-48c1-4504-ab13-ae8f4abd31dc-140711803658240","trial_id":2,"param_name":"transfer_every","param_value_internal":193.0,"distribution":"{\"name\": \"IntDistribution\", \"attributes\": {\"log\": true, \"step\": 1, \"low\": 1, \"high\": 500}}"}
{"op_code":5,"worker_id":"ca380b4f-48c1-4504-ab13-ae8f4abd31dc-140711803658240","trial_id":2,"param_name":"rank_exp","param_value_internal":4.0,"distribution":"{\"name\": \"IntDistribution\", \"attributes\": {\"log\": false, \"step\": 1, \"low\": 5, \"high\": 5}}"}
{"op_code":5,"worker_id":"ca380b4f-48c1-4504-ab13-ae8f4abd31dc-140711803658240","trial_id":2,"param_name":"fast_lr","param_value_internal":0.1027885359691577,"distribution":"{\"name\": \"FloatDistribution\", \"attributes\": {\"step\": null, \"low\": 0.009, \"high\": 30.0, \"log\": true}}"}
{"op_code":5,"worker_id":"ca380b4f-48c1-4504-ab13-ae8f4abd31dc-140711803658240","trial_id":2,"param_name":"tau_sec","param_value_internal":0.0,"distribution":"{\"name\": \"FloatDistribution\", \"attributes\": {\"step\": null, \"low\": 0.0, \"high\": 0.0, \"log\": false}}"}
{"op_code":5,"worker_id":"ca380b4f-48c1-4504-ab13-ae8f4abd31dc-140711803658240","trial_id":2,"param_name":"ab_dw_min","param_value_internal":0.001981,"distribution":"{\"name\": \"FloatDistribution\", \"attributes\": {\"step\": null, \"low\": 0.001981, \"high\": 0.001981, \"log\": true}}"}
{"op_code":5,"worker_id":"ca380b4f-48c1-4504-ab13-ae8f4abd31dc-140711803658240","trial_id":2,"param_name":"ab_desired_bl","param_value_internal":31.0,"distribution":"{\"name\": \"IntDistribution\", \"attributes\": {\"log\": false, \"step\": 1, \"low\": 31, \"high\": 31}}"}
{"op_code":5,"worker_id":"ca380b4f-48c1-4504-ab13-ae8f4abd31dc-140711803658240","trial_id":2,"param_name":"out_noise","param_value_internal":0.0,"distribution":"{\"name\": \"FloatDistribution\", \"attributes\": {\"step\": null, \"low\": 0.0, \"high\": 0.0, \"log\": false}}"}
{"op_code":5,"worker_id":"ca380b4f-48c1-4504-ab13-ae8f4abd31dc-140711803658240","trial_id":2,"param_name":"ab_weight_scaling_omega","param_value_internal":0.0,"distribution":"{\"name\": \"FloatDistribution\", \"attributes\": {\"step\": null, \"low\": 0.0, \"high\": 0.0, \"log\": false}}"}
{"op_code":5,"worker_id":"ca380b4f-48c1-4504-ab13-ae8f4abd31dc-140711803658240","trial_id":2,"param_name":"min_lr_rate","param_value_internal":0.0,"distribution":"{\"name\": \"FloatDistribution\", \"attributes\": {\"step\": null, \"low\": 0.0, \"high\": 0.0, \"log\": false}}"}
{"op_code":8,"worker_id":"ca380b4f-48c1-4504-ab13-ae8f4abd31dc-140711803658240","trial_id":2,"user_attr":{"grad_accum_steps":1}}
{"op_code":7,"worker_id":"ca380b4f-48c1-4504-ab13-ae8f4abd31dc-140711803658240","trial_id":2,"step":1,"intermediate_value":81.27880783402247}
{"op_code":8,"worker_id":"ca380b4f-48c1-4504-ab13-ae8f4abd31dc-140711803658240","trial_id":2,"user_attr":{"train_loss_epoch_1":1.8672636728945786}}
{"op_code":7,"worker_id":"ca380b4f-48c1-4504-ab13-ae8f4abd31dc-140711803658240","trial_id":2,"step":2,"intermediate_value":83.49316505027093}
{"op_code":8,"worker_id":"ca380b4f-48c1-4504-ab13-ae8f4abd31dc-140711803658240","trial_id":2,"user_attr":{"train_loss_epoch_2":1.262172062545611}}
{"op_code":7,"worker_id":"ca380b4f-48c1-4504-ab13-ae8f4abd31dc-140711803658240","trial_id":2,"step":3,"intermediate_value":84.70029283701217}
{"op_code":8,"worker_id":"ca380b4f-48c1-4504-ab13-ae8f4abd31dc-140711803658240","trial_id":2,"user_attr":{"train_loss_epoch_3":1.1434584492913429}}
{"op_code":7,"worker_id":"ca380b4f-48c1-4504-ab13-ae8f4abd31dc-140711803658240","trial_id":2,"step":4,"intermediate_value":85.00010120746497}
{"op_code":8,"worker_id":"ca380b4f-48c1-4504-ab13-ae8f4abd31dc-140711803658240","trial_id":2,"user_attr":{"train_loss_epoch_4":1.076630242003335}}
{"op_code":7,"worker_id":"ca380b4f-48c1-4504-ab13-ae8f4abd31dc-140711803658240","trial_id":2,"step":5,"intermediate_value":85.12122711825818}
{"op_code":8,"worker_id":"ca380b4f-48c1-4504-ab13-ae8f4abd31dc-140711803658240","trial_id":2,"user_attr":{"train_loss_epoch_5":1.0283445661630088}}
{"op_code":6,"worker_id":"ca380b4f-48c1-4504-ab13-ae8f4abd31dc-140711803658240","trial_id":2,"state":1,"values":[85.12122711825818],"datetime_complete":"2026-04-01T15:09:38.445206"}
{"op_code":6,"worker_id":"ca380b4f-48c1-4504-ab13-ae8f4abd31dc-140711803658240","trial_id":3,"state":0,"values":null,"datetime_start":"2026-04-01T15:09:38.447059"}
{"op_code":5,"worker_id":"ca380b4f-48c1-4504-ab13-ae8f4abd31dc-140711803658240","trial_id":3,"param_name":"learning_rate","param_value_internal":0.0018440289840614458,"distribution":"{\"name\": \"FloatDistribution\", \"attributes\": {\"step\": null, \"low\": 8e-05, \"high\": 0.005, \"log\": true}}"}
{"op_code":5,"worker_id":"ca380b4f-48c1-4504-ab13-ae8f4abd31dc-140711803658240","trial_id":3,"param_name":"transfer_lr","param_value_internal":9550.05863673823,"distribution":"{\"name\": \"FloatDistribution\", \"attributes\": {\"step\": null, \"low\": 100.0, \"high\": 300000.0, \"log\": true}}"}
{"op_code":5,"worker_id":"ca380b4f-48c1-4504-ab13-ae8f4abd31dc-140711803658240","trial_id":3,"param_name":"transfer_every","param_value_internal":165.0,"distribution":"{\"name\": \"IntDistribution\", \"attributes\": {\"log\": true, \"step\": 1, \"low\": 1, \"high\": 500}}"}
{"op_code":5,"worker_id":"ca380b4f-48c1-4504-ab13-ae8f4abd31dc-140711803658240","trial_id":3,"param_name":"rank_exp","param_value_internal":5.0,"distribution":"{\"name\": \"IntDistribution\", \"attributes\": {\"log\": false, \"step\": 1, \"low\": 5, \"high\": 5}}"}
{"op_code":5,"worker_id":"ca380b4f-48c1-4504-ab13-ae8f4abd31dc-140711803658240","trial_id":3,"param_name":"fast_lr","param_value_internal":0.25864539119285673,"distribution":"{\"name\": \"FloatDistribution\", \"attributes\": {\"step\": null, \"low\": 0.009, \"high\": 30.0, \"log\": true}}"}
{"op_code":5,"worker_id":"ca380b4f-48c1-4504-ab13-ae8f4abd31dc-140711803658240","trial_id":3,"param_name":"tau_sec","param_value_internal":0.0,"distribution":"{\"name\": \"FloatDistribution\", \"attributes\": {\"step\": null, \"low\": 0.0, \"high\": 0.0, \"log\": false}}"}
{"op_code":5,"worker_id":"ca380b4f-48c1-4504-ab13-ae8f4abd31dc-140711803658240","trial_id":3,"param_name":"ab_dw_min","param_value_internal":0.001981,"distribution":"{\"name\": \"FloatDistribution\", \"attributes\": {\"step\": null, \"low\": 0.001981, \"high\": 0.001981, \"log\": true}}"}
{"op_code":5,"worker_id":"ca380b4f-48c1-4504-ab13-ae8f4abd31dc-140711803658240","trial_id":3,"param_name":"ab_desired_bl","param_value_internal":31.0,"distribution":"{\"name\": \"IntDistribution\", \"attributes\": {\"log\": false, \"step\": 1, \"low\": 31, \"high\": 31}}"}
{"op_code":5,"worker_id":"ca380b4f-48c1-4504-ab13-ae8f4abd31dc-140711803658240","trial_id":3,"param_name":"out_noise","param_value_internal":0.0,"distribution":"{\"name\": \"FloatDistribution\", \"attributes\": {\"step\": null, \"low\": 0.0, \"high\": 0.0, \"log\": false}}"}
{"op_code":5,"worker_id":"ca380b4f-48c1-4504-ab13-ae8f4abd31dc-140711803658240","trial_id":3,"param_name":"ab_weight_scaling_omega","param_value_internal":0.0,"distribution":"{\"name\": \"FloatDistribution\", \"attributes\": {\"step\": null, \"low\": 0.0, \"high\": 0.0, \"log\": false}}"}
{"op_code":5,"worker_id":"ca380b4f-48c1-4504-ab13-ae8f4abd31dc-140711803658240","trial_id":3,"param_name":"min_lr_rate","param_value_internal":0.0,"distribution":"{\"name\": \"FloatDistribution\", \"attributes\": {\"step\": null, \"low\": 0.0, \"high\": 0.0, \"log\": false}}"}
{"op_code":8,"worker_id":"ca380b4f-48c1-4504-ab13-ae8f4abd31dc-140711803658240","trial_id":3,"user_attr":{"grad_accum_steps":1}}
{"op_code":7,"worker_id":"ca380b4f-48c1-4504-ab13-ae8f4abd31dc-140711803658240","trial_id":3,"step":1,"intermediate_value":82.57458278557152}
{"op_code":8,"worker_id":"ca380b4f-48c1-4504-ab13-ae8f4abd31dc-140711803658240","trial_id":3,"user_attr":{"train_loss_epoch_1":1.6603801695635003}}
{"op_code":7,"worker_id":"ca380b4f-48c1-4504-ab13-ae8f4abd31dc-140711803658240","trial_id":3,"step":2,"intermediate_value":84.20478485679135}
{"op_code":8,"worker_id":"ca380b4f-48c1-4504-ab13-ae8f4abd31dc-140711803658240","trial_id":3,"user_attr":{"train_loss_epoch_2":1.129487646466025}}
{"op_code":7,"worker_id":"ca380b4f-48c1-4504-ab13-ae8f4abd31dc-140711803658240","trial_id":3,"step":3,"intermediate_value":85.7912077350628}
{"op_code":8,"worker_id":"ca380b4f-48c1-4504-ab13-ae8f4abd31dc-140711803658240","trial_id":3,"user_attr":{"train_loss_epoch_3":0.9840450561789639}}
{"op_code":7,"worker_id":"ca380b4f-48c1-4504-ab13-ae8f4abd31dc-140711803658240","trial_id":3,"step":4,"intermediate_value":86.18887602638611}
{"op_code":8,"worker_id":"ca380b4f-48c1-4504-ab13-ae8f4abd31dc-140711803658240","trial_id":3,"user_attr":{"train_loss_epoch_4":0.8829094664837287}}
{"op_code":7,"worker_id":"ca380b4f-48c1-4504-ab13-ae8f4abd31dc-140711803658240","trial_id":3,"step":5,"intermediate_value":86.22874900715064}
{"op_code":8,"worker_id":"ca380b4f-48c1-4504-ab13-ae8f4abd31dc-140711803658240","trial_id":3,"user_attr":{"train_loss_epoch_5":0.8105258586930065}}
{"op_code":6,"worker_id":"ca380b4f-48c1-4504-ab13-ae8f4abd31dc-140711803658240","trial_id":3,"state":1,"values":[86.22874900715064],"datetime_complete":"2026-04-01T16:54:58.130861"}
{"op_code":6,"worker_id":"ca380b4f-48c1-4504-ab13-ae8f4abd31dc-140711803658240","trial_id":4,"state":0,"values":null,"datetime_start":"2026-04-01T16:54:58.132501"}
{"op_code":5,"worker_id":"ca380b4f-48c1-4504-ab13-ae8f4abd31dc-140711803658240","trial_id":4,"param_name":"learning_rate","param_value_internal":0.0019504232148579573,"distribution":"{\"name\": \"FloatDistribution\", \"attributes\": {\"step\": null, \"low\": 8e-05, \"high\": 0.005, \"log\": true}}"}
{"op_code":5,"worker_id":"ca380b4f-48c1-4504-ab13-ae8f4abd31dc-140711803658240","trial_id":4,"param_name":"transfer_lr","param_value_internal":408.797929671749,"distribution":"{\"name\": \"FloatDistribution\", \"attributes\": {\"step\": null, \"low\": 100.0, \"high\": 300000.0, \"log\": true}}"}
{"op_code":5,"worker_id":"ca380b4f-48c1-4504-ab13-ae8f4abd31dc-140711803658240","trial_id":4,"param_name":"transfer_every","param_value_internal":159.0,"distribution":"{\"name\": \"IntDistribution\", \"attributes\": {\"log\": true, \"step\": 1, \"low\": 1, \"high\": 500}}"}
{"op_code":5,"worker_id":"ca380b4f-48c1-4504-ab13-ae8f4abd31dc-140711803658240","trial_id":4,"param_name":"rank_exp","param_value_internal":7.0,"distribution":"{\"name\": \"IntDistribution\", \"attributes\": {\"log\": false, \"step\": 1, \"low\": 5, \"high\": 5}}"}
{"op_code":5,"worker_id":"ca380b4f-48c1-4504-ab13-ae8f4abd31dc-140711803658240","trial_id":4,"param_name":"fast_lr","param_value_internal":0.1027885359691577,"distribution":"{\"name\": \"FloatDistribution\", \"attributes\": {\"step\": null, \"low\": 0.009, \"high\": 30.0, \"log\": true}}"}
{"op_code":5,"worker_id":"ca380b4f-48c1-4504-ab13-ae8f4abd31dc-140711803658240","trial_id":4,"param_name":"tau_sec","param_value_internal":0.0,"distribution":"{\"name\": \"FloatDistribution\", \"attributes\": {\"step\": null, \"low\": 0.0, \"high\": 0.0, \"log\": false}}"}
{"op_code":5,"worker_id":"ca380b4f-48c1-4504-ab13-ae8f4abd31dc-140711803658240","trial_id":4,"param_name":"ab_dw_min","param_value_internal":0.001981,"distribution":"{\"name\": \"FloatDistribution\", \"attributes\": {\"step\": null, \"low\": 0.001981, \"high\": 0.001981, \"log\": true}}"}
{"op_code":5,"worker_id":"ca380b4f-48c1-4504-ab13-ae8f4abd31dc-140711803658240","trial_id":4,"param_name":"ab_desired_bl","param_value_internal":31.0,"distribution":"{\"name\": \"IntDistribution\", \"attributes\": {\"log\": false, \"step\": 1, \"low\": 31, \"high\": 31}}"}
{"op_code":5,"worker_id":"ca380b4f-48c1-4504-ab13-ae8f4abd31dc-140711803658240","trial_id":4,"param_name":"out_noise","param_value_internal":0.0,"distribution":"{\"name\": \"FloatDistribution\", \"attributes\": {\"step\": null, \"low\": 0.0, \"high\": 0.0, \"log\": false}}"}
{"op_code":5,"worker_id":"ca380b4f-48c1-4504-ab13-ae8f4abd31dc-140711803658240","trial_id":4,"param_name":"ab_weight_scaling_omega","param_value_internal":0.0,"distribution":"{\"name\": \"FloatDistribution\", \"attributes\": {\"step\": null, \"low\": 0.0, \"high\": 0.0, \"log\": false}}"}
{"op_code":5,"worker_id":"ca380b4f-48c1-4504-ab13-ae8f4abd31dc-140711803658240","trial_id":4,"param_name":"min_lr_rate","param_value_internal":0.0,"distribution":"{\"name\": \"FloatDistribution\", \"attributes\": {\"step\": null, \"low\": 0.0, \"high\": 0.0, \"log\": false}}"}
{"op_code":8,"worker_id":"ca380b4f-48c1-4504-ab13-ae8f4abd31dc-140711803658240","trial_id":4,"user_attr":{"grad_accum_steps":1}}
{"op_code":6,"worker_id":"ca380b4f-48c1-4504-ab13-ae8f4abd31dc-140711803658240","trial_id":4,"state":3,"values":null,"datetime_complete":"2026-04-01T17:00:00.000000"}
{"op_code":4,"worker_id":"4162d46c-80f1-40f6-9916-efac7392c22f-139993884647424","study_id":0,"datetime_start":null,"state":4,"value":null,"values":null,"distributions":{},"params":{},"user_attrs":{},"system_attrs":{"fixed_params":{"learning_rate":0.0019504232148579573,"transfer_lr":408.797929671749,"transfer_every":159,"rank_exp":7,"fast_lr":0.1027885359691577,"tau_sec":0.0,"min_lr_rate":0.0,"out_noise":0.0,"ab_weight_scaling_omega":0.0}},"intermediate_values":{}}
{"op_code":0,"worker_id":"2ae1fc33-fcb4-4d90-9cc6-e1b9ae332d34-140492560515072","study_name":"bert_squad_lrtt_bs48_adam_hybrid_nowd_nomom_nonest_set_ideal_cideal_fwinj_perfect_noos_fica_all_5ep","directions":[2]}
{"op_code":6,"worker_id":"2ae1fc33-fcb4-4d90-9cc6-e1b9ae332d34-140492560515072","trial_id":5,"state":0,"values":null,"datetime_start":"2026-04-02T01:20:49.852725"}
{"op_code":5,"worker_id":"2ae1fc33-fcb4-4d90-9cc6-e1b9ae332d34-140492560515072","trial_id":5,"param_name":"learning_rate","param_value_internal":0.0019504232148579573,"distribution":"{\"name\": \"FloatDistribution\", \"attributes\": {\"step\": null, \"low\": 8e-05, \"high\": 0.005, \"log\": true}}"}
{"op_code":5,"worker_id":"2ae1fc33-fcb4-4d90-9cc6-e1b9ae332d34-140492560515072","trial_id":5,"param_name":"transfer_lr","param_value_internal":408.797929671749,"distribution":"{\"name\": \"FloatDistribution\", \"attributes\": {\"step\": null, \"low\": 100.0, \"high\": 300000.0, \"log\": true}}"}
{"op_code":5,"worker_id":"2ae1fc33-fcb4-4d90-9cc6-e1b9ae332d34-140492560515072","trial_id":5,"param_name":"transfer_every","param_value_internal":159.0,"distribution":"{\"name\": \"IntDistribution\", \"attributes\": {\"log\": true, \"step\": 1, \"low\": 1, \"high\": 500}}"}
{"op_code":5,"worker_id":"2ae1fc33-fcb4-4d90-9cc6-e1b9ae332d34-140492560515072","trial_id":5,"param_name":"rank_exp","param_value_internal":7.0,"distribution":"{\"name\": \"IntDistribution\", \"attributes\": {\"log\": false, \"step\": 1, \"low\": 5, \"high\": 5}}"}
{"op_code":5,"worker_id":"2ae1fc33-fcb4-4d90-9cc6-e1b9ae332d34-140492560515072","trial_id":5,"param_name":"fast_lr","param_value_internal":0.1027885359691577,"distribution":"{\"name\": \"FloatDistribution\", \"attributes\": {\"step\": null, \"low\": 0.009, \"high\": 30.0, \"log\": true}}"}
{"op_code":5,"worker_id":"2ae1fc33-fcb4-4d90-9cc6-e1b9ae332d34-140492560515072","trial_id":5,"param_name":"tau_sec","param_value_internal":0.0,"distribution":"{\"name\": \"FloatDistribution\", \"attributes\": {\"step\": null, \"low\": 0.0, \"high\": 0.0, \"log\": false}}"}
{"op_code":5,"worker_id":"2ae1fc33-fcb4-4d90-9cc6-e1b9ae332d34-140492560515072","trial_id":5,"param_name":"ab_dw_min","param_value_internal":0.001981,"distribution":"{\"name\": \"FloatDistribution\", \"attributes\": {\"step\": null, \"low\": 0.001981, \"high\": 0.001981, \"log\": true}}"}
{"op_code":5,"worker_id":"2ae1fc33-fcb4-4d90-9cc6-e1b9ae332d34-140492560515072","trial_id":5,"param_name":"ab_desired_bl","param_value_internal":31.0,"distribution":"{\"name\": \"IntDistribution\", \"attributes\": {\"log\": false, \"step\": 1, \"low\": 31, \"high\": 31}}"}
{"op_code":5,"worker_id":"2ae1fc33-fcb4-4d90-9cc6-e1b9ae332d34-140492560515072","trial_id":5,"param_name":"out_noise","param_value_internal":0.0,"distribution":"{\"name\": \"FloatDistribution\", \"attributes\": {\"step\": null, \"low\": 0.0, \"high\": 0.0, \"log\": false}}"}
{"op_code":5,"worker_id":"2ae1fc33-fcb4-4d90-9cc6-e1b9ae332d34-140492560515072","trial_id":5,"param_name":"ab_weight_scaling_omega","param_value_internal":0.0,"distribution":"{\"name\": \"FloatDistribution\", \"attributes\": {\"step\": null, \"low\": 0.0, \"high\": 0.0, \"log\": false}}"}
{"op_code":5,"worker_id":"2ae1fc33-fcb4-4d90-9cc6-e1b9ae332d34-140492560515072","trial_id":5,"param_name":"min_lr_rate","param_value_internal":0.0,"distribution":"{\"name\": \"FloatDistribution\", \"attributes\": {\"step\": null, \"low\": 0.0, \"high\": 0.0, \"log\": false}}"}
{"op_code":8,"worker_id":"2ae1fc33-fcb4-4d90-9cc6-e1b9ae332d34-140492560515072","trial_id":5,"user_attr":{"grad_accum_steps":1}}
{"op_code":7,"worker_id":"2ae1fc33-fcb4-4d90-9cc6-e1b9ae332d34-140492560515072","trial_id":5,"step":1,"intermediate_value":80.19782487933742}
{"op_code":8,"worker_id":"2ae1fc33-fcb4-4d90-9cc6-e1b9ae332d34-140492560515072","trial_id":5,"user_attr":{"train_loss_epoch_1":1.9361259398744681}}
{"op_code":7,"worker_id":"2ae1fc33-fcb4-4d90-9cc6-e1b9ae332d34-140492560515072","trial_id":5,"step":2,"intermediate_value":82.44362579548918}
{"op_code":8,"worker_id":"2ae1fc33-fcb4-4d90-9cc6-e1b9ae332d34-140492560515072","trial_id":5,"user_attr":{"train_loss_epoch_2":1.3235562082874743}}
{"op_code":7,"worker_id":"2ae1fc33-fcb4-4d90-9cc6-e1b9ae332d34-140492560515072","trial_id":5,"step":3,"intermediate_value":83.52445593094099}
{"op_code":8,"worker_id":"2ae1fc33-fcb4-4d90-9cc6-e1b9ae332d34-140492560515072","trial_id":5,"user_attr":{"train_loss_epoch_3":1.2258778515546949}}
{"op_code":7,"worker_id":"2ae1fc33-fcb4-4d90-9cc6-e1b9ae332d34-140492560515072","trial_id":5,"step":4,"intermediate_value":84.17318654454743}
{"op_code":8,"worker_id":"2ae1fc33-fcb4-4d90-9cc6-e1b9ae332d34-140492560515072","trial_id":5,"user_attr":{"train_loss_epoch_4":1.1636735063581285}}
{"op_code":7,"worker_id":"2ae1fc33-fcb4-4d90-9cc6-e1b9ae332d34-140492560515072","trial_id":5,"step":5,"intermediate_value":84.27115018990035}
{"op_code":8,"worker_id":"2ae1fc33-fcb4-4d90-9cc6-e1b9ae332d34-140492560515072","trial_id":5,"user_attr":{"train_loss_epoch_5":1.1307412474782164}}
{"op_code":6,"worker_id":"2ae1fc33-fcb4-4d90-9cc6-e1b9ae332d34-140492560515072","trial_id":5,"state":1,"values":[84.27115018990035],"datetime_complete":"2026-04-02T03:19:54.380199"}
