{"op_code":0,"worker_id":"8505f7e1-81df-4c04-8633-7dd13f0418e2-139821996621824","study_name":"bert_squad_lrtt_bs48_adam_hybrid_nowd_nomom_nonest_set_ideal_cideal_noio_noos_qkvo_5ep","directions":[2]}
{"op_code":4,"worker_id":"8505f7e1-81df-4c04-8633-7dd13f0418e2-139821996621824","study_id":0,"datetime_start":"2026-03-03T03:52:16.367141"}
{"op_code":5,"worker_id":"8505f7e1-81df-4c04-8633-7dd13f0418e2-139821996621824","trial_id":0,"param_name":"learning_rate","param_value_internal":0.000458048477512798,"distribution":"{\"name\": \"FloatDistribution\", \"attributes\": {\"step\": null, \"low\": 1e-05, \"high\": 1.0, \"log\": true}}"}
{"op_code":5,"worker_id":"8505f7e1-81df-4c04-8633-7dd13f0418e2-139821996621824","trial_id":0,"param_name":"transfer_lr","param_value_internal":0.001285547196388478,"distribution":"{\"name\": \"FloatDistribution\", \"attributes\": {\"step\": null, \"low\": 1e-05, \"high\": 1.0, \"log\": true}}"}
{"op_code":5,"worker_id":"8505f7e1-81df-4c04-8633-7dd13f0418e2-139821996621824","trial_id":0,"param_name":"transfer_every","param_value_internal":26.0,"distribution":"{\"name\": \"IntDistribution\", \"attributes\": {\"log\": true, \"step\": 1, \"low\": 1, \"high\": 500}}"}
{"op_code":5,"worker_id":"8505f7e1-81df-4c04-8633-7dd13f0418e2-139821996621824","trial_id":0,"param_name":"rank_exp","param_value_internal":5.0,"distribution":"{\"name\": \"IntDistribution\", \"attributes\": {\"log\": false, \"step\": 1, \"low\": 0, \"high\": 5}}"}
{"op_code":5,"worker_id":"8505f7e1-81df-4c04-8633-7dd13f0418e2-139821996621824","trial_id":0,"param_name":"fast_lr","param_value_internal":6.156798296949602,"distribution":"{\"name\": \"FloatDistribution\", \"attributes\": {\"step\": null, \"low\": 0.1, \"high\": 10.0, \"log\": true}}"}
{"op_code":5,"worker_id":"8505f7e1-81df-4c04-8633-7dd13f0418e2-139821996621824","trial_id":0,"param_name":"tau_sec","param_value_internal":0.0,"distribution":"{\"name\": \"FloatDistribution\", \"attributes\": {\"step\": null, \"low\": 0.0, \"high\": 0.0, \"log\": false}}"}
{"op_code":5,"worker_id":"8505f7e1-81df-4c04-8633-7dd13f0418e2-139821996621824","trial_id":0,"param_name":"ab_weight_scaling_omega","param_value_internal":0.0,"distribution":"{\"name\": \"FloatDistribution\", \"attributes\": {\"step\": null, \"low\": 0.0, \"high\": 0.0, \"log\": false}}"}
{"op_code":5,"worker_id":"8505f7e1-81df-4c04-8633-7dd13f0418e2-139821996621824","trial_id":0,"param_name":"min_lr_rate","param_value_internal":0.0,"distribution":"{\"name\": \"FloatDistribution\", \"attributes\": {\"step\": null, \"low\": 0.0, \"high\": 0.0, \"log\": false}}"}
{"op_code":7,"worker_id":"8505f7e1-81df-4c04-8633-7dd13f0418e2-139821996621824","trial_id":0,"step":1,"intermediate_value":6.574540741517997}
{"op_code":8,"worker_id":"8505f7e1-81df-4c04-8633-7dd13f0418e2-139821996621824","trial_id":0,"user_attr":{"train_loss_epoch_1":5.858862227153002}}
{"op_code":7,"worker_id":"8505f7e1-81df-4c04-8633-7dd13f0418e2-139821996621824","trial_id":0,"step":2,"intermediate_value":6.822526272901102}
{"op_code":8,"worker_id":"8505f7e1-81df-4c04-8633-7dd13f0418e2-139821996621824","trial_id":0,"user_attr":{"train_loss_epoch_2":5.856200111719974}}
{"op_code":7,"worker_id":"8505f7e1-81df-4c04-8633-7dd13f0418e2-139821996621824","trial_id":0,"step":3,"intermediate_value":6.968391436409186}
{"op_code":8,"worker_id":"8505f7e1-81df-4c04-8633-7dd13f0418e2-139821996621824","trial_id":0,"user_attr":{"train_loss_epoch_3":5.8586358346913245}}
{"op_code":7,"worker_id":"8505f7e1-81df-4c04-8633-7dd13f0418e2-139821996621824","trial_id":0,"step":4,"intermediate_value":7.161117515608452}
{"op_code":8,"worker_id":"8505f7e1-81df-4c04-8633-7dd13f0418e2-139821996621824","trial_id":0,"user_attr":{"train_loss_epoch_4":5.855392026513573}}
{"op_code":7,"worker_id":"8505f7e1-81df-4c04-8633-7dd13f0418e2-139821996621824","trial_id":0,"step":5,"intermediate_value":7.161117515608452}
{"op_code":8,"worker_id":"8505f7e1-81df-4c04-8633-7dd13f0418e2-139821996621824","trial_id":0,"user_attr":{"train_loss_epoch_5":5.857931284400506}}
{"op_code":6,"worker_id":"8505f7e1-81df-4c04-8633-7dd13f0418e2-139821996621824","trial_id":0,"state":1,"values":[7.161117515608452],"datetime_complete":"2026-03-03T08:47:14.544300"}
{"op_code":4,"worker_id":"8505f7e1-81df-4c04-8633-7dd13f0418e2-139821996621824","study_id":0,"datetime_start":"2026-03-03T08:47:14.546019"}
{"op_code":5,"worker_id":"8505f7e1-81df-4c04-8633-7dd13f0418e2-139821996621824","trial_id":1,"param_name":"learning_rate","param_value_internal":0.028302219546750107,"distribution":"{\"name\": \"FloatDistribution\", \"attributes\": {\"step\": null, \"low\": 1e-05, \"high\": 1.0, \"log\": true}}"}
{"op_code":5,"worker_id":"8505f7e1-81df-4c04-8633-7dd13f0418e2-139821996621824","trial_id":1,"param_name":"transfer_lr","param_value_internal":3.6623406528751104e-05,"distribution":"{\"name\": \"FloatDistribution\", \"attributes\": {\"step\": null, \"low\": 1e-05, \"high\": 1.0, \"log\": true}}"}
{"op_code":5,"worker_id":"8505f7e1-81df-4c04-8633-7dd13f0418e2-139821996621824","trial_id":1,"param_name":"transfer_every","param_value_internal":5.0,"distribution":"{\"name\": \"IntDistribution\", \"attributes\": {\"log\": true, \"step\": 1, \"low\": 1, \"high\": 500}}"}
{"op_code":5,"worker_id":"8505f7e1-81df-4c04-8633-7dd13f0418e2-139821996621824","trial_id":1,"param_name":"rank_exp","param_value_internal":2.0,"distribution":"{\"name\": \"IntDistribution\", \"attributes\": {\"log\": false, \"step\": 1, \"low\": 0, \"high\": 5}}"}
{"op_code":5,"worker_id":"8505f7e1-81df-4c04-8633-7dd13f0418e2-139821996621824","trial_id":1,"param_name":"fast_lr","param_value_internal":3.7057003690519377,"distribution":"{\"name\": \"FloatDistribution\", \"attributes\": {\"step\": null, \"low\": 0.1, \"high\": 10.0, \"log\": true}}"}
{"op_code":5,"worker_id":"8505f7e1-81df-4c04-8633-7dd13f0418e2-139821996621824","trial_id":1,"param_name":"tau_sec","param_value_internal":0.0,"distribution":"{\"name\": \"FloatDistribution\", \"attributes\": {\"step\": null, \"low\": 0.0, \"high\": 0.0, \"log\": false}}"}
{"op_code":5,"worker_id":"8505f7e1-81df-4c04-8633-7dd13f0418e2-139821996621824","trial_id":1,"param_name":"ab_weight_scaling_omega","param_value_internal":0.0,"distribution":"{\"name\": \"FloatDistribution\", \"attributes\": {\"step\": null, \"low\": 0.0, \"high\": 0.0, \"log\": false}}"}
{"op_code":5,"worker_id":"8505f7e1-81df-4c04-8633-7dd13f0418e2-139821996621824","trial_id":1,"param_name":"min_lr_rate","param_value_internal":0.0,"distribution":"{\"name\": \"FloatDistribution\", \"attributes\": {\"step\": null, \"low\": 0.0, \"high\": 0.0, \"log\": false}}"}
{"op_code":8,"worker_id":"8505f7e1-81df-4c04-8633-7dd13f0418e2-139821996621824","trial_id":1,"user_attr":{"error":"NVML_SUCCESS == r INTERNAL ASSERT FAILED at \"../c10/cuda/CUDACachingAllocator.cpp\":844, please report a bug to PyTorch. "}}
{"op_code":6,"worker_id":"8505f7e1-81df-4c04-8633-7dd13f0418e2-139821996621824","trial_id":1,"state":3,"values":null,"datetime_complete":"2026-03-03T08:50:06.846056"}
{"op_code":0,"worker_id":"642aa58d-7a34-49b3-bb43-d4c1723b6082-139937769287680","study_name":"bert_squad_lrtt_bs48_adam_hybrid_nowd_nomom_nonest_set_ideal_cideal_noio_noos_qkvo_5ep","directions":[2]}
{"op_code":4,"worker_id":"642aa58d-7a34-49b3-bb43-d4c1723b6082-139937769287680","study_id":0,"datetime_start":null,"state":4,"value":null,"values":null,"distributions":{},"params":{},"user_attrs":{},"system_attrs":{"fixed_params":{"learning_rate":0.028302219546750107,"transfer_lr":3.6623406528751104e-05,"transfer_every":5,"rank_exp":2,"fast_lr":3.7057003690519377,"tau_sec":0.0,"ab_weight_scaling_omega":0.0,"min_lr_rate":0.0}},"intermediate_values":{}}
{"op_code":6,"worker_id":"642aa58d-7a34-49b3-bb43-d4c1723b6082-139937769287680","trial_id":2,"state":0,"values":null,"datetime_start":"2026-03-03T08:50:24.249857"}
{"op_code":5,"worker_id":"642aa58d-7a34-49b3-bb43-d4c1723b6082-139937769287680","trial_id":2,"param_name":"learning_rate","param_value_internal":0.028302219546750107,"distribution":"{\"name\": \"FloatDistribution\", \"attributes\": {\"step\": null, \"low\": 1e-05, \"high\": 1.0, \"log\": true}}"}
{"op_code":5,"worker_id":"642aa58d-7a34-49b3-bb43-d4c1723b6082-139937769287680","trial_id":2,"param_name":"transfer_lr","param_value_internal":3.6623406528751104e-05,"distribution":"{\"name\": \"FloatDistribution\", \"attributes\": {\"step\": null, \"low\": 1e-05, \"high\": 1.0, \"log\": true}}"}
{"op_code":5,"worker_id":"642aa58d-7a34-49b3-bb43-d4c1723b6082-139937769287680","trial_id":2,"param_name":"transfer_every","param_value_internal":5.0,"distribution":"{\"name\": \"IntDistribution\", \"attributes\": {\"log\": true, \"step\": 1, \"low\": 1, \"high\": 500}}"}
{"op_code":5,"worker_id":"642aa58d-7a34-49b3-bb43-d4c1723b6082-139937769287680","trial_id":2,"param_name":"rank_exp","param_value_internal":2.0,"distribution":"{\"name\": \"IntDistribution\", \"attributes\": {\"log\": false, \"step\": 1, \"low\": 0, \"high\": 5}}"}
{"op_code":5,"worker_id":"642aa58d-7a34-49b3-bb43-d4c1723b6082-139937769287680","trial_id":2,"param_name":"fast_lr","param_value_internal":3.7057003690519377,"distribution":"{\"name\": \"FloatDistribution\", \"attributes\": {\"step\": null, \"low\": 0.1, \"high\": 10.0, \"log\": true}}"}
{"op_code":5,"worker_id":"642aa58d-7a34-49b3-bb43-d4c1723b6082-139937769287680","trial_id":2,"param_name":"tau_sec","param_value_internal":0.0,"distribution":"{\"name\": \"FloatDistribution\", \"attributes\": {\"step\": null, \"low\": 0.0, \"high\": 0.0, \"log\": false}}"}
{"op_code":5,"worker_id":"642aa58d-7a34-49b3-bb43-d4c1723b6082-139937769287680","trial_id":2,"param_name":"ab_weight_scaling_omega","param_value_internal":0.0,"distribution":"{\"name\": \"FloatDistribution\", \"attributes\": {\"step\": null, \"low\": 0.0, \"high\": 0.0, \"log\": false}}"}
{"op_code":5,"worker_id":"642aa58d-7a34-49b3-bb43-d4c1723b6082-139937769287680","trial_id":2,"param_name":"min_lr_rate","param_value_internal":0.0,"distribution":"{\"name\": \"FloatDistribution\", \"attributes\": {\"step\": null, \"low\": 0.0, \"high\": 0.0, \"log\": false}}"}
{"op_code":7,"worker_id":"642aa58d-7a34-49b3-bb43-d4c1723b6082-139937769287680","trial_id":2,"step":1,"intermediate_value":55.355034054502546}
{"op_code":8,"worker_id":"642aa58d-7a34-49b3-bb43-d4c1723b6082-139937769287680","trial_id":2,"user_attr":{"train_loss_epoch_1":2.7952037460922257}}
{"op_code":7,"worker_id":"642aa58d-7a34-49b3-bb43-d4c1723b6082-139937769287680","trial_id":2,"step":2,"intermediate_value":55.355034054502546}
{"op_code":8,"worker_id":"642aa58d-7a34-49b3-bb43-d4c1723b6082-139937769287680","trial_id":2,"user_attr":{"train_loss_epoch_2":3.121523582408602}}
{"op_code":7,"worker_id":"642aa58d-7a34-49b3-bb43-d4c1723b6082-139937769287680","trial_id":2,"step":3,"intermediate_value":55.355034054502546}
{"op_code":8,"worker_id":"642aa58d-7a34-49b3-bb43-d4c1723b6082-139937769287680","trial_id":2,"user_attr":{"train_loss_epoch_3":3.4166874003365098}}
{"op_code":6,"worker_id":"642aa58d-7a34-49b3-bb43-d4c1723b6082-139937769287680","trial_id":2,"state":1,"values":[55.355034054502546],"datetime_complete":"2026-03-03T11:23:20.991285"}
{"op_code":0,"worker_id":"62e56110-1e5f-49bc-9fec-91f2267b7e50-140356459560960","study_name":"bert_squad_lrtt_bs48_adam_hybrid_nowd_nomom_nonest_set_ideal_cideal_noio_noos_qkvo_5ep","directions":[2]}
{"op_code":4,"worker_id":"62e56110-1e5f-49bc-9fec-91f2267b7e50-140356459560960","study_id":0,"datetime_start":"2026-03-03T11:23:31.757723"}
{"op_code":5,"worker_id":"62e56110-1e5f-49bc-9fec-91f2267b7e50-140356459560960","trial_id":3,"param_name":"learning_rate","param_value_internal":0.00014125001358709303,"distribution":"{\"name\": \"FloatDistribution\", \"attributes\": {\"step\": null, \"low\": 1e-05, \"high\": 1.0, \"log\": true}}"}
{"op_code":5,"worker_id":"62e56110-1e5f-49bc-9fec-91f2267b7e50-140356459560960","trial_id":3,"param_name":"transfer_lr","param_value_internal":0.004129599469299505,"distribution":"{\"name\": \"FloatDistribution\", \"attributes\": {\"step\": null, \"low\": 1e-05, \"high\": 1.0, \"log\": true}}"}
{"op_code":5,"worker_id":"62e56110-1e5f-49bc-9fec-91f2267b7e50-140356459560960","trial_id":3,"param_name":"transfer_every","param_value_internal":1.0,"distribution":"{\"name\": \"IntDistribution\", \"attributes\": {\"log\": true, \"step\": 1, \"low\": 1, \"high\": 500}}"}
{"op_code":5,"worker_id":"62e56110-1e5f-49bc-9fec-91f2267b7e50-140356459560960","trial_id":3,"param_name":"rank_exp","param_value_internal":5.0,"distribution":"{\"name\": \"IntDistribution\", \"attributes\": {\"log\": false, \"step\": 1, \"low\": 0, \"high\": 5}}"}
{"op_code":5,"worker_id":"62e56110-1e5f-49bc-9fec-91f2267b7e50-140356459560960","trial_id":3,"param_name":"fast_lr","param_value_internal":0.10728484972092762,"distribution":"{\"name\": \"FloatDistribution\", \"attributes\": {\"step\": null, \"low\": 0.1, \"high\": 10.0, \"log\": true}}"}
{"op_code":5,"worker_id":"62e56110-1e5f-49bc-9fec-91f2267b7e50-140356459560960","trial_id":3,"param_name":"tau_sec","param_value_internal":0.0,"distribution":"{\"name\": \"FloatDistribution\", \"attributes\": {\"step\": null, \"low\": 0.0, \"high\": 0.0, \"log\": false}}"}
{"op_code":5,"worker_id":"62e56110-1e5f-49bc-9fec-91f2267b7e50-140356459560960","trial_id":3,"param_name":"ab_weight_scaling_omega","param_value_internal":0.0,"distribution":"{\"name\": \"FloatDistribution\", \"attributes\": {\"step\": null, \"low\": 0.0, \"high\": 0.0, \"log\": false}}"}
{"op_code":5,"worker_id":"62e56110-1e5f-49bc-9fec-91f2267b7e50-140356459560960","trial_id":3,"param_name":"min_lr_rate","param_value_internal":0.0,"distribution":"{\"name\": \"FloatDistribution\", \"attributes\": {\"step\": null, \"low\": 0.0, \"high\": 0.0, \"log\": false}}"}
{"op_code":7,"worker_id":"62e56110-1e5f-49bc-9fec-91f2267b7e50-140356459560960","trial_id":3,"step":1,"intermediate_value":47.344785440992396}
{"op_code":8,"worker_id":"62e56110-1e5f-49bc-9fec-91f2267b7e50-140356459560960","trial_id":3,"user_attr":{"train_loss_epoch_1":3.584245501236541}}
{"op_code":7,"worker_id":"62e56110-1e5f-49bc-9fec-91f2267b7e50-140356459560960","trial_id":3,"step":2,"intermediate_value":55.14515143575955}
{"op_code":8,"worker_id":"62e56110-1e5f-49bc-9fec-91f2267b7e50-140356459560960","trial_id":3,"user_attr":{"train_loss_epoch_2":2.490739816443384}}
{"op_code":7,"worker_id":"62e56110-1e5f-49bc-9fec-91f2267b7e50-140356459560960","trial_id":3,"step":3,"intermediate_value":60.00991785903686}
{"op_code":8,"worker_id":"62e56110-1e5f-49bc-9fec-91f2267b7e50-140356459560960","trial_id":3,"user_attr":{"train_loss_epoch_3":2.2918076654113726}}
{"op_code":7,"worker_id":"62e56110-1e5f-49bc-9fec-91f2267b7e50-140356459560960","trial_id":3,"step":4,"intermediate_value":62.699571333539694}
{"op_code":8,"worker_id":"62e56110-1e5f-49bc-9fec-91f2267b7e50-140356459560960","trial_id":3,"user_attr":{"train_loss_epoch_4":2.1789010513765703}}
{"op_code":7,"worker_id":"62e56110-1e5f-49bc-9fec-91f2267b7e50-140356459560960","trial_id":3,"step":5,"intermediate_value":63.40221881005556}
{"op_code":8,"worker_id":"62e56110-1e5f-49bc-9fec-91f2267b7e50-140356459560960","trial_id":3,"user_attr":{"train_loss_epoch_5":2.1238312549384304}}
{"op_code":6,"worker_id":"62e56110-1e5f-49bc-9fec-91f2267b7e50-140356459560960","trial_id":3,"state":1,"values":[63.40221881005556],"datetime_complete":"2026-03-03T16:20:24.444619"}
{"op_code":4,"worker_id":"62e56110-1e5f-49bc-9fec-91f2267b7e50-140356459560960","study_id":0,"datetime_start":"2026-03-03T16:20:24.446165"}
{"op_code":5,"worker_id":"62e56110-1e5f-49bc-9fec-91f2267b7e50-140356459560960","trial_id":4,"param_name":"learning_rate","param_value_internal":0.0001547922207903534,"distribution":"{\"name\": \"FloatDistribution\", \"attributes\": {\"step\": null, \"low\": 1e-05, \"high\": 1.0, \"log\": true}}"}
{"op_code":5,"worker_id":"62e56110-1e5f-49bc-9fec-91f2267b7e50-140356459560960","trial_id":4,"param_name":"transfer_lr","param_value_internal":0.15689476006136482,"distribution":"{\"name\": \"FloatDistribution\", \"attributes\": {\"step\": null, \"low\": 1e-05, \"high\": 1.0, \"log\": true}}"}
{"op_code":5,"worker_id":"62e56110-1e5f-49bc-9fec-91f2267b7e50-140356459560960","trial_id":4,"param_name":"transfer_every","param_value_internal":136.0,"distribution":"{\"name\": \"IntDistribution\", \"attributes\": {\"log\": true, \"step\": 1, \"low\": 1, \"high\": 500}}"}
{"op_code":5,"worker_id":"62e56110-1e5f-49bc-9fec-91f2267b7e50-140356459560960","trial_id":4,"param_name":"rank_exp","param_value_internal":2.0,"distribution":"{\"name\": \"IntDistribution\", \"attributes\": {\"log\": false, \"step\": 1, \"low\": 0, \"high\": 5}}"}
{"op_code":5,"worker_id":"62e56110-1e5f-49bc-9fec-91f2267b7e50-140356459560960","trial_id":4,"param_name":"fast_lr","param_value_internal":0.11807056134806883,"distribution":"{\"name\": \"FloatDistribution\", \"attributes\": {\"step\": null, \"low\": 0.1, \"high\": 10.0, \"log\": true}}"}
{"op_code":5,"worker_id":"62e56110-1e5f-49bc-9fec-91f2267b7e50-140356459560960","trial_id":4,"param_name":"tau_sec","param_value_internal":0.0,"distribution":"{\"name\": \"FloatDistribution\", \"attributes\": {\"step\": null, \"low\": 0.0, \"high\": 0.0, \"log\": false}}"}
{"op_code":5,"worker_id":"62e56110-1e5f-49bc-9fec-91f2267b7e50-140356459560960","trial_id":4,"param_name":"ab_weight_scaling_omega","param_value_internal":0.0,"distribution":"{\"name\": \"FloatDistribution\", \"attributes\": {\"step\": null, \"low\": 0.0, \"high\": 0.0, \"log\": false}}"}
{"op_code":5,"worker_id":"62e56110-1e5f-49bc-9fec-91f2267b7e50-140356459560960","trial_id":4,"param_name":"min_lr_rate","param_value_internal":0.0,"distribution":"{\"name\": \"FloatDistribution\", \"attributes\": {\"step\": null, \"low\": 0.0, \"high\": 0.0, \"log\": false}}"}
{"op_code":8,"worker_id":"62e56110-1e5f-49bc-9fec-91f2267b7e50-140356459560960","trial_id":4,"user_attr":{"error":"NVML_SUCCESS == r INTERNAL ASSERT FAILED at \"../c10/cuda/CUDACachingAllocator.cpp\":844, please report a bug to PyTorch. "}}
{"op_code":6,"worker_id":"62e56110-1e5f-49bc-9fec-91f2267b7e50-140356459560960","trial_id":4,"state":3,"values":null,"datetime_complete":"2026-03-03T16:23:06.677288"}
{"op_code":0,"worker_id":"f02d3808-f904-4f92-96d2-3fdb1973fc41-139647758876672","study_name":"bert_squad_lrtt_bs48_adam_hybrid_nowd_nomom_nonest_set_ideal_cideal_noio_noos_qkvo_5ep","directions":[2]}
{"op_code":4,"worker_id":"f02d3808-f904-4f92-96d2-3fdb1973fc41-139647758876672","study_id":0,"datetime_start":null,"state":4,"value":null,"values":null,"distributions":{},"params":{},"user_attrs":{},"system_attrs":{"fixed_params":{"learning_rate":0.0001547922207903534,"transfer_lr":0.15689476006136482,"transfer_every":136,"rank_exp":2,"fast_lr":0.11807056134806883,"tau_sec":0.0,"ab_weight_scaling_omega":0.0,"min_lr_rate":0.0}},"intermediate_values":{}}
{"op_code":6,"worker_id":"f02d3808-f904-4f92-96d2-3fdb1973fc41-139647758876672","trial_id":5,"state":0,"values":null,"datetime_start":"2026-03-03T16:23:17.054697"}
{"op_code":5,"worker_id":"f02d3808-f904-4f92-96d2-3fdb1973fc41-139647758876672","trial_id":5,"param_name":"learning_rate","param_value_internal":0.0001547922207903534,"distribution":"{\"name\": \"FloatDistribution\", \"attributes\": {\"step\": null, \"low\": 1e-05, \"high\": 1.0, \"log\": true}}"}
{"op_code":5,"worker_id":"f02d3808-f904-4f92-96d2-3fdb1973fc41-139647758876672","trial_id":5,"param_name":"transfer_lr","param_value_internal":0.15689476006136482,"distribution":"{\"name\": \"FloatDistribution\", \"attributes\": {\"step\": null, \"low\": 1e-05, \"high\": 1.0, \"log\": true}}"}
{"op_code":5,"worker_id":"f02d3808-f904-4f92-96d2-3fdb1973fc41-139647758876672","trial_id":5,"param_name":"transfer_every","param_value_internal":136.0,"distribution":"{\"name\": \"IntDistribution\", \"attributes\": {\"log\": true, \"step\": 1, \"low\": 1, \"high\": 500}}"}
{"op_code":5,"worker_id":"f02d3808-f904-4f92-96d2-3fdb1973fc41-139647758876672","trial_id":5,"param_name":"rank_exp","param_value_internal":2.0,"distribution":"{\"name\": \"IntDistribution\", \"attributes\": {\"log\": false, \"step\": 1, \"low\": 0, \"high\": 5}}"}
{"op_code":5,"worker_id":"f02d3808-f904-4f92-96d2-3fdb1973fc41-139647758876672","trial_id":5,"param_name":"fast_lr","param_value_internal":0.11807056134806883,"distribution":"{\"name\": \"FloatDistribution\", \"attributes\": {\"step\": null, \"low\": 0.1, \"high\": 10.0, \"log\": true}}"}
{"op_code":5,"worker_id":"f02d3808-f904-4f92-96d2-3fdb1973fc41-139647758876672","trial_id":5,"param_name":"tau_sec","param_value_internal":0.0,"distribution":"{\"name\": \"FloatDistribution\", \"attributes\": {\"step\": null, \"low\": 0.0, \"high\": 0.0, \"log\": false}}"}
{"op_code":5,"worker_id":"f02d3808-f904-4f92-96d2-3fdb1973fc41-139647758876672","trial_id":5,"param_name":"ab_weight_scaling_omega","param_value_internal":0.0,"distribution":"{\"name\": \"FloatDistribution\", \"attributes\": {\"step\": null, \"low\": 0.0, \"high\": 0.0, \"log\": false}}"}
{"op_code":5,"worker_id":"f02d3808-f904-4f92-96d2-3fdb1973fc41-139647758876672","trial_id":5,"param_name":"min_lr_rate","param_value_internal":0.0,"distribution":"{\"name\": \"FloatDistribution\", \"attributes\": {\"step\": null, \"low\": 0.0, \"high\": 0.0, \"log\": false}}"}
{"op_code":7,"worker_id":"f02d3808-f904-4f92-96d2-3fdb1973fc41-139647758876672","trial_id":5,"step":1,"intermediate_value":48.17983476712866}
{"op_code":8,"worker_id":"f02d3808-f904-4f92-96d2-3fdb1973fc41-139647758876672","trial_id":5,"user_attr":{"train_loss_epoch_1":3.5172572413832555}}
{"op_code":7,"worker_id":"f02d3808-f904-4f92-96d2-3fdb1973fc41-139647758876672","trial_id":5,"step":2,"intermediate_value":57.005406043415974}
{"op_code":8,"worker_id":"f02d3808-f904-4f92-96d2-3fdb1973fc41-139647758876672","trial_id":5,"user_attr":{"train_loss_epoch_2":2.4446905297811647}}
{"op_code":7,"worker_id":"f02d3808-f904-4f92-96d2-3fdb1973fc41-139647758876672","trial_id":5,"step":3,"intermediate_value":61.90324695959335}
{"op_code":8,"worker_id":"f02d3808-f904-4f92-96d2-3fdb1973fc41-139647758876672","trial_id":5,"user_attr":{"train_loss_epoch_3":2.2366357232600764}}
{"op_code":7,"worker_id":"f02d3808-f904-4f92-96d2-3fdb1973fc41-139647758876672","trial_id":5,"step":4,"intermediate_value":64.39975651599283}
{"op_code":8,"worker_id":"f02d3808-f904-4f92-96d2-3fdb1973fc41-139647758876672","trial_id":5,"user_attr":{"train_loss_epoch_4":2.1157258121454805}}
{"op_code":7,"worker_id":"f02d3808-f904-4f92-96d2-3fdb1973fc41-139647758876672","trial_id":5,"step":5,"intermediate_value":65.21609676028197}
{"op_code":8,"worker_id":"f02d3808-f904-4f92-96d2-3fdb1973fc41-139647758876672","trial_id":5,"user_attr":{"train_loss_epoch_5":2.0658731327111175}}
{"op_code":6,"worker_id":"f02d3808-f904-4f92-96d2-3fdb1973fc41-139647758876672","trial_id":5,"state":1,"values":[65.21609676028197],"datetime_complete":"2026-03-03T20:43:12.600913"}
{"op_code":0,"worker_id":"2a2b7d65-d7ba-46f6-94bb-00c46ba77e7e-139872822108160","study_name":"bert_squad_lrtt_bs48_adam_hybrid_nowd_nomom_nonest_set_ideal_cideal_noio_noos_qkvo_5ep","directions":[2]}
{"op_code":4,"worker_id":"2a2b7d65-d7ba-46f6-94bb-00c46ba77e7e-139872822108160","study_id":0,"datetime_start":"2026-03-03T20:43:22.842375"}
{"op_code":5,"worker_id":"2a2b7d65-d7ba-46f6-94bb-00c46ba77e7e-139872822108160","trial_id":6,"param_name":"learning_rate","param_value_internal":7.408727473092117e-05,"distribution":"{\"name\": \"FloatDistribution\", \"attributes\": {\"step\": null, \"low\": 1e-05, \"high\": 1.0, \"log\": true}}"}
{"op_code":5,"worker_id":"2a2b7d65-d7ba-46f6-94bb-00c46ba77e7e-139872822108160","trial_id":6,"param_name":"transfer_lr","param_value_internal":0.004520032473586508,"distribution":"{\"name\": \"FloatDistribution\", \"attributes\": {\"step\": null, \"low\": 1e-05, \"high\": 1.0, \"log\": true}}"}
{"op_code":5,"worker_id":"2a2b7d65-d7ba-46f6-94bb-00c46ba77e7e-139872822108160","trial_id":6,"param_name":"transfer_every","param_value_internal":4.0,"distribution":"{\"name\": \"IntDistribution\", \"attributes\": {\"log\": true, \"step\": 1, \"low\": 1, \"high\": 500}}"}
{"op_code":5,"worker_id":"2a2b7d65-d7ba-46f6-94bb-00c46ba77e7e-139872822108160","trial_id":6,"param_name":"rank_exp","param_value_internal":5.0,"distribution":"{\"name\": \"IntDistribution\", \"attributes\": {\"log\": false, \"step\": 1, \"low\": 0, \"high\": 5}}"}
{"op_code":5,"worker_id":"2a2b7d65-d7ba-46f6-94bb-00c46ba77e7e-139872822108160","trial_id":6,"param_name":"fast_lr","param_value_internal":0.2498925759920341,"distribution":"{\"name\": \"FloatDistribution\", \"attributes\": {\"step\": null, \"low\": 0.1, \"high\": 10.0, \"log\": true}}"}
{"op_code":5,"worker_id":"2a2b7d65-d7ba-46f6-94bb-00c46ba77e7e-139872822108160","trial_id":6,"param_name":"tau_sec","param_value_internal":0.0,"distribution":"{\"name\": \"FloatDistribution\", \"attributes\": {\"step\": null, \"low\": 0.0, \"high\": 0.0, \"log\": false}}"}
{"op_code":5,"worker_id":"2a2b7d65-d7ba-46f6-94bb-00c46ba77e7e-139872822108160","trial_id":6,"param_name":"ab_weight_scaling_omega","param_value_internal":0.0,"distribution":"{\"name\": \"FloatDistribution\", \"attributes\": {\"step\": null, \"low\": 0.0, \"high\": 0.0, \"log\": false}}"}
{"op_code":5,"worker_id":"2a2b7d65-d7ba-46f6-94bb-00c46ba77e7e-139872822108160","trial_id":6,"param_name":"min_lr_rate","param_value_internal":0.0,"distribution":"{\"name\": \"FloatDistribution\", \"attributes\": {\"step\": null, \"low\": 0.0, \"high\": 0.0, \"log\": false}}"}
{"op_code":7,"worker_id":"2a2b7d65-d7ba-46f6-94bb-00c46ba77e7e-139872822108160","trial_id":6,"step":1,"intermediate_value":30.183132818580006}
{"op_code":8,"worker_id":"2a2b7d65-d7ba-46f6-94bb-00c46ba77e7e-139872822108160","trial_id":6,"user_attr":{"train_loss_epoch_1":4.059553560784193}}
{"op_code":7,"worker_id":"2a2b7d65-d7ba-46f6-94bb-00c46ba77e7e-139872822108160","trial_id":6,"step":2,"intermediate_value":48.79410086869496}
{"op_code":8,"worker_id":"2a2b7d65-d7ba-46f6-94bb-00c46ba77e7e-139872822108160","trial_id":6,"user_attr":{"train_loss_epoch_2":2.878973534049057}}
{"op_code":7,"worker_id":"2a2b7d65-d7ba-46f6-94bb-00c46ba77e7e-139872822108160","trial_id":6,"step":3,"intermediate_value":48.79410086869496}
{"op_code":8,"worker_id":"2a2b7d65-d7ba-46f6-94bb-00c46ba77e7e-139872822108160","trial_id":6,"user_attr":{"train_loss_epoch_3":3.206158702806406}}
{"op_code":7,"worker_id":"2a2b7d65-d7ba-46f6-94bb-00c46ba77e7e-139872822108160","trial_id":6,"step":4,"intermediate_value":48.79410086869496}
{"op_code":8,"worker_id":"2a2b7d65-d7ba-46f6-94bb-00c46ba77e7e-139872822108160","trial_id":6,"user_attr":{"train_loss_epoch_4":4.246351869190288}}
{"op_code":6,"worker_id":"2a2b7d65-d7ba-46f6-94bb-00c46ba77e7e-139872822108160","trial_id":6,"state":1,"values":[48.79410086869496],"datetime_complete":"2026-03-04T00:39:23.970187"}
{"op_code":4,"worker_id":"2a2b7d65-d7ba-46f6-94bb-00c46ba77e7e-139872822108160","study_id":0,"datetime_start":"2026-03-04T00:39:23.976249"}
{"op_code":5,"worker_id":"2a2b7d65-d7ba-46f6-94bb-00c46ba77e7e-139872822108160","trial_id":7,"param_name":"learning_rate","param_value_internal":0.0007373367422622645,"distribution":"{\"name\": \"FloatDistribution\", \"attributes\": {\"step\": null, \"low\": 1e-05, \"high\": 1.0, \"log\": true}}"}
{"op_code":5,"worker_id":"2a2b7d65-d7ba-46f6-94bb-00c46ba77e7e-139872822108160","trial_id":7,"param_name":"transfer_lr","param_value_internal":0.7912440792378955,"distribution":"{\"name\": \"FloatDistribution\", \"attributes\": {\"step\": null, \"low\": 1e-05, \"high\": 1.0, \"log\": true}}"}
{"op_code":5,"worker_id":"2a2b7d65-d7ba-46f6-94bb-00c46ba77e7e-139872822108160","trial_id":7,"param_name":"transfer_every","param_value_internal":415.0,"distribution":"{\"name\": \"IntDistribution\", \"attributes\": {\"log\": true, \"step\": 1, \"low\": 1, \"high\": 500}}"}
{"op_code":5,"worker_id":"2a2b7d65-d7ba-46f6-94bb-00c46ba77e7e-139872822108160","trial_id":7,"param_name":"rank_exp","param_value_internal":5.0,"distribution":"{\"name\": \"IntDistribution\", \"attributes\": {\"log\": false, \"step\": 1, \"low\": 0, \"high\": 5}}"}
{"op_code":5,"worker_id":"2a2b7d65-d7ba-46f6-94bb-00c46ba77e7e-139872822108160","trial_id":7,"param_name":"fast_lr","param_value_internal":6.737792237761023,"distribution":"{\"name\": \"FloatDistribution\", \"attributes\": {\"step\": null, \"low\": 0.1, \"high\": 10.0, \"log\": true}}"}
{"op_code":5,"worker_id":"2a2b7d65-d7ba-46f6-94bb-00c46ba77e7e-139872822108160","trial_id":7,"param_name":"tau_sec","param_value_internal":0.0,"distribution":"{\"name\": \"FloatDistribution\", \"attributes\": {\"step\": null, \"low\": 0.0, \"high\": 0.0, \"log\": false}}"}
{"op_code":5,"worker_id":"2a2b7d65-d7ba-46f6-94bb-00c46ba77e7e-139872822108160","trial_id":7,"param_name":"ab_weight_scaling_omega","param_value_internal":0.0,"distribution":"{\"name\": \"FloatDistribution\", \"attributes\": {\"step\": null, \"low\": 0.0, \"high\": 0.0, \"log\": false}}"}
{"op_code":5,"worker_id":"2a2b7d65-d7ba-46f6-94bb-00c46ba77e7e-139872822108160","trial_id":7,"param_name":"min_lr_rate","param_value_internal":0.0,"distribution":"{\"name\": \"FloatDistribution\", \"attributes\": {\"step\": null, \"low\": 0.0, \"high\": 0.0, \"log\": false}}"}
{"op_code":8,"worker_id":"2a2b7d65-d7ba-46f6-94bb-00c46ba77e7e-139872822108160","trial_id":7,"user_attr":{"error":"NVML_SUCCESS == r INTERNAL ASSERT FAILED at \"../c10/cuda/CUDACachingAllocator.cpp\":844, please report a bug to PyTorch. "}}
{"op_code":6,"worker_id":"2a2b7d65-d7ba-46f6-94bb-00c46ba77e7e-139872822108160","trial_id":7,"state":3,"values":null,"datetime_complete":"2026-03-04T00:41:27.726632"}
{"op_code":0,"worker_id":"85923b2f-de4e-43cd-80e7-6ce35ebd7bd9-140438797676544","study_name":"bert_squad_lrtt_bs48_adam_hybrid_nowd_nomom_nonest_set_ideal_cideal_noio_noos_qkvo_5ep","directions":[2]}
{"op_code":4,"worker_id":"85923b2f-de4e-43cd-80e7-6ce35ebd7bd9-140438797676544","study_id":0,"datetime_start":null,"state":4,"value":null,"values":null,"distributions":{},"params":{},"user_attrs":{},"system_attrs":{"fixed_params":{"learning_rate":0.0007373367422622645,"transfer_lr":0.7912440792378955,"transfer_every":415,"rank_exp":5,"fast_lr":6.737792237761023,"tau_sec":0.0,"ab_weight_scaling_omega":0.0,"min_lr_rate":0.0}},"intermediate_values":{}}
{"op_code":6,"worker_id":"85923b2f-de4e-43cd-80e7-6ce35ebd7bd9-140438797676544","trial_id":8,"state":0,"values":null,"datetime_start":"2026-03-04T00:41:37.998074"}
{"op_code":5,"worker_id":"85923b2f-de4e-43cd-80e7-6ce35ebd7bd9-140438797676544","trial_id":8,"param_name":"learning_rate","param_value_internal":0.0007373367422622645,"distribution":"{\"name\": \"FloatDistribution\", \"attributes\": {\"step\": null, \"low\": 1e-05, \"high\": 1.0, \"log\": true}}"}
{"op_code":5,"worker_id":"85923b2f-de4e-43cd-80e7-6ce35ebd7bd9-140438797676544","trial_id":8,"param_name":"transfer_lr","param_value_internal":0.7912440792378955,"distribution":"{\"name\": \"FloatDistribution\", \"attributes\": {\"step\": null, \"low\": 1e-05, \"high\": 1.0, \"log\": true}}"}
{"op_code":5,"worker_id":"85923b2f-de4e-43cd-80e7-6ce35ebd7bd9-140438797676544","trial_id":8,"param_name":"transfer_every","param_value_internal":415.0,"distribution":"{\"name\": \"IntDistribution\", \"attributes\": {\"log\": true, \"step\": 1, \"low\": 1, \"high\": 500}}"}
{"op_code":5,"worker_id":"85923b2f-de4e-43cd-80e7-6ce35ebd7bd9-140438797676544","trial_id":8,"param_name":"rank_exp","param_value_internal":5.0,"distribution":"{\"name\": \"IntDistribution\", \"attributes\": {\"log\": false, \"step\": 1, \"low\": 0, \"high\": 5}}"}
{"op_code":5,"worker_id":"85923b2f-de4e-43cd-80e7-6ce35ebd7bd9-140438797676544","trial_id":8,"param_name":"fast_lr","param_value_internal":6.737792237761023,"distribution":"{\"name\": \"FloatDistribution\", \"attributes\": {\"step\": null, \"low\": 0.1, \"high\": 10.0, \"log\": true}}"}
{"op_code":5,"worker_id":"85923b2f-de4e-43cd-80e7-6ce35ebd7bd9-140438797676544","trial_id":8,"param_name":"tau_sec","param_value_internal":0.0,"distribution":"{\"name\": \"FloatDistribution\", \"attributes\": {\"step\": null, \"low\": 0.0, \"high\": 0.0, \"log\": false}}"}
{"op_code":5,"worker_id":"85923b2f-de4e-43cd-80e7-6ce35ebd7bd9-140438797676544","trial_id":8,"param_name":"ab_weight_scaling_omega","param_value_internal":0.0,"distribution":"{\"name\": \"FloatDistribution\", \"attributes\": {\"step\": null, \"low\": 0.0, \"high\": 0.0, \"log\": false}}"}
{"op_code":5,"worker_id":"85923b2f-de4e-43cd-80e7-6ce35ebd7bd9-140438797676544","trial_id":8,"param_name":"min_lr_rate","param_value_internal":0.0,"distribution":"{\"name\": \"FloatDistribution\", \"attributes\": {\"step\": null, \"low\": 0.0, \"high\": 0.0, \"log\": false}}"}
{"op_code":7,"worker_id":"85923b2f-de4e-43cd-80e7-6ce35ebd7bd9-140438797676544","trial_id":8,"step":1,"intermediate_value":70.23958713111134}
{"op_code":8,"worker_id":"85923b2f-de4e-43cd-80e7-6ce35ebd7bd9-140438797676544","trial_id":8,"user_attr":{"train_loss_epoch_1":2.6087858396417953}}
{"op_code":7,"worker_id":"85923b2f-de4e-43cd-80e7-6ce35ebd7bd9-140438797676544","trial_id":8,"step":2,"intermediate_value":73.79983268791818}
{"op_code":8,"worker_id":"85923b2f-de4e-43cd-80e7-6ce35ebd7bd9-140438797676544","trial_id":8,"user_attr":{"train_loss_epoch_2":1.7648709852800812}}
{"op_code":7,"worker_id":"85923b2f-de4e-43cd-80e7-6ce35ebd7bd9-140438797676544","trial_id":8,"step":3,"intermediate_value":75.38519368205024}
{"op_code":8,"worker_id":"85923b2f-de4e-43cd-80e7-6ce35ebd7bd9-140438797676544","trial_id":8,"user_attr":{"train_loss_epoch_3":1.667992827222741}}
{"op_code":7,"worker_id":"85923b2f-de4e-43cd-80e7-6ce35ebd7bd9-140438797676544","trial_id":8,"step":4,"intermediate_value":75.81690419244924}
{"op_code":8,"worker_id":"85923b2f-de4e-43cd-80e7-6ce35ebd7bd9-140438797676544","trial_id":8,"user_attr":{"train_loss_epoch_4":1.6227547167342153}}
{"op_code":7,"worker_id":"85923b2f-de4e-43cd-80e7-6ce35ebd7bd9-140438797676544","trial_id":8,"step":5,"intermediate_value":76.3970568843812}
{"op_code":8,"worker_id":"85923b2f-de4e-43cd-80e7-6ce35ebd7bd9-140438797676544","trial_id":8,"user_attr":{"train_loss_epoch_5":1.6031766865563024}}
{"op_code":6,"worker_id":"85923b2f-de4e-43cd-80e7-6ce35ebd7bd9-140438797676544","trial_id":8,"state":1,"values":[76.3970568843812],"datetime_complete":"2026-03-04T05:00:26.692464"}
{"op_code":0,"worker_id":"052b884d-1f3b-45b7-ac6b-a96325d3fc77-139978692042752","study_name":"bert_squad_lrtt_bs48_adam_hybrid_nowd_nomom_nonest_set_ideal_cideal_noio_noos_qkvo_5ep","directions":[2]}
{"op_code":4,"worker_id":"052b884d-1f3b-45b7-ac6b-a96325d3fc77-139978692042752","study_id":0,"datetime_start":"2026-03-04T05:00:37.542831"}
{"op_code":5,"worker_id":"052b884d-1f3b-45b7-ac6b-a96325d3fc77-139978692042752","trial_id":9,"param_name":"learning_rate","param_value_internal":0.11070235503738439,"distribution":"{\"name\": \"FloatDistribution\", \"attributes\": {\"step\": null, \"low\": 1e-05, \"high\": 1.0, \"log\": true}}"}
{"op_code":5,"worker_id":"052b884d-1f3b-45b7-ac6b-a96325d3fc77-139978692042752","trial_id":9,"param_name":"transfer_lr","param_value_internal":1.9203385419224777e-05,"distribution":"{\"name\": \"FloatDistribution\", \"attributes\": {\"step\": null, \"low\": 1e-05, \"high\": 1.0, \"log\": true}}"}
{"op_code":5,"worker_id":"052b884d-1f3b-45b7-ac6b-a96325d3fc77-139978692042752","trial_id":9,"param_name":"transfer_every","param_value_internal":3.0,"distribution":"{\"name\": \"IntDistribution\", \"attributes\": {\"log\": true, \"step\": 1, \"low\": 1, \"high\": 500}}"}
{"op_code":5,"worker_id":"052b884d-1f3b-45b7-ac6b-a96325d3fc77-139978692042752","trial_id":9,"param_name":"rank_exp","param_value_internal":5.0,"distribution":"{\"name\": \"IntDistribution\", \"attributes\": {\"log\": false, \"step\": 1, \"low\": 0, \"high\": 5}}"}
{"op_code":5,"worker_id":"052b884d-1f3b-45b7-ac6b-a96325d3fc77-139978692042752","trial_id":9,"param_name":"fast_lr","param_value_internal":5.1112647844700865,"distribution":"{\"name\": \"FloatDistribution\", \"attributes\": {\"step\": null, \"low\": 0.1, \"high\": 10.0, \"log\": true}}"}
{"op_code":5,"worker_id":"052b884d-1f3b-45b7-ac6b-a96325d3fc77-139978692042752","trial_id":9,"param_name":"tau_sec","param_value_internal":0.0,"distribution":"{\"name\": \"FloatDistribution\", \"attributes\": {\"step\": null, \"low\": 0.0, \"high\": 0.0, \"log\": false}}"}
{"op_code":5,"worker_id":"052b884d-1f3b-45b7-ac6b-a96325d3fc77-139978692042752","trial_id":9,"param_name":"ab_weight_scaling_omega","param_value_internal":0.0,"distribution":"{\"name\": \"FloatDistribution\", \"attributes\": {\"step\": null, \"low\": 0.0, \"high\": 0.0, \"log\": false}}"}
{"op_code":5,"worker_id":"052b884d-1f3b-45b7-ac6b-a96325d3fc77-139978692042752","trial_id":9,"param_name":"min_lr_rate","param_value_internal":0.0,"distribution":"{\"name\": \"FloatDistribution\", \"attributes\": {\"step\": null, \"low\": 0.0, \"high\": 0.0, \"log\": false}}"}
{"op_code":7,"worker_id":"052b884d-1f3b-45b7-ac6b-a96325d3fc77-139978692042752","trial_id":9,"step":1,"intermediate_value":2.356470600392935}
{"op_code":8,"worker_id":"052b884d-1f3b-45b7-ac6b-a96325d3fc77-139978692042752","trial_id":9,"user_attr":{"train_loss_epoch_1":5.84879137351907}}
{"op_code":6,"worker_id":"052b884d-1f3b-45b7-ac6b-a96325d3fc77-139978692042752","trial_id":9,"state":3,"values":null,"datetime_complete":"2026-03-04T06:17:43.432157"}
