{"op_code":0,"worker_id":"5876d832-91b1-4364-b259-52dd7d181d16-139979015462912","study_name":"bert_squad_lrtt_bs48_adam_hybrid_nowd_nomom_nonest_set_ideal_cideal_noio_noquant_noos_qkvo_5ep","directions":[2]}
{"op_code":4,"worker_id":"5876d832-91b1-4364-b259-52dd7d181d16-139979015462912","study_id":0,"datetime_start":"2026-03-03T03:49:54.818767"}
{"op_code":5,"worker_id":"5876d832-91b1-4364-b259-52dd7d181d16-139979015462912","trial_id":0,"param_name":"learning_rate","param_value_internal":1.652550871329342e-05,"distribution":"{\"name\": \"FloatDistribution\", \"attributes\": {\"step\": null, \"low\": 1e-05, \"high\": 1.0, \"log\": true}}"}
{"op_code":5,"worker_id":"5876d832-91b1-4364-b259-52dd7d181d16-139979015462912","trial_id":0,"param_name":"transfer_lr","param_value_internal":0.4360244265737058,"distribution":"{\"name\": \"FloatDistribution\", \"attributes\": {\"step\": null, \"low\": 1e-05, \"high\": 1.0, \"log\": true}}"}
{"op_code":5,"worker_id":"5876d832-91b1-4364-b259-52dd7d181d16-139979015462912","trial_id":0,"param_name":"transfer_every","param_value_internal":1.0,"distribution":"{\"name\": \"IntDistribution\", \"attributes\": {\"log\": true, \"step\": 1, \"low\": 1, \"high\": 500}}"}
{"op_code":5,"worker_id":"5876d832-91b1-4364-b259-52dd7d181d16-139979015462912","trial_id":0,"param_name":"rank_exp","param_value_internal":0.0,"distribution":"{\"name\": \"IntDistribution\", \"attributes\": {\"log\": false, \"step\": 1, \"low\": 0, \"high\": 5}}"}
{"op_code":5,"worker_id":"5876d832-91b1-4364-b259-52dd7d181d16-139979015462912","trial_id":0,"param_name":"fast_lr","param_value_internal":0.2666931985558786,"distribution":"{\"name\": \"FloatDistribution\", \"attributes\": {\"step\": null, \"low\": 0.1, \"high\": 10.0, \"log\": true}}"}
{"op_code":5,"worker_id":"5876d832-91b1-4364-b259-52dd7d181d16-139979015462912","trial_id":0,"param_name":"tau_sec","param_value_internal":0.0,"distribution":"{\"name\": \"FloatDistribution\", \"attributes\": {\"step\": null, \"low\": 0.0, \"high\": 0.0, \"log\": false}}"}
{"op_code":5,"worker_id":"5876d832-91b1-4364-b259-52dd7d181d16-139979015462912","trial_id":0,"param_name":"ab_weight_scaling_omega","param_value_internal":0.0,"distribution":"{\"name\": \"FloatDistribution\", \"attributes\": {\"step\": null, \"low\": 0.0, \"high\": 0.0, \"log\": false}}"}
{"op_code":5,"worker_id":"5876d832-91b1-4364-b259-52dd7d181d16-139979015462912","trial_id":0,"param_name":"min_lr_rate","param_value_internal":0.0,"distribution":"{\"name\": \"FloatDistribution\", \"attributes\": {\"step\": null, \"low\": 0.0, \"high\": 0.0, \"log\": false}}"}
{"op_code":7,"worker_id":"5876d832-91b1-4364-b259-52dd7d181d16-139979015462912","trial_id":0,"step":1,"intermediate_value":11.031522183018225}
{"op_code":8,"worker_id":"5876d832-91b1-4364-b259-52dd7d181d16-139979015462912","trial_id":0,"user_attr":{"train_loss_epoch_1":4.901327882549627}}
{"op_code":7,"worker_id":"5876d832-91b1-4364-b259-52dd7d181d16-139979015462912","trial_id":0,"step":2,"intermediate_value":13.56718769802193}
{"op_code":8,"worker_id":"5876d832-91b1-4364-b259-52dd7d181d16-139979015462912","trial_id":0,"user_attr":{"train_loss_epoch_2":4.0125990237000835}}
{"op_code":7,"worker_id":"5876d832-91b1-4364-b259-52dd7d181d16-139979015462912","trial_id":0,"step":3,"intermediate_value":15.584967457079227}
{"op_code":8,"worker_id":"5876d832-91b1-4364-b259-52dd7d181d16-139979015462912","trial_id":0,"user_attr":{"train_loss_epoch_3":3.8079085116140887}}
{"op_code":7,"worker_id":"5876d832-91b1-4364-b259-52dd7d181d16-139979015462912","trial_id":0,"step":4,"intermediate_value":17.343054148625665}
{"op_code":8,"worker_id":"5876d832-91b1-4364-b259-52dd7d181d16-139979015462912","trial_id":0,"user_attr":{"train_loss_epoch_4":3.7100693998621086}}
{"op_code":7,"worker_id":"5876d832-91b1-4364-b259-52dd7d181d16-139979015462912","trial_id":0,"step":5,"intermediate_value":17.969216099464663}
{"op_code":8,"worker_id":"5876d832-91b1-4364-b259-52dd7d181d16-139979015462912","trial_id":0,"user_attr":{"train_loss_epoch_5":3.6625454487839364}}
{"op_code":6,"worker_id":"5876d832-91b1-4364-b259-52dd7d181d16-139979015462912","trial_id":0,"state":1,"values":[17.969216099464663],"datetime_complete":"2026-03-03T08:36:15.081256"}
{"op_code":4,"worker_id":"5876d832-91b1-4364-b259-52dd7d181d16-139979015462912","study_id":0,"datetime_start":"2026-03-03T08:36:15.083095"}
{"op_code":5,"worker_id":"5876d832-91b1-4364-b259-52dd7d181d16-139979015462912","trial_id":1,"param_name":"learning_rate","param_value_internal":0.0015289745592563157,"distribution":"{\"name\": \"FloatDistribution\", \"attributes\": {\"step\": null, \"low\": 1e-05, \"high\": 1.0, \"log\": true}}"}
{"op_code":5,"worker_id":"5876d832-91b1-4364-b259-52dd7d181d16-139979015462912","trial_id":1,"param_name":"transfer_lr","param_value_internal":3.710227656526676e-05,"distribution":"{\"name\": \"FloatDistribution\", \"attributes\": {\"step\": null, \"low\": 1e-05, \"high\": 1.0, \"log\": true}}"}
{"op_code":5,"worker_id":"5876d832-91b1-4364-b259-52dd7d181d16-139979015462912","trial_id":1,"param_name":"transfer_every","param_value_internal":1.0,"distribution":"{\"name\": \"IntDistribution\", \"attributes\": {\"log\": true, \"step\": 1, \"low\": 1, \"high\": 500}}"}
{"op_code":5,"worker_id":"5876d832-91b1-4364-b259-52dd7d181d16-139979015462912","trial_id":1,"param_name":"rank_exp","param_value_internal":4.0,"distribution":"{\"name\": \"IntDistribution\", \"attributes\": {\"log\": false, \"step\": 1, \"low\": 0, \"high\": 5}}"}
{"op_code":5,"worker_id":"5876d832-91b1-4364-b259-52dd7d181d16-139979015462912","trial_id":1,"param_name":"fast_lr","param_value_internal":0.28740636666927877,"distribution":"{\"name\": \"FloatDistribution\", \"attributes\": {\"step\": null, \"low\": 0.1, \"high\": 10.0, \"log\": true}}"}
{"op_code":5,"worker_id":"5876d832-91b1-4364-b259-52dd7d181d16-139979015462912","trial_id":1,"param_name":"tau_sec","param_value_internal":0.0,"distribution":"{\"name\": \"FloatDistribution\", \"attributes\": {\"step\": null, \"low\": 0.0, \"high\": 0.0, \"log\": false}}"}
{"op_code":5,"worker_id":"5876d832-91b1-4364-b259-52dd7d181d16-139979015462912","trial_id":1,"param_name":"ab_weight_scaling_omega","param_value_internal":0.0,"distribution":"{\"name\": \"FloatDistribution\", \"attributes\": {\"step\": null, \"low\": 0.0, \"high\": 0.0, \"log\": false}}"}
{"op_code":5,"worker_id":"5876d832-91b1-4364-b259-52dd7d181d16-139979015462912","trial_id":1,"param_name":"min_lr_rate","param_value_internal":0.0,"distribution":"{\"name\": \"FloatDistribution\", \"attributes\": {\"step\": null, \"low\": 0.0, \"high\": 0.0, \"log\": false}}"}
{"op_code":8,"worker_id":"5876d832-91b1-4364-b259-52dd7d181d16-139979015462912","trial_id":1,"user_attr":{"error":"NVML_SUCCESS == r INTERNAL ASSERT FAILED at \"../c10/cuda/CUDACachingAllocator.cpp\":844, please report a bug to PyTorch. "}}
{"op_code":6,"worker_id":"5876d832-91b1-4364-b259-52dd7d181d16-139979015462912","trial_id":1,"state":3,"values":null,"datetime_complete":"2026-03-03T08:39:04.022646"}
{"op_code":0,"worker_id":"917234ff-ff08-4ed4-90ea-fcd01fa0007f-139946434576384","study_name":"bert_squad_lrtt_bs48_adam_hybrid_nowd_nomom_nonest_set_ideal_cideal_noio_noquant_noos_qkvo_5ep","directions":[2]}
{"op_code":4,"worker_id":"917234ff-ff08-4ed4-90ea-fcd01fa0007f-139946434576384","study_id":0,"datetime_start":null,"state":4,"value":null,"values":null,"distributions":{},"params":{},"user_attrs":{},"system_attrs":{"fixed_params":{"learning_rate":0.0015289745592563157,"transfer_lr":3.710227656526676e-05,"transfer_every":1,"rank_exp":4,"fast_lr":0.28740636666927877,"tau_sec":0.0,"ab_weight_scaling_omega":0.0,"min_lr_rate":0.0}},"intermediate_values":{}}
{"op_code":6,"worker_id":"917234ff-ff08-4ed4-90ea-fcd01fa0007f-139946434576384","trial_id":2,"state":0,"values":null,"datetime_start":"2026-03-03T08:39:21.372830"}
{"op_code":5,"worker_id":"917234ff-ff08-4ed4-90ea-fcd01fa0007f-139946434576384","trial_id":2,"param_name":"learning_rate","param_value_internal":0.0015289745592563157,"distribution":"{\"name\": \"FloatDistribution\", \"attributes\": {\"step\": null, \"low\": 1e-05, \"high\": 1.0, \"log\": true}}"}
{"op_code":5,"worker_id":"917234ff-ff08-4ed4-90ea-fcd01fa0007f-139946434576384","trial_id":2,"param_name":"transfer_lr","param_value_internal":3.710227656526676e-05,"distribution":"{\"name\": \"FloatDistribution\", \"attributes\": {\"step\": null, \"low\": 1e-05, \"high\": 1.0, \"log\": true}}"}
{"op_code":5,"worker_id":"917234ff-ff08-4ed4-90ea-fcd01fa0007f-139946434576384","trial_id":2,"param_name":"transfer_every","param_value_internal":1.0,"distribution":"{\"name\": \"IntDistribution\", \"attributes\": {\"log\": true, \"step\": 1, \"low\": 1, \"high\": 500}}"}
{"op_code":5,"worker_id":"917234ff-ff08-4ed4-90ea-fcd01fa0007f-139946434576384","trial_id":2,"param_name":"rank_exp","param_value_internal":4.0,"distribution":"{\"name\": \"IntDistribution\", \"attributes\": {\"log\": false, \"step\": 1, \"low\": 0, \"high\": 5}}"}
{"op_code":5,"worker_id":"917234ff-ff08-4ed4-90ea-fcd01fa0007f-139946434576384","trial_id":2,"param_name":"fast_lr","param_value_internal":0.28740636666927877,"distribution":"{\"name\": \"FloatDistribution\", \"attributes\": {\"step\": null, \"low\": 0.1, \"high\": 10.0, \"log\": true}}"}
{"op_code":5,"worker_id":"917234ff-ff08-4ed4-90ea-fcd01fa0007f-139946434576384","trial_id":2,"param_name":"tau_sec","param_value_internal":0.0,"distribution":"{\"name\": \"FloatDistribution\", \"attributes\": {\"step\": null, \"low\": 0.0, \"high\": 0.0, \"log\": false}}"}
{"op_code":5,"worker_id":"917234ff-ff08-4ed4-90ea-fcd01fa0007f-139946434576384","trial_id":2,"param_name":"ab_weight_scaling_omega","param_value_internal":0.0,"distribution":"{\"name\": \"FloatDistribution\", \"attributes\": {\"step\": null, \"low\": 0.0, \"high\": 0.0, \"log\": false}}"}
{"op_code":5,"worker_id":"917234ff-ff08-4ed4-90ea-fcd01fa0007f-139946434576384","trial_id":2,"param_name":"min_lr_rate","param_value_internal":0.0,"distribution":"{\"name\": \"FloatDistribution\", \"attributes\": {\"step\": null, \"low\": 0.0, \"high\": 0.0, \"log\": false}}"}
{"op_code":7,"worker_id":"917234ff-ff08-4ed4-90ea-fcd01fa0007f-139946434576384","trial_id":2,"step":1,"intermediate_value":73.66919643980867}
{"op_code":8,"worker_id":"917234ff-ff08-4ed4-90ea-fcd01fa0007f-139946434576384","trial_id":2,"user_attr":{"train_loss_epoch_1":2.320449880562878}}
{"op_code":7,"worker_id":"917234ff-ff08-4ed4-90ea-fcd01fa0007f-139946434576384","trial_id":2,"step":2,"intermediate_value":76.2281561313235}
{"op_code":8,"worker_id":"917234ff-ff08-4ed4-90ea-fcd01fa0007f-139946434576384","trial_id":2,"user_attr":{"train_loss_epoch_2":1.656396436542636}}
{"op_code":7,"worker_id":"917234ff-ff08-4ed4-90ea-fcd01fa0007f-139946434576384","trial_id":2,"step":3,"intermediate_value":77.3195898291375}
{"op_code":8,"worker_id":"917234ff-ff08-4ed4-90ea-fcd01fa0007f-139946434576384","trial_id":2,"user_attr":{"train_loss_epoch_3":1.575814999290584}}
{"op_code":7,"worker_id":"917234ff-ff08-4ed4-90ea-fcd01fa0007f-139946434576384","trial_id":2,"step":4,"intermediate_value":77.91625882889734}
{"op_code":8,"worker_id":"917234ff-ff08-4ed4-90ea-fcd01fa0007f-139946434576384","trial_id":2,"user_attr":{"train_loss_epoch_4":1.5328676495877795}}
{"op_code":7,"worker_id":"917234ff-ff08-4ed4-90ea-fcd01fa0007f-139946434576384","trial_id":2,"step":5,"intermediate_value":78.43494681721624}
{"op_code":8,"worker_id":"917234ff-ff08-4ed4-90ea-fcd01fa0007f-139946434576384","trial_id":2,"user_attr":{"train_loss_epoch_5":1.509217076037886}}
{"op_code":6,"worker_id":"917234ff-ff08-4ed4-90ea-fcd01fa0007f-139946434576384","trial_id":2,"state":1,"values":[78.43494681721624],"datetime_complete":"2026-03-03T13:06:37.457526"}
{"op_code":0,"worker_id":"2901034b-0f91-4a9a-a10e-16c194dc6b8f-139872535244800","study_name":"bert_squad_lrtt_bs48_adam_hybrid_nowd_nomom_nonest_set_ideal_cideal_noio_noquant_noos_qkvo_5ep","directions":[2]}
{"op_code":4,"worker_id":"2901034b-0f91-4a9a-a10e-16c194dc6b8f-139872535244800","study_id":0,"datetime_start":"2026-03-03T13:06:47.912341"}
{"op_code":5,"worker_id":"2901034b-0f91-4a9a-a10e-16c194dc6b8f-139872535244800","trial_id":3,"param_name":"learning_rate","param_value_internal":1.9863206622506596e-05,"distribution":"{\"name\": \"FloatDistribution\", \"attributes\": {\"step\": null, \"low\": 1e-05, \"high\": 1.0, \"log\": true}}"}
{"op_code":5,"worker_id":"2901034b-0f91-4a9a-a10e-16c194dc6b8f-139872535244800","trial_id":3,"param_name":"transfer_lr","param_value_internal":0.005592906860319942,"distribution":"{\"name\": \"FloatDistribution\", \"attributes\": {\"step\": null, \"low\": 1e-05, \"high\": 1.0, \"log\": true}}"}
{"op_code":5,"worker_id":"2901034b-0f91-4a9a-a10e-16c194dc6b8f-139872535244800","trial_id":3,"param_name":"transfer_every","param_value_internal":4.0,"distribution":"{\"name\": \"IntDistribution\", \"attributes\": {\"log\": true, \"step\": 1, \"low\": 1, \"high\": 500}}"}
{"op_code":5,"worker_id":"2901034b-0f91-4a9a-a10e-16c194dc6b8f-139872535244800","trial_id":3,"param_name":"rank_exp","param_value_internal":4.0,"distribution":"{\"name\": \"IntDistribution\", \"attributes\": {\"log\": false, \"step\": 1, \"low\": 0, \"high\": 5}}"}
{"op_code":5,"worker_id":"2901034b-0f91-4a9a-a10e-16c194dc6b8f-139872535244800","trial_id":3,"param_name":"fast_lr","param_value_internal":7.952249559549985,"distribution":"{\"name\": \"FloatDistribution\", \"attributes\": {\"step\": null, \"low\": 0.1, \"high\": 10.0, \"log\": true}}"}
{"op_code":5,"worker_id":"2901034b-0f91-4a9a-a10e-16c194dc6b8f-139872535244800","trial_id":3,"param_name":"tau_sec","param_value_internal":0.0,"distribution":"{\"name\": \"FloatDistribution\", \"attributes\": {\"step\": null, \"low\": 0.0, \"high\": 0.0, \"log\": false}}"}
{"op_code":5,"worker_id":"2901034b-0f91-4a9a-a10e-16c194dc6b8f-139872535244800","trial_id":3,"param_name":"ab_weight_scaling_omega","param_value_internal":0.0,"distribution":"{\"name\": \"FloatDistribution\", \"attributes\": {\"step\": null, \"low\": 0.0, \"high\": 0.0, \"log\": false}}"}
{"op_code":5,"worker_id":"2901034b-0f91-4a9a-a10e-16c194dc6b8f-139872535244800","trial_id":3,"param_name":"min_lr_rate","param_value_internal":0.0,"distribution":"{\"name\": \"FloatDistribution\", \"attributes\": {\"step\": null, \"low\": 0.0, \"high\": 0.0, \"log\": false}}"}
{"op_code":7,"worker_id":"2901034b-0f91-4a9a-a10e-16c194dc6b8f-139872535244800","trial_id":3,"step":1,"intermediate_value":7.385183672439412}
{"op_code":8,"worker_id":"2901034b-0f91-4a9a-a10e-16c194dc6b8f-139872535244800","trial_id":3,"user_attr":{"train_loss_epoch_1":5.858600234726903}}
{"op_code":7,"worker_id":"2901034b-0f91-4a9a-a10e-16c194dc6b8f-139872535244800","trial_id":3,"step":2,"intermediate_value":7.385183672439412}
{"op_code":8,"worker_id":"2901034b-0f91-4a9a-a10e-16c194dc6b8f-139872535244800","trial_id":3,"user_attr":{"train_loss_epoch_2":5.8579691034022385}}
{"op_code":7,"worker_id":"2901034b-0f91-4a9a-a10e-16c194dc6b8f-139872535244800","trial_id":3,"step":3,"intermediate_value":7.385183672439412}
{"op_code":8,"worker_id":"2901034b-0f91-4a9a-a10e-16c194dc6b8f-139872535244800","trial_id":3,"user_attr":{"train_loss_epoch_3":5.860206399054385}}
{"op_code":7,"worker_id":"2901034b-0f91-4a9a-a10e-16c194dc6b8f-139872535244800","trial_id":3,"step":4,"intermediate_value":7.385183672439412}
{"op_code":8,"worker_id":"2901034b-0f91-4a9a-a10e-16c194dc6b8f-139872535244800","trial_id":3,"user_attr":{"train_loss_epoch_4":5.8569570590487015}}
{"op_code":7,"worker_id":"2901034b-0f91-4a9a-a10e-16c194dc6b8f-139872535244800","trial_id":3,"step":5,"intermediate_value":7.385183672439412}
{"op_code":8,"worker_id":"2901034b-0f91-4a9a-a10e-16c194dc6b8f-139872535244800","trial_id":3,"user_attr":{"train_loss_epoch_5":5.859321491375848}}
{"op_code":6,"worker_id":"2901034b-0f91-4a9a-a10e-16c194dc6b8f-139872535244800","trial_id":3,"state":1,"values":[7.385183672439412],"datetime_complete":"2026-03-03T18:04:11.137844"}
{"op_code":4,"worker_id":"2901034b-0f91-4a9a-a10e-16c194dc6b8f-139872535244800","study_id":0,"datetime_start":"2026-03-03T18:04:11.139846"}
{"op_code":5,"worker_id":"2901034b-0f91-4a9a-a10e-16c194dc6b8f-139872535244800","trial_id":4,"param_name":"learning_rate","param_value_internal":0.0025195706760171317,"distribution":"{\"name\": \"FloatDistribution\", \"attributes\": {\"step\": null, \"low\": 1e-05, \"high\": 1.0, \"log\": true}}"}
{"op_code":5,"worker_id":"2901034b-0f91-4a9a-a10e-16c194dc6b8f-139872535244800","trial_id":4,"param_name":"transfer_lr","param_value_internal":0.010566978381260755,"distribution":"{\"name\": \"FloatDistribution\", \"attributes\": {\"step\": null, \"low\": 1e-05, \"high\": 1.0, \"log\": true}}"}
{"op_code":5,"worker_id":"2901034b-0f91-4a9a-a10e-16c194dc6b8f-139872535244800","trial_id":4,"param_name":"transfer_every","param_value_internal":21.0,"distribution":"{\"name\": \"IntDistribution\", \"attributes\": {\"log\": true, \"step\": 1, \"low\": 1, \"high\": 500}}"}
{"op_code":5,"worker_id":"2901034b-0f91-4a9a-a10e-16c194dc6b8f-139872535244800","trial_id":4,"param_name":"rank_exp","param_value_internal":3.0,"distribution":"{\"name\": \"IntDistribution\", \"attributes\": {\"log\": false, \"step\": 1, \"low\": 0, \"high\": 5}}"}
{"op_code":5,"worker_id":"2901034b-0f91-4a9a-a10e-16c194dc6b8f-139872535244800","trial_id":4,"param_name":"fast_lr","param_value_internal":7.834602970761393,"distribution":"{\"name\": \"FloatDistribution\", \"attributes\": {\"step\": null, \"low\": 0.1, \"high\": 10.0, \"log\": true}}"}
{"op_code":5,"worker_id":"2901034b-0f91-4a9a-a10e-16c194dc6b8f-139872535244800","trial_id":4,"param_name":"tau_sec","param_value_internal":0.0,"distribution":"{\"name\": \"FloatDistribution\", \"attributes\": {\"step\": null, \"low\": 0.0, \"high\": 0.0, \"log\": false}}"}
{"op_code":5,"worker_id":"2901034b-0f91-4a9a-a10e-16c194dc6b8f-139872535244800","trial_id":4,"param_name":"ab_weight_scaling_omega","param_value_internal":0.0,"distribution":"{\"name\": \"FloatDistribution\", \"attributes\": {\"step\": null, \"low\": 0.0, \"high\": 0.0, \"log\": false}}"}
{"op_code":5,"worker_id":"2901034b-0f91-4a9a-a10e-16c194dc6b8f-139872535244800","trial_id":4,"param_name":"min_lr_rate","param_value_internal":0.0,"distribution":"{\"name\": \"FloatDistribution\", \"attributes\": {\"step\": null, \"low\": 0.0, \"high\": 0.0, \"log\": false}}"}
{"op_code":8,"worker_id":"2901034b-0f91-4a9a-a10e-16c194dc6b8f-139872535244800","trial_id":4,"user_attr":{"error":"NVML_SUCCESS == r INTERNAL ASSERT FAILED at \"../c10/cuda/CUDACachingAllocator.cpp\":844, please report a bug to PyTorch. "}}
{"op_code":6,"worker_id":"2901034b-0f91-4a9a-a10e-16c194dc6b8f-139872535244800","trial_id":4,"state":3,"values":null,"datetime_complete":"2026-03-03T18:06:45.291701"}
{"op_code":0,"worker_id":"67ee20af-4434-4a88-a679-f03385243f38-140239079800832","study_name":"bert_squad_lrtt_bs48_adam_hybrid_nowd_nomom_nonest_set_ideal_cideal_noio_noquant_noos_qkvo_5ep","directions":[2]}
{"op_code":4,"worker_id":"67ee20af-4434-4a88-a679-f03385243f38-140239079800832","study_id":0,"datetime_start":null,"state":4,"value":null,"values":null,"distributions":{},"params":{},"user_attrs":{},"system_attrs":{"fixed_params":{"learning_rate":0.0025195706760171317,"transfer_lr":0.010566978381260755,"transfer_every":21,"rank_exp":3,"fast_lr":7.834602970761393,"tau_sec":0.0,"ab_weight_scaling_omega":0.0,"min_lr_rate":0.0}},"intermediate_values":{}}
{"op_code":6,"worker_id":"67ee20af-4434-4a88-a679-f03385243f38-140239079800832","trial_id":5,"state":0,"values":null,"datetime_start":"2026-03-03T18:06:55.634154"}
{"op_code":5,"worker_id":"67ee20af-4434-4a88-a679-f03385243f38-140239079800832","trial_id":5,"param_name":"learning_rate","param_value_internal":0.0025195706760171317,"distribution":"{\"name\": \"FloatDistribution\", \"attributes\": {\"step\": null, \"low\": 1e-05, \"high\": 1.0, \"log\": true}}"}
{"op_code":5,"worker_id":"67ee20af-4434-4a88-a679-f03385243f38-140239079800832","trial_id":5,"param_name":"transfer_lr","param_value_internal":0.010566978381260755,"distribution":"{\"name\": \"FloatDistribution\", \"attributes\": {\"step\": null, \"low\": 1e-05, \"high\": 1.0, \"log\": true}}"}
{"op_code":5,"worker_id":"67ee20af-4434-4a88-a679-f03385243f38-140239079800832","trial_id":5,"param_name":"transfer_every","param_value_internal":21.0,"distribution":"{\"name\": \"IntDistribution\", \"attributes\": {\"log\": true, \"step\": 1, \"low\": 1, \"high\": 500}}"}
{"op_code":5,"worker_id":"67ee20af-4434-4a88-a679-f03385243f38-140239079800832","trial_id":5,"param_name":"rank_exp","param_value_internal":3.0,"distribution":"{\"name\": \"IntDistribution\", \"attributes\": {\"log\": false, \"step\": 1, \"low\": 0, \"high\": 5}}"}
{"op_code":5,"worker_id":"67ee20af-4434-4a88-a679-f03385243f38-140239079800832","trial_id":5,"param_name":"fast_lr","param_value_internal":7.834602970761393,"distribution":"{\"name\": \"FloatDistribution\", \"attributes\": {\"step\": null, \"low\": 0.1, \"high\": 10.0, \"log\": true}}"}
{"op_code":5,"worker_id":"67ee20af-4434-4a88-a679-f03385243f38-140239079800832","trial_id":5,"param_name":"tau_sec","param_value_internal":0.0,"distribution":"{\"name\": \"FloatDistribution\", \"attributes\": {\"step\": null, \"low\": 0.0, \"high\": 0.0, \"log\": false}}"}
{"op_code":5,"worker_id":"67ee20af-4434-4a88-a679-f03385243f38-140239079800832","trial_id":5,"param_name":"ab_weight_scaling_omega","param_value_internal":0.0,"distribution":"{\"name\": \"FloatDistribution\", \"attributes\": {\"step\": null, \"low\": 0.0, \"high\": 0.0, \"log\": false}}"}
{"op_code":5,"worker_id":"67ee20af-4434-4a88-a679-f03385243f38-140239079800832","trial_id":5,"param_name":"min_lr_rate","param_value_internal":0.0,"distribution":"{\"name\": \"FloatDistribution\", \"attributes\": {\"step\": null, \"low\": 0.0, \"high\": 0.0, \"log\": false}}"}
{"op_code":7,"worker_id":"67ee20af-4434-4a88-a679-f03385243f38-140239079800832","trial_id":5,"step":1,"intermediate_value":74.60944441619958}
{"op_code":8,"worker_id":"67ee20af-4434-4a88-a679-f03385243f38-140239079800832","trial_id":5,"user_attr":{"train_loss_epoch_1":2.197173436762809}}
{"op_code":7,"worker_id":"67ee20af-4434-4a88-a679-f03385243f38-140239079800832","trial_id":5,"step":2,"intermediate_value":76.78531512969688}
{"op_code":8,"worker_id":"67ee20af-4434-4a88-a679-f03385243f38-140239079800832","trial_id":5,"user_attr":{"train_loss_epoch_2":1.62397463551444}}
{"op_code":7,"worker_id":"67ee20af-4434-4a88-a679-f03385243f38-140239079800832","trial_id":5,"step":3,"intermediate_value":78.00403689294785}
{"op_code":8,"worker_id":"67ee20af-4434-4a88-a679-f03385243f38-140239079800832","trial_id":5,"user_attr":{"train_loss_epoch_3":1.542564449367823}}
{"op_code":7,"worker_id":"67ee20af-4434-4a88-a679-f03385243f38-140239079800832","trial_id":5,"step":4,"intermediate_value":78.95769488564007}
{"op_code":8,"worker_id":"67ee20af-4434-4a88-a679-f03385243f38-140239079800832","trial_id":5,"user_attr":{"train_loss_epoch_4":1.4942601276917586}}
{"op_code":7,"worker_id":"67ee20af-4434-4a88-a679-f03385243f38-140239079800832","trial_id":5,"step":5,"intermediate_value":79.59999083599705}
{"op_code":8,"worker_id":"67ee20af-4434-4a88-a679-f03385243f38-140239079800832","trial_id":5,"user_attr":{"train_loss_epoch_5":1.463756834323182}}
{"op_code":6,"worker_id":"67ee20af-4434-4a88-a679-f03385243f38-140239079800832","trial_id":5,"state":1,"values":[79.59999083599705],"datetime_complete":"2026-03-03T22:21:31.889170"}
{"op_code":0,"worker_id":"1ac33b76-b103-4354-88de-71b2ea7f299f-139751488548864","study_name":"bert_squad_lrtt_bs48_adam_hybrid_nowd_nomom_nonest_set_ideal_cideal_noio_noquant_noos_qkvo_5ep","directions":[2]}
{"op_code":4,"worker_id":"1ac33b76-b103-4354-88de-71b2ea7f299f-139751488548864","study_id":0,"datetime_start":"2026-03-03T22:21:41.891944"}
{"op_code":5,"worker_id":"1ac33b76-b103-4354-88de-71b2ea7f299f-139751488548864","trial_id":6,"param_name":"learning_rate","param_value_internal":0.0007344900274937269,"distribution":"{\"name\": \"FloatDistribution\", \"attributes\": {\"step\": null, \"low\": 1e-05, \"high\": 1.0, \"log\": true}}"}
{"op_code":5,"worker_id":"1ac33b76-b103-4354-88de-71b2ea7f299f-139751488548864","trial_id":6,"param_name":"transfer_lr","param_value_internal":0.34695469322830935,"distribution":"{\"name\": \"FloatDistribution\", \"attributes\": {\"step\": null, \"low\": 1e-05, \"high\": 1.0, \"log\": true}}"}
{"op_code":5,"worker_id":"1ac33b76-b103-4354-88de-71b2ea7f299f-139751488548864","trial_id":6,"param_name":"transfer_every","param_value_internal":90.0,"distribution":"{\"name\": \"IntDistribution\", \"attributes\": {\"log\": true, \"step\": 1, \"low\": 1, \"high\": 500}}"}
{"op_code":5,"worker_id":"1ac33b76-b103-4354-88de-71b2ea7f299f-139751488548864","trial_id":6,"param_name":"rank_exp","param_value_internal":5.0,"distribution":"{\"name\": \"IntDistribution\", \"attributes\": {\"log\": false, \"step\": 1, \"low\": 0, \"high\": 5}}"}
{"op_code":5,"worker_id":"1ac33b76-b103-4354-88de-71b2ea7f299f-139751488548864","trial_id":6,"param_name":"fast_lr","param_value_internal":0.4336343526749548,"distribution":"{\"name\": \"FloatDistribution\", \"attributes\": {\"step\": null, \"low\": 0.1, \"high\": 10.0, \"log\": true}}"}
{"op_code":5,"worker_id":"1ac33b76-b103-4354-88de-71b2ea7f299f-139751488548864","trial_id":6,"param_name":"tau_sec","param_value_internal":0.0,"distribution":"{\"name\": \"FloatDistribution\", \"attributes\": {\"step\": null, \"low\": 0.0, \"high\": 0.0, \"log\": false}}"}
{"op_code":5,"worker_id":"1ac33b76-b103-4354-88de-71b2ea7f299f-139751488548864","trial_id":6,"param_name":"ab_weight_scaling_omega","param_value_internal":0.0,"distribution":"{\"name\": \"FloatDistribution\", \"attributes\": {\"step\": null, \"low\": 0.0, \"high\": 0.0, \"log\": false}}"}
{"op_code":5,"worker_id":"1ac33b76-b103-4354-88de-71b2ea7f299f-139751488548864","trial_id":6,"param_name":"min_lr_rate","param_value_internal":0.0,"distribution":"{\"name\": \"FloatDistribution\", \"attributes\": {\"step\": null, \"low\": 0.0, \"high\": 0.0, \"log\": false}}"}
{"op_code":7,"worker_id":"1ac33b76-b103-4354-88de-71b2ea7f299f-139751488548864","trial_id":6,"step":1,"intermediate_value":6.258761653607742}
{"op_code":8,"worker_id":"1ac33b76-b103-4354-88de-71b2ea7f299f-139751488548864","trial_id":6,"user_attr":{"train_loss_epoch_1":5.847748469272603}}
{"op_code":7,"worker_id":"1ac33b76-b103-4354-88de-71b2ea7f299f-139751488548864","trial_id":6,"step":2,"intermediate_value":6.258761653607742}
{"op_code":8,"worker_id":"1ac33b76-b103-4354-88de-71b2ea7f299f-139751488548864","trial_id":6,"user_attr":{"train_loss_epoch_2":5.857127267946073}}
{"op_code":7,"worker_id":"1ac33b76-b103-4354-88de-71b2ea7f299f-139751488548864","trial_id":6,"step":3,"intermediate_value":6.258761653607742}
{"op_code":8,"worker_id":"1ac33b76-b103-4354-88de-71b2ea7f299f-139751488548864","trial_id":6,"user_attr":{"train_loss_epoch_3":5.859230285220676}}
{"op_code":6,"worker_id":"1ac33b76-b103-4354-88de-71b2ea7f299f-139751488548864","trial_id":6,"state":1,"values":[6.258761653607742],"datetime_complete":"2026-03-04T01:09:17.358308"}
{"op_code":4,"worker_id":"1ac33b76-b103-4354-88de-71b2ea7f299f-139751488548864","study_id":0,"datetime_start":"2026-03-04T01:09:17.360214"}
{"op_code":5,"worker_id":"1ac33b76-b103-4354-88de-71b2ea7f299f-139751488548864","trial_id":7,"param_name":"learning_rate","param_value_internal":0.0002746385541811384,"distribution":"{\"name\": \"FloatDistribution\", \"attributes\": {\"step\": null, \"low\": 1e-05, \"high\": 1.0, \"log\": true}}"}
{"op_code":5,"worker_id":"1ac33b76-b103-4354-88de-71b2ea7f299f-139751488548864","trial_id":7,"param_name":"transfer_lr","param_value_internal":0.00012250682533579497,"distribution":"{\"name\": \"FloatDistribution\", \"attributes\": {\"step\": null, \"low\": 1e-05, \"high\": 1.0, \"log\": true}}"}
{"op_code":5,"worker_id":"1ac33b76-b103-4354-88de-71b2ea7f299f-139751488548864","trial_id":7,"param_name":"transfer_every","param_value_internal":100.0,"distribution":"{\"name\": \"IntDistribution\", \"attributes\": {\"log\": true, \"step\": 1, \"low\": 1, \"high\": 500}}"}
{"op_code":5,"worker_id":"1ac33b76-b103-4354-88de-71b2ea7f299f-139751488548864","trial_id":7,"param_name":"rank_exp","param_value_internal":0.0,"distribution":"{\"name\": \"IntDistribution\", \"attributes\": {\"log\": false, \"step\": 1, \"low\": 0, \"high\": 5}}"}
{"op_code":5,"worker_id":"1ac33b76-b103-4354-88de-71b2ea7f299f-139751488548864","trial_id":7,"param_name":"fast_lr","param_value_internal":6.844407374762048,"distribution":"{\"name\": \"FloatDistribution\", \"attributes\": {\"step\": null, \"low\": 0.1, \"high\": 10.0, \"log\": true}}"}
{"op_code":5,"worker_id":"1ac33b76-b103-4354-88de-71b2ea7f299f-139751488548864","trial_id":7,"param_name":"tau_sec","param_value_internal":0.0,"distribution":"{\"name\": \"FloatDistribution\", \"attributes\": {\"step\": null, \"low\": 0.0, \"high\": 0.0, \"log\": false}}"}
{"op_code":5,"worker_id":"1ac33b76-b103-4354-88de-71b2ea7f299f-139751488548864","trial_id":7,"param_name":"ab_weight_scaling_omega","param_value_internal":0.0,"distribution":"{\"name\": \"FloatDistribution\", \"attributes\": {\"step\": null, \"low\": 0.0, \"high\": 0.0, \"log\": false}}"}
{"op_code":5,"worker_id":"1ac33b76-b103-4354-88de-71b2ea7f299f-139751488548864","trial_id":7,"param_name":"min_lr_rate","param_value_internal":0.0,"distribution":"{\"name\": \"FloatDistribution\", \"attributes\": {\"step\": null, \"low\": 0.0, \"high\": 0.0, \"log\": false}}"}
{"op_code":8,"worker_id":"1ac33b76-b103-4354-88de-71b2ea7f299f-139751488548864","trial_id":7,"user_attr":{"error":"NVML_SUCCESS == r INTERNAL ASSERT FAILED at \"../c10/cuda/CUDACachingAllocator.cpp\":844, please report a bug to PyTorch. "}}
{"op_code":6,"worker_id":"1ac33b76-b103-4354-88de-71b2ea7f299f-139751488548864","trial_id":7,"state":3,"values":null,"datetime_complete":"2026-03-04T01:12:01.840304"}
{"op_code":0,"worker_id":"ba30d496-cdfa-4973-86ea-2ed40ec8ed77-139840303554560","study_name":"bert_squad_lrtt_bs48_adam_hybrid_nowd_nomom_nonest_set_ideal_cideal_noio_noquant_noos_qkvo_5ep","directions":[2]}
{"op_code":4,"worker_id":"ba30d496-cdfa-4973-86ea-2ed40ec8ed77-139840303554560","study_id":0,"datetime_start":null,"state":4,"value":null,"values":null,"distributions":{},"params":{},"user_attrs":{},"system_attrs":{"fixed_params":{"learning_rate":0.0002746385541811384,"transfer_lr":0.00012250682533579497,"transfer_every":100,"rank_exp":0,"fast_lr":6.844407374762048,"tau_sec":0.0,"ab_weight_scaling_omega":0.0,"min_lr_rate":0.0}},"intermediate_values":{}}
{"op_code":6,"worker_id":"ba30d496-cdfa-4973-86ea-2ed40ec8ed77-139840303554560","trial_id":8,"state":0,"values":null,"datetime_start":"2026-03-04T01:12:11.754018"}
{"op_code":5,"worker_id":"ba30d496-cdfa-4973-86ea-2ed40ec8ed77-139840303554560","trial_id":8,"param_name":"learning_rate","param_value_internal":0.0002746385541811384,"distribution":"{\"name\": \"FloatDistribution\", \"attributes\": {\"step\": null, \"low\": 1e-05, \"high\": 1.0, \"log\": true}}"}
{"op_code":5,"worker_id":"ba30d496-cdfa-4973-86ea-2ed40ec8ed77-139840303554560","trial_id":8,"param_name":"transfer_lr","param_value_internal":0.00012250682533579497,"distribution":"{\"name\": \"FloatDistribution\", \"attributes\": {\"step\": null, \"low\": 1e-05, \"high\": 1.0, \"log\": true}}"}
{"op_code":5,"worker_id":"ba30d496-cdfa-4973-86ea-2ed40ec8ed77-139840303554560","trial_id":8,"param_name":"transfer_every","param_value_internal":100.0,"distribution":"{\"name\": \"IntDistribution\", \"attributes\": {\"log\": true, \"step\": 1, \"low\": 1, \"high\": 500}}"}
{"op_code":5,"worker_id":"ba30d496-cdfa-4973-86ea-2ed40ec8ed77-139840303554560","trial_id":8,"param_name":"rank_exp","param_value_internal":0.0,"distribution":"{\"name\": \"IntDistribution\", \"attributes\": {\"log\": false, \"step\": 1, \"low\": 0, \"high\": 5}}"}
{"op_code":5,"worker_id":"ba30d496-cdfa-4973-86ea-2ed40ec8ed77-139840303554560","trial_id":8,"param_name":"fast_lr","param_value_internal":6.844407374762048,"distribution":"{\"name\": \"FloatDistribution\", \"attributes\": {\"step\": null, \"low\": 0.1, \"high\": 10.0, \"log\": true}}"}
{"op_code":5,"worker_id":"ba30d496-cdfa-4973-86ea-2ed40ec8ed77-139840303554560","trial_id":8,"param_name":"tau_sec","param_value_internal":0.0,"distribution":"{\"name\": \"FloatDistribution\", \"attributes\": {\"step\": null, \"low\": 0.0, \"high\": 0.0, \"log\": false}}"}
{"op_code":5,"worker_id":"ba30d496-cdfa-4973-86ea-2ed40ec8ed77-139840303554560","trial_id":8,"param_name":"ab_weight_scaling_omega","param_value_internal":0.0,"distribution":"{\"name\": \"FloatDistribution\", \"attributes\": {\"step\": null, \"low\": 0.0, \"high\": 0.0, \"log\": false}}"}
{"op_code":5,"worker_id":"ba30d496-cdfa-4973-86ea-2ed40ec8ed77-139840303554560","trial_id":8,"param_name":"min_lr_rate","param_value_internal":0.0,"distribution":"{\"name\": \"FloatDistribution\", \"attributes\": {\"step\": null, \"low\": 0.0, \"high\": 0.0, \"log\": false}}"}
{"op_code":7,"worker_id":"ba30d496-cdfa-4973-86ea-2ed40ec8ed77-139840303554560","trial_id":8,"step":1,"intermediate_value":56.44607660387389}
{"op_code":8,"worker_id":"ba30d496-cdfa-4973-86ea-2ed40ec8ed77-139840303554560","trial_id":8,"user_attr":{"train_loss_epoch_1":3.143122706965206}}
{"op_code":7,"worker_id":"ba30d496-cdfa-4973-86ea-2ed40ec8ed77-139840303554560","trial_id":8,"step":2,"intermediate_value":66.95725185315608}
{"op_code":8,"worker_id":"ba30d496-cdfa-4973-86ea-2ed40ec8ed77-139840303554560","trial_id":8,"user_attr":{"train_loss_epoch_2":2.1401384683701044}}
{"op_code":7,"worker_id":"ba30d496-cdfa-4973-86ea-2ed40ec8ed77-139840303554560","trial_id":8,"step":3,"intermediate_value":69.91952690850972}
{"op_code":8,"worker_id":"ba30d496-cdfa-4973-86ea-2ed40ec8ed77-139840303554560","trial_id":8,"user_attr":{"train_loss_epoch_3":1.9250372225884727}}
{"op_code":7,"worker_id":"ba30d496-cdfa-4973-86ea-2ed40ec8ed77-139840303554560","trial_id":8,"step":4,"intermediate_value":71.17587898343072}
{"op_code":8,"worker_id":"ba30d496-cdfa-4973-86ea-2ed40ec8ed77-139840303554560","trial_id":8,"user_attr":{"train_loss_epoch_4":1.8473402553536633}}
{"op_code":7,"worker_id":"ba30d496-cdfa-4973-86ea-2ed40ec8ed77-139840303554560","trial_id":8,"step":5,"intermediate_value":71.61612981488915}
{"op_code":8,"worker_id":"ba30d496-cdfa-4973-86ea-2ed40ec8ed77-139840303554560","trial_id":8,"user_attr":{"train_loss_epoch_5":1.8194064656774924}}
{"op_code":6,"worker_id":"ba30d496-cdfa-4973-86ea-2ed40ec8ed77-139840303554560","trial_id":8,"state":1,"values":[71.61612981488915],"datetime_complete":"2026-03-04T05:21:52.961605"}
{"op_code":0,"worker_id":"a0f62af0-f833-439d-90e0-4c8db84c3c6f-139719019655168","study_name":"bert_squad_lrtt_bs48_adam_hybrid_nowd_nomom_nonest_set_ideal_cideal_noio_noquant_noos_qkvo_5ep","directions":[2]}
{"op_code":4,"worker_id":"a0f62af0-f833-439d-90e0-4c8db84c3c6f-139719019655168","study_id":0,"datetime_start":"2026-03-04T05:22:04.443997"}
{"op_code":5,"worker_id":"a0f62af0-f833-439d-90e0-4c8db84c3c6f-139719019655168","trial_id":9,"param_name":"learning_rate","param_value_internal":0.0021409722875851333,"distribution":"{\"name\": \"FloatDistribution\", \"attributes\": {\"step\": null, \"low\": 1e-05, \"high\": 1.0, \"log\": true}}"}
{"op_code":5,"worker_id":"a0f62af0-f833-439d-90e0-4c8db84c3c6f-139719019655168","trial_id":9,"param_name":"transfer_lr","param_value_internal":0.008750432902286867,"distribution":"{\"name\": \"FloatDistribution\", \"attributes\": {\"step\": null, \"low\": 1e-05, \"high\": 1.0, \"log\": true}}"}
{"op_code":5,"worker_id":"a0f62af0-f833-439d-90e0-4c8db84c3c6f-139719019655168","trial_id":9,"param_name":"transfer_every","param_value_internal":16.0,"distribution":"{\"name\": \"IntDistribution\", \"attributes\": {\"log\": true, \"step\": 1, \"low\": 1, \"high\": 500}}"}
{"op_code":5,"worker_id":"a0f62af0-f833-439d-90e0-4c8db84c3c6f-139719019655168","trial_id":9,"param_name":"rank_exp","param_value_internal":2.0,"distribution":"{\"name\": \"IntDistribution\", \"attributes\": {\"log\": false, \"step\": 1, \"low\": 0, \"high\": 5}}"}
{"op_code":5,"worker_id":"a0f62af0-f833-439d-90e0-4c8db84c3c6f-139719019655168","trial_id":9,"param_name":"fast_lr","param_value_internal":1.0733019115053086,"distribution":"{\"name\": \"FloatDistribution\", \"attributes\": {\"step\": null, \"low\": 0.1, \"high\": 10.0, \"log\": true}}"}
{"op_code":5,"worker_id":"a0f62af0-f833-439d-90e0-4c8db84c3c6f-139719019655168","trial_id":9,"param_name":"tau_sec","param_value_internal":0.0,"distribution":"{\"name\": \"FloatDistribution\", \"attributes\": {\"step\": null, \"low\": 0.0, \"high\": 0.0, \"log\": false}}"}
{"op_code":5,"worker_id":"a0f62af0-f833-439d-90e0-4c8db84c3c6f-139719019655168","trial_id":9,"param_name":"ab_weight_scaling_omega","param_value_internal":0.0,"distribution":"{\"name\": \"FloatDistribution\", \"attributes\": {\"step\": null, \"low\": 0.0, \"high\": 0.0, \"log\": false}}"}
{"op_code":5,"worker_id":"a0f62af0-f833-439d-90e0-4c8db84c3c6f-139719019655168","trial_id":9,"param_name":"min_lr_rate","param_value_internal":0.0,"distribution":"{\"name\": \"FloatDistribution\", \"attributes\": {\"step\": null, \"low\": 0.0, \"high\": 0.0, \"log\": false}}"}
{"op_code":6,"worker_id":"a0f62af0-f833-439d-90e0-4c8db84c3c6f-139719019655168","trial_id":9,"state":3,"values":null,"datetime_complete":"2026-03-04T06:17:28.028445"}
