{"op_code": 0, "worker_id": "a5f61362-f5aa-4b3b-b1c0-4a5f7a14f5e2-140612997558272", "study_name": "bert_squad_lrtt_bs48_adam_hybrid_nowd_nomom_nonest_set_linearstep_fwinj_perfect_noos_fica_abpt-none_with_device_qkvo_5ep", "directions": [2]}
{"op_code": 4, "worker_id": "a5f61362-f5aa-4b3b-b1c0-4a5f7a14f5e2-140612997558272", "study_id": 0, "datetime_start": "2026-03-16T19:29:08.128218"}
{"op_code": 5, "worker_id": "a5f61362-f5aa-4b3b-b1c0-4a5f7a14f5e2-140612997558272", "trial_id": 0, "param_name": "learning_rate", "param_value_internal": 0.007173078094281169, "distribution": "{\"name\": \"FloatDistribution\", \"attributes\": {\"step\": null, \"low\": 0.0001, \"high\": 0.02, \"log\": true}}"}
{"op_code": 5, "worker_id": "a5f61362-f5aa-4b3b-b1c0-4a5f7a14f5e2-140612997558272", "trial_id": 0, "param_name": "transfer_lr", "param_value_internal": 0.014828401505130075, "distribution": "{\"name\": \"FloatDistribution\", \"attributes\": {\"step\": null, \"low\": 0.0005, \"high\": 100000.0, \"log\": true}}"}
{"op_code": 5, "worker_id": "a5f61362-f5aa-4b3b-b1c0-4a5f7a14f5e2-140612997558272", "trial_id": 0, "param_name": "transfer_every", "param_value_internal": 77.0, "distribution": "{\"name\": \"IntDistribution\", \"attributes\": {\"log\": true, \"step\": 1, \"low\": 1, \"high\": 600}}"}
{"op_code": 5, "worker_id": "a5f61362-f5aa-4b3b-b1c0-4a5f7a14f5e2-140612997558272", "trial_id": 0, "param_name": "rank_exp", "param_value_internal": 3.0, "distribution": "{\"name\": \"IntDistribution\", \"attributes\": {\"log\": false, \"step\": 1, \"low\": 0, \"high\": 6}}"}
{"op_code": 5, "worker_id": "a5f61362-f5aa-4b3b-b1c0-4a5f7a14f5e2-140612997558272", "trial_id": 0, "param_name": "fast_lr", "param_value_internal": 0.09019102945584426, "distribution": "{\"name\": \"FloatDistribution\", \"attributes\": {\"step\": null, \"low\": 0.01, \"high\": 1.0, \"log\": true}}"}
{"op_code": 5, "worker_id": "a5f61362-f5aa-4b3b-b1c0-4a5f7a14f5e2-140612997558272", "trial_id": 0, "param_name": "tau_sec", "param_value_internal": 0.0, "distribution": "{\"name\": \"FloatDistribution\", \"attributes\": {\"step\": null, \"low\": 0.0, \"high\": 0.0, \"log\": false}}"}
{"op_code": 5, "worker_id": "a5f61362-f5aa-4b3b-b1c0-4a5f7a14f5e2-140612997558272", "trial_id": 0, "param_name": "ab_dw_min", "param_value_internal": 0.001981, "distribution": "{\"name\": \"FloatDistribution\", \"attributes\": {\"step\": null, \"low\": 0.001981, \"high\": 0.001981, \"log\": true}}"}
{"op_code": 5, "worker_id": "a5f61362-f5aa-4b3b-b1c0-4a5f7a14f5e2-140612997558272", "trial_id": 0, "param_name": "ab_desired_bl", "param_value_internal": 31.0, "distribution": "{\"name\": \"IntDistribution\", \"attributes\": {\"log\": false, \"step\": 1, \"low\": 31, \"high\": 31}}"}
{"op_code": 5, "worker_id": "a5f61362-f5aa-4b3b-b1c0-4a5f7a14f5e2-140612997558272", "trial_id": 0, "param_name": "out_noise", "param_value_internal": 0.0, "distribution": "{\"name\": \"FloatDistribution\", \"attributes\": {\"step\": null, \"low\": 0.0, \"high\": 0.0, \"log\": false}}"}
{"op_code": 5, "worker_id": "a5f61362-f5aa-4b3b-b1c0-4a5f7a14f5e2-140612997558272", "trial_id": 0, "param_name": "ab_weight_scaling_omega", "param_value_internal": 0.0, "distribution": "{\"name\": \"FloatDistribution\", \"attributes\": {\"step\": null, \"low\": 0.0, \"high\": 0.0, \"log\": false}}"}
{"op_code": 5, "worker_id": "a5f61362-f5aa-4b3b-b1c0-4a5f7a14f5e2-140612997558272", "trial_id": 0, "param_name": "min_lr_rate", "param_value_internal": 0.0, "distribution": "{\"name\": \"FloatDistribution\", \"attributes\": {\"step\": null, \"low\": 0.0, \"high\": 0.0, \"log\": false}}"}
{"op_code": 8, "worker_id": "a5f61362-f5aa-4b3b-b1c0-4a5f7a14f5e2-140612997558272", "trial_id": 0, "user_attr": {"train_loss_epoch_1": 2.1014562529277026}}
{"op_code": 8, "worker_id": "a5f61362-f5aa-4b3b-b1c0-4a5f7a14f5e2-140612997558272", "trial_id": 0, "user_attr": {"train_loss_epoch_2": 1.6739010574371833}}
{"op_code": 8, "worker_id": "a5f61362-f5aa-4b3b-b1c0-4a5f7a14f5e2-140612997558272", "trial_id": 0, "user_attr": {"train_loss_epoch_3": 1.5714553093845605}}
{"op_code": 8, "worker_id": "a5f61362-f5aa-4b3b-b1c0-4a5f7a14f5e2-140612997558272", "trial_id": 0, "user_attr": {"train_loss_epoch_4": 1.4950125968876247}}
{"op_code": 8, "worker_id": "a5f61362-f5aa-4b3b-b1c0-4a5f7a14f5e2-140612997558272", "trial_id": 0, "user_attr": {"train_loss_epoch_5": 1.4324245061331649}}
{"op_code": 7, "worker_id": "a5f61362-f5aa-4b3b-b1c0-4a5f7a14f5e2-140612997558272", "trial_id": 0, "step": 1, "intermediate_value": 74.31465241230842}
{"op_code": 7, "worker_id": "a5f61362-f5aa-4b3b-b1c0-4a5f7a14f5e2-140612997558272", "trial_id": 0, "step": 2, "intermediate_value": 75.0938918251983}
{"op_code": 7, "worker_id": "a5f61362-f5aa-4b3b-b1c0-4a5f7a14f5e2-140612997558272", "trial_id": 0, "step": 3, "intermediate_value": 77.75592937685016}
{"op_code": 7, "worker_id": "a5f61362-f5aa-4b3b-b1c0-4a5f7a14f5e2-140612997558272", "trial_id": 0, "step": 4, "intermediate_value": 79.33310336971749}
{"op_code": 7, "worker_id": "a5f61362-f5aa-4b3b-b1c0-4a5f7a14f5e2-140612997558272", "trial_id": 0, "step": 5, "intermediate_value": 80.1228812692659}
{"op_code": 6, "worker_id": "a5f61362-f5aa-4b3b-b1c0-4a5f7a14f5e2-140612997558272", "trial_id": 0, "state": 1, "values": [80.1228812692659], "datetime_complete": "2026-03-16T23:39:32.377439"}
{"op_code": 4, "worker_id": "a5f61362-f5aa-4b3b-b1c0-4a5f7a14f5e2-140612997558272", "study_id": 0, "datetime_start": "2026-03-17T04:22:36.682556"}
{"op_code": 5, "worker_id": "a5f61362-f5aa-4b3b-b1c0-4a5f7a14f5e2-140612997558272", "trial_id": 1, "param_name": "learning_rate", "param_value_internal": 0.009901404659094282, "distribution": "{\"name\": \"FloatDistribution\", \"attributes\": {\"step\": null, \"low\": 0.0001, \"high\": 0.02, \"log\": true}}"}
{"op_code": 5, "worker_id": "a5f61362-f5aa-4b3b-b1c0-4a5f7a14f5e2-140612997558272", "trial_id": 1, "param_name": "transfer_lr", "param_value_internal": 5587.220342531341, "distribution": "{\"name\": \"FloatDistribution\", \"attributes\": {\"step\": null, \"low\": 0.0005, \"high\": 100000.0, \"log\": true}}"}
{"op_code": 5, "worker_id": "a5f61362-f5aa-4b3b-b1c0-4a5f7a14f5e2-140612997558272", "trial_id": 1, "param_name": "transfer_every", "param_value_internal": 4.0, "distribution": "{\"name\": \"IntDistribution\", \"attributes\": {\"log\": true, \"step\": 1, \"low\": 1, \"high\": 600}}"}
{"op_code": 5, "worker_id": "a5f61362-f5aa-4b3b-b1c0-4a5f7a14f5e2-140612997558272", "trial_id": 1, "param_name": "rank_exp", "param_value_internal": 5.0, "distribution": "{\"name\": \"IntDistribution\", \"attributes\": {\"log\": false, \"step\": 1, \"low\": 0, \"high\": 6}}"}
{"op_code": 5, "worker_id": "a5f61362-f5aa-4b3b-b1c0-4a5f7a14f5e2-140612997558272", "trial_id": 1, "param_name": "fast_lr", "param_value_internal": 0.048234989178418085, "distribution": "{\"name\": \"FloatDistribution\", \"attributes\": {\"step\": null, \"low\": 0.01, \"high\": 1.0, \"log\": true}}"}
{"op_code": 5, "worker_id": "a5f61362-f5aa-4b3b-b1c0-4a5f7a14f5e2-140612997558272", "trial_id": 1, "param_name": "tau_sec", "param_value_internal": 0.0, "distribution": "{\"name\": \"FloatDistribution\", \"attributes\": {\"step\": null, \"low\": 0.0, \"high\": 0.0, \"log\": false}}"}
{"op_code": 5, "worker_id": "a5f61362-f5aa-4b3b-b1c0-4a5f7a14f5e2-140612997558272", "trial_id": 1, "param_name": "ab_dw_min", "param_value_internal": 0.001981, "distribution": "{\"name\": \"FloatDistribution\", \"attributes\": {\"step\": null, \"low\": 0.001981, \"high\": 0.001981, \"log\": true}}"}
{"op_code": 5, "worker_id": "a5f61362-f5aa-4b3b-b1c0-4a5f7a14f5e2-140612997558272", "trial_id": 1, "param_name": "ab_desired_bl", "param_value_internal": 31.0, "distribution": "{\"name\": \"IntDistribution\", \"attributes\": {\"log\": false, \"step\": 1, \"low\": 31, \"high\": 31}}"}
{"op_code": 5, "worker_id": "a5f61362-f5aa-4b3b-b1c0-4a5f7a14f5e2-140612997558272", "trial_id": 1, "param_name": "out_noise", "param_value_internal": 0.0, "distribution": "{\"name\": \"FloatDistribution\", \"attributes\": {\"step\": null, \"low\": 0.0, \"high\": 0.0, \"log\": false}}"}
{"op_code": 5, "worker_id": "a5f61362-f5aa-4b3b-b1c0-4a5f7a14f5e2-140612997558272", "trial_id": 1, "param_name": "ab_weight_scaling_omega", "param_value_internal": 0.0, "distribution": "{\"name\": \"FloatDistribution\", \"attributes\": {\"step\": null, \"low\": 0.0, \"high\": 0.0, \"log\": false}}"}
{"op_code": 5, "worker_id": "a5f61362-f5aa-4b3b-b1c0-4a5f7a14f5e2-140612997558272", "trial_id": 1, "param_name": "min_lr_rate", "param_value_internal": 0.0, "distribution": "{\"name\": \"FloatDistribution\", \"attributes\": {\"step\": null, \"low\": 0.0, \"high\": 0.0, \"log\": false}}"}
{"op_code": 8, "worker_id": "a5f61362-f5aa-4b3b-b1c0-4a5f7a14f5e2-140612997558272", "trial_id": 1, "user_attr": {"train_loss_epoch_1": 1.8255308055296178}}
{"op_code": 8, "worker_id": "a5f61362-f5aa-4b3b-b1c0-4a5f7a14f5e2-140612997558272", "trial_id": 1, "user_attr": {"train_loss_epoch_2": 1.3820928895053501}}
{"op_code": 8, "worker_id": "a5f61362-f5aa-4b3b-b1c0-4a5f7a14f5e2-140612997558272", "trial_id": 1, "user_attr": {"train_loss_epoch_3": 1.2218353774812487}}
{"op_code": 8, "worker_id": "a5f61362-f5aa-4b3b-b1c0-4a5f7a14f5e2-140612997558272", "trial_id": 1, "user_attr": {"train_loss_epoch_4": 1.060377400192788}}
{"op_code": 8, "worker_id": "a5f61362-f5aa-4b3b-b1c0-4a5f7a14f5e2-140612997558272", "trial_id": 1, "user_attr": {"train_loss_epoch_5": 0.9224614098466186}}
{"op_code": 7, "worker_id": "a5f61362-f5aa-4b3b-b1c0-4a5f7a14f5e2-140612997558272", "trial_id": 1, "step": 1, "intermediate_value": 78.09462366143191}
{"op_code": 7, "worker_id": "a5f61362-f5aa-4b3b-b1c0-4a5f7a14f5e2-140612997558272", "trial_id": 1, "step": 2, "intermediate_value": 80.94628439045735}
{"op_code": 7, "worker_id": "a5f61362-f5aa-4b3b-b1c0-4a5f7a14f5e2-140612997558272", "trial_id": 1, "step": 3, "intermediate_value": 82.29741585938088}
{"op_code": 7, "worker_id": "a5f61362-f5aa-4b3b-b1c0-4a5f7a14f5e2-140612997558272", "trial_id": 1, "step": 4, "intermediate_value": 85.45048933403761}
{"op_code": 7, "worker_id": "a5f61362-f5aa-4b3b-b1c0-4a5f7a14f5e2-140612997558272", "trial_id": 1, "step": 5, "intermediate_value": 86.29797018992751}
{"op_code": 6, "worker_id": "a5f61362-f5aa-4b3b-b1c0-4a5f7a14f5e2-140612997558272", "trial_id": 1, "state": 1, "values": [86.29797018992751], "datetime_complete": "2026-03-17T08:39:36.870609"}
{"op_code": 4, "worker_id": "a5f61362-f5aa-4b3b-b1c0-4a5f7a14f5e2-140612997558272", "study_id": 0, "datetime_start": "2026-03-17T14:12:57.404749"}
{"op_code": 5, "worker_id": "a5f61362-f5aa-4b3b-b1c0-4a5f7a14f5e2-140612997558272", "trial_id": 2, "param_name": "learning_rate", "param_value_internal": 0.019702738187148593, "distribution": "{\"name\": \"FloatDistribution\", \"attributes\": {\"step\": null, \"low\": 0.0001, \"high\": 0.02, \"log\": true}}"}
{"op_code": 5, "worker_id": "a5f61362-f5aa-4b3b-b1c0-4a5f7a14f5e2-140612997558272", "trial_id": 2, "param_name": "transfer_lr", "param_value_internal": 68556.13210986009, "distribution": "{\"name\": \"FloatDistribution\", \"attributes\": {\"step\": null, \"low\": 0.0005, \"high\": 100000.0, \"log\": true}}"}
{"op_code": 5, "worker_id": "a5f61362-f5aa-4b3b-b1c0-4a5f7a14f5e2-140612997558272", "trial_id": 2, "param_name": "transfer_every", "param_value_internal": 7.0, "distribution": "{\"name\": \"IntDistribution\", \"attributes\": {\"log\": true, \"step\": 1, \"low\": 1, \"high\": 600}}"}
{"op_code": 5, "worker_id": "a5f61362-f5aa-4b3b-b1c0-4a5f7a14f5e2-140612997558272", "trial_id": 2, "param_name": "rank_exp", "param_value_internal": 1.0, "distribution": "{\"name\": \"IntDistribution\", \"attributes\": {\"log\": false, \"step\": 1, \"low\": 0, \"high\": 6}}"}
{"op_code": 5, "worker_id": "a5f61362-f5aa-4b3b-b1c0-4a5f7a14f5e2-140612997558272", "trial_id": 2, "param_name": "fast_lr", "param_value_internal": 0.25214028938962463, "distribution": "{\"name\": \"FloatDistribution\", \"attributes\": {\"step\": null, \"low\": 0.01, \"high\": 1.0, \"log\": true}}"}
{"op_code": 5, "worker_id": "a5f61362-f5aa-4b3b-b1c0-4a5f7a14f5e2-140612997558272", "trial_id": 2, "param_name": "tau_sec", "param_value_internal": 0.0, "distribution": "{\"name\": \"FloatDistribution\", \"attributes\": {\"step\": null, \"low\": 0.0, \"high\": 0.0, \"log\": false}}"}
{"op_code": 5, "worker_id": "a5f61362-f5aa-4b3b-b1c0-4a5f7a14f5e2-140612997558272", "trial_id": 2, "param_name": "ab_dw_min", "param_value_internal": 0.001981, "distribution": "{\"name\": \"FloatDistribution\", \"attributes\": {\"step\": null, \"low\": 0.001981, \"high\": 0.001981, \"log\": true}}"}
{"op_code": 5, "worker_id": "a5f61362-f5aa-4b3b-b1c0-4a5f7a14f5e2-140612997558272", "trial_id": 2, "param_name": "ab_desired_bl", "param_value_internal": 31.0, "distribution": "{\"name\": \"IntDistribution\", \"attributes\": {\"log\": false, \"step\": 1, \"low\": 31, \"high\": 31}}"}
{"op_code": 5, "worker_id": "a5f61362-f5aa-4b3b-b1c0-4a5f7a14f5e2-140612997558272", "trial_id": 2, "param_name": "out_noise", "param_value_internal": 0.0, "distribution": "{\"name\": \"FloatDistribution\", \"attributes\": {\"step\": null, \"low\": 0.0, \"high\": 0.0, \"log\": false}}"}
{"op_code": 5, "worker_id": "a5f61362-f5aa-4b3b-b1c0-4a5f7a14f5e2-140612997558272", "trial_id": 2, "param_name": "ab_weight_scaling_omega", "param_value_internal": 0.0, "distribution": "{\"name\": \"FloatDistribution\", \"attributes\": {\"step\": null, \"low\": 0.0, \"high\": 0.0, \"log\": false}}"}
{"op_code": 5, "worker_id": "a5f61362-f5aa-4b3b-b1c0-4a5f7a14f5e2-140612997558272", "trial_id": 2, "param_name": "min_lr_rate", "param_value_internal": 0.0, "distribution": "{\"name\": \"FloatDistribution\", \"attributes\": {\"step\": null, \"low\": 0.0, \"high\": 0.0, \"log\": false}}"}
{"op_code": 8, "worker_id": "a5f61362-f5aa-4b3b-b1c0-4a5f7a14f5e2-140612997558272", "trial_id": 2, "user_attr": {"train_loss_epoch_1": 5.836883703609146}}
{"op_code": 8, "worker_id": "a5f61362-f5aa-4b3b-b1c0-4a5f7a14f5e2-140612997558272", "trial_id": 2, "user_attr": {"train_loss_epoch_2": 5.856102002410061}}
{"op_code": 8, "worker_id": "a5f61362-f5aa-4b3b-b1c0-4a5f7a14f5e2-140612997558272", "trial_id": 2, "user_attr": {"train_loss_epoch_3": 5.858457400676035}}
{"op_code": 7, "worker_id": "a5f61362-f5aa-4b3b-b1c0-4a5f7a14f5e2-140612997558272", "trial_id": 2, "step": 1, "intermediate_value": 1.2968973793340857}
{"op_code": 7, "worker_id": "a5f61362-f5aa-4b3b-b1c0-4a5f7a14f5e2-140612997558272", "trial_id": 2, "step": 2, "intermediate_value": 2.300263637268742}
{"op_code": 7, "worker_id": "a5f61362-f5aa-4b3b-b1c0-4a5f7a14f5e2-140612997558272", "trial_id": 2, "step": 3, "intermediate_value": 2.300263637268742}
{"op_code": 6, "worker_id": "a5f61362-f5aa-4b3b-b1c0-4a5f7a14f5e2-140612997558272", "trial_id": 2, "state": 1, "values": [2.300263637268742], "datetime_complete": "2026-03-17T16:44:55.833019"}
{"op_code": 4, "worker_id": "a5f61362-f5aa-4b3b-b1c0-4a5f7a14f5e2-140612997558272", "study_id": 0, "datetime_start": "2026-03-17T21:35:47.896776"}
{"op_code": 5, "worker_id": "a5f61362-f5aa-4b3b-b1c0-4a5f7a14f5e2-140612997558272", "trial_id": 3, "param_name": "learning_rate", "param_value_internal": 0.012821000274909688, "distribution": "{\"name\": \"FloatDistribution\", \"attributes\": {\"step\": null, \"low\": 0.0001, \"high\": 0.02, \"log\": true}}"}
{"op_code": 5, "worker_id": "a5f61362-f5aa-4b3b-b1c0-4a5f7a14f5e2-140612997558272", "trial_id": 3, "param_name": "transfer_lr", "param_value_internal": 54905.671044900344, "distribution": "{\"name\": \"FloatDistribution\", \"attributes\": {\"step\": null, \"low\": 0.0005, \"high\": 100000.0, \"log\": true}}"}
{"op_code": 5, "worker_id": "a5f61362-f5aa-4b3b-b1c0-4a5f7a14f5e2-140612997558272", "trial_id": 3, "param_name": "transfer_every", "param_value_internal": 1.0, "distribution": "{\"name\": \"IntDistribution\", \"attributes\": {\"log\": true, \"step\": 1, \"low\": 1, \"high\": 600}}"}
{"op_code": 5, "worker_id": "a5f61362-f5aa-4b3b-b1c0-4a5f7a14f5e2-140612997558272", "trial_id": 3, "param_name": "rank_exp", "param_value_internal": 4.0, "distribution": "{\"name\": \"IntDistribution\", \"attributes\": {\"log\": false, \"step\": 1, \"low\": 0, \"high\": 6}}"}
{"op_code": 5, "worker_id": "a5f61362-f5aa-4b3b-b1c0-4a5f7a14f5e2-140612997558272", "trial_id": 3, "param_name": "fast_lr", "param_value_internal": 0.33939467440638516, "distribution": "{\"name\": \"FloatDistribution\", \"attributes\": {\"step\": null, \"low\": 0.01, \"high\": 1.0, \"log\": true}}"}
{"op_code": 5, "worker_id": "a5f61362-f5aa-4b3b-b1c0-4a5f7a14f5e2-140612997558272", "trial_id": 3, "param_name": "tau_sec", "param_value_internal": 0.0, "distribution": "{\"name\": \"FloatDistribution\", \"attributes\": {\"step\": null, \"low\": 0.0, \"high\": 0.0, \"log\": false}}"}
{"op_code": 5, "worker_id": "a5f61362-f5aa-4b3b-b1c0-4a5f7a14f5e2-140612997558272", "trial_id": 3, "param_name": "ab_dw_min", "param_value_internal": 0.001981, "distribution": "{\"name\": \"FloatDistribution\", \"attributes\": {\"step\": null, \"low\": 0.001981, \"high\": 0.001981, \"log\": true}}"}
{"op_code": 5, "worker_id": "a5f61362-f5aa-4b3b-b1c0-4a5f7a14f5e2-140612997558272", "trial_id": 3, "param_name": "ab_desired_bl", "param_value_internal": 31.0, "distribution": "{\"name\": \"IntDistribution\", \"attributes\": {\"log\": false, \"step\": 1, \"low\": 31, \"high\": 31}}"}
{"op_code": 5, "worker_id": "a5f61362-f5aa-4b3b-b1c0-4a5f7a14f5e2-140612997558272", "trial_id": 3, "param_name": "out_noise", "param_value_internal": 0.0, "distribution": "{\"name\": \"FloatDistribution\", \"attributes\": {\"step\": null, \"low\": 0.0, \"high\": 0.0, \"log\": false}}"}
{"op_code": 5, "worker_id": "a5f61362-f5aa-4b3b-b1c0-4a5f7a14f5e2-140612997558272", "trial_id": 3, "param_name": "ab_weight_scaling_omega", "param_value_internal": 0.0, "distribution": "{\"name\": \"FloatDistribution\", \"attributes\": {\"step\": null, \"low\": 0.0, \"high\": 0.0, \"log\": false}}"}
{"op_code": 5, "worker_id": "a5f61362-f5aa-4b3b-b1c0-4a5f7a14f5e2-140612997558272", "trial_id": 3, "param_name": "min_lr_rate", "param_value_internal": 0.0, "distribution": "{\"name\": \"FloatDistribution\", \"attributes\": {\"step\": null, \"low\": 0.0, \"high\": 0.0, \"log\": false}}"}
{"op_code": 8, "worker_id": "a5f61362-f5aa-4b3b-b1c0-4a5f7a14f5e2-140612997558272", "trial_id": 3, "user_attr": {"train_loss_epoch_1": 5.850302943046177}}
{"op_code": 8, "worker_id": "a5f61362-f5aa-4b3b-b1c0-4a5f7a14f5e2-140612997558272", "trial_id": 3, "user_attr": {"train_loss_epoch_2": 5.857213674715864}}
{"op_code": 8, "worker_id": "a5f61362-f5aa-4b3b-b1c0-4a5f7a14f5e2-140612997558272", "trial_id": 3, "user_attr": {"train_loss_epoch_3": 5.859467919150665}}
{"op_code": 7, "worker_id": "a5f61362-f5aa-4b3b-b1c0-4a5f7a14f5e2-140612997558272", "trial_id": 3, "step": 1, "intermediate_value": 3.0792248001680584}
{"op_code": 7, "worker_id": "a5f61362-f5aa-4b3b-b1c0-4a5f7a14f5e2-140612997558272", "trial_id": 3, "step": 2, "intermediate_value": 3.0792248001680584}
{"op_code": 7, "worker_id": "a5f61362-f5aa-4b3b-b1c0-4a5f7a14f5e2-140612997558272", "trial_id": 3, "step": 3, "intermediate_value": 3.0792248001680584}
{"op_code": 6, "worker_id": "a5f61362-f5aa-4b3b-b1c0-4a5f7a14f5e2-140612997558272", "trial_id": 3, "state": 1, "values": [3.0792248001680584], "datetime_complete": "2026-03-18T00:18:07.267983"}
{"op_code": 4, "worker_id": "a5f61362-f5aa-4b3b-b1c0-4a5f7a14f5e2-140612997558272", "study_id": 0, "datetime_start": "2026-03-18T05:03:43.835076"}
{"op_code": 5, "worker_id": "a5f61362-f5aa-4b3b-b1c0-4a5f7a14f5e2-140612997558272", "trial_id": 4, "param_name": "learning_rate", "param_value_internal": 0.0028495931672300632, "distribution": "{\"name\": \"FloatDistribution\", \"attributes\": {\"step\": null, \"low\": 0.0001, \"high\": 0.02, \"log\": true}}"}
{"op_code": 5, "worker_id": "a5f61362-f5aa-4b3b-b1c0-4a5f7a14f5e2-140612997558272", "trial_id": 4, "param_name": "transfer_lr", "param_value_internal": 69.78431401152041, "distribution": "{\"name\": \"FloatDistribution\", \"attributes\": {\"step\": null, \"low\": 0.0005, \"high\": 100000.0, \"log\": true}}"}
{"op_code": 5, "worker_id": "a5f61362-f5aa-4b3b-b1c0-4a5f7a14f5e2-140612997558272", "trial_id": 4, "param_name": "transfer_every", "param_value_internal": 76.0, "distribution": "{\"name\": \"IntDistribution\", \"attributes\": {\"log\": true, \"step\": 1, \"low\": 1, \"high\": 600}}"}
{"op_code": 5, "worker_id": "a5f61362-f5aa-4b3b-b1c0-4a5f7a14f5e2-140612997558272", "trial_id": 4, "param_name": "rank_exp", "param_value_internal": 4.0, "distribution": "{\"name\": \"IntDistribution\", \"attributes\": {\"log\": false, \"step\": 1, \"low\": 0, \"high\": 6}}"}
{"op_code": 5, "worker_id": "a5f61362-f5aa-4b3b-b1c0-4a5f7a14f5e2-140612997558272", "trial_id": 4, "param_name": "fast_lr", "param_value_internal": 0.02102472849312018, "distribution": "{\"name\": \"FloatDistribution\", \"attributes\": {\"step\": null, \"low\": 0.01, \"high\": 1.0, \"log\": true}}"}
{"op_code": 5, "worker_id": "a5f61362-f5aa-4b3b-b1c0-4a5f7a14f5e2-140612997558272", "trial_id": 4, "param_name": "tau_sec", "param_value_internal": 0.0, "distribution": "{\"name\": \"FloatDistribution\", \"attributes\": {\"step\": null, \"low\": 0.0, \"high\": 0.0, \"log\": false}}"}
{"op_code": 5, "worker_id": "a5f61362-f5aa-4b3b-b1c0-4a5f7a14f5e2-140612997558272", "trial_id": 4, "param_name": "ab_dw_min", "param_value_internal": 0.001981, "distribution": "{\"name\": \"FloatDistribution\", \"attributes\": {\"step\": null, \"low\": 0.001981, \"high\": 0.001981, \"log\": true}}"}
{"op_code": 5, "worker_id": "a5f61362-f5aa-4b3b-b1c0-4a5f7a14f5e2-140612997558272", "trial_id": 4, "param_name": "ab_desired_bl", "param_value_internal": 31.0, "distribution": "{\"name\": \"IntDistribution\", \"attributes\": {\"log\": false, \"step\": 1, \"low\": 31, \"high\": 31}}"}
{"op_code": 5, "worker_id": "a5f61362-f5aa-4b3b-b1c0-4a5f7a14f5e2-140612997558272", "trial_id": 4, "param_name": "out_noise", "param_value_internal": 0.0, "distribution": "{\"name\": \"FloatDistribution\", \"attributes\": {\"step\": null, \"low\": 0.0, \"high\": 0.0, \"log\": false}}"}
{"op_code": 5, "worker_id": "a5f61362-f5aa-4b3b-b1c0-4a5f7a14f5e2-140612997558272", "trial_id": 4, "param_name": "ab_weight_scaling_omega", "param_value_internal": 0.0, "distribution": "{\"name\": \"FloatDistribution\", \"attributes\": {\"step\": null, \"low\": 0.0, \"high\": 0.0, \"log\": false}}"}
{"op_code": 5, "worker_id": "a5f61362-f5aa-4b3b-b1c0-4a5f7a14f5e2-140612997558272", "trial_id": 4, "param_name": "min_lr_rate", "param_value_internal": 0.0, "distribution": "{\"name\": \"FloatDistribution\", \"attributes\": {\"step\": null, \"low\": 0.0, \"high\": 0.0, \"log\": false}}"}
{"op_code": 8, "worker_id": "a5f61362-f5aa-4b3b-b1c0-4a5f7a14f5e2-140612997558272", "trial_id": 4, "user_attr": {"train_loss_epoch_1": 2.161199740730327}}
{"op_code": 8, "worker_id": "a5f61362-f5aa-4b3b-b1c0-4a5f7a14f5e2-140612997558272", "trial_id": 4, "user_attr": {"train_loss_epoch_2": 1.6113876884868799}}
{"op_code": 8, "worker_id": "a5f61362-f5aa-4b3b-b1c0-4a5f7a14f5e2-140612997558272", "trial_id": 4, "user_attr": {"train_loss_epoch_3": 1.5212910326515756}}
{"op_code": 8, "worker_id": "a5f61362-f5aa-4b3b-b1c0-4a5f7a14f5e2-140612997558272", "trial_id": 4, "user_attr": {"train_loss_epoch_4": 1.4684984204245777}}
{"op_code": 8, "worker_id": "a5f61362-f5aa-4b3b-b1c0-4a5f7a14f5e2-140612997558272", "trial_id": 4, "user_attr": {"train_loss_epoch_5": 1.4334975283320357}}
{"op_code": 7, "worker_id": "a5f61362-f5aa-4b3b-b1c0-4a5f7a14f5e2-140612997558272", "trial_id": 4, "step": 1, "intermediate_value": 75.37676247019037}
{"op_code": 7, "worker_id": "a5f61362-f5aa-4b3b-b1c0-4a5f7a14f5e2-140612997558272", "trial_id": 4, "step": 2, "intermediate_value": 77.60542685331801}
{"op_code": 7, "worker_id": "a5f61362-f5aa-4b3b-b1c0-4a5f7a14f5e2-140612997558272", "trial_id": 4, "step": 3, "intermediate_value": 78.49241287552852}
{"op_code": 7, "worker_id": "a5f61362-f5aa-4b3b-b1c0-4a5f7a14f5e2-140612997558272", "trial_id": 4, "step": 4, "intermediate_value": 79.65857070217294}
{"op_code": 7, "worker_id": "a5f61362-f5aa-4b3b-b1c0-4a5f7a14f5e2-140612997558272", "trial_id": 4, "step": 5, "intermediate_value": 79.78402829248809}
{"op_code": 6, "worker_id": "a5f61362-f5aa-4b3b-b1c0-4a5f7a14f5e2-140612997558272", "trial_id": 4, "state": 1, "values": [79.78402829248809], "datetime_complete": "2026-03-18T09:15:51.986851"}
{"op_code": 4, "worker_id": "a5f61362-f5aa-4b3b-b1c0-4a5f7a14f5e2-140612997558272", "study_id": 0, "datetime_start": "2026-03-18T20:38:48.188807"}
{"op_code": 5, "worker_id": "a5f61362-f5aa-4b3b-b1c0-4a5f7a14f5e2-140612997558272", "trial_id": 5, "param_name": "learning_rate", "param_value_internal": 0.0002684101418980908, "distribution": "{\"name\": \"FloatDistribution\", \"attributes\": {\"step\": null, \"low\": 0.0001, \"high\": 0.02, \"log\": true}}"}
{"op_code": 5, "worker_id": "a5f61362-f5aa-4b3b-b1c0-4a5f7a14f5e2-140612997558272", "trial_id": 5, "param_name": "transfer_lr", "param_value_internal": 8.27942289258754, "distribution": "{\"name\": \"FloatDistribution\", \"attributes\": {\"step\": null, \"low\": 0.0005, \"high\": 100000.0, \"log\": true}}"}
{"op_code": 5, "worker_id": "a5f61362-f5aa-4b3b-b1c0-4a5f7a14f5e2-140612997558272", "trial_id": 5, "param_name": "transfer_every", "param_value_internal": 600.0, "distribution": "{\"name\": \"IntDistribution\", \"attributes\": {\"log\": true, \"step\": 1, \"low\": 1, \"high\": 600}}"}
{"op_code": 5, "worker_id": "a5f61362-f5aa-4b3b-b1c0-4a5f7a14f5e2-140612997558272", "trial_id": 5, "param_name": "rank_exp", "param_value_internal": 3.0, "distribution": "{\"name\": \"IntDistribution\", \"attributes\": {\"log\": false, \"step\": 1, \"low\": 0, \"high\": 6}}"}
{"op_code": 5, "worker_id": "a5f61362-f5aa-4b3b-b1c0-4a5f7a14f5e2-140612997558272", "trial_id": 5, "param_name": "fast_lr", "param_value_internal": 0.014407009566665956, "distribution": "{\"name\": \"FloatDistribution\", \"attributes\": {\"step\": null, \"low\": 0.01, \"high\": 1.0, \"log\": true}}"}
{"op_code": 5, "worker_id": "a5f61362-f5aa-4b3b-b1c0-4a5f7a14f5e2-140612997558272", "trial_id": 5, "param_name": "tau_sec", "param_value_internal": 0.0, "distribution": "{\"name\": \"FloatDistribution\", \"attributes\": {\"step\": null, \"low\": 0.0, \"high\": 0.0, \"log\": false}}"}
{"op_code": 5, "worker_id": "a5f61362-f5aa-4b3b-b1c0-4a5f7a14f5e2-140612997558272", "trial_id": 5, "param_name": "ab_dw_min", "param_value_internal": 0.001981, "distribution": "{\"name\": \"FloatDistribution\", \"attributes\": {\"step\": null, \"low\": 0.001981, \"high\": 0.001981, \"log\": true}}"}
{"op_code": 5, "worker_id": "a5f61362-f5aa-4b3b-b1c0-4a5f7a14f5e2-140612997558272", "trial_id": 5, "param_name": "ab_desired_bl", "param_value_internal": 31.0, "distribution": "{\"name\": \"IntDistribution\", \"attributes\": {\"log\": false, \"step\": 1, \"low\": 31, \"high\": 31}}"}
{"op_code": 5, "worker_id": "a5f61362-f5aa-4b3b-b1c0-4a5f7a14f5e2-140612997558272", "trial_id": 5, "param_name": "out_noise", "param_value_internal": 0.0, "distribution": "{\"name\": \"FloatDistribution\", \"attributes\": {\"step\": null, \"low\": 0.0, \"high\": 0.0, \"log\": false}}"}
{"op_code": 5, "worker_id": "a5f61362-f5aa-4b3b-b1c0-4a5f7a14f5e2-140612997558272", "trial_id": 5, "param_name": "ab_weight_scaling_omega", "param_value_internal": 0.0, "distribution": "{\"name\": \"FloatDistribution\", \"attributes\": {\"step\": null, \"low\": 0.0, \"high\": 0.0, \"log\": false}}"}
{"op_code": 5, "worker_id": "a5f61362-f5aa-4b3b-b1c0-4a5f7a14f5e2-140612997558272", "trial_id": 5, "param_name": "min_lr_rate", "param_value_internal": 0.0, "distribution": "{\"name\": \"FloatDistribution\", \"attributes\": {\"step\": null, \"low\": 0.0, \"high\": 0.0, \"log\": false}}"}
{"op_code": 8, "worker_id": "a5f61362-f5aa-4b3b-b1c0-4a5f7a14f5e2-140612997558272", "trial_id": 5, "user_attr": {"train_loss_epoch_1": 3.159776473497634}}
{"op_code": 8, "worker_id": "a5f61362-f5aa-4b3b-b1c0-4a5f7a14f5e2-140612997558272", "trial_id": 5, "user_attr": {"train_loss_epoch_2": 2.1493678940667045}}
{"op_code": 8, "worker_id": "a5f61362-f5aa-4b3b-b1c0-4a5f7a14f5e2-140612997558272", "trial_id": 5, "user_attr": {"train_loss_epoch_3": 1.9294322931346533}}
{"op_code": 8, "worker_id": "a5f61362-f5aa-4b3b-b1c0-4a5f7a14f5e2-140612997558272", "trial_id": 5, "user_attr": {"train_loss_epoch_4": 1.8491376232002485}}
{"op_code": 8, "worker_id": "a5f61362-f5aa-4b3b-b1c0-4a5f7a14f5e2-140612997558272", "trial_id": 5, "user_attr": {"train_loss_epoch_5": 1.8158592050314595}}
{"op_code": 7, "worker_id": "a5f61362-f5aa-4b3b-b1c0-4a5f7a14f5e2-140612997558272", "trial_id": 5, "step": 1, "intermediate_value": 55.95185244077098}
{"op_code": 7, "worker_id": "a5f61362-f5aa-4b3b-b1c0-4a5f7a14f5e2-140612997558272", "trial_id": 5, "step": 2, "intermediate_value": 66.88525823175145}
{"op_code": 7, "worker_id": "a5f61362-f5aa-4b3b-b1c0-4a5f7a14f5e2-140612997558272", "trial_id": 5, "step": 3, "intermediate_value": 69.76885134338767}
{"op_code": 7, "worker_id": "a5f61362-f5aa-4b3b-b1c0-4a5f7a14f5e2-140612997558272", "trial_id": 5, "step": 4, "intermediate_value": 71.06611470599468}
{"op_code": 7, "worker_id": "a5f61362-f5aa-4b3b-b1c0-4a5f7a14f5e2-140612997558272", "trial_id": 5, "step": 5, "intermediate_value": 71.50784876228822}
{"op_code": 6, "worker_id": "a5f61362-f5aa-4b3b-b1c0-4a5f7a14f5e2-140612997558272", "trial_id": 5, "state": 1, "values": [71.50784876228822], "datetime_complete": "2026-03-19T00:52:19.998393"}
{"op_code": 4, "worker_id": "a5f61362-f5aa-4b3b-b1c0-4a5f7a14f5e2-140612997558272", "study_id": 0, "datetime_start": "2026-03-19T05:41:38.597033"}
{"op_code": 5, "worker_id": "a5f61362-f5aa-4b3b-b1c0-4a5f7a14f5e2-140612997558272", "trial_id": 6, "param_name": "learning_rate", "param_value_internal": 0.0001846470454574915, "distribution": "{\"name\": \"FloatDistribution\", \"attributes\": {\"step\": null, \"low\": 0.0001, \"high\": 0.02, \"log\": true}}"}
{"op_code": 5, "worker_id": "a5f61362-f5aa-4b3b-b1c0-4a5f7a14f5e2-140612997558272", "trial_id": 6, "param_name": "transfer_lr", "param_value_internal": 1953.727691591475, "distribution": "{\"name\": \"FloatDistribution\", \"attributes\": {\"step\": null, \"low\": 0.3, \"high\": 100000.0, \"log\": true}}"}
{"op_code": 5, "worker_id": "a5f61362-f5aa-4b3b-b1c0-4a5f7a14f5e2-140612997558272", "trial_id": 6, "param_name": "transfer_every", "param_value_internal": 228.0, "distribution": "{\"name\": \"IntDistribution\", \"attributes\": {\"log\": true, \"step\": 1, \"low\": 1, \"high\": 600}}"}
{"op_code": 5, "worker_id": "a5f61362-f5aa-4b3b-b1c0-4a5f7a14f5e2-140612997558272", "trial_id": 6, "param_name": "rank_exp", "param_value_internal": 4.0, "distribution": "{\"name\": \"IntDistribution\", \"attributes\": {\"log\": false, \"step\": 1, \"low\": 0, \"high\": 6}}"}
{"op_code": 5, "worker_id": "a5f61362-f5aa-4b3b-b1c0-4a5f7a14f5e2-140612997558272", "trial_id": 6, "param_name": "fast_lr", "param_value_internal": 0.048051138749405475, "distribution": "{\"name\": \"FloatDistribution\", \"attributes\": {\"step\": null, \"low\": 0.01, \"high\": 10.0, \"log\": true}}"}
{"op_code": 5, "worker_id": "a5f61362-f5aa-4b3b-b1c0-4a5f7a14f5e2-140612997558272", "trial_id": 6, "param_name": "tau_sec", "param_value_internal": 0.0, "distribution": "{\"name\": \"FloatDistribution\", \"attributes\": {\"step\": null, \"low\": 0.0, \"high\": 0.0, \"log\": false}}"}
{"op_code": 5, "worker_id": "a5f61362-f5aa-4b3b-b1c0-4a5f7a14f5e2-140612997558272", "trial_id": 6, "param_name": "ab_dw_min", "param_value_internal": 0.001981, "distribution": "{\"name\": \"FloatDistribution\", \"attributes\": {\"step\": null, \"low\": 0.001981, \"high\": 0.001981, \"log\": true}}"}
{"op_code": 5, "worker_id": "a5f61362-f5aa-4b3b-b1c0-4a5f7a14f5e2-140612997558272", "trial_id": 6, "param_name": "ab_desired_bl", "param_value_internal": 31.0, "distribution": "{\"name\": \"IntDistribution\", \"attributes\": {\"log\": false, \"step\": 1, \"low\": 31, \"high\": 31}}"}
{"op_code": 5, "worker_id": "a5f61362-f5aa-4b3b-b1c0-4a5f7a14f5e2-140612997558272", "trial_id": 6, "param_name": "out_noise", "param_value_internal": 0.0, "distribution": "{\"name\": \"FloatDistribution\", \"attributes\": {\"step\": null, \"low\": 0.0, \"high\": 0.0, \"log\": false}}"}
{"op_code": 5, "worker_id": "a5f61362-f5aa-4b3b-b1c0-4a5f7a14f5e2-140612997558272", "trial_id": 6, "param_name": "ab_weight_scaling_omega", "param_value_internal": 0.0, "distribution": "{\"name\": \"FloatDistribution\", \"attributes\": {\"step\": null, \"low\": 0.0, \"high\": 0.0, \"log\": false}}"}
{"op_code": 5, "worker_id": "a5f61362-f5aa-4b3b-b1c0-4a5f7a14f5e2-140612997558272", "trial_id": 6, "param_name": "min_lr_rate", "param_value_internal": 0.0, "distribution": "{\"name\": \"FloatDistribution\", \"attributes\": {\"step\": null, \"low\": 0.0, \"high\": 0.0, \"log\": false}}"}
{"op_code": 8, "worker_id": "a5f61362-f5aa-4b3b-b1c0-4a5f7a14f5e2-140612997558272", "trial_id": 6, "user_attr": {"train_loss_epoch_1": 3.073264224484038}}
{"op_code": 8, "worker_id": "a5f61362-f5aa-4b3b-b1c0-4a5f7a14f5e2-140612997558272", "trial_id": 6, "user_attr": {"train_loss_epoch_2": 2.0722847065628383}}
{"op_code": 8, "worker_id": "a5f61362-f5aa-4b3b-b1c0-4a5f7a14f5e2-140612997558272", "trial_id": 6, "user_attr": {"train_loss_epoch_3": 1.865851765919507}}
{"op_code": 8, "worker_id": "a5f61362-f5aa-4b3b-b1c0-4a5f7a14f5e2-140612997558272", "trial_id": 6, "user_attr": {"train_loss_epoch_4": 1.7684964551512141}}
{"op_code": 8, "worker_id": "a5f61362-f5aa-4b3b-b1c0-4a5f7a14f5e2-140612997558272", "trial_id": 6, "user_attr": {"train_loss_epoch_5": 1.728966577330902}}
{"op_code": 7, "worker_id": "a5f61362-f5aa-4b3b-b1c0-4a5f7a14f5e2-140612997558272", "trial_id": 6, "step": 1, "intermediate_value": 58.27628940155844}
{"op_code": 7, "worker_id": "a5f61362-f5aa-4b3b-b1c0-4a5f7a14f5e2-140612997558272", "trial_id": 6, "step": 2, "intermediate_value": 66.46280629430211}
{"op_code": 7, "worker_id": "a5f61362-f5aa-4b3b-b1c0-4a5f7a14f5e2-140612997558272", "trial_id": 6, "step": 3, "intermediate_value": 70.3965854889101}
{"op_code": 7, "worker_id": "a5f61362-f5aa-4b3b-b1c0-4a5f7a14f5e2-140612997558272", "trial_id": 6, "step": 4, "intermediate_value": 72.11198891234204}
{"op_code": 7, "worker_id": "a5f61362-f5aa-4b3b-b1c0-4a5f7a14f5e2-140612997558272", "trial_id": 6, "step": 5, "intermediate_value": 72.5000227069287}
{"op_code": 6, "worker_id": "a5f61362-f5aa-4b3b-b1c0-4a5f7a14f5e2-140612997558272", "trial_id": 6, "state": 1, "values": [72.5000227069287], "datetime_complete": "2026-03-19T09:57:18.212092"}
{"op_code": 4, "worker_id": "a5f61362-f5aa-4b3b-b1c0-4a5f7a14f5e2-140612997558272", "study_id": 0, "datetime_start": "2026-03-19T19:33:46.964895"}
{"op_code": 5, "worker_id": "a5f61362-f5aa-4b3b-b1c0-4a5f7a14f5e2-140612997558272", "trial_id": 7, "param_name": "learning_rate", "param_value_internal": 0.015698320681485016, "distribution": "{\"name\": \"FloatDistribution\", \"attributes\": {\"step\": null, \"low\": 0.0002, \"high\": 0.02, \"log\": true}}"}
{"op_code": 5, "worker_id": "a5f61362-f5aa-4b3b-b1c0-4a5f7a14f5e2-140612997558272", "trial_id": 7, "param_name": "transfer_lr", "param_value_internal": 410.7097932769414, "distribution": "{\"name\": \"FloatDistribution\", \"attributes\": {\"step\": null, \"low\": 0.3, \"high\": 60000.0, \"log\": true}}"}
{"op_code": 5, "worker_id": "a5f61362-f5aa-4b3b-b1c0-4a5f7a14f5e2-140612997558272", "trial_id": 7, "param_name": "transfer_every", "param_value_internal": 27.0, "distribution": "{\"name\": \"IntDistribution\", \"attributes\": {\"log\": true, \"step\": 1, \"low\": 1, \"high\": 600}}"}
{"op_code": 5, "worker_id": "a5f61362-f5aa-4b3b-b1c0-4a5f7a14f5e2-140612997558272", "trial_id": 7, "param_name": "rank_exp", "param_value_internal": 4.0, "distribution": "{\"name\": \"IntDistribution\", \"attributes\": {\"log\": false, \"step\": 1, \"low\": 0, \"high\": 6}}"}
{"op_code": 5, "worker_id": "a5f61362-f5aa-4b3b-b1c0-4a5f7a14f5e2-140612997558272", "trial_id": 7, "param_name": "fast_lr", "param_value_internal": 0.012284035154472203, "distribution": "{\"name\": \"FloatDistribution\", \"attributes\": {\"step\": null, \"low\": 0.01, \"high\": 1.0, \"log\": true}}"}
{"op_code": 5, "worker_id": "a5f61362-f5aa-4b3b-b1c0-4a5f7a14f5e2-140612997558272", "trial_id": 7, "param_name": "tau_sec", "param_value_internal": 0.0, "distribution": "{\"name\": \"FloatDistribution\", \"attributes\": {\"step\": null, \"low\": 0.0, \"high\": 0.0, \"log\": false}}"}
{"op_code": 5, "worker_id": "a5f61362-f5aa-4b3b-b1c0-4a5f7a14f5e2-140612997558272", "trial_id": 7, "param_name": "ab_dw_min", "param_value_internal": 0.1681481510751336, "distribution": "{\"name\": \"FloatDistribution\", \"attributes\": {\"step\": null, \"low\": 2e-05, \"high\": 0.2, \"log\": true}}"}
{"op_code": 5, "worker_id": "a5f61362-f5aa-4b3b-b1c0-4a5f7a14f5e2-140612997558272", "trial_id": 7, "param_name": "ab_desired_bl", "param_value_internal": 31.0, "distribution": "{\"name\": \"IntDistribution\", \"attributes\": {\"log\": false, \"step\": 1, \"low\": 31, \"high\": 31}}"}
{"op_code": 5, "worker_id": "a5f61362-f5aa-4b3b-b1c0-4a5f7a14f5e2-140612997558272", "trial_id": 7, "param_name": "out_noise", "param_value_internal": 0.0, "distribution": "{\"name\": \"FloatDistribution\", \"attributes\": {\"step\": null, \"low\": 0.0, \"high\": 0.0, \"log\": false}}"}
{"op_code": 5, "worker_id": "a5f61362-f5aa-4b3b-b1c0-4a5f7a14f5e2-140612997558272", "trial_id": 7, "param_name": "ab_weight_scaling_omega", "param_value_internal": 0.0, "distribution": "{\"name\": \"FloatDistribution\", \"attributes\": {\"step\": null, \"low\": 0.0, \"high\": 0.0, \"log\": false}}"}
{"op_code": 5, "worker_id": "a5f61362-f5aa-4b3b-b1c0-4a5f7a14f5e2-140612997558272", "trial_id": 7, "param_name": "min_lr_rate", "param_value_internal": 0.0, "distribution": "{\"name\": \"FloatDistribution\", \"attributes\": {\"step\": null, \"low\": 0.0, \"high\": 0.0, \"log\": false}}"}
{"op_code": 8, "worker_id": "a5f61362-f5aa-4b3b-b1c0-4a5f7a14f5e2-140612997558272", "trial_id": 7, "user_attr": {"grad_accum_steps": 1}}
{"op_code": 8, "worker_id": "a5f61362-f5aa-4b3b-b1c0-4a5f7a14f5e2-140612997558272", "trial_id": 7, "user_attr": {"train_loss_epoch_1": 2.1886499912112063}}
{"op_code": 8, "worker_id": "a5f61362-f5aa-4b3b-b1c0-4a5f7a14f5e2-140612997558272", "trial_id": 7, "user_attr": {"train_loss_epoch_2": 1.844004515063795}}
{"op_code": 8, "worker_id": "a5f61362-f5aa-4b3b-b1c0-4a5f7a14f5e2-140612997558272", "trial_id": 7, "user_attr": {"train_loss_epoch_3": 1.754216877296365}}
{"op_code": 8, "worker_id": "a5f61362-f5aa-4b3b-b1c0-4a5f7a14f5e2-140612997558272", "trial_id": 7, "user_attr": {"train_loss_epoch_4": 1.6654529713679782}}
{"op_code": 8, "worker_id": "a5f61362-f5aa-4b3b-b1c0-4a5f7a14f5e2-140612997558272", "trial_id": 7, "user_attr": {"train_loss_epoch_5": 1.5690602737713635}}
{"op_code": 7, "worker_id": "a5f61362-f5aa-4b3b-b1c0-4a5f7a14f5e2-140612997558272", "trial_id": 7, "step": 1, "intermediate_value": 70.62606841787333}
{"op_code": 7, "worker_id": "a5f61362-f5aa-4b3b-b1c0-4a5f7a14f5e2-140612997558272", "trial_id": 7, "step": 2, "intermediate_value": 72.19390106786923}
{"op_code": 7, "worker_id": "a5f61362-f5aa-4b3b-b1c0-4a5f7a14f5e2-140612997558272", "trial_id": 7, "step": 3, "intermediate_value": 73.88078632868653}
{"op_code": 7, "worker_id": "a5f61362-f5aa-4b3b-b1c0-4a5f7a14f5e2-140612997558272", "trial_id": 7, "step": 4, "intermediate_value": 75.71836735607026}
{"op_code": 7, "worker_id": "a5f61362-f5aa-4b3b-b1c0-4a5f7a14f5e2-140612997558272", "trial_id": 7, "step": 5, "intermediate_value": 76.96288830148973}
{"op_code": 6, "worker_id": "a5f61362-f5aa-4b3b-b1c0-4a5f7a14f5e2-140612997558272", "trial_id": 7, "state": 1, "values": [76.96288830148973], "datetime_complete": "2026-03-19T23:51:36.033379"}
{"op_code": 4, "worker_id": "a5f61362-f5aa-4b3b-b1c0-4a5f7a14f5e2-140612997558272", "study_id": 0, "datetime_start": "2026-03-20T04:39:28.402164"}
{"op_code": 5, "worker_id": "a5f61362-f5aa-4b3b-b1c0-4a5f7a14f5e2-140612997558272", "trial_id": 8, "param_name": "learning_rate", "param_value_internal": 0.0788138855305977, "distribution": "{\"name\": \"FloatDistribution\", \"attributes\": {\"step\": null, \"low\": 9e-05, \"high\": 0.1, \"log\": true}}"}
{"op_code": 5, "worker_id": "a5f61362-f5aa-4b3b-b1c0-4a5f7a14f5e2-140612997558272", "trial_id": 8, "param_name": "transfer_lr", "param_value_internal": 0.04216980766243899, "distribution": "{\"name\": \"FloatDistribution\", \"attributes\": {\"step\": null, \"low\": 0.0008, \"high\": 200000.0, \"log\": true}}"}
{"op_code": 5, "worker_id": "a5f61362-f5aa-4b3b-b1c0-4a5f7a14f5e2-140612997558272", "trial_id": 8, "param_name": "transfer_every", "param_value_internal": 30.0, "distribution": "{\"name\": \"IntDistribution\", \"attributes\": {\"log\": true, \"step\": 1, \"low\": 1, \"high\": 500}}"}
{"op_code": 5, "worker_id": "a5f61362-f5aa-4b3b-b1c0-4a5f7a14f5e2-140612997558272", "trial_id": 8, "param_name": "rank_exp", "param_value_internal": 4.0, "distribution": "{\"name\": \"IntDistribution\", \"attributes\": {\"log\": false, \"step\": 1, \"low\": 0, \"high\": 6}}"}
{"op_code": 5, "worker_id": "a5f61362-f5aa-4b3b-b1c0-4a5f7a14f5e2-140612997558272", "trial_id": 8, "param_name": "fast_lr", "param_value_internal": 0.8191553720223502, "distribution": "{\"name\": \"FloatDistribution\", \"attributes\": {\"step\": null, \"low\": 0.009, \"high\": 3.0, \"log\": true}}"}
{"op_code": 5, "worker_id": "a5f61362-f5aa-4b3b-b1c0-4a5f7a14f5e2-140612997558272", "trial_id": 8, "param_name": "tau_sec", "param_value_internal": 0.0, "distribution": "{\"name\": \"FloatDistribution\", \"attributes\": {\"step\": null, \"low\": 0.0, \"high\": 0.0, \"log\": false}}"}
{"op_code": 5, "worker_id": "a5f61362-f5aa-4b3b-b1c0-4a5f7a14f5e2-140612997558272", "trial_id": 8, "param_name": "ab_dw_min", "param_value_internal": 0.001981, "distribution": "{\"name\": \"FloatDistribution\", \"attributes\": {\"step\": null, \"low\": 0.001981, \"high\": 0.001981, \"log\": true}}"}
{"op_code": 5, "worker_id": "a5f61362-f5aa-4b3b-b1c0-4a5f7a14f5e2-140612997558272", "trial_id": 8, "param_name": "ab_desired_bl", "param_value_internal": 31.0, "distribution": "{\"name\": \"IntDistribution\", \"attributes\": {\"log\": false, \"step\": 1, \"low\": 31, \"high\": 31}}"}
{"op_code": 5, "worker_id": "a5f61362-f5aa-4b3b-b1c0-4a5f7a14f5e2-140612997558272", "trial_id": 8, "param_name": "out_noise", "param_value_internal": 0.0, "distribution": "{\"name\": \"FloatDistribution\", \"attributes\": {\"step\": null, \"low\": 0.0, \"high\": 0.0, \"log\": false}}"}
{"op_code": 5, "worker_id": "a5f61362-f5aa-4b3b-b1c0-4a5f7a14f5e2-140612997558272", "trial_id": 8, "param_name": "ab_weight_scaling_omega", "param_value_internal": 0.0, "distribution": "{\"name\": \"FloatDistribution\", \"attributes\": {\"step\": null, \"low\": 0.0, \"high\": 0.0, \"log\": false}}"}
{"op_code": 5, "worker_id": "a5f61362-f5aa-4b3b-b1c0-4a5f7a14f5e2-140612997558272", "trial_id": 8, "param_name": "min_lr_rate", "param_value_internal": 0.0, "distribution": "{\"name\": \"FloatDistribution\", \"attributes\": {\"step\": null, \"low\": 0.0, \"high\": 0.0, \"log\": false}}"}
{"op_code": 8, "worker_id": "a5f61362-f5aa-4b3b-b1c0-4a5f7a14f5e2-140612997558272", "trial_id": 8, "user_attr": {"grad_accum_steps": 1}}
{"op_code": 8, "worker_id": "a5f61362-f5aa-4b3b-b1c0-4a5f7a14f5e2-140612997558272", "trial_id": 8, "user_attr": {"train_loss_epoch_1": 3.9067821673261443}}
{"op_code": 8, "worker_id": "a5f61362-f5aa-4b3b-b1c0-4a5f7a14f5e2-140612997558272", "trial_id": 8, "user_attr": {"train_loss_epoch_2": 4.01651234781839}}
{"op_code": 8, "worker_id": "a5f61362-f5aa-4b3b-b1c0-4a5f7a14f5e2-140612997558272", "trial_id": 8, "user_attr": {"train_loss_epoch_3": 4.0273967894112195}}
{"op_code": 7, "worker_id": "a5f61362-f5aa-4b3b-b1c0-4a5f7a14f5e2-140612997558272", "trial_id": 8, "step": 1, "intermediate_value": 17.71538214404712}
{"op_code": 7, "worker_id": "a5f61362-f5aa-4b3b-b1c0-4a5f7a14f5e2-140612997558272", "trial_id": 8, "step": 2, "intermediate_value": 17.71538214404712}
{"op_code": 7, "worker_id": "a5f61362-f5aa-4b3b-b1c0-4a5f7a14f5e2-140612997558272", "trial_id": 8, "step": 3, "intermediate_value": 17.71538214404712}
{"op_code": 6, "worker_id": "a5f61362-f5aa-4b3b-b1c0-4a5f7a14f5e2-140612997558272", "trial_id": 8, "state": 1, "values": [17.71538214404712], "datetime_complete": "2026-03-20T07:11:30.402114"}
{"op_code": 4, "worker_id": "a5f61362-f5aa-4b3b-b1c0-4a5f7a14f5e2-140612997558272", "study_id": 0, "datetime_start": "2026-03-20T14:23:00.043023"}
{"op_code": 5, "worker_id": "a5f61362-f5aa-4b3b-b1c0-4a5f7a14f5e2-140612997558272", "trial_id": 9, "param_name": "learning_rate", "param_value_internal": 0.0023857324507464447, "distribution": "{\"name\": \"FloatDistribution\", \"attributes\": {\"step\": null, \"low\": 9e-05, \"high\": 0.1, \"log\": true}}"}
{"op_code": 5, "worker_id": "a5f61362-f5aa-4b3b-b1c0-4a5f7a14f5e2-140612997558272", "trial_id": 9, "param_name": "transfer_lr", "param_value_internal": 3.0265455516675828, "distribution": "{\"name\": \"FloatDistribution\", \"attributes\": {\"step\": null, \"low\": 0.0008, \"high\": 200000.0, \"log\": true}}"}
{"op_code": 5, "worker_id": "a5f61362-f5aa-4b3b-b1c0-4a5f7a14f5e2-140612997558272", "trial_id": 9, "param_name": "transfer_every", "param_value_internal": 1.0, "distribution": "{\"name\": \"IntDistribution\", \"attributes\": {\"log\": true, \"step\": 1, \"low\": 1, \"high\": 500}}"}
{"op_code": 5, "worker_id": "a5f61362-f5aa-4b3b-b1c0-4a5f7a14f5e2-140612997558272", "trial_id": 9, "param_name": "rank_exp", "param_value_internal": 5.0, "distribution": "{\"name\": \"IntDistribution\", \"attributes\": {\"log\": false, \"step\": 1, \"low\": 0, \"high\": 6}}"}
{"op_code": 5, "worker_id": "a5f61362-f5aa-4b3b-b1c0-4a5f7a14f5e2-140612997558272", "trial_id": 9, "param_name": "fast_lr", "param_value_internal": 0.012889833564438713, "distribution": "{\"name\": \"FloatDistribution\", \"attributes\": {\"step\": null, \"low\": 0.009, \"high\": 3.0, \"log\": true}}"}
{"op_code": 5, "worker_id": "a5f61362-f5aa-4b3b-b1c0-4a5f7a14f5e2-140612997558272", "trial_id": 9, "param_name": "tau_sec", "param_value_internal": 0.0, "distribution": "{\"name\": \"FloatDistribution\", \"attributes\": {\"step\": null, \"low\": 0.0, \"high\": 0.0, \"log\": false}}"}
{"op_code": 5, "worker_id": "a5f61362-f5aa-4b3b-b1c0-4a5f7a14f5e2-140612997558272", "trial_id": 9, "param_name": "ab_dw_min", "param_value_internal": 0.001981, "distribution": "{\"name\": \"FloatDistribution\", \"attributes\": {\"step\": null, \"low\": 0.001981, \"high\": 0.001981, \"log\": true}}"}
{"op_code": 5, "worker_id": "a5f61362-f5aa-4b3b-b1c0-4a5f7a14f5e2-140612997558272", "trial_id": 9, "param_name": "ab_desired_bl", "param_value_internal": 31.0, "distribution": "{\"name\": \"IntDistribution\", \"attributes\": {\"log\": false, \"step\": 1, \"low\": 31, \"high\": 31}}"}
{"op_code": 5, "worker_id": "a5f61362-f5aa-4b3b-b1c0-4a5f7a14f5e2-140612997558272", "trial_id": 9, "param_name": "out_noise", "param_value_internal": 0.0, "distribution": "{\"name\": \"FloatDistribution\", \"attributes\": {\"step\": null, \"low\": 0.0, \"high\": 0.0, \"log\": false}}"}
{"op_code": 5, "worker_id": "a5f61362-f5aa-4b3b-b1c0-4a5f7a14f5e2-140612997558272", "trial_id": 9, "param_name": "ab_weight_scaling_omega", "param_value_internal": 0.0, "distribution": "{\"name\": \"FloatDistribution\", \"attributes\": {\"step\": null, \"low\": 0.0, \"high\": 0.0, \"log\": false}}"}
{"op_code": 5, "worker_id": "a5f61362-f5aa-4b3b-b1c0-4a5f7a14f5e2-140612997558272", "trial_id": 9, "param_name": "min_lr_rate", "param_value_internal": 0.0, "distribution": "{\"name\": \"FloatDistribution\", \"attributes\": {\"step\": null, \"low\": 0.0, \"high\": 0.0, \"log\": false}}"}
{"op_code": 8, "worker_id": "a5f61362-f5aa-4b3b-b1c0-4a5f7a14f5e2-140612997558272", "trial_id": 9, "user_attr": {"grad_accum_steps": 1}}
{"op_code": 8, "worker_id": "a5f61362-f5aa-4b3b-b1c0-4a5f7a14f5e2-140612997558272", "trial_id": 9, "user_attr": {"train_loss_epoch_1": 2.2068503337177803}}
{"op_code": 8, "worker_id": "a5f61362-f5aa-4b3b-b1c0-4a5f7a14f5e2-140612997558272", "trial_id": 9, "user_attr": {"train_loss_epoch_2": 1.6207137316223081}}
{"op_code": 8, "worker_id": "a5f61362-f5aa-4b3b-b1c0-4a5f7a14f5e2-140612997558272", "trial_id": 9, "user_attr": {"train_loss_epoch_3": 1.5367728277273618}}
{"op_code": 8, "worker_id": "a5f61362-f5aa-4b3b-b1c0-4a5f7a14f5e2-140612997558272", "trial_id": 9, "user_attr": {"train_loss_epoch_4": 1.4883731065726862}}
{"op_code": 8, "worker_id": "a5f61362-f5aa-4b3b-b1c0-4a5f7a14f5e2-140612997558272", "trial_id": 9, "user_attr": {"train_loss_epoch_5": 1.4573002976453724}}
{"op_code": 7, "worker_id": "a5f61362-f5aa-4b3b-b1c0-4a5f7a14f5e2-140612997558272", "trial_id": 9, "step": 1, "intermediate_value": 75.33246015516231}
{"op_code": 7, "worker_id": "a5f61362-f5aa-4b3b-b1c0-4a5f7a14f5e2-140612997558272", "trial_id": 9, "step": 2, "intermediate_value": 77.18612954300521}
{"op_code": 7, "worker_id": "a5f61362-f5aa-4b3b-b1c0-4a5f7a14f5e2-140612997558272", "trial_id": 9, "step": 3, "intermediate_value": 78.1940528962753}
{"op_code": 7, "worker_id": "a5f61362-f5aa-4b3b-b1c0-4a5f7a14f5e2-140612997558272", "trial_id": 9, "step": 4, "intermediate_value": 79.12472988531057}
{"op_code": 7, "worker_id": "a5f61362-f5aa-4b3b-b1c0-4a5f7a14f5e2-140612997558272", "trial_id": 9, "step": 5, "intermediate_value": 79.53671034113768}
{"op_code": 6, "worker_id": "a5f61362-f5aa-4b3b-b1c0-4a5f7a14f5e2-140612997558272", "trial_id": 9, "state": 1, "values": [79.53671034113768], "datetime_complete": "2026-03-20T18:54:33.868726"}
{"op_code": 4, "worker_id": "a5f61362-f5aa-4b3b-b1c0-4a5f7a14f5e2-140612997558272", "study_id": 0, "datetime_start": "2026-03-20T23:50:47.717071"}
{"op_code": 5, "worker_id": "a5f61362-f5aa-4b3b-b1c0-4a5f7a14f5e2-140612997558272", "trial_id": 10, "param_name": "learning_rate", "param_value_internal": 0.04363397510116425, "distribution": "{\"name\": \"FloatDistribution\", \"attributes\": {\"step\": null, \"low\": 9e-05, \"high\": 0.1, \"log\": true}}"}
{"op_code": 5, "worker_id": "a5f61362-f5aa-4b3b-b1c0-4a5f7a14f5e2-140612997558272", "trial_id": 10, "param_name": "transfer_lr", "param_value_internal": 16793.92449878137, "distribution": "{\"name\": \"FloatDistribution\", \"attributes\": {\"step\": null, \"low\": 0.0008, \"high\": 200000.0, \"log\": true}}"}
{"op_code": 5, "worker_id": "a5f61362-f5aa-4b3b-b1c0-4a5f7a14f5e2-140612997558272", "trial_id": 10, "param_name": "transfer_every", "param_value_internal": 1.0, "distribution": "{\"name\": \"IntDistribution\", \"attributes\": {\"log\": true, \"step\": 1, \"low\": 1, \"high\": 500}}"}
{"op_code": 5, "worker_id": "a5f61362-f5aa-4b3b-b1c0-4a5f7a14f5e2-140612997558272", "trial_id": 10, "param_name": "rank_exp", "param_value_internal": 5.0, "distribution": "{\"name\": \"IntDistribution\", \"attributes\": {\"log\": false, \"step\": 1, \"low\": 0, \"high\": 6}}"}
{"op_code": 5, "worker_id": "a5f61362-f5aa-4b3b-b1c0-4a5f7a14f5e2-140612997558272", "trial_id": 10, "param_name": "fast_lr", "param_value_internal": 0.46736503321591294, "distribution": "{\"name\": \"FloatDistribution\", \"attributes\": {\"step\": null, \"low\": 0.009, \"high\": 3.0, \"log\": true}}"}
{"op_code": 5, "worker_id": "a5f61362-f5aa-4b3b-b1c0-4a5f7a14f5e2-140612997558272", "trial_id": 10, "param_name": "tau_sec", "param_value_internal": 0.0, "distribution": "{\"name\": \"FloatDistribution\", \"attributes\": {\"step\": null, \"low\": 0.0, \"high\": 0.0, \"log\": false}}"}
{"op_code": 5, "worker_id": "a5f61362-f5aa-4b3b-b1c0-4a5f7a14f5e2-140612997558272", "trial_id": 10, "param_name": "ab_dw_min", "param_value_internal": 0.001981, "distribution": "{\"name\": \"FloatDistribution\", \"attributes\": {\"step\": null, \"low\": 0.001981, \"high\": 0.001981, \"log\": true}}"}
{"op_code": 5, "worker_id": "a5f61362-f5aa-4b3b-b1c0-4a5f7a14f5e2-140612997558272", "trial_id": 10, "param_name": "ab_desired_bl", "param_value_internal": 31.0, "distribution": "{\"name\": \"IntDistribution\", \"attributes\": {\"log\": false, \"step\": 1, \"low\": 31, \"high\": 31}}"}
{"op_code": 5, "worker_id": "a5f61362-f5aa-4b3b-b1c0-4a5f7a14f5e2-140612997558272", "trial_id": 10, "param_name": "out_noise", "param_value_internal": 0.0, "distribution": "{\"name\": \"FloatDistribution\", \"attributes\": {\"step\": null, \"low\": 0.0, \"high\": 0.0, \"log\": false}}"}
{"op_code": 5, "worker_id": "a5f61362-f5aa-4b3b-b1c0-4a5f7a14f5e2-140612997558272", "trial_id": 10, "param_name": "ab_weight_scaling_omega", "param_value_internal": 0.0, "distribution": "{\"name\": \"FloatDistribution\", \"attributes\": {\"step\": null, \"low\": 0.0, \"high\": 0.0, \"log\": false}}"}
{"op_code": 5, "worker_id": "a5f61362-f5aa-4b3b-b1c0-4a5f7a14f5e2-140612997558272", "trial_id": 10, "param_name": "min_lr_rate", "param_value_internal": 0.0, "distribution": "{\"name\": \"FloatDistribution\", \"attributes\": {\"step\": null, \"low\": 0.0, \"high\": 0.0, \"log\": false}}"}
{"op_code": 8, "worker_id": "a5f61362-f5aa-4b3b-b1c0-4a5f7a14f5e2-140612997558272", "trial_id": 10, "user_attr": {"grad_accum_steps": 1}}
{"op_code": 8, "worker_id": "a5f61362-f5aa-4b3b-b1c0-4a5f7a14f5e2-140612997558272", "trial_id": 10, "user_attr": {"train_loss_epoch_1": 5.855673778606301}}
{"op_code": 8, "worker_id": "a5f61362-f5aa-4b3b-b1c0-4a5f7a14f5e2-140612997558272", "trial_id": 10, "user_attr": {"train_loss_epoch_2": 5.858847706750803}}
{"op_code": 8, "worker_id": "a5f61362-f5aa-4b3b-b1c0-4a5f7a14f5e2-140612997558272", "trial_id": 10, "user_attr": {"train_loss_epoch_3": 5.860692706276085}}
{"op_code": 7, "worker_id": "a5f61362-f5aa-4b3b-b1c0-4a5f7a14f5e2-140612997558272", "trial_id": 10, "step": 1, "intermediate_value": 4.038334865609751}
{"op_code": 7, "worker_id": "a5f61362-f5aa-4b3b-b1c0-4a5f7a14f5e2-140612997558272", "trial_id": 10, "step": 2, "intermediate_value": 4.038334865609751}
{"op_code": 7, "worker_id": "a5f61362-f5aa-4b3b-b1c0-4a5f7a14f5e2-140612997558272", "trial_id": 10, "step": 3, "intermediate_value": 4.038334865609751}
{"op_code": 6, "worker_id": "a5f61362-f5aa-4b3b-b1c0-4a5f7a14f5e2-140612997558272", "trial_id": 10, "state": 1, "values": [4.038334865609751], "datetime_complete": "2026-03-21T02:34:02.001901"}
{"op_code": 4, "worker_id": "a5f61362-f5aa-4b3b-b1c0-4a5f7a14f5e2-140612997558272", "study_id": 0, "datetime_start": "2026-03-21T07:03:30.757044"}
{"op_code": 5, "worker_id": "a5f61362-f5aa-4b3b-b1c0-4a5f7a14f5e2-140612997558272", "trial_id": 11, "param_name": "learning_rate", "param_value_internal": 0.00011409729203759807, "distribution": "{\"name\": \"FloatDistribution\", \"attributes\": {\"step\": null, \"low\": 9e-05, \"high\": 0.1, \"log\": true}}"}
{"op_code": 5, "worker_id": "a5f61362-f5aa-4b3b-b1c0-4a5f7a14f5e2-140612997558272", "trial_id": 11, "param_name": "transfer_lr", "param_value_internal": 144.5407413015499, "distribution": "{\"name\": \"FloatDistribution\", \"attributes\": {\"step\": null, \"low\": 0.0008, \"high\": 200000.0, \"log\": true}}"}
{"op_code": 5, "worker_id": "a5f61362-f5aa-4b3b-b1c0-4a5f7a14f5e2-140612997558272", "trial_id": 11, "param_name": "transfer_every", "param_value_internal": 1.0, "distribution": "{\"name\": \"IntDistribution\", \"attributes\": {\"log\": true, \"step\": 1, \"low\": 1, \"high\": 500}}"}
{"op_code": 5, "worker_id": "a5f61362-f5aa-4b3b-b1c0-4a5f7a14f5e2-140612997558272", "trial_id": 11, "param_name": "rank_exp", "param_value_internal": 0.0, "distribution": "{\"name\": \"IntDistribution\", \"attributes\": {\"log\": false, \"step\": 1, \"low\": 0, \"high\": 6}}"}
{"op_code": 5, "worker_id": "a5f61362-f5aa-4b3b-b1c0-4a5f7a14f5e2-140612997558272", "trial_id": 11, "param_name": "fast_lr", "param_value_internal": 0.17346124525593945, "distribution": "{\"name\": \"FloatDistribution\", \"attributes\": {\"step\": null, \"low\": 0.009, \"high\": 3.0, \"log\": true}}"}
{"op_code": 5, "worker_id": "a5f61362-f5aa-4b3b-b1c0-4a5f7a14f5e2-140612997558272", "trial_id": 11, "param_name": "tau_sec", "param_value_internal": 0.0, "distribution": "{\"name\": \"FloatDistribution\", \"attributes\": {\"step\": null, \"low\": 0.0, \"high\": 0.0, \"log\": false}}"}
{"op_code": 5, "worker_id": "a5f61362-f5aa-4b3b-b1c0-4a5f7a14f5e2-140612997558272", "trial_id": 11, "param_name": "ab_dw_min", "param_value_internal": 0.001981, "distribution": "{\"name\": \"FloatDistribution\", \"attributes\": {\"step\": null, \"low\": 0.001981, \"high\": 0.001981, \"log\": true}}"}
{"op_code": 5, "worker_id": "a5f61362-f5aa-4b3b-b1c0-4a5f7a14f5e2-140612997558272", "trial_id": 11, "param_name": "ab_desired_bl", "param_value_internal": 31.0, "distribution": "{\"name\": \"IntDistribution\", \"attributes\": {\"log\": false, \"step\": 1, \"low\": 31, \"high\": 31}}"}
{"op_code": 5, "worker_id": "a5f61362-f5aa-4b3b-b1c0-4a5f7a14f5e2-140612997558272", "trial_id": 11, "param_name": "out_noise", "param_value_internal": 0.0, "distribution": "{\"name\": \"FloatDistribution\", \"attributes\": {\"step\": null, \"low\": 0.0, \"high\": 0.0, \"log\": false}}"}
{"op_code": 5, "worker_id": "a5f61362-f5aa-4b3b-b1c0-4a5f7a14f5e2-140612997558272", "trial_id": 11, "param_name": "ab_weight_scaling_omega", "param_value_internal": 0.0, "distribution": "{\"name\": \"FloatDistribution\", \"attributes\": {\"step\": null, \"low\": 0.0, \"high\": 0.0, \"log\": false}}"}
{"op_code": 5, "worker_id": "a5f61362-f5aa-4b3b-b1c0-4a5f7a14f5e2-140612997558272", "trial_id": 11, "param_name": "min_lr_rate", "param_value_internal": 0.0, "distribution": "{\"name\": \"FloatDistribution\", \"attributes\": {\"step\": null, \"low\": 0.0, \"high\": 0.0, \"log\": false}}"}
{"op_code": 8, "worker_id": "a5f61362-f5aa-4b3b-b1c0-4a5f7a14f5e2-140612997558272", "trial_id": 11, "user_attr": {"grad_accum_steps": 1}}
{"op_code": 8, "worker_id": "a5f61362-f5aa-4b3b-b1c0-4a5f7a14f5e2-140612997558272", "trial_id": 11, "user_attr": {"train_loss_epoch_1": 3.7407099275408076}}
{"op_code": 8, "worker_id": "a5f61362-f5aa-4b3b-b1c0-4a5f7a14f5e2-140612997558272", "trial_id": 11, "user_attr": {"train_loss_epoch_2": 2.5903779479546274}}
{"op_code": 8, "worker_id": "a5f61362-f5aa-4b3b-b1c0-4a5f7a14f5e2-140612997558272", "trial_id": 11, "user_attr": {"train_loss_epoch_3": 2.390830549831959}}
{"op_code": 8, "worker_id": "a5f61362-f5aa-4b3b-b1c0-4a5f7a14f5e2-140612997558272", "trial_id": 11, "user_attr": {"train_loss_epoch_4": 2.2902786135996585}}
{"op_code": 8, "worker_id": "a5f61362-f5aa-4b3b-b1c0-4a5f7a14f5e2-140612997558272", "trial_id": 11, "user_attr": {"train_loss_epoch_5": 2.240562737278822}}
{"op_code": 7, "worker_id": "a5f61362-f5aa-4b3b-b1c0-4a5f7a14f5e2-140612997558272", "trial_id": 11, "step": 1, "intermediate_value": 43.60561552394826}
{"op_code": 7, "worker_id": "a5f61362-f5aa-4b3b-b1c0-4a5f7a14f5e2-140612997558272", "trial_id": 11, "step": 2, "intermediate_value": 52.158401103992794}
{"op_code": 7, "worker_id": "a5f61362-f5aa-4b3b-b1c0-4a5f7a14f5e2-140612997558272", "trial_id": 11, "step": 3, "intermediate_value": 56.51824867598373}
{"op_code": 7, "worker_id": "a5f61362-f5aa-4b3b-b1c0-4a5f7a14f5e2-140612997558272", "trial_id": 11, "step": 4, "intermediate_value": 58.71982468353693}
{"op_code": 7, "worker_id": "a5f61362-f5aa-4b3b-b1c0-4a5f7a14f5e2-140612997558272", "trial_id": 11, "step": 5, "intermediate_value": 59.56436437281056}
{"op_code": 6, "worker_id": "a5f61362-f5aa-4b3b-b1c0-4a5f7a14f5e2-140612997558272", "trial_id": 11, "state": 1, "values": [59.56436437281056], "datetime_complete": "2026-03-21T11:23:56.713479"}
