{"op_code":0,"worker_id":"181abb1d-c71b-454f-b735-c041833aaced-140473454612480","study_name":"bert_squad_lrtt_bs48_adam_hybrid_nowd_nomom_nonest_set_perfect_noos_as-separate_qkvo_5ep","directions":[2]}
{"op_code":4,"worker_id":"181abb1d-c71b-454f-b735-c041833aaced-140473454612480","study_id":0,"datetime_start":"2026-03-08T15:48:28.653666"}
{"op_code":5,"worker_id":"181abb1d-c71b-454f-b735-c041833aaced-140473454612480","trial_id":0,"param_name":"learning_rate","param_value_internal":0.015017757523532543,"distribution":"{\"name\": \"FloatDistribution\", \"attributes\": {\"step\": null, \"low\": 0.0001, \"high\": 0.02, \"log\": true}}"}
{"op_code":5,"worker_id":"181abb1d-c71b-454f-b735-c041833aaced-140473454612480","trial_id":0,"param_name":"transfer_lr","param_value_internal":997.6794696898666,"distribution":"{\"name\": \"FloatDistribution\", \"attributes\": {\"step\": null, \"low\": 0.0005, \"high\": 10000.0, \"log\": true}}"}
{"op_code":5,"worker_id":"181abb1d-c71b-454f-b735-c041833aaced-140473454612480","trial_id":0,"param_name":"transfer_every","param_value_internal":169.0,"distribution":"{\"name\": \"IntDistribution\", \"attributes\": {\"log\": true, \"step\": 1, \"low\": 1, \"high\": 500}}"}
{"op_code":5,"worker_id":"181abb1d-c71b-454f-b735-c041833aaced-140473454612480","trial_id":0,"param_name":"rank_exp","param_value_internal":2.0,"distribution":"{\"name\": \"IntDistribution\", \"attributes\": {\"log\": false, \"step\": 1, \"low\": 0, \"high\": 7}}"}
{"op_code":5,"worker_id":"181abb1d-c71b-454f-b735-c041833aaced-140473454612480","trial_id":0,"param_name":"fast_lr","param_value_internal":0.23566742011584507,"distribution":"{\"name\": \"FloatDistribution\", \"attributes\": {\"step\": null, \"low\": 0.1, \"high\": 1.0, \"log\": true}}"}
{"op_code":5,"worker_id":"181abb1d-c71b-454f-b735-c041833aaced-140473454612480","trial_id":0,"param_name":"tau_sec","param_value_internal":0.0,"distribution":"{\"name\": \"FloatDistribution\", \"attributes\": {\"step\": null, \"low\": 0.0, \"high\": 0.0, \"log\": false}}"}
{"op_code":5,"worker_id":"181abb1d-c71b-454f-b735-c041833aaced-140473454612480","trial_id":0,"param_name":"out_noise","param_value_internal":0.0,"distribution":"{\"name\": \"FloatDistribution\", \"attributes\": {\"step\": null, \"low\": 0.0, \"high\": 0.0, \"log\": false}}"}
{"op_code":5,"worker_id":"181abb1d-c71b-454f-b735-c041833aaced-140473454612480","trial_id":0,"param_name":"ab_weight_scaling_omega","param_value_internal":0.0,"distribution":"{\"name\": \"FloatDistribution\", \"attributes\": {\"step\": null, \"low\": 0.0, \"high\": 0.0, \"log\": false}}"}
{"op_code":5,"worker_id":"181abb1d-c71b-454f-b735-c041833aaced-140473454612480","trial_id":0,"param_name":"min_lr_rate","param_value_internal":0.0,"distribution":"{\"name\": \"FloatDistribution\", \"attributes\": {\"step\": null, \"low\": 0.0, \"high\": 0.0, \"log\": false}}"}
{"op_code":8,"worker_id":"181abb1d-c71b-454f-b735-c041833aaced-140473454612480","trial_id":0,"user_attr":{"error":"CUDA_CALL Error 'out of memory' at cuda_util.cu:978\n"}}
{"op_code":6,"worker_id":"181abb1d-c71b-454f-b735-c041833aaced-140473454612480","trial_id":0,"state":3,"values":null,"datetime_complete":"2026-03-08T15:52:00.138493"}
{"op_code":0,"worker_id":"82186f5a-6d0b-4533-b3e9-fb18cc0691f6-139837650915328","study_name":"bert_squad_lrtt_bs48_adam_hybrid_nowd_nomom_nonest_set_perfect_noos_as-separate_qkvo_5ep","directions":[2]}
{"op_code":4,"worker_id":"82186f5a-6d0b-4533-b3e9-fb18cc0691f6-139837650915328","study_id":0,"datetime_start":null,"state":4,"value":null,"values":null,"distributions":{},"params":{},"user_attrs":{},"system_attrs":{"fixed_params":{"learning_rate":0.015017757523532543,"transfer_lr":997.6794696898666,"transfer_every":169,"rank_exp":2,"fast_lr":0.23566742011584507,"tau_sec":0.0,"out_noise":0.0,"ab_weight_scaling_omega":0.0,"min_lr_rate":0.0}},"intermediate_values":{}}
{"op_code":6,"worker_id":"82186f5a-6d0b-4533-b3e9-fb18cc0691f6-139837650915328","trial_id":1,"state":0,"values":null,"datetime_start":"2026-03-08T15:52:10.589380"}
{"op_code":5,"worker_id":"82186f5a-6d0b-4533-b3e9-fb18cc0691f6-139837650915328","trial_id":1,"param_name":"learning_rate","param_value_internal":0.015017757523532543,"distribution":"{\"name\": \"FloatDistribution\", \"attributes\": {\"step\": null, \"low\": 0.0001, \"high\": 0.02, \"log\": true}}"}
{"op_code":5,"worker_id":"82186f5a-6d0b-4533-b3e9-fb18cc0691f6-139837650915328","trial_id":1,"param_name":"transfer_lr","param_value_internal":997.6794696898666,"distribution":"{\"name\": \"FloatDistribution\", \"attributes\": {\"step\": null, \"low\": 0.0005, \"high\": 10000.0, \"log\": true}}"}
{"op_code":5,"worker_id":"82186f5a-6d0b-4533-b3e9-fb18cc0691f6-139837650915328","trial_id":1,"param_name":"transfer_every","param_value_internal":169.0,"distribution":"{\"name\": \"IntDistribution\", \"attributes\": {\"log\": true, \"step\": 1, \"low\": 1, \"high\": 500}}"}
{"op_code":5,"worker_id":"82186f5a-6d0b-4533-b3e9-fb18cc0691f6-139837650915328","trial_id":1,"param_name":"rank_exp","param_value_internal":2.0,"distribution":"{\"name\": \"IntDistribution\", \"attributes\": {\"log\": false, \"step\": 1, \"low\": 0, \"high\": 7}}"}
{"op_code":5,"worker_id":"82186f5a-6d0b-4533-b3e9-fb18cc0691f6-139837650915328","trial_id":1,"param_name":"fast_lr","param_value_internal":0.23566742011584507,"distribution":"{\"name\": \"FloatDistribution\", \"attributes\": {\"step\": null, \"low\": 0.1, \"high\": 1.0, \"log\": true}}"}
{"op_code":5,"worker_id":"82186f5a-6d0b-4533-b3e9-fb18cc0691f6-139837650915328","trial_id":1,"param_name":"tau_sec","param_value_internal":0.0,"distribution":"{\"name\": \"FloatDistribution\", \"attributes\": {\"step\": null, \"low\": 0.0, \"high\": 0.0, \"log\": false}}"}
{"op_code":5,"worker_id":"82186f5a-6d0b-4533-b3e9-fb18cc0691f6-139837650915328","trial_id":1,"param_name":"out_noise","param_value_internal":0.0,"distribution":"{\"name\": \"FloatDistribution\", \"attributes\": {\"step\": null, \"low\": 0.0, \"high\": 0.0, \"log\": false}}"}
{"op_code":5,"worker_id":"82186f5a-6d0b-4533-b3e9-fb18cc0691f6-139837650915328","trial_id":1,"param_name":"ab_weight_scaling_omega","param_value_internal":0.0,"distribution":"{\"name\": \"FloatDistribution\", \"attributes\": {\"step\": null, \"low\": 0.0, \"high\": 0.0, \"log\": false}}"}
{"op_code":5,"worker_id":"82186f5a-6d0b-4533-b3e9-fb18cc0691f6-139837650915328","trial_id":1,"param_name":"min_lr_rate","param_value_internal":0.0,"distribution":"{\"name\": \"FloatDistribution\", \"attributes\": {\"step\": null, \"low\": 0.0, \"high\": 0.0, \"log\": false}}"}
{"op_code":7,"worker_id":"82186f5a-6d0b-4533-b3e9-fb18cc0691f6-139837650915328","trial_id":1,"step":1,"intermediate_value":3.21906628386332}
{"op_code":8,"worker_id":"82186f5a-6d0b-4533-b3e9-fb18cc0691f6-139837650915328","trial_id":1,"user_attr":{"train_loss_epoch_1":5.587057839502452}}
{"op_code":7,"worker_id":"82186f5a-6d0b-4533-b3e9-fb18cc0691f6-139837650915328","trial_id":1,"step":2,"intermediate_value":3.21906628386332}
{"op_code":8,"worker_id":"82186f5a-6d0b-4533-b3e9-fb18cc0691f6-139837650915328","trial_id":1,"user_attr":{"train_loss_epoch_2":5.771999342456423}}
{"op_code":7,"worker_id":"82186f5a-6d0b-4533-b3e9-fb18cc0691f6-139837650915328","trial_id":1,"step":3,"intermediate_value":3.21906628386332}
{"op_code":8,"worker_id":"82186f5a-6d0b-4533-b3e9-fb18cc0691f6-139837650915328","trial_id":1,"user_attr":{"train_loss_epoch_3":5.773464408790752}}
{"op_code":6,"worker_id":"82186f5a-6d0b-4533-b3e9-fb18cc0691f6-139837650915328","trial_id":1,"state":1,"values":[3.21906628386332],"datetime_complete":"2026-03-08T17:53:45.379270"}
{"op_code":0,"worker_id":"7675fcc3-700a-41cd-aaa7-327cbb3cb026-140450828443648","study_name":"bert_squad_lrtt_bs48_adam_hybrid_nowd_nomom_nonest_set_perfect_noos_as-separate_qkvo_5ep","directions":[2]}
{"op_code":4,"worker_id":"7675fcc3-700a-41cd-aaa7-327cbb3cb026-140450828443648","study_id":0,"datetime_start":"2026-03-08T17:53:55.804958"}
{"op_code":5,"worker_id":"7675fcc3-700a-41cd-aaa7-327cbb3cb026-140450828443648","trial_id":2,"param_name":"learning_rate","param_value_internal":0.0005688954665406482,"distribution":"{\"name\": \"FloatDistribution\", \"attributes\": {\"step\": null, \"low\": 0.0001, \"high\": 0.02, \"log\": true}}"}
{"op_code":5,"worker_id":"7675fcc3-700a-41cd-aaa7-327cbb3cb026-140450828443648","trial_id":2,"param_name":"transfer_lr","param_value_internal":0.008675670175146392,"distribution":"{\"name\": \"FloatDistribution\", \"attributes\": {\"step\": null, \"low\": 0.0005, \"high\": 10000.0, \"log\": true}}"}
{"op_code":5,"worker_id":"7675fcc3-700a-41cd-aaa7-327cbb3cb026-140450828443648","trial_id":2,"param_name":"transfer_every","param_value_internal":1.0,"distribution":"{\"name\": \"IntDistribution\", \"attributes\": {\"log\": true, \"step\": 1, \"low\": 1, \"high\": 500}}"}
{"op_code":5,"worker_id":"7675fcc3-700a-41cd-aaa7-327cbb3cb026-140450828443648","trial_id":2,"param_name":"rank_exp","param_value_internal":7.0,"distribution":"{\"name\": \"IntDistribution\", \"attributes\": {\"log\": false, \"step\": 1, \"low\": 0, \"high\": 7}}"}
{"op_code":5,"worker_id":"7675fcc3-700a-41cd-aaa7-327cbb3cb026-140450828443648","trial_id":2,"param_name":"fast_lr","param_value_internal":0.4584296602122767,"distribution":"{\"name\": \"FloatDistribution\", \"attributes\": {\"step\": null, \"low\": 0.1, \"high\": 1.0, \"log\": true}}"}
{"op_code":5,"worker_id":"7675fcc3-700a-41cd-aaa7-327cbb3cb026-140450828443648","trial_id":2,"param_name":"tau_sec","param_value_internal":0.0,"distribution":"{\"name\": \"FloatDistribution\", \"attributes\": {\"step\": null, \"low\": 0.0, \"high\": 0.0, \"log\": false}}"}
{"op_code":5,"worker_id":"7675fcc3-700a-41cd-aaa7-327cbb3cb026-140450828443648","trial_id":2,"param_name":"out_noise","param_value_internal":0.0,"distribution":"{\"name\": \"FloatDistribution\", \"attributes\": {\"step\": null, \"low\": 0.0, \"high\": 0.0, \"log\": false}}"}
{"op_code":5,"worker_id":"7675fcc3-700a-41cd-aaa7-327cbb3cb026-140450828443648","trial_id":2,"param_name":"ab_weight_scaling_omega","param_value_internal":0.0,"distribution":"{\"name\": \"FloatDistribution\", \"attributes\": {\"step\": null, \"low\": 0.0, \"high\": 0.0, \"log\": false}}"}
{"op_code":5,"worker_id":"7675fcc3-700a-41cd-aaa7-327cbb3cb026-140450828443648","trial_id":2,"param_name":"min_lr_rate","param_value_internal":0.0,"distribution":"{\"name\": \"FloatDistribution\", \"attributes\": {\"step\": null, \"low\": 0.0, \"high\": 0.0, \"log\": false}}"}
{"op_code":8,"worker_id":"7675fcc3-700a-41cd-aaa7-327cbb3cb026-140450828443648","trial_id":2,"user_attr":{"error":"CUDA_CALL Error 'out of memory' at cuda_util.cu:978\n"}}
{"op_code":6,"worker_id":"7675fcc3-700a-41cd-aaa7-327cbb3cb026-140450828443648","trial_id":2,"state":3,"values":null,"datetime_complete":"2026-03-08T17:56:28.834871"}
{"op_code":0,"worker_id":"b0627973-b5a6-4903-9822-186c9bd6cb42-139808692248576","study_name":"bert_squad_lrtt_bs48_adam_hybrid_nowd_nomom_nonest_set_perfect_noos_as-separate_qkvo_5ep","directions":[2]}
{"op_code":4,"worker_id":"b0627973-b5a6-4903-9822-186c9bd6cb42-139808692248576","study_id":0,"datetime_start":null,"state":4,"value":null,"values":null,"distributions":{},"params":{},"user_attrs":{},"system_attrs":{"fixed_params":{"learning_rate":0.0005688954665406482,"transfer_lr":0.008675670175146392,"transfer_every":1,"rank_exp":7,"fast_lr":0.4584296602122767,"tau_sec":0.0,"out_noise":0.0,"ab_weight_scaling_omega":0.0,"min_lr_rate":0.0}},"intermediate_values":{}}
{"op_code":6,"worker_id":"b0627973-b5a6-4903-9822-186c9bd6cb42-139808692248576","trial_id":3,"state":0,"values":null,"datetime_start":"2026-03-08T17:56:39.571077"}
{"op_code":5,"worker_id":"b0627973-b5a6-4903-9822-186c9bd6cb42-139808692248576","trial_id":3,"param_name":"learning_rate","param_value_internal":0.0005688954665406482,"distribution":"{\"name\": \"FloatDistribution\", \"attributes\": {\"step\": null, \"low\": 0.0001, \"high\": 0.02, \"log\": true}}"}
{"op_code":5,"worker_id":"b0627973-b5a6-4903-9822-186c9bd6cb42-139808692248576","trial_id":3,"param_name":"transfer_lr","param_value_internal":0.008675670175146392,"distribution":"{\"name\": \"FloatDistribution\", \"attributes\": {\"step\": null, \"low\": 0.0005, \"high\": 10000.0, \"log\": true}}"}
{"op_code":5,"worker_id":"b0627973-b5a6-4903-9822-186c9bd6cb42-139808692248576","trial_id":3,"param_name":"transfer_every","param_value_internal":1.0,"distribution":"{\"name\": \"IntDistribution\", \"attributes\": {\"log\": true, \"step\": 1, \"low\": 1, \"high\": 500}}"}
{"op_code":5,"worker_id":"b0627973-b5a6-4903-9822-186c9bd6cb42-139808692248576","trial_id":3,"param_name":"rank_exp","param_value_internal":7.0,"distribution":"{\"name\": \"IntDistribution\", \"attributes\": {\"log\": false, \"step\": 1, \"low\": 0, \"high\": 7}}"}
{"op_code":5,"worker_id":"b0627973-b5a6-4903-9822-186c9bd6cb42-139808692248576","trial_id":3,"param_name":"fast_lr","param_value_internal":0.4584296602122767,"distribution":"{\"name\": \"FloatDistribution\", \"attributes\": {\"step\": null, \"low\": 0.1, \"high\": 1.0, \"log\": true}}"}
{"op_code":5,"worker_id":"b0627973-b5a6-4903-9822-186c9bd6cb42-139808692248576","trial_id":3,"param_name":"tau_sec","param_value_internal":0.0,"distribution":"{\"name\": \"FloatDistribution\", \"attributes\": {\"step\": null, \"low\": 0.0, \"high\": 0.0, \"log\": false}}"}
{"op_code":5,"worker_id":"b0627973-b5a6-4903-9822-186c9bd6cb42-139808692248576","trial_id":3,"param_name":"out_noise","param_value_internal":0.0,"distribution":"{\"name\": \"FloatDistribution\", \"attributes\": {\"step\": null, \"low\": 0.0, \"high\": 0.0, \"log\": false}}"}
{"op_code":5,"worker_id":"b0627973-b5a6-4903-9822-186c9bd6cb42-139808692248576","trial_id":3,"param_name":"ab_weight_scaling_omega","param_value_internal":0.0,"distribution":"{\"name\": \"FloatDistribution\", \"attributes\": {\"step\": null, \"low\": 0.0, \"high\": 0.0, \"log\": false}}"}
{"op_code":5,"worker_id":"b0627973-b5a6-4903-9822-186c9bd6cb42-139808692248576","trial_id":3,"param_name":"min_lr_rate","param_value_internal":0.0,"distribution":"{\"name\": \"FloatDistribution\", \"attributes\": {\"step\": null, \"low\": 0.0, \"high\": 0.0, \"log\": false}}"}
{"op_code":7,"worker_id":"b0627973-b5a6-4903-9822-186c9bd6cb42-139808692248576","trial_id":3,"step":1,"intermediate_value":68.16589828162617}
{"op_code":8,"worker_id":"b0627973-b5a6-4903-9822-186c9bd6cb42-139808692248576","trial_id":3,"user_attr":{"train_loss_epoch_1":2.7346527629119652}}
{"op_code":7,"worker_id":"b0627973-b5a6-4903-9822-186c9bd6cb42-139808692248576","trial_id":3,"step":2,"intermediate_value":72.8348760668235}
{"op_code":8,"worker_id":"b0627973-b5a6-4903-9822-186c9bd6cb42-139808692248576","trial_id":3,"user_attr":{"train_loss_epoch_2":1.826850239356122}}
{"op_code":7,"worker_id":"b0627973-b5a6-4903-9822-186c9bd6cb42-139808692248576","trial_id":3,"step":3,"intermediate_value":74.52313711985165}
{"op_code":8,"worker_id":"b0627973-b5a6-4903-9822-186c9bd6cb42-139808692248576","trial_id":3,"user_attr":{"train_loss_epoch_3":1.7164885192164305}}
{"op_code":7,"worker_id":"b0627973-b5a6-4903-9822-186c9bd6cb42-139808692248576","trial_id":3,"step":4,"intermediate_value":74.97725979025705}
{"op_code":8,"worker_id":"b0627973-b5a6-4903-9822-186c9bd6cb42-139808692248576","trial_id":3,"user_attr":{"train_loss_epoch_4":1.6703384339760945}}
{"op_code":7,"worker_id":"b0627973-b5a6-4903-9822-186c9bd6cb42-139808692248576","trial_id":3,"step":5,"intermediate_value":75.42474999591312}
{"op_code":8,"worker_id":"b0627973-b5a6-4903-9822-186c9bd6cb42-139808692248576","trial_id":3,"user_attr":{"train_loss_epoch_5":1.6463945581196253}}
{"op_code":6,"worker_id":"b0627973-b5a6-4903-9822-186c9bd6cb42-139808692248576","trial_id":3,"state":1,"values":[75.42474999591312],"datetime_complete":"2026-03-09T19:17:33.163285"}
{"op_code":0,"worker_id":"87ee54b0-b4ee-46c1-80b1-4ddce116d25d-140697407086592","study_name":"bert_squad_lrtt_bs48_adam_hybrid_nowd_nomom_nonest_set_perfect_noos_as-separate_qkvo_5ep","directions":[2]}
{"op_code":4,"worker_id":"87ee54b0-b4ee-46c1-80b1-4ddce116d25d-140697407086592","study_id":0,"datetime_start":"2026-03-09T19:17:44.167415"}
{"op_code":5,"worker_id":"87ee54b0-b4ee-46c1-80b1-4ddce116d25d-140697407086592","trial_id":4,"param_name":"learning_rate","param_value_internal":0.008008879540609842,"distribution":"{\"name\": \"FloatDistribution\", \"attributes\": {\"step\": null, \"low\": 0.0001, \"high\": 0.02, \"log\": true}}"}
{"op_code":5,"worker_id":"87ee54b0-b4ee-46c1-80b1-4ddce116d25d-140697407086592","trial_id":4,"param_name":"transfer_lr","param_value_internal":18.350428244784634,"distribution":"{\"name\": \"FloatDistribution\", \"attributes\": {\"step\": null, \"low\": 0.0005, \"high\": 10000.0, \"log\": true}}"}
{"op_code":5,"worker_id":"87ee54b0-b4ee-46c1-80b1-4ddce116d25d-140697407086592","trial_id":4,"param_name":"transfer_every","param_value_internal":350.0,"distribution":"{\"name\": \"IntDistribution\", \"attributes\": {\"log\": true, \"step\": 1, \"low\": 1, \"high\": 500}}"}
{"op_code":5,"worker_id":"87ee54b0-b4ee-46c1-80b1-4ddce116d25d-140697407086592","trial_id":4,"param_name":"rank_exp","param_value_internal":5.0,"distribution":"{\"name\": \"IntDistribution\", \"attributes\": {\"log\": false, \"step\": 1, \"low\": 0, \"high\": 7}}"}
{"op_code":5,"worker_id":"87ee54b0-b4ee-46c1-80b1-4ddce116d25d-140697407086592","trial_id":4,"param_name":"fast_lr","param_value_internal":0.25408691578183806,"distribution":"{\"name\": \"FloatDistribution\", \"attributes\": {\"step\": null, \"low\": 0.1, \"high\": 1.0, \"log\": true}}"}
{"op_code":5,"worker_id":"87ee54b0-b4ee-46c1-80b1-4ddce116d25d-140697407086592","trial_id":4,"param_name":"tau_sec","param_value_internal":0.0,"distribution":"{\"name\": \"FloatDistribution\", \"attributes\": {\"step\": null, \"low\": 0.0, \"high\": 0.0, \"log\": false}}"}
{"op_code":5,"worker_id":"87ee54b0-b4ee-46c1-80b1-4ddce116d25d-140697407086592","trial_id":4,"param_name":"out_noise","param_value_internal":0.0,"distribution":"{\"name\": \"FloatDistribution\", \"attributes\": {\"step\": null, \"low\": 0.0, \"high\": 0.0, \"log\": false}}"}
{"op_code":5,"worker_id":"87ee54b0-b4ee-46c1-80b1-4ddce116d25d-140697407086592","trial_id":4,"param_name":"ab_weight_scaling_omega","param_value_internal":0.0,"distribution":"{\"name\": \"FloatDistribution\", \"attributes\": {\"step\": null, \"low\": 0.0, \"high\": 0.0, \"log\": false}}"}
{"op_code":5,"worker_id":"87ee54b0-b4ee-46c1-80b1-4ddce116d25d-140697407086592","trial_id":4,"param_name":"min_lr_rate","param_value_internal":0.0,"distribution":"{\"name\": \"FloatDistribution\", \"attributes\": {\"step\": null, \"low\": 0.0, \"high\": 0.0, \"log\": false}}"}
{"op_code":8,"worker_id":"87ee54b0-b4ee-46c1-80b1-4ddce116d25d-140697407086592","trial_id":4,"user_attr":{"error":"CUDA_CALL Error 'out of memory' at cuda_util.cu:978\n"}}
{"op_code":6,"worker_id":"87ee54b0-b4ee-46c1-80b1-4ddce116d25d-140697407086592","trial_id":4,"state":3,"values":null,"datetime_complete":"2026-03-09T19:20:47.900258"}
{"op_code":0,"worker_id":"e316373b-5ef4-4ac5-aa74-ce7b77cc8a3a-140181574201344","study_name":"bert_squad_lrtt_bs48_adam_hybrid_nowd_nomom_nonest_set_perfect_noos_as-separate_qkvo_5ep","directions":[2]}
{"op_code":4,"worker_id":"e316373b-5ef4-4ac5-aa74-ce7b77cc8a3a-140181574201344","study_id":0,"datetime_start":null,"state":4,"value":null,"values":null,"distributions":{},"params":{},"user_attrs":{},"system_attrs":{"fixed_params":{"learning_rate":0.008008879540609842,"transfer_lr":18.350428244784634,"transfer_every":350,"rank_exp":5,"fast_lr":0.25408691578183806,"tau_sec":0.0,"out_noise":0.0,"ab_weight_scaling_omega":0.0,"min_lr_rate":0.0}},"intermediate_values":{}}
{"op_code":6,"worker_id":"e316373b-5ef4-4ac5-aa74-ce7b77cc8a3a-140181574201344","trial_id":5,"state":0,"values":null,"datetime_start":"2026-03-09T19:20:58.719637"}
{"op_code":5,"worker_id":"e316373b-5ef4-4ac5-aa74-ce7b77cc8a3a-140181574201344","trial_id":5,"param_name":"learning_rate","param_value_internal":0.008008879540609842,"distribution":"{\"name\": \"FloatDistribution\", \"attributes\": {\"step\": null, \"low\": 0.0001, \"high\": 0.02, \"log\": true}}"}
{"op_code":5,"worker_id":"e316373b-5ef4-4ac5-aa74-ce7b77cc8a3a-140181574201344","trial_id":5,"param_name":"transfer_lr","param_value_internal":18.350428244784634,"distribution":"{\"name\": \"FloatDistribution\", \"attributes\": {\"step\": null, \"low\": 0.0005, \"high\": 10000.0, \"log\": true}}"}
{"op_code":5,"worker_id":"e316373b-5ef4-4ac5-aa74-ce7b77cc8a3a-140181574201344","trial_id":5,"param_name":"transfer_every","param_value_internal":350.0,"distribution":"{\"name\": \"IntDistribution\", \"attributes\": {\"log\": true, \"step\": 1, \"low\": 1, \"high\": 500}}"}
{"op_code":5,"worker_id":"e316373b-5ef4-4ac5-aa74-ce7b77cc8a3a-140181574201344","trial_id":5,"param_name":"rank_exp","param_value_internal":5.0,"distribution":"{\"name\": \"IntDistribution\", \"attributes\": {\"log\": false, \"step\": 1, \"low\": 0, \"high\": 7}}"}
{"op_code":5,"worker_id":"e316373b-5ef4-4ac5-aa74-ce7b77cc8a3a-140181574201344","trial_id":5,"param_name":"fast_lr","param_value_internal":0.25408691578183806,"distribution":"{\"name\": \"FloatDistribution\", \"attributes\": {\"step\": null, \"low\": 0.1, \"high\": 1.0, \"log\": true}}"}
{"op_code":5,"worker_id":"e316373b-5ef4-4ac5-aa74-ce7b77cc8a3a-140181574201344","trial_id":5,"param_name":"tau_sec","param_value_internal":0.0,"distribution":"{\"name\": \"FloatDistribution\", \"attributes\": {\"step\": null, \"low\": 0.0, \"high\": 0.0, \"log\": false}}"}
{"op_code":5,"worker_id":"e316373b-5ef4-4ac5-aa74-ce7b77cc8a3a-140181574201344","trial_id":5,"param_name":"out_noise","param_value_internal":0.0,"distribution":"{\"name\": \"FloatDistribution\", \"attributes\": {\"step\": null, \"low\": 0.0, \"high\": 0.0, \"log\": false}}"}
{"op_code":5,"worker_id":"e316373b-5ef4-4ac5-aa74-ce7b77cc8a3a-140181574201344","trial_id":5,"param_name":"ab_weight_scaling_omega","param_value_internal":0.0,"distribution":"{\"name\": \"FloatDistribution\", \"attributes\": {\"step\": null, \"low\": 0.0, \"high\": 0.0, \"log\": false}}"}
{"op_code":5,"worker_id":"e316373b-5ef4-4ac5-aa74-ce7b77cc8a3a-140181574201344","trial_id":5,"param_name":"min_lr_rate","param_value_internal":0.0,"distribution":"{\"name\": \"FloatDistribution\", \"attributes\": {\"step\": null, \"low\": 0.0, \"high\": 0.0, \"log\": false}}"}
{"op_code":7,"worker_id":"e316373b-5ef4-4ac5-aa74-ce7b77cc8a3a-140181574201344","trial_id":5,"step":1,"intermediate_value":2.8451266565244926}
{"op_code":8,"worker_id":"e316373b-5ef4-4ac5-aa74-ce7b77cc8a3a-140181574201344","trial_id":5,"user_attr":{"train_loss_epoch_1":4.793567238056941}}
{"op_code":7,"worker_id":"e316373b-5ef4-4ac5-aa74-ce7b77cc8a3a-140181574201344","trial_id":5,"step":2,"intermediate_value":6.691904721398799}
{"op_code":8,"worker_id":"e316373b-5ef4-4ac5-aa74-ce7b77cc8a3a-140181574201344","trial_id":5,"user_attr":{"train_loss_epoch_2":5.77271382561154}}
{"op_code":7,"worker_id":"e316373b-5ef4-4ac5-aa74-ce7b77cc8a3a-140181574201344","trial_id":5,"step":3,"intermediate_value":6.691904721398799}
{"op_code":8,"worker_id":"e316373b-5ef4-4ac5-aa74-ce7b77cc8a3a-140181574201344","trial_id":5,"user_attr":{"train_loss_epoch_3":5.7735080998193995}}
{"op_code":6,"worker_id":"e316373b-5ef4-4ac5-aa74-ce7b77cc8a3a-140181574201344","trial_id":5,"state":1,"values":[6.691904721398799],"datetime_complete":"2026-03-09T21:25:45.783309"}
{"op_code":0,"worker_id":"4128289f-920c-49bd-ba1e-62936e00db99-140600382472192","study_name":"bert_squad_lrtt_bs48_adam_hybrid_nowd_nomom_nonest_set_perfect_noos_as-separate_qkvo_5ep","directions":[2]}
{"op_code":4,"worker_id":"4128289f-920c-49bd-ba1e-62936e00db99-140600382472192","study_id":0,"datetime_start":"2026-03-09T21:25:56.125112"}
{"op_code":5,"worker_id":"4128289f-920c-49bd-ba1e-62936e00db99-140600382472192","trial_id":6,"param_name":"learning_rate","param_value_internal":0.003258074486425277,"distribution":"{\"name\": \"FloatDistribution\", \"attributes\": {\"step\": null, \"low\": 0.0001, \"high\": 0.02, \"log\": true}}"}
{"op_code":5,"worker_id":"4128289f-920c-49bd-ba1e-62936e00db99-140600382472192","trial_id":6,"param_name":"transfer_lr","param_value_internal":1.3407880655513487,"distribution":"{\"name\": \"FloatDistribution\", \"attributes\": {\"step\": null, \"low\": 0.0005, \"high\": 10000.0, \"log\": true}}"}
{"op_code":5,"worker_id":"4128289f-920c-49bd-ba1e-62936e00db99-140600382472192","trial_id":6,"param_name":"transfer_every","param_value_internal":396.0,"distribution":"{\"name\": \"IntDistribution\", \"attributes\": {\"log\": true, \"step\": 1, \"low\": 1, \"high\": 500}}"}
{"op_code":5,"worker_id":"4128289f-920c-49bd-ba1e-62936e00db99-140600382472192","trial_id":6,"param_name":"rank_exp","param_value_internal":3.0,"distribution":"{\"name\": \"IntDistribution\", \"attributes\": {\"log\": false, \"step\": 1, \"low\": 0, \"high\": 7}}"}
{"op_code":5,"worker_id":"4128289f-920c-49bd-ba1e-62936e00db99-140600382472192","trial_id":6,"param_name":"fast_lr","param_value_internal":0.5667338205612008,"distribution":"{\"name\": \"FloatDistribution\", \"attributes\": {\"step\": null, \"low\": 0.1, \"high\": 1.0, \"log\": true}}"}
{"op_code":5,"worker_id":"4128289f-920c-49bd-ba1e-62936e00db99-140600382472192","trial_id":6,"param_name":"tau_sec","param_value_internal":0.0,"distribution":"{\"name\": \"FloatDistribution\", \"attributes\": {\"step\": null, \"low\": 0.0, \"high\": 0.0, \"log\": false}}"}
{"op_code":5,"worker_id":"4128289f-920c-49bd-ba1e-62936e00db99-140600382472192","trial_id":6,"param_name":"out_noise","param_value_internal":0.0,"distribution":"{\"name\": \"FloatDistribution\", \"attributes\": {\"step\": null, \"low\": 0.0, \"high\": 0.0, \"log\": false}}"}
{"op_code":5,"worker_id":"4128289f-920c-49bd-ba1e-62936e00db99-140600382472192","trial_id":6,"param_name":"ab_weight_scaling_omega","param_value_internal":0.0,"distribution":"{\"name\": \"FloatDistribution\", \"attributes\": {\"step\": null, \"low\": 0.0, \"high\": 0.0, \"log\": false}}"}
{"op_code":5,"worker_id":"4128289f-920c-49bd-ba1e-62936e00db99-140600382472192","trial_id":6,"param_name":"min_lr_rate","param_value_internal":0.0,"distribution":"{\"name\": \"FloatDistribution\", \"attributes\": {\"step\": null, \"low\": 0.0, \"high\": 0.0, \"log\": false}}"}
{"op_code":8,"worker_id":"4128289f-920c-49bd-ba1e-62936e00db99-140600382472192","trial_id":6,"user_attr":{"error":"CUDA_CALL Error 'out of memory' at cuda_util.cu:978\n"}}
{"op_code":6,"worker_id":"4128289f-920c-49bd-ba1e-62936e00db99-140600382472192","trial_id":6,"state":3,"values":null,"datetime_complete":"2026-03-09T21:29:27.611923"}
{"op_code":0,"worker_id":"ee6e73b1-f9d8-4cda-b8d4-54983e1a7439-139747358011392","study_name":"bert_squad_lrtt_bs48_adam_hybrid_nowd_nomom_nonest_set_perfect_noos_as-separate_qkvo_5ep","directions":[2]}
{"op_code":4,"worker_id":"ee6e73b1-f9d8-4cda-b8d4-54983e1a7439-139747358011392","study_id":0,"datetime_start":null,"state":4,"value":null,"values":null,"distributions":{},"params":{},"user_attrs":{},"system_attrs":{"fixed_params":{"learning_rate":0.003258074486425277,"transfer_lr":1.3407880655513487,"transfer_every":396,"rank_exp":3,"fast_lr":0.5667338205612008,"tau_sec":0.0,"out_noise":0.0,"ab_weight_scaling_omega":0.0,"min_lr_rate":0.0}},"intermediate_values":{}}
{"op_code":6,"worker_id":"ee6e73b1-f9d8-4cda-b8d4-54983e1a7439-139747358011392","trial_id":7,"state":0,"values":null,"datetime_start":"2026-03-09T21:29:38.052042"}
{"op_code":5,"worker_id":"ee6e73b1-f9d8-4cda-b8d4-54983e1a7439-139747358011392","trial_id":7,"param_name":"learning_rate","param_value_internal":0.003258074486425277,"distribution":"{\"name\": \"FloatDistribution\", \"attributes\": {\"step\": null, \"low\": 0.0001, \"high\": 0.02, \"log\": true}}"}
{"op_code":5,"worker_id":"ee6e73b1-f9d8-4cda-b8d4-54983e1a7439-139747358011392","trial_id":7,"param_name":"transfer_lr","param_value_internal":1.3407880655513487,"distribution":"{\"name\": \"FloatDistribution\", \"attributes\": {\"step\": null, \"low\": 0.0005, \"high\": 10000.0, \"log\": true}}"}
{"op_code":5,"worker_id":"ee6e73b1-f9d8-4cda-b8d4-54983e1a7439-139747358011392","trial_id":7,"param_name":"transfer_every","param_value_internal":396.0,"distribution":"{\"name\": \"IntDistribution\", \"attributes\": {\"log\": true, \"step\": 1, \"low\": 1, \"high\": 500}}"}
{"op_code":5,"worker_id":"ee6e73b1-f9d8-4cda-b8d4-54983e1a7439-139747358011392","trial_id":7,"param_name":"rank_exp","param_value_internal":3.0,"distribution":"{\"name\": \"IntDistribution\", \"attributes\": {\"log\": false, \"step\": 1, \"low\": 0, \"high\": 7}}"}
{"op_code":5,"worker_id":"ee6e73b1-f9d8-4cda-b8d4-54983e1a7439-139747358011392","trial_id":7,"param_name":"fast_lr","param_value_internal":0.5667338205612008,"distribution":"{\"name\": \"FloatDistribution\", \"attributes\": {\"step\": null, \"low\": 0.1, \"high\": 1.0, \"log\": true}}"}
{"op_code":5,"worker_id":"ee6e73b1-f9d8-4cda-b8d4-54983e1a7439-139747358011392","trial_id":7,"param_name":"tau_sec","param_value_internal":0.0,"distribution":"{\"name\": \"FloatDistribution\", \"attributes\": {\"step\": null, \"low\": 0.0, \"high\": 0.0, \"log\": false}}"}
{"op_code":5,"worker_id":"ee6e73b1-f9d8-4cda-b8d4-54983e1a7439-139747358011392","trial_id":7,"param_name":"out_noise","param_value_internal":0.0,"distribution":"{\"name\": \"FloatDistribution\", \"attributes\": {\"step\": null, \"low\": 0.0, \"high\": 0.0, \"log\": false}}"}
{"op_code":5,"worker_id":"ee6e73b1-f9d8-4cda-b8d4-54983e1a7439-139747358011392","trial_id":7,"param_name":"ab_weight_scaling_omega","param_value_internal":0.0,"distribution":"{\"name\": \"FloatDistribution\", \"attributes\": {\"step\": null, \"low\": 0.0, \"high\": 0.0, \"log\": false}}"}
{"op_code":5,"worker_id":"ee6e73b1-f9d8-4cda-b8d4-54983e1a7439-139747358011392","trial_id":7,"param_name":"min_lr_rate","param_value_internal":0.0,"distribution":"{\"name\": \"FloatDistribution\", \"attributes\": {\"step\": null, \"low\": 0.0, \"high\": 0.0, \"log\": false}}"}
{"op_code":7,"worker_id":"ee6e73b1-f9d8-4cda-b8d4-54983e1a7439-139747358011392","trial_id":7,"step":1,"intermediate_value":75.05548718942148}
{"op_code":8,"worker_id":"ee6e73b1-f9d8-4cda-b8d4-54983e1a7439-139747358011392","trial_id":7,"user_attr":{"train_loss_epoch_1":2.144018917605301}}
{"op_code":7,"worker_id":"ee6e73b1-f9d8-4cda-b8d4-54983e1a7439-139747358011392","trial_id":7,"step":2,"intermediate_value":76.97391467991216}
{"op_code":8,"worker_id":"ee6e73b1-f9d8-4cda-b8d4-54983e1a7439-139747358011392","trial_id":7,"user_attr":{"train_loss_epoch_2":1.604013704161361}}
{"op_code":7,"worker_id":"ee6e73b1-f9d8-4cda-b8d4-54983e1a7439-139747358011392","trial_id":7,"step":3,"intermediate_value":78.2367737892837}
{"op_code":8,"worker_id":"ee6e73b1-f9d8-4cda-b8d4-54983e1a7439-139747358011392","trial_id":7,"user_attr":{"train_loss_epoch_3":1.5278029301264124}}
{"op_code":7,"worker_id":"ee6e73b1-f9d8-4cda-b8d4-54983e1a7439-139747358011392","trial_id":7,"step":4,"intermediate_value":79.60505085951337}
{"op_code":8,"worker_id":"ee6e73b1-f9d8-4cda-b8d4-54983e1a7439-139747358011392","trial_id":7,"user_attr":{"train_loss_epoch_4":1.4745698575890784}}
{"op_code":7,"worker_id":"ee6e73b1-f9d8-4cda-b8d4-54983e1a7439-139747358011392","trial_id":7,"step":5,"intermediate_value":79.90517905086004}
{"op_code":8,"worker_id":"ee6e73b1-f9d8-4cda-b8d4-54983e1a7439-139747358011392","trial_id":7,"user_attr":{"train_loss_epoch_5":1.4363408310202022}}
{"op_code":6,"worker_id":"ee6e73b1-f9d8-4cda-b8d4-54983e1a7439-139747358011392","trial_id":7,"state":1,"values":[79.90517905086004],"datetime_complete":"2026-03-10T00:55:20.072180"}
{"op_code":0,"worker_id":"ed6bd806-d9a2-4159-9d60-4a723797a655-140211135864832","study_name":"bert_squad_lrtt_bs48_adam_hybrid_nowd_nomom_nonest_set_perfect_noos_as-separate_qkvo_5ep","directions":[2]}
{"op_code":4,"worker_id":"ed6bd806-d9a2-4159-9d60-4a723797a655-140211135864832","study_id":0,"datetime_start":"2026-03-10T00:55:31.248423"}
{"op_code":5,"worker_id":"ed6bd806-d9a2-4159-9d60-4a723797a655-140211135864832","trial_id":8,"param_name":"learning_rate","param_value_internal":0.0006333271637819212,"distribution":"{\"name\": \"FloatDistribution\", \"attributes\": {\"step\": null, \"low\": 0.0001, \"high\": 0.02, \"log\": true}}"}
{"op_code":5,"worker_id":"ed6bd806-d9a2-4159-9d60-4a723797a655-140211135864832","trial_id":8,"param_name":"transfer_lr","param_value_internal":1.0276170758544247,"distribution":"{\"name\": \"FloatDistribution\", \"attributes\": {\"step\": null, \"low\": 0.0005, \"high\": 10000.0, \"log\": true}}"}
{"op_code":5,"worker_id":"ed6bd806-d9a2-4159-9d60-4a723797a655-140211135864832","trial_id":8,"param_name":"transfer_every","param_value_internal":6.0,"distribution":"{\"name\": \"IntDistribution\", \"attributes\": {\"log\": true, \"step\": 1, \"low\": 1, \"high\": 500}}"}
{"op_code":5,"worker_id":"ed6bd806-d9a2-4159-9d60-4a723797a655-140211135864832","trial_id":8,"param_name":"rank_exp","param_value_internal":2.0,"distribution":"{\"name\": \"IntDistribution\", \"attributes\": {\"log\": false, \"step\": 1, \"low\": 0, \"high\": 7}}"}
{"op_code":5,"worker_id":"ed6bd806-d9a2-4159-9d60-4a723797a655-140211135864832","trial_id":8,"param_name":"fast_lr","param_value_internal":0.11425302841080572,"distribution":"{\"name\": \"FloatDistribution\", \"attributes\": {\"step\": null, \"low\": 0.1, \"high\": 1.0, \"log\": true}}"}
{"op_code":5,"worker_id":"ed6bd806-d9a2-4159-9d60-4a723797a655-140211135864832","trial_id":8,"param_name":"tau_sec","param_value_internal":0.0,"distribution":"{\"name\": \"FloatDistribution\", \"attributes\": {\"step\": null, \"low\": 0.0, \"high\": 0.0, \"log\": false}}"}
{"op_code":5,"worker_id":"ed6bd806-d9a2-4159-9d60-4a723797a655-140211135864832","trial_id":8,"param_name":"out_noise","param_value_internal":0.0,"distribution":"{\"name\": \"FloatDistribution\", \"attributes\": {\"step\": null, \"low\": 0.0, \"high\": 0.0, \"log\": false}}"}
{"op_code":5,"worker_id":"ed6bd806-d9a2-4159-9d60-4a723797a655-140211135864832","trial_id":8,"param_name":"ab_weight_scaling_omega","param_value_internal":0.0,"distribution":"{\"name\": \"FloatDistribution\", \"attributes\": {\"step\": null, \"low\": 0.0, \"high\": 0.0, \"log\": false}}"}
{"op_code":5,"worker_id":"ed6bd806-d9a2-4159-9d60-4a723797a655-140211135864832","trial_id":8,"param_name":"min_lr_rate","param_value_internal":0.0,"distribution":"{\"name\": \"FloatDistribution\", \"attributes\": {\"step\": null, \"low\": 0.0, \"high\": 0.0, \"log\": false}}"}
{"op_code":8,"worker_id":"ed6bd806-d9a2-4159-9d60-4a723797a655-140211135864832","trial_id":8,"user_attr":{"error":"CUDA_CALL Error 'out of memory' at cuda_util.cu:978\n"}}
{"op_code":6,"worker_id":"ed6bd806-d9a2-4159-9d60-4a723797a655-140211135864832","trial_id":8,"state":3,"values":null,"datetime_complete":"2026-03-10T00:59:05.747665"}
{"op_code":0,"worker_id":"ca30f8a1-6d4b-471c-933d-07acd39bd63e-140398700699648","study_name":"bert_squad_lrtt_bs48_adam_hybrid_nowd_nomom_nonest_set_perfect_noos_as-separate_qkvo_5ep","directions":[2]}
{"op_code":4,"worker_id":"ca30f8a1-6d4b-471c-933d-07acd39bd63e-140398700699648","study_id":0,"datetime_start":null,"state":4,"value":null,"values":null,"distributions":{},"params":{},"user_attrs":{},"system_attrs":{"fixed_params":{"learning_rate":0.0006333271637819212,"transfer_lr":1.0276170758544247,"transfer_every":6,"rank_exp":2,"fast_lr":0.11425302841080572,"tau_sec":0.0,"out_noise":0.0,"ab_weight_scaling_omega":0.0,"min_lr_rate":0.0}},"intermediate_values":{}}
{"op_code":6,"worker_id":"ca30f8a1-6d4b-471c-933d-07acd39bd63e-140398700699648","trial_id":9,"state":0,"values":null,"datetime_start":"2026-03-10T00:59:16.553682"}
{"op_code":5,"worker_id":"ca30f8a1-6d4b-471c-933d-07acd39bd63e-140398700699648","trial_id":9,"param_name":"learning_rate","param_value_internal":0.0006333271637819212,"distribution":"{\"name\": \"FloatDistribution\", \"attributes\": {\"step\": null, \"low\": 0.0001, \"high\": 0.02, \"log\": true}}"}
{"op_code":5,"worker_id":"ca30f8a1-6d4b-471c-933d-07acd39bd63e-140398700699648","trial_id":9,"param_name":"transfer_lr","param_value_internal":1.0276170758544247,"distribution":"{\"name\": \"FloatDistribution\", \"attributes\": {\"step\": null, \"low\": 0.0005, \"high\": 10000.0, \"log\": true}}"}
{"op_code":5,"worker_id":"ca30f8a1-6d4b-471c-933d-07acd39bd63e-140398700699648","trial_id":9,"param_name":"transfer_every","param_value_internal":6.0,"distribution":"{\"name\": \"IntDistribution\", \"attributes\": {\"log\": true, \"step\": 1, \"low\": 1, \"high\": 500}}"}
{"op_code":5,"worker_id":"ca30f8a1-6d4b-471c-933d-07acd39bd63e-140398700699648","trial_id":9,"param_name":"rank_exp","param_value_internal":2.0,"distribution":"{\"name\": \"IntDistribution\", \"attributes\": {\"log\": false, \"step\": 1, \"low\": 0, \"high\": 7}}"}
{"op_code":5,"worker_id":"ca30f8a1-6d4b-471c-933d-07acd39bd63e-140398700699648","trial_id":9,"param_name":"fast_lr","param_value_internal":0.11425302841080572,"distribution":"{\"name\": \"FloatDistribution\", \"attributes\": {\"step\": null, \"low\": 0.1, \"high\": 1.0, \"log\": true}}"}
{"op_code":5,"worker_id":"ca30f8a1-6d4b-471c-933d-07acd39bd63e-140398700699648","trial_id":9,"param_name":"tau_sec","param_value_internal":0.0,"distribution":"{\"name\": \"FloatDistribution\", \"attributes\": {\"step\": null, \"low\": 0.0, \"high\": 0.0, \"log\": false}}"}
{"op_code":5,"worker_id":"ca30f8a1-6d4b-471c-933d-07acd39bd63e-140398700699648","trial_id":9,"param_name":"out_noise","param_value_internal":0.0,"distribution":"{\"name\": \"FloatDistribution\", \"attributes\": {\"step\": null, \"low\": 0.0, \"high\": 0.0, \"log\": false}}"}
{"op_code":5,"worker_id":"ca30f8a1-6d4b-471c-933d-07acd39bd63e-140398700699648","trial_id":9,"param_name":"ab_weight_scaling_omega","param_value_internal":0.0,"distribution":"{\"name\": \"FloatDistribution\", \"attributes\": {\"step\": null, \"low\": 0.0, \"high\": 0.0, \"log\": false}}"}
{"op_code":5,"worker_id":"ca30f8a1-6d4b-471c-933d-07acd39bd63e-140398700699648","trial_id":9,"param_name":"min_lr_rate","param_value_internal":0.0,"distribution":"{\"name\": \"FloatDistribution\", \"attributes\": {\"step\": null, \"low\": 0.0, \"high\": 0.0, \"log\": false}}"}
{"op_code":7,"worker_id":"ca30f8a1-6d4b-471c-933d-07acd39bd63e-140398700699648","trial_id":9,"step":1,"intermediate_value":69.11844295714769}
{"op_code":8,"worker_id":"ca30f8a1-6d4b-471c-933d-07acd39bd63e-140398700699648","trial_id":9,"user_attr":{"train_loss_epoch_1":2.674873653547846}}
{"op_code":7,"worker_id":"ca30f8a1-6d4b-471c-933d-07acd39bd63e-140398700699648","trial_id":9,"step":2,"intermediate_value":73.14856367750235}
{"op_code":8,"worker_id":"ca30f8a1-6d4b-471c-933d-07acd39bd63e-140398700699648","trial_id":9,"user_attr":{"train_loss_epoch_2":1.7976633494189194}}
{"op_code":7,"worker_id":"ca30f8a1-6d4b-471c-933d-07acd39bd63e-140398700699648","trial_id":9,"step":3,"intermediate_value":74.88627383394673}
{"op_code":8,"worker_id":"ca30f8a1-6d4b-471c-933d-07acd39bd63e-140398700699648","trial_id":9,"user_attr":{"train_loss_epoch_3":1.6952897249343564}}
{"op_code":7,"worker_id":"ca30f8a1-6d4b-471c-933d-07acd39bd63e-140398700699648","trial_id":9,"step":4,"intermediate_value":75.33254245625773}
{"op_code":8,"worker_id":"ca30f8a1-6d4b-471c-933d-07acd39bd63e-140398700699648","trial_id":9,"user_attr":{"train_loss_epoch_4":1.6506393503677428}}
{"op_code":7,"worker_id":"ca30f8a1-6d4b-471c-933d-07acd39bd63e-140398700699648","trial_id":9,"step":5,"intermediate_value":75.75408888990532}
{"op_code":8,"worker_id":"ca30f8a1-6d4b-471c-933d-07acd39bd63e-140398700699648","trial_id":9,"user_attr":{"train_loss_epoch_5":1.6269182617924793}}
{"op_code":6,"worker_id":"ca30f8a1-6d4b-471c-933d-07acd39bd63e-140398700699648","trial_id":9,"state":1,"values":[75.75408888990532],"datetime_complete":"2026-03-10T04:24:35.722946"}
{"op_code":0,"worker_id":"215195c2-6d10-4d57-b26e-2e687636cf03-140103654412288","study_name":"bert_squad_lrtt_bs48_adam_hybrid_nowd_nomom_nonest_set_perfect_noos_as-separate_qkvo_5ep","directions":[2]}
{"op_code":4,"worker_id":"215195c2-6d10-4d57-b26e-2e687636cf03-140103654412288","study_id":0,"datetime_start":"2026-03-10T04:24:46.098543"}
{"op_code":5,"worker_id":"215195c2-6d10-4d57-b26e-2e687636cf03-140103654412288","trial_id":10,"param_name":"learning_rate","param_value_internal":0.00012527076136360977,"distribution":"{\"name\": \"FloatDistribution\", \"attributes\": {\"step\": null, \"low\": 0.0001, \"high\": 0.02, \"log\": true}}"}
{"op_code":5,"worker_id":"215195c2-6d10-4d57-b26e-2e687636cf03-140103654412288","trial_id":10,"param_name":"transfer_lr","param_value_internal":0.14788157571881086,"distribution":"{\"name\": \"FloatDistribution\", \"attributes\": {\"step\": null, \"low\": 0.0005, \"high\": 10000.0, \"log\": true}}"}
{"op_code":5,"worker_id":"215195c2-6d10-4d57-b26e-2e687636cf03-140103654412288","trial_id":10,"param_name":"transfer_every","param_value_internal":2.0,"distribution":"{\"name\": \"IntDistribution\", \"attributes\": {\"log\": true, \"step\": 1, \"low\": 1, \"high\": 500}}"}
{"op_code":5,"worker_id":"215195c2-6d10-4d57-b26e-2e687636cf03-140103654412288","trial_id":10,"param_name":"rank_exp","param_value_internal":7.0,"distribution":"{\"name\": \"IntDistribution\", \"attributes\": {\"log\": false, \"step\": 1, \"low\": 0, \"high\": 7}}"}
{"op_code":5,"worker_id":"215195c2-6d10-4d57-b26e-2e687636cf03-140103654412288","trial_id":10,"param_name":"fast_lr","param_value_internal":0.13432619955585895,"distribution":"{\"name\": \"FloatDistribution\", \"attributes\": {\"step\": null, \"low\": 0.1, \"high\": 1.0, \"log\": true}}"}
{"op_code":5,"worker_id":"215195c2-6d10-4d57-b26e-2e687636cf03-140103654412288","trial_id":10,"param_name":"tau_sec","param_value_internal":0.0,"distribution":"{\"name\": \"FloatDistribution\", \"attributes\": {\"step\": null, \"low\": 0.0, \"high\": 0.0, \"log\": false}}"}
{"op_code":5,"worker_id":"215195c2-6d10-4d57-b26e-2e687636cf03-140103654412288","trial_id":10,"param_name":"out_noise","param_value_internal":0.0,"distribution":"{\"name\": \"FloatDistribution\", \"attributes\": {\"step\": null, \"low\": 0.0, \"high\": 0.0, \"log\": false}}"}
{"op_code":5,"worker_id":"215195c2-6d10-4d57-b26e-2e687636cf03-140103654412288","trial_id":10,"param_name":"ab_weight_scaling_omega","param_value_internal":0.0,"distribution":"{\"name\": \"FloatDistribution\", \"attributes\": {\"step\": null, \"low\": 0.0, \"high\": 0.0, \"log\": false}}"}
{"op_code":5,"worker_id":"215195c2-6d10-4d57-b26e-2e687636cf03-140103654412288","trial_id":10,"param_name":"min_lr_rate","param_value_internal":0.0,"distribution":"{\"name\": \"FloatDistribution\", \"attributes\": {\"step\": null, \"low\": 0.0, \"high\": 0.0, \"log\": false}}"}
{"op_code":8,"worker_id":"215195c2-6d10-4d57-b26e-2e687636cf03-140103654412288","trial_id":10,"user_attr":{"error":"CUDA_CALL Error 'out of memory' at cuda_util.cu:978\n"}}
{"op_code":6,"worker_id":"215195c2-6d10-4d57-b26e-2e687636cf03-140103654412288","trial_id":10,"state":3,"values":null,"datetime_complete":"2026-03-10T04:27:23.950505"}
{"op_code":0,"worker_id":"3fe2ce38-59a3-4514-a2f0-4278f285bbf7-140291521859584","study_name":"bert_squad_lrtt_bs48_adam_hybrid_nowd_nomom_nonest_set_perfect_noos_as-separate_qkvo_5ep","directions":[2]}
{"op_code":4,"worker_id":"3fe2ce38-59a3-4514-a2f0-4278f285bbf7-140291521859584","study_id":0,"datetime_start":null,"state":4,"value":null,"values":null,"distributions":{},"params":{},"user_attrs":{},"system_attrs":{"fixed_params":{"learning_rate":0.00012527076136360977,"transfer_lr":0.14788157571881086,"transfer_every":2,"rank_exp":7,"fast_lr":0.13432619955585895,"tau_sec":0.0,"out_noise":0.0,"ab_weight_scaling_omega":0.0,"min_lr_rate":0.0}},"intermediate_values":{}}
{"op_code":6,"worker_id":"3fe2ce38-59a3-4514-a2f0-4278f285bbf7-140291521859584","trial_id":11,"state":0,"values":null,"datetime_start":"2026-03-10T04:27:34.677921"}
{"op_code":5,"worker_id":"3fe2ce38-59a3-4514-a2f0-4278f285bbf7-140291521859584","trial_id":11,"param_name":"learning_rate","param_value_internal":0.00012527076136360977,"distribution":"{\"name\": \"FloatDistribution\", \"attributes\": {\"step\": null, \"low\": 0.0001, \"high\": 0.02, \"log\": true}}"}
{"op_code":5,"worker_id":"3fe2ce38-59a3-4514-a2f0-4278f285bbf7-140291521859584","trial_id":11,"param_name":"transfer_lr","param_value_internal":0.14788157571881086,"distribution":"{\"name\": \"FloatDistribution\", \"attributes\": {\"step\": null, \"low\": 0.0005, \"high\": 10000.0, \"log\": true}}"}
{"op_code":5,"worker_id":"3fe2ce38-59a3-4514-a2f0-4278f285bbf7-140291521859584","trial_id":11,"param_name":"transfer_every","param_value_internal":2.0,"distribution":"{\"name\": \"IntDistribution\", \"attributes\": {\"log\": true, \"step\": 1, \"low\": 1, \"high\": 500}}"}
{"op_code":5,"worker_id":"3fe2ce38-59a3-4514-a2f0-4278f285bbf7-140291521859584","trial_id":11,"param_name":"rank_exp","param_value_internal":7.0,"distribution":"{\"name\": \"IntDistribution\", \"attributes\": {\"log\": false, \"step\": 1, \"low\": 0, \"high\": 7}}"}
{"op_code":5,"worker_id":"3fe2ce38-59a3-4514-a2f0-4278f285bbf7-140291521859584","trial_id":11,"param_name":"fast_lr","param_value_internal":0.13432619955585895,"distribution":"{\"name\": \"FloatDistribution\", \"attributes\": {\"step\": null, \"low\": 0.1, \"high\": 1.0, \"log\": true}}"}
{"op_code":5,"worker_id":"3fe2ce38-59a3-4514-a2f0-4278f285bbf7-140291521859584","trial_id":11,"param_name":"tau_sec","param_value_internal":0.0,"distribution":"{\"name\": \"FloatDistribution\", \"attributes\": {\"step\": null, \"low\": 0.0, \"high\": 0.0, \"log\": false}}"}
{"op_code":5,"worker_id":"3fe2ce38-59a3-4514-a2f0-4278f285bbf7-140291521859584","trial_id":11,"param_name":"out_noise","param_value_internal":0.0,"distribution":"{\"name\": \"FloatDistribution\", \"attributes\": {\"step\": null, \"low\": 0.0, \"high\": 0.0, \"log\": false}}"}
{"op_code":5,"worker_id":"3fe2ce38-59a3-4514-a2f0-4278f285bbf7-140291521859584","trial_id":11,"param_name":"ab_weight_scaling_omega","param_value_internal":0.0,"distribution":"{\"name\": \"FloatDistribution\", \"attributes\": {\"step\": null, \"low\": 0.0, \"high\": 0.0, \"log\": false}}"}
{"op_code":5,"worker_id":"3fe2ce38-59a3-4514-a2f0-4278f285bbf7-140291521859584","trial_id":11,"param_name":"min_lr_rate","param_value_internal":0.0,"distribution":"{\"name\": \"FloatDistribution\", \"attributes\": {\"step\": null, \"low\": 0.0, \"high\": 0.0, \"log\": false}}"}
{"op_code":7,"worker_id":"3fe2ce38-59a3-4514-a2f0-4278f285bbf7-140291521859584","trial_id":11,"step":1,"intermediate_value":45.458399609609934}
{"op_code":8,"worker_id":"3fe2ce38-59a3-4514-a2f0-4278f285bbf7-140291521859584","trial_id":11,"user_attr":{"train_loss_epoch_1":3.6577246087972113}}
{"op_code":7,"worker_id":"3fe2ce38-59a3-4514-a2f0-4278f285bbf7-140291521859584","trial_id":11,"step":2,"intermediate_value":53.64383733678387}
{"op_code":8,"worker_id":"3fe2ce38-59a3-4514-a2f0-4278f285bbf7-140291521859584","trial_id":11,"user_attr":{"train_loss_epoch_2":2.540191750631128}}
{"op_code":7,"worker_id":"3fe2ce38-59a3-4514-a2f0-4278f285bbf7-140291521859584","trial_id":11,"step":3,"intermediate_value":58.24976894339586}
{"op_code":8,"worker_id":"3fe2ce38-59a3-4514-a2f0-4278f285bbf7-140291521859584","trial_id":11,"user_attr":{"train_loss_epoch_3":2.3394772111319306}}
{"op_code":7,"worker_id":"3fe2ce38-59a3-4514-a2f0-4278f285bbf7-140291521859584","trial_id":11,"step":4,"intermediate_value":60.929875319991815}
{"op_code":8,"worker_id":"3fe2ce38-59a3-4514-a2f0-4278f285bbf7-140291521859584","trial_id":11,"user_attr":{"train_loss_epoch_4":2.231533199476013}}
{"op_code":7,"worker_id":"3fe2ce38-59a3-4514-a2f0-4278f285bbf7-140291521859584","trial_id":11,"step":5,"intermediate_value":61.81450776746169}
{"op_code":8,"worker_id":"3fe2ce38-59a3-4514-a2f0-4278f285bbf7-140291521859584","trial_id":11,"user_attr":{"train_loss_epoch_5":2.177931323320312}}
{"op_code":6,"worker_id":"3fe2ce38-59a3-4514-a2f0-4278f285bbf7-140291521859584","trial_id":11,"state":1,"values":[61.81450776746169],"datetime_complete":"2026-03-10T20:28:51.336367"}
{"op_code":0,"worker_id":"b687fd7e-c229-4a1d-b32c-0a99401029ac-140610386038784","study_name":"bert_squad_lrtt_bs48_adam_hybrid_nowd_nomom_nonest_set_perfect_noos_as-separate_qkvo_5ep","directions":[2]}
{"op_code":4,"worker_id":"b687fd7e-c229-4a1d-b32c-0a99401029ac-140610386038784","study_id":0,"datetime_start":"2026-03-10T20:29:02.376358"}
{"op_code":5,"worker_id":"b687fd7e-c229-4a1d-b32c-0a99401029ac-140610386038784","trial_id":12,"param_name":"learning_rate","param_value_internal":0.0029017892893899062,"distribution":"{\"name\": \"FloatDistribution\", \"attributes\": {\"step\": null, \"low\": 0.0001, \"high\": 0.02, \"log\": true}}"}
{"op_code":5,"worker_id":"b687fd7e-c229-4a1d-b32c-0a99401029ac-140610386038784","trial_id":12,"param_name":"transfer_lr","param_value_internal":234.9983037257632,"distribution":"{\"name\": \"FloatDistribution\", \"attributes\": {\"step\": null, \"low\": 0.0005, \"high\": 10000.0, \"log\": true}}"}
{"op_code":5,"worker_id":"b687fd7e-c229-4a1d-b32c-0a99401029ac-140610386038784","trial_id":12,"param_name":"transfer_every","param_value_internal":3.0,"distribution":"{\"name\": \"IntDistribution\", \"attributes\": {\"log\": true, \"step\": 1, \"low\": 1, \"high\": 500}}"}
{"op_code":5,"worker_id":"b687fd7e-c229-4a1d-b32c-0a99401029ac-140610386038784","trial_id":12,"param_name":"rank_exp","param_value_internal":7.0,"distribution":"{\"name\": \"IntDistribution\", \"attributes\": {\"log\": false, \"step\": 1, \"low\": 0, \"high\": 7}}"}
{"op_code":5,"worker_id":"b687fd7e-c229-4a1d-b32c-0a99401029ac-140610386038784","trial_id":12,"param_name":"fast_lr","param_value_internal":0.12464968687055589,"distribution":"{\"name\": \"FloatDistribution\", \"attributes\": {\"step\": null, \"low\": 0.1, \"high\": 1.0, \"log\": true}}"}
{"op_code":5,"worker_id":"b687fd7e-c229-4a1d-b32c-0a99401029ac-140610386038784","trial_id":12,"param_name":"tau_sec","param_value_internal":0.0,"distribution":"{\"name\": \"FloatDistribution\", \"attributes\": {\"step\": null, \"low\": 0.0, \"high\": 0.0, \"log\": false}}"}
{"op_code":5,"worker_id":"b687fd7e-c229-4a1d-b32c-0a99401029ac-140610386038784","trial_id":12,"param_name":"out_noise","param_value_internal":0.0,"distribution":"{\"name\": \"FloatDistribution\", \"attributes\": {\"step\": null, \"low\": 0.0, \"high\": 0.0, \"log\": false}}"}
{"op_code":5,"worker_id":"b687fd7e-c229-4a1d-b32c-0a99401029ac-140610386038784","trial_id":12,"param_name":"ab_weight_scaling_omega","param_value_internal":0.0,"distribution":"{\"name\": \"FloatDistribution\", \"attributes\": {\"step\": null, \"low\": 0.0, \"high\": 0.0, \"log\": false}}"}
{"op_code":5,"worker_id":"b687fd7e-c229-4a1d-b32c-0a99401029ac-140610386038784","trial_id":12,"param_name":"min_lr_rate","param_value_internal":0.0,"distribution":"{\"name\": \"FloatDistribution\", \"attributes\": {\"step\": null, \"low\": 0.0, \"high\": 0.0, \"log\": false}}"}
{"op_code":8,"worker_id":"b687fd7e-c229-4a1d-b32c-0a99401029ac-140610386038784","trial_id":12,"user_attr":{"error":"CUDA_CALL Error 'out of memory' at cuda_util.cu:978\n"}}
{"op_code":6,"worker_id":"b687fd7e-c229-4a1d-b32c-0a99401029ac-140610386038784","trial_id":12,"state":3,"values":null,"datetime_complete":"2026-03-10T20:31:35.153813"}
{"op_code":0,"worker_id":"278647ea-34b6-4844-b932-2f1db83163f0-139670812962816","study_name":"bert_squad_lrtt_bs48_adam_hybrid_nowd_nomom_nonest_set_perfect_noos_as-separate_qkvo_5ep","directions":[2]}
{"op_code":4,"worker_id":"278647ea-34b6-4844-b932-2f1db83163f0-139670812962816","study_id":0,"datetime_start":null,"state":4,"value":null,"values":null,"distributions":{},"params":{},"user_attrs":{},"system_attrs":{"fixed_params":{"learning_rate":0.0029017892893899062,"transfer_lr":234.9983037257632,"transfer_every":3,"rank_exp":7,"fast_lr":0.12464968687055589,"tau_sec":0.0,"out_noise":0.0,"ab_weight_scaling_omega":0.0,"min_lr_rate":0.0}},"intermediate_values":{}}
{"op_code":6,"worker_id":"278647ea-34b6-4844-b932-2f1db83163f0-139670812962816","trial_id":13,"state":0,"values":null,"datetime_start":"2026-03-10T20:31:45.653832"}
{"op_code":5,"worker_id":"278647ea-34b6-4844-b932-2f1db83163f0-139670812962816","trial_id":13,"param_name":"learning_rate","param_value_internal":0.0029017892893899062,"distribution":"{\"name\": \"FloatDistribution\", \"attributes\": {\"step\": null, \"low\": 0.0001, \"high\": 0.02, \"log\": true}}"}
{"op_code":5,"worker_id":"278647ea-34b6-4844-b932-2f1db83163f0-139670812962816","trial_id":13,"param_name":"transfer_lr","param_value_internal":234.9983037257632,"distribution":"{\"name\": \"FloatDistribution\", \"attributes\": {\"step\": null, \"low\": 0.0005, \"high\": 10000.0, \"log\": true}}"}
{"op_code":5,"worker_id":"278647ea-34b6-4844-b932-2f1db83163f0-139670812962816","trial_id":13,"param_name":"transfer_every","param_value_internal":3.0,"distribution":"{\"name\": \"IntDistribution\", \"attributes\": {\"log\": true, \"step\": 1, \"low\": 1, \"high\": 500}}"}
{"op_code":5,"worker_id":"278647ea-34b6-4844-b932-2f1db83163f0-139670812962816","trial_id":13,"param_name":"rank_exp","param_value_internal":7.0,"distribution":"{\"name\": \"IntDistribution\", \"attributes\": {\"log\": false, \"step\": 1, \"low\": 0, \"high\": 7}}"}
{"op_code":5,"worker_id":"278647ea-34b6-4844-b932-2f1db83163f0-139670812962816","trial_id":13,"param_name":"fast_lr","param_value_internal":0.12464968687055589,"distribution":"{\"name\": \"FloatDistribution\", \"attributes\": {\"step\": null, \"low\": 0.1, \"high\": 1.0, \"log\": true}}"}
{"op_code":5,"worker_id":"278647ea-34b6-4844-b932-2f1db83163f0-139670812962816","trial_id":13,"param_name":"tau_sec","param_value_internal":0.0,"distribution":"{\"name\": \"FloatDistribution\", \"attributes\": {\"step\": null, \"low\": 0.0, \"high\": 0.0, \"log\": false}}"}
{"op_code":5,"worker_id":"278647ea-34b6-4844-b932-2f1db83163f0-139670812962816","trial_id":13,"param_name":"out_noise","param_value_internal":0.0,"distribution":"{\"name\": \"FloatDistribution\", \"attributes\": {\"step\": null, \"low\": 0.0, \"high\": 0.0, \"log\": false}}"}
{"op_code":5,"worker_id":"278647ea-34b6-4844-b932-2f1db83163f0-139670812962816","trial_id":13,"param_name":"ab_weight_scaling_omega","param_value_internal":0.0,"distribution":"{\"name\": \"FloatDistribution\", \"attributes\": {\"step\": null, \"low\": 0.0, \"high\": 0.0, \"log\": false}}"}
{"op_code":5,"worker_id":"278647ea-34b6-4844-b932-2f1db83163f0-139670812962816","trial_id":13,"param_name":"min_lr_rate","param_value_internal":0.0,"distribution":"{\"name\": \"FloatDistribution\", \"attributes\": {\"step\": null, \"low\": 0.0, \"high\": 0.0, \"log\": false}}"}
{"op_code":7,"worker_id":"278647ea-34b6-4844-b932-2f1db83163f0-139670812962816","trial_id":13,"step":1,"intermediate_value":6.868730613986657}
{"op_code":8,"worker_id":"278647ea-34b6-4844-b932-2f1db83163f0-139670812962816","trial_id":13,"user_attr":{"train_loss_epoch_1":5.7664002504863205}}
{"op_code":7,"worker_id":"278647ea-34b6-4844-b932-2f1db83163f0-139670812962816","trial_id":13,"step":2,"intermediate_value":6.868730613986657}
{"op_code":8,"worker_id":"278647ea-34b6-4844-b932-2f1db83163f0-139670812962816","trial_id":13,"user_attr":{"train_loss_epoch_2":5.772009400889686}}
{"op_code":7,"worker_id":"278647ea-34b6-4844-b932-2f1db83163f0-139670812962816","trial_id":13,"step":3,"intermediate_value":6.868730613986657}
{"op_code":8,"worker_id":"278647ea-34b6-4844-b932-2f1db83163f0-139670812962816","trial_id":13,"user_attr":{"train_loss_epoch_3":5.773415893162774}}
{"op_code":6,"worker_id":"278647ea-34b6-4844-b932-2f1db83163f0-139670812962816","trial_id":13,"state":1,"values":[6.868730613986657],"datetime_complete":"2026-03-11T06:19:57.777978"}
{"op_code":0,"worker_id":"24b23ead-b618-4d86-af86-577a9dd52c64-140501010911232","study_name":"bert_squad_lrtt_bs48_adam_hybrid_nowd_nomom_nonest_set_perfect_noos_as-separate_qkvo_5ep","directions":[2]}
{"op_code":4,"worker_id":"24b23ead-b618-4d86-af86-577a9dd52c64-140501010911232","study_id":0,"datetime_start":"2026-03-11T06:20:07.759321"}
{"op_code":5,"worker_id":"24b23ead-b618-4d86-af86-577a9dd52c64-140501010911232","trial_id":14,"param_name":"learning_rate","param_value_internal":0.0006653127332169099,"distribution":"{\"name\": \"FloatDistribution\", \"attributes\": {\"step\": null, \"low\": 0.0001, \"high\": 0.02, \"log\": true}}"}
{"op_code":5,"worker_id":"24b23ead-b618-4d86-af86-577a9dd52c64-140501010911232","trial_id":14,"param_name":"transfer_lr","param_value_internal":9504.794468847642,"distribution":"{\"name\": \"FloatDistribution\", \"attributes\": {\"step\": null, \"low\": 0.0005, \"high\": 10000.0, \"log\": true}}"}
{"op_code":5,"worker_id":"24b23ead-b618-4d86-af86-577a9dd52c64-140501010911232","trial_id":14,"param_name":"transfer_every","param_value_internal":138.0,"distribution":"{\"name\": \"IntDistribution\", \"attributes\": {\"log\": true, \"step\": 1, \"low\": 1, \"high\": 500}}"}
{"op_code":5,"worker_id":"24b23ead-b618-4d86-af86-577a9dd52c64-140501010911232","trial_id":14,"param_name":"rank_exp","param_value_internal":1.0,"distribution":"{\"name\": \"IntDistribution\", \"attributes\": {\"log\": false, \"step\": 1, \"low\": 0, \"high\": 7}}"}
{"op_code":5,"worker_id":"24b23ead-b618-4d86-af86-577a9dd52c64-140501010911232","trial_id":14,"param_name":"fast_lr","param_value_internal":0.8144299705272646,"distribution":"{\"name\": \"FloatDistribution\", \"attributes\": {\"step\": null, \"low\": 0.1, \"high\": 1.0, \"log\": true}}"}
{"op_code":5,"worker_id":"24b23ead-b618-4d86-af86-577a9dd52c64-140501010911232","trial_id":14,"param_name":"tau_sec","param_value_internal":0.0,"distribution":"{\"name\": \"FloatDistribution\", \"attributes\": {\"step\": null, \"low\": 0.0, \"high\": 0.0, \"log\": false}}"}
{"op_code":5,"worker_id":"24b23ead-b618-4d86-af86-577a9dd52c64-140501010911232","trial_id":14,"param_name":"out_noise","param_value_internal":0.0,"distribution":"{\"name\": \"FloatDistribution\", \"attributes\": {\"step\": null, \"low\": 0.0, \"high\": 0.0, \"log\": false}}"}
{"op_code":5,"worker_id":"24b23ead-b618-4d86-af86-577a9dd52c64-140501010911232","trial_id":14,"param_name":"ab_weight_scaling_omega","param_value_internal":0.0,"distribution":"{\"name\": \"FloatDistribution\", \"attributes\": {\"step\": null, \"low\": 0.0, \"high\": 0.0, \"log\": false}}"}
{"op_code":5,"worker_id":"24b23ead-b618-4d86-af86-577a9dd52c64-140501010911232","trial_id":14,"param_name":"min_lr_rate","param_value_internal":0.0,"distribution":"{\"name\": \"FloatDistribution\", \"attributes\": {\"step\": null, \"low\": 0.0, \"high\": 0.0, \"log\": false}}"}
{"op_code":6,"worker_id":"24b23ead-b618-4d86-af86-577a9dd52c64-140501010911232","trial_id":14,"state":3,"values":null,"datetime_complete":"2026-03-12T03:46:58.453159"}
