{"op_code": 0, "worker_id": "6cbf603d-3f38-43f2-8f2d-63db3e37fa3d-139668874575872", "study_name": "bert_squad_lrtt_bs48_adam_hybrid_nowd_nomom_nonest_set_noio_notrans_noos_qkvo_5ep", "directions": [2]}
{"op_code": 4, "worker_id": "6cbf603d-3f38-43f2-8f2d-63db3e37fa3d-139668874575872", "study_id": 0, "datetime_start": "2026-03-06T03:51:29.956027"}
{"op_code": 5, "worker_id": "6cbf603d-3f38-43f2-8f2d-63db3e37fa3d-139668874575872", "trial_id": 0, "param_name": "learning_rate", "param_value_internal": 0.06354930027497586, "distribution": "{\"name\": \"FloatDistribution\", \"attributes\": {\"step\": null, \"low\": 0.001, \"high\": 10.0, \"log\": true}}"}
{"op_code": 5, "worker_id": "6cbf603d-3f38-43f2-8f2d-63db3e37fa3d-139668874575872", "trial_id": 0, "param_name": "out_noise", "param_value_internal": 0.0, "distribution": "{\"name\": \"FloatDistribution\", \"attributes\": {\"step\": null, \"low\": 0.0, \"high\": 0.0, \"log\": false}}"}
{"op_code": 5, "worker_id": "6cbf603d-3f38-43f2-8f2d-63db3e37fa3d-139668874575872", "trial_id": 0, "param_name": "ab_weight_scaling_omega", "param_value_internal": 0.0, "distribution": "{\"name\": \"FloatDistribution\", \"attributes\": {\"step\": null, \"low\": 0.0, \"high\": 0.0, \"log\": false}}"}
{"op_code": 5, "worker_id": "6cbf603d-3f38-43f2-8f2d-63db3e37fa3d-139668874575872", "trial_id": 0, "param_name": "min_lr_rate", "param_value_internal": 0.0, "distribution": "{\"name\": \"FloatDistribution\", \"attributes\": {\"step\": null, \"low\": 0.0, \"high\": 0.0, \"log\": false}}"}
{"op_code": 8, "worker_id": "6cbf603d-3f38-43f2-8f2d-63db3e37fa3d-139668874575872", "trial_id": 0, "user_attr": {"train_loss_epoch_1": 3.9388750884293153}}
{"op_code": 8, "worker_id": "6cbf603d-3f38-43f2-8f2d-63db3e37fa3d-139668874575872", "trial_id": 0, "user_attr": {"train_loss_epoch_2": 4.129591182952781}}
{"op_code": 8, "worker_id": "6cbf603d-3f38-43f2-8f2d-63db3e37fa3d-139668874575872", "trial_id": 0, "user_attr": {"train_loss_epoch_3": 4.131286205654708}}
{"op_code": 7, "worker_id": "6cbf603d-3f38-43f2-8f2d-63db3e37fa3d-139668874575872", "trial_id": 0, "step": 1, "intermediate_value": 14.674872397626363}
{"op_code": 7, "worker_id": "6cbf603d-3f38-43f2-8f2d-63db3e37fa3d-139668874575872", "trial_id": 0, "step": 2, "intermediate_value": 14.674872397626363}
{"op_code": 7, "worker_id": "6cbf603d-3f38-43f2-8f2d-63db3e37fa3d-139668874575872", "trial_id": 0, "step": 3, "intermediate_value": 14.674872397626363}
{"op_code": 6, "worker_id": "6cbf603d-3f38-43f2-8f2d-63db3e37fa3d-139668874575872", "trial_id": 0, "state": 1, "values": [14.674872397626363], "datetime_complete": "2026-03-06T03:51:29.956027"}
{"op_code": 4, "worker_id": "6cbf603d-3f38-43f2-8f2d-63db3e37fa3d-139668874575872", "study_id": 0, "datetime_start": "2026-03-06T03:51:29.956641"}
{"op_code": 5, "worker_id": "6cbf603d-3f38-43f2-8f2d-63db3e37fa3d-139668874575872", "trial_id": 1, "param_name": "learning_rate", "param_value_internal": 0.0056406490094236825, "distribution": "{\"name\": \"FloatDistribution\", \"attributes\": {\"step\": null, \"low\": 0.001, \"high\": 10.0, \"log\": true}}"}
{"op_code": 5, "worker_id": "6cbf603d-3f38-43f2-8f2d-63db3e37fa3d-139668874575872", "trial_id": 1, "param_name": "out_noise", "param_value_internal": 0.0, "distribution": "{\"name\": \"FloatDistribution\", \"attributes\": {\"step\": null, \"low\": 0.0, \"high\": 0.0, \"log\": false}}"}
{"op_code": 5, "worker_id": "6cbf603d-3f38-43f2-8f2d-63db3e37fa3d-139668874575872", "trial_id": 1, "param_name": "ab_weight_scaling_omega", "param_value_internal": 0.0, "distribution": "{\"name\": \"FloatDistribution\", \"attributes\": {\"step\": null, \"low\": 0.0, \"high\": 0.0, \"log\": false}}"}
{"op_code": 5, "worker_id": "6cbf603d-3f38-43f2-8f2d-63db3e37fa3d-139668874575872", "trial_id": 1, "param_name": "min_lr_rate", "param_value_internal": 0.0, "distribution": "{\"name\": \"FloatDistribution\", \"attributes\": {\"step\": null, \"low\": 0.0, \"high\": 0.0, \"log\": false}}"}
{"op_code": 8, "worker_id": "6cbf603d-3f38-43f2-8f2d-63db3e37fa3d-139668874575872", "trial_id": 1, "user_attr": {"train_loss_epoch_1": 2.1107656622230277}}
{"op_code": 8, "worker_id": "6cbf603d-3f38-43f2-8f2d-63db3e37fa3d-139668874575872", "trial_id": 1, "user_attr": {"train_loss_epoch_2": 1.638217647407203}}
{"op_code": 8, "worker_id": "6cbf603d-3f38-43f2-8f2d-63db3e37fa3d-139668874575872", "trial_id": 1, "user_attr": {"train_loss_epoch_3": 1.5542207481609704}}
{"op_code": 8, "worker_id": "6cbf603d-3f38-43f2-8f2d-63db3e37fa3d-139668874575872", "trial_id": 1, "user_attr": {"train_loss_epoch_4": 1.4870986500772625}}
{"op_code": 8, "worker_id": "6cbf603d-3f38-43f2-8f2d-63db3e37fa3d-139668874575872", "trial_id": 1, "user_attr": {"train_loss_epoch_5": 1.4354597692826991}}
{"op_code": 7, "worker_id": "6cbf603d-3f38-43f2-8f2d-63db3e37fa3d-139668874575872", "trial_id": 1, "step": 1, "intermediate_value": 73.91948878855247}
{"op_code": 7, "worker_id": "6cbf603d-3f38-43f2-8f2d-63db3e37fa3d-139668874575872", "trial_id": 1, "step": 2, "intermediate_value": 75.5793407822053}
{"op_code": 7, "worker_id": "6cbf603d-3f38-43f2-8f2d-63db3e37fa3d-139668874575872", "trial_id": 1, "step": 3, "intermediate_value": 78.17253544122279}
{"op_code": 7, "worker_id": "6cbf603d-3f38-43f2-8f2d-63db3e37fa3d-139668874575872", "trial_id": 1, "step": 4, "intermediate_value": 79.45500140242228}
{"op_code": 7, "worker_id": "6cbf603d-3f38-43f2-8f2d-63db3e37fa3d-139668874575872", "trial_id": 1, "step": 5, "intermediate_value": 79.95284411774368}
{"op_code": 6, "worker_id": "6cbf603d-3f38-43f2-8f2d-63db3e37fa3d-139668874575872", "trial_id": 1, "state": 1, "values": [79.95284411774368], "datetime_complete": "2026-03-06T03:51:29.956641"}
{"op_code": 4, "worker_id": "6cbf603d-3f38-43f2-8f2d-63db3e37fa3d-139668874575872", "study_id": 0, "datetime_start": "2026-03-06T03:51:29.961714"}
{"op_code": 5, "worker_id": "6cbf603d-3f38-43f2-8f2d-63db3e37fa3d-139668874575872", "trial_id": 2, "param_name": "learning_rate", "param_value_internal": 0.12729328955832836, "distribution": "{\"name\": \"FloatDistribution\", \"attributes\": {\"step\": null, \"low\": 0.001, \"high\": 10.0, \"log\": true}}"}
{"op_code": 5, "worker_id": "6cbf603d-3f38-43f2-8f2d-63db3e37fa3d-139668874575872", "trial_id": 2, "param_name": "out_noise", "param_value_internal": 0.0, "distribution": "{\"name\": \"FloatDistribution\", \"attributes\": {\"step\": null, \"low\": 0.0, \"high\": 0.0, \"log\": false}}"}
{"op_code": 5, "worker_id": "6cbf603d-3f38-43f2-8f2d-63db3e37fa3d-139668874575872", "trial_id": 2, "param_name": "ab_weight_scaling_omega", "param_value_internal": 0.0, "distribution": "{\"name\": \"FloatDistribution\", \"attributes\": {\"step\": null, \"low\": 0.0, \"high\": 0.0, \"log\": false}}"}
{"op_code": 5, "worker_id": "6cbf603d-3f38-43f2-8f2d-63db3e37fa3d-139668874575872", "trial_id": 2, "param_name": "min_lr_rate", "param_value_internal": 0.0, "distribution": "{\"name\": \"FloatDistribution\", \"attributes\": {\"step\": null, \"low\": 0.0, \"high\": 0.0, \"log\": false}}"}
{"op_code": 8, "worker_id": "6cbf603d-3f38-43f2-8f2d-63db3e37fa3d-139668874575872", "trial_id": 2, "user_attr": {"train_loss_epoch_1": 4.206754320518988}}
{"op_code": 8, "worker_id": "6cbf603d-3f38-43f2-8f2d-63db3e37fa3d-139668874575872", "trial_id": 2, "user_attr": {"train_loss_epoch_2": 4.203711771777601}}
{"op_code": 8, "worker_id": "6cbf603d-3f38-43f2-8f2d-63db3e37fa3d-139668874575872", "trial_id": 2, "user_attr": {"train_loss_epoch_3": 4.202157774214565}}
{"op_code": 8, "worker_id": "6cbf603d-3f38-43f2-8f2d-63db3e37fa3d-139668874575872", "trial_id": 2, "user_attr": {"train_loss_epoch_4": 4.178858532237308}}
{"op_code": 8, "worker_id": "6cbf603d-3f38-43f2-8f2d-63db3e37fa3d-139668874575872", "trial_id": 2, "user_attr": {"train_loss_epoch_5": 4.156415281466399}}
{"op_code": 7, "worker_id": "6cbf603d-3f38-43f2-8f2d-63db3e37fa3d-139668874575872", "trial_id": 2, "step": 1, "intermediate_value": 10.46581903966011}
{"op_code": 7, "worker_id": "6cbf603d-3f38-43f2-8f2d-63db3e37fa3d-139668874575872", "trial_id": 2, "step": 2, "intermediate_value": 10.590424891660133}
{"op_code": 7, "worker_id": "6cbf603d-3f38-43f2-8f2d-63db3e37fa3d-139668874575872", "trial_id": 2, "step": 3, "intermediate_value": 10.590424891660133}
{"op_code": 7, "worker_id": "6cbf603d-3f38-43f2-8f2d-63db3e37fa3d-139668874575872", "trial_id": 2, "step": 4, "intermediate_value": 10.930393215582637}
{"op_code": 7, "worker_id": "6cbf603d-3f38-43f2-8f2d-63db3e37fa3d-139668874575872", "trial_id": 2, "step": 5, "intermediate_value": 10.930393215582637}
{"op_code": 6, "worker_id": "6cbf603d-3f38-43f2-8f2d-63db3e37fa3d-139668874575872", "trial_id": 2, "state": 1, "values": [10.930393215582637], "datetime_complete": "2026-03-06T03:51:29.961714"}
{"op_code": 4, "worker_id": "6cbf603d-3f38-43f2-8f2d-63db3e37fa3d-139668874575872", "study_id": 0, "datetime_start": "2026-03-06T03:51:29.962387"}
{"op_code": 5, "worker_id": "6cbf603d-3f38-43f2-8f2d-63db3e37fa3d-139668874575872", "trial_id": 3, "param_name": "learning_rate", "param_value_internal": 0.007727985678572789, "distribution": "{\"name\": \"FloatDistribution\", \"attributes\": {\"step\": null, \"low\": 0.001, \"high\": 10.0, \"log\": true}}"}
{"op_code": 5, "worker_id": "6cbf603d-3f38-43f2-8f2d-63db3e37fa3d-139668874575872", "trial_id": 3, "param_name": "out_noise", "param_value_internal": 0.0, "distribution": "{\"name\": \"FloatDistribution\", \"attributes\": {\"step\": null, \"low\": 0.0, \"high\": 0.0, \"log\": false}}"}
{"op_code": 5, "worker_id": "6cbf603d-3f38-43f2-8f2d-63db3e37fa3d-139668874575872", "trial_id": 3, "param_name": "ab_weight_scaling_omega", "param_value_internal": 0.0, "distribution": "{\"name\": \"FloatDistribution\", \"attributes\": {\"step\": null, \"low\": 0.0, \"high\": 0.0, \"log\": false}}"}
{"op_code": 5, "worker_id": "6cbf603d-3f38-43f2-8f2d-63db3e37fa3d-139668874575872", "trial_id": 3, "param_name": "min_lr_rate", "param_value_internal": 0.0, "distribution": "{\"name\": \"FloatDistribution\", \"attributes\": {\"step\": null, \"low\": 0.0, \"high\": 0.0, \"log\": false}}"}
{"op_code": 8, "worker_id": "6cbf603d-3f38-43f2-8f2d-63db3e37fa3d-139668874575872", "trial_id": 3, "user_attr": {"train_loss_epoch_1": 2.1088183251264847}}
{"op_code": 8, "worker_id": "6cbf603d-3f38-43f2-8f2d-63db3e37fa3d-139668874575872", "trial_id": 3, "user_attr": {"train_loss_epoch_2": 1.6794053737986019}}
{"op_code": 8, "worker_id": "6cbf603d-3f38-43f2-8f2d-63db3e37fa3d-139668874575872", "trial_id": 3, "user_attr": {"train_loss_epoch_3": 1.5922198169080828}}
{"op_code": 8, "worker_id": "6cbf603d-3f38-43f2-8f2d-63db3e37fa3d-139668874575872", "trial_id": 3, "user_attr": {"train_loss_epoch_4": 1.5151878874067306}}
{"op_code": 8, "worker_id": "6cbf603d-3f38-43f2-8f2d-63db3e37fa3d-139668874575872", "trial_id": 3, "user_attr": {"train_loss_epoch_5": 1.449950503815025}}
{"op_code": 7, "worker_id": "6cbf603d-3f38-43f2-8f2d-63db3e37fa3d-139668874575872", "trial_id": 3, "step": 1, "intermediate_value": 73.95176269169666}
{"op_code": 7, "worker_id": "6cbf603d-3f38-43f2-8f2d-63db3e37fa3d-139668874575872", "trial_id": 3, "step": 2, "intermediate_value": 74.57684878023251}
{"op_code": 7, "worker_id": "6cbf603d-3f38-43f2-8f2d-63db3e37fa3d-139668874575872", "trial_id": 3, "step": 3, "intermediate_value": 77.82089175693851}
{"op_code": 7, "worker_id": "6cbf603d-3f38-43f2-8f2d-63db3e37fa3d-139668874575872", "trial_id": 3, "step": 4, "intermediate_value": 79.19055070692629}
{"op_code": 7, "worker_id": "6cbf603d-3f38-43f2-8f2d-63db3e37fa3d-139668874575872", "trial_id": 3, "step": 5, "intermediate_value": 79.83799351435657}
{"op_code": 6, "worker_id": "6cbf603d-3f38-43f2-8f2d-63db3e37fa3d-139668874575872", "trial_id": 3, "state": 1, "values": [79.83799351435657], "datetime_complete": "2026-03-06T03:51:29.962387"}
{"op_code": 4, "worker_id": "6cbf603d-3f38-43f2-8f2d-63db3e37fa3d-139668874575872", "study_id": 0, "datetime_start": "2026-03-06T03:51:29.962920"}
{"op_code": 5, "worker_id": "6cbf603d-3f38-43f2-8f2d-63db3e37fa3d-139668874575872", "trial_id": 4, "param_name": "learning_rate", "param_value_internal": 1.009467120112233, "distribution": "{\"name\": \"FloatDistribution\", \"attributes\": {\"step\": null, \"low\": 0.001, \"high\": 10.0, \"log\": true}}"}
{"op_code": 5, "worker_id": "6cbf603d-3f38-43f2-8f2d-63db3e37fa3d-139668874575872", "trial_id": 4, "param_name": "out_noise", "param_value_internal": 0.0, "distribution": "{\"name\": \"FloatDistribution\", \"attributes\": {\"step\": null, \"low\": 0.0, \"high\": 0.0, \"log\": false}}"}
{"op_code": 5, "worker_id": "6cbf603d-3f38-43f2-8f2d-63db3e37fa3d-139668874575872", "trial_id": 4, "param_name": "ab_weight_scaling_omega", "param_value_internal": 0.0, "distribution": "{\"name\": \"FloatDistribution\", \"attributes\": {\"step\": null, \"low\": 0.0, \"high\": 0.0, \"log\": false}}"}
{"op_code": 5, "worker_id": "6cbf603d-3f38-43f2-8f2d-63db3e37fa3d-139668874575872", "trial_id": 4, "param_name": "min_lr_rate", "param_value_internal": 0.0, "distribution": "{\"name\": \"FloatDistribution\", \"attributes\": {\"step\": null, \"low\": 0.0, \"high\": 0.0, \"log\": false}}"}
{"op_code": 8, "worker_id": "6cbf603d-3f38-43f2-8f2d-63db3e37fa3d-139668874575872", "trial_id": 4, "user_attr": {"train_loss_epoch_1": 5.84404629884163}}
{"op_code": 8, "worker_id": "6cbf603d-3f38-43f2-8f2d-63db3e37fa3d-139668874575872", "trial_id": 4, "user_attr": {"train_loss_epoch_2": 5.818911492582194}}
{"op_code": 8, "worker_id": "6cbf603d-3f38-43f2-8f2d-63db3e37fa3d-139668874575872", "trial_id": 4, "user_attr": {"train_loss_epoch_3": 5.793950540388009}}
{"op_code": 8, "worker_id": "6cbf603d-3f38-43f2-8f2d-63db3e37fa3d-139668874575872", "trial_id": 4, "user_attr": {"train_loss_epoch_4": 5.781092055479212}}
{"op_code": 8, "worker_id": "6cbf603d-3f38-43f2-8f2d-63db3e37fa3d-139668874575872", "trial_id": 4, "user_attr": {"train_loss_epoch_5": 5.7761210888567645}}
{"op_code": 7, "worker_id": "6cbf603d-3f38-43f2-8f2d-63db3e37fa3d-139668874575872", "trial_id": 4, "step": 1, "intermediate_value": 2.307393468757917}
{"op_code": 7, "worker_id": "6cbf603d-3f38-43f2-8f2d-63db3e37fa3d-139668874575872", "trial_id": 4, "step": 2, "intermediate_value": 2.307393468757917}
{"op_code": 7, "worker_id": "6cbf603d-3f38-43f2-8f2d-63db3e37fa3d-139668874575872", "trial_id": 4, "step": 3, "intermediate_value": 2.307393468757917}
{"op_code": 7, "worker_id": "6cbf603d-3f38-43f2-8f2d-63db3e37fa3d-139668874575872", "trial_id": 4, "step": 4, "intermediate_value": 2.307393468757917}
{"op_code": 7, "worker_id": "6cbf603d-3f38-43f2-8f2d-63db3e37fa3d-139668874575872", "trial_id": 4, "step": 5, "intermediate_value": 2.307393468757917}
{"op_code": 6, "worker_id": "6cbf603d-3f38-43f2-8f2d-63db3e37fa3d-139668874575872", "trial_id": 4, "state": 1, "values": [2.307393468757917], "datetime_complete": "2026-03-06T03:51:29.962920"}
{"op_code": 4, "worker_id": "6cbf603d-3f38-43f2-8f2d-63db3e37fa3d-139668874575872", "study_id": 0, "datetime_start": "2026-03-06T03:51:29.963444"}
{"op_code": 5, "worker_id": "6cbf603d-3f38-43f2-8f2d-63db3e37fa3d-139668874575872", "trial_id": 5, "param_name": "learning_rate", "param_value_internal": 0.8133653091962245, "distribution": "{\"name\": \"FloatDistribution\", \"attributes\": {\"step\": null, \"low\": 0.001, \"high\": 10.0, \"log\": true}}"}
{"op_code": 5, "worker_id": "6cbf603d-3f38-43f2-8f2d-63db3e37fa3d-139668874575872", "trial_id": 5, "param_name": "out_noise", "param_value_internal": 0.0, "distribution": "{\"name\": \"FloatDistribution\", \"attributes\": {\"step\": null, \"low\": 0.0, \"high\": 0.0, \"log\": false}}"}
{"op_code": 5, "worker_id": "6cbf603d-3f38-43f2-8f2d-63db3e37fa3d-139668874575872", "trial_id": 5, "param_name": "ab_weight_scaling_omega", "param_value_internal": 0.0, "distribution": "{\"name\": \"FloatDistribution\", \"attributes\": {\"step\": null, \"low\": 0.0, \"high\": 0.0, \"log\": false}}"}
{"op_code": 5, "worker_id": "6cbf603d-3f38-43f2-8f2d-63db3e37fa3d-139668874575872", "trial_id": 5, "param_name": "min_lr_rate", "param_value_internal": 0.0, "distribution": "{\"name\": \"FloatDistribution\", \"attributes\": {\"step\": null, \"low\": 0.0, \"high\": 0.0, \"log\": false}}"}
{"op_code": 8, "worker_id": "6cbf603d-3f38-43f2-8f2d-63db3e37fa3d-139668874575872", "trial_id": 5, "user_attr": {"train_loss_epoch_1": 4.868888286821692}}
{"op_code": 8, "worker_id": "6cbf603d-3f38-43f2-8f2d-63db3e37fa3d-139668874575872", "trial_id": 5, "user_attr": {"train_loss_epoch_2": 4.671187059056568}}
{"op_code": 8, "worker_id": "6cbf603d-3f38-43f2-8f2d-63db3e37fa3d-139668874575872", "trial_id": 5, "user_attr": {"train_loss_epoch_3": 4.61474774413136}}
{"op_code": 8, "worker_id": "6cbf603d-3f38-43f2-8f2d-63db3e37fa3d-139668874575872", "trial_id": 5, "user_attr": {"train_loss_epoch_4": 4.543235600560168}}
{"op_code": 8, "worker_id": "6cbf603d-3f38-43f2-8f2d-63db3e37fa3d-139668874575872", "trial_id": 5, "user_attr": {"train_loss_epoch_5": 4.527257204249675}}
{"op_code": 7, "worker_id": "6cbf603d-3f38-43f2-8f2d-63db3e37fa3d-139668874575872", "trial_id": 5, "step": 1, "intermediate_value": 5.703820950791249}
{"op_code": 7, "worker_id": "6cbf603d-3f38-43f2-8f2d-63db3e37fa3d-139668874575872", "trial_id": 5, "step": 2, "intermediate_value": 5.813877429577702}
{"op_code": 7, "worker_id": "6cbf603d-3f38-43f2-8f2d-63db3e37fa3d-139668874575872", "trial_id": 5, "step": 3, "intermediate_value": 5.813877429577702}
{"op_code": 7, "worker_id": "6cbf603d-3f38-43f2-8f2d-63db3e37fa3d-139668874575872", "trial_id": 5, "step": 4, "intermediate_value": 6.810264530189905}
{"op_code": 7, "worker_id": "6cbf603d-3f38-43f2-8f2d-63db3e37fa3d-139668874575872", "trial_id": 5, "step": 5, "intermediate_value": 7.790190121673503}
{"op_code": 6, "worker_id": "6cbf603d-3f38-43f2-8f2d-63db3e37fa3d-139668874575872", "trial_id": 5, "state": 1, "values": [7.790190121673503], "datetime_complete": "2026-03-06T03:51:29.963444"}
{"op_code": 4, "worker_id": "6cbf603d-3f38-43f2-8f2d-63db3e37fa3d-139668874575872", "study_id": 0, "datetime_start": "2026-03-06T03:51:29.964019"}
{"op_code": 5, "worker_id": "6cbf603d-3f38-43f2-8f2d-63db3e37fa3d-139668874575872", "trial_id": 6, "param_name": "learning_rate", "param_value_internal": 0.15207176069614406, "distribution": "{\"name\": \"FloatDistribution\", \"attributes\": {\"step\": null, \"low\": 0.001, \"high\": 10.0, \"log\": true}}"}
{"op_code": 5, "worker_id": "6cbf603d-3f38-43f2-8f2d-63db3e37fa3d-139668874575872", "trial_id": 6, "param_name": "out_noise", "param_value_internal": 0.0, "distribution": "{\"name\": \"FloatDistribution\", \"attributes\": {\"step\": null, \"low\": 0.0, \"high\": 0.0, \"log\": false}}"}
{"op_code": 5, "worker_id": "6cbf603d-3f38-43f2-8f2d-63db3e37fa3d-139668874575872", "trial_id": 6, "param_name": "ab_weight_scaling_omega", "param_value_internal": 0.0, "distribution": "{\"name\": \"FloatDistribution\", \"attributes\": {\"step\": null, \"low\": 0.0, \"high\": 0.0, \"log\": false}}"}
{"op_code": 5, "worker_id": "6cbf603d-3f38-43f2-8f2d-63db3e37fa3d-139668874575872", "trial_id": 6, "param_name": "min_lr_rate", "param_value_internal": 0.0, "distribution": "{\"name\": \"FloatDistribution\", \"attributes\": {\"step\": null, \"low\": 0.0, \"high\": 0.0, \"log\": false}}"}
{"op_code": 8, "worker_id": "6cbf603d-3f38-43f2-8f2d-63db3e37fa3d-139668874575872", "trial_id": 6, "user_attr": {"train_loss_epoch_1": 4.239113110454142}}
{"op_code": 8, "worker_id": "6cbf603d-3f38-43f2-8f2d-63db3e37fa3d-139668874575872", "trial_id": 6, "user_attr": {"train_loss_epoch_2": 4.21232862251501}}
{"op_code": 8, "worker_id": "6cbf603d-3f38-43f2-8f2d-63db3e37fa3d-139668874575872", "trial_id": 6, "user_attr": {"train_loss_epoch_3": 4.1836543151051995}}
{"op_code": 8, "worker_id": "6cbf603d-3f38-43f2-8f2d-63db3e37fa3d-139668874575872", "trial_id": 6, "user_attr": {"train_loss_epoch_4": 4.157928682595095}}
{"op_code": 8, "worker_id": "6cbf603d-3f38-43f2-8f2d-63db3e37fa3d-139668874575872", "trial_id": 6, "user_attr": {"train_loss_epoch_5": 4.126510078327286}}
{"op_code": 7, "worker_id": "6cbf603d-3f38-43f2-8f2d-63db3e37fa3d-139668874575872", "trial_id": 6, "step": 1, "intermediate_value": 10.552634808583798}
{"op_code": 7, "worker_id": "6cbf603d-3f38-43f2-8f2d-63db3e37fa3d-139668874575872", "trial_id": 6, "step": 2, "intermediate_value": 10.552634808583798}
{"op_code": 7, "worker_id": "6cbf603d-3f38-43f2-8f2d-63db3e37fa3d-139668874575872", "trial_id": 6, "step": 3, "intermediate_value": 10.552634808583798}
{"op_code": 7, "worker_id": "6cbf603d-3f38-43f2-8f2d-63db3e37fa3d-139668874575872", "trial_id": 6, "step": 4, "intermediate_value": 10.807860266101201}
{"op_code": 7, "worker_id": "6cbf603d-3f38-43f2-8f2d-63db3e37fa3d-139668874575872", "trial_id": 6, "step": 5, "intermediate_value": 10.807860266101201}
{"op_code": 6, "worker_id": "6cbf603d-3f38-43f2-8f2d-63db3e37fa3d-139668874575872", "trial_id": 6, "state": 1, "values": [10.807860266101201], "datetime_complete": "2026-03-06T03:51:29.964019"}
{"op_code": 4, "worker_id": "6cbf603d-3f38-43f2-8f2d-63db3e37fa3d-139668874575872", "study_id": 0, "datetime_start": "2026-03-06T03:51:29.964536"}
{"op_code": 5, "worker_id": "6cbf603d-3f38-43f2-8f2d-63db3e37fa3d-139668874575872", "trial_id": 7, "param_name": "learning_rate", "param_value_internal": 0.8140324566241401, "distribution": "{\"name\": \"FloatDistribution\", \"attributes\": {\"step\": null, \"low\": 0.001, \"high\": 10.0, \"log\": true}}"}
{"op_code": 5, "worker_id": "6cbf603d-3f38-43f2-8f2d-63db3e37fa3d-139668874575872", "trial_id": 7, "param_name": "out_noise", "param_value_internal": 0.0, "distribution": "{\"name\": \"FloatDistribution\", \"attributes\": {\"step\": null, \"low\": 0.0, \"high\": 0.0, \"log\": false}}"}
{"op_code": 5, "worker_id": "6cbf603d-3f38-43f2-8f2d-63db3e37fa3d-139668874575872", "trial_id": 7, "param_name": "ab_weight_scaling_omega", "param_value_internal": 0.0, "distribution": "{\"name\": \"FloatDistribution\", \"attributes\": {\"step\": null, \"low\": 0.0, \"high\": 0.0, \"log\": false}}"}
{"op_code": 5, "worker_id": "6cbf603d-3f38-43f2-8f2d-63db3e37fa3d-139668874575872", "trial_id": 7, "param_name": "min_lr_rate", "param_value_internal": 0.0, "distribution": "{\"name\": \"FloatDistribution\", \"attributes\": {\"step\": null, \"low\": 0.0, \"high\": 0.0, \"log\": false}}"}
{"op_code": 8, "worker_id": "6cbf603d-3f38-43f2-8f2d-63db3e37fa3d-139668874575872", "trial_id": 7, "user_attr": {"train_loss_epoch_1": 4.731085233683184}}
{"op_code": 8, "worker_id": "6cbf603d-3f38-43f2-8f2d-63db3e37fa3d-139668874575872", "trial_id": 7, "user_attr": {"train_loss_epoch_2": 4.686948338056458}}
{"op_code": 8, "worker_id": "6cbf603d-3f38-43f2-8f2d-63db3e37fa3d-139668874575872", "trial_id": 7, "user_attr": {"train_loss_epoch_3": 4.616422002119694}}
{"op_code": 8, "worker_id": "6cbf603d-3f38-43f2-8f2d-63db3e37fa3d-139668874575872", "trial_id": 7, "user_attr": {"train_loss_epoch_4": 4.543500504024503}}
{"op_code": 8, "worker_id": "6cbf603d-3f38-43f2-8f2d-63db3e37fa3d-139668874575872", "trial_id": 7, "user_attr": {"train_loss_epoch_5": 4.6560509950043745}}
{"op_code": 7, "worker_id": "6cbf603d-3f38-43f2-8f2d-63db3e37fa3d-139668874575872", "trial_id": 7, "step": 1, "intermediate_value": 5.692625669229369}
{"op_code": 7, "worker_id": "6cbf603d-3f38-43f2-8f2d-63db3e37fa3d-139668874575872", "trial_id": 7, "step": 2, "intermediate_value": 6.429819629629942}
{"op_code": 7, "worker_id": "6cbf603d-3f38-43f2-8f2d-63db3e37fa3d-139668874575872", "trial_id": 7, "step": 3, "intermediate_value": 6.429819629629942}
{"op_code": 7, "worker_id": "6cbf603d-3f38-43f2-8f2d-63db3e37fa3d-139668874575872", "trial_id": 7, "step": 4, "intermediate_value": 7.361496879564738}
{"op_code": 7, "worker_id": "6cbf603d-3f38-43f2-8f2d-63db3e37fa3d-139668874575872", "trial_id": 7, "step": 5, "intermediate_value": 7.818239998793885}
{"op_code": 6, "worker_id": "6cbf603d-3f38-43f2-8f2d-63db3e37fa3d-139668874575872", "trial_id": 7, "state": 1, "values": [7.818239998793885], "datetime_complete": "2026-03-06T03:51:29.964536"}
{"op_code": 4, "worker_id": "6cbf603d-3f38-43f2-8f2d-63db3e37fa3d-139668874575872", "study_id": 0, "datetime_start": "2026-03-06T03:51:29.965061"}
{"op_code": 5, "worker_id": "6cbf603d-3f38-43f2-8f2d-63db3e37fa3d-139668874575872", "trial_id": 8, "param_name": "learning_rate", "param_value_internal": 0.21176832999893744, "distribution": "{\"name\": \"FloatDistribution\", \"attributes\": {\"step\": null, \"low\": 0.001, \"high\": 10.0, \"log\": true}}"}
{"op_code": 5, "worker_id": "6cbf603d-3f38-43f2-8f2d-63db3e37fa3d-139668874575872", "trial_id": 8, "param_name": "out_noise", "param_value_internal": 0.0, "distribution": "{\"name\": \"FloatDistribution\", \"attributes\": {\"step\": null, \"low\": 0.0, \"high\": 0.0, \"log\": false}}"}
{"op_code": 5, "worker_id": "6cbf603d-3f38-43f2-8f2d-63db3e37fa3d-139668874575872", "trial_id": 8, "param_name": "ab_weight_scaling_omega", "param_value_internal": 0.0, "distribution": "{\"name\": \"FloatDistribution\", \"attributes\": {\"step\": null, \"low\": 0.0, \"high\": 0.0, \"log\": false}}"}
{"op_code": 5, "worker_id": "6cbf603d-3f38-43f2-8f2d-63db3e37fa3d-139668874575872", "trial_id": 8, "param_name": "min_lr_rate", "param_value_internal": 0.0, "distribution": "{\"name\": \"FloatDistribution\", \"attributes\": {\"step\": null, \"low\": 0.0, \"high\": 0.0, \"log\": false}}"}
{"op_code": 8, "worker_id": "6cbf603d-3f38-43f2-8f2d-63db3e37fa3d-139668874575872", "trial_id": 8, "user_attr": {"train_loss_epoch_1": 4.309001995251087}}
{"op_code": 8, "worker_id": "6cbf603d-3f38-43f2-8f2d-63db3e37fa3d-139668874575872", "trial_id": 8, "user_attr": {"train_loss_epoch_2": 4.270955414072741}}
{"op_code": 8, "worker_id": "6cbf603d-3f38-43f2-8f2d-63db3e37fa3d-139668874575872", "trial_id": 8, "user_attr": {"train_loss_epoch_3": 4.257490300395425}}
{"op_code": 8, "worker_id": "6cbf603d-3f38-43f2-8f2d-63db3e37fa3d-139668874575872", "trial_id": 8, "user_attr": {"train_loss_epoch_4": 4.22270330357726}}
{"op_code": 8, "worker_id": "6cbf603d-3f38-43f2-8f2d-63db3e37fa3d-139668874575872", "trial_id": 8, "user_attr": {"train_loss_epoch_5": 4.194349159681238}}
{"op_code": 7, "worker_id": "6cbf603d-3f38-43f2-8f2d-63db3e37fa3d-139668874575872", "trial_id": 8, "step": 1, "intermediate_value": 10.556574851759096}
{"op_code": 7, "worker_id": "6cbf603d-3f38-43f2-8f2d-63db3e37fa3d-139668874575872", "trial_id": 8, "step": 2, "intermediate_value": 10.556574851759096}
{"op_code": 7, "worker_id": "6cbf603d-3f38-43f2-8f2d-63db3e37fa3d-139668874575872", "trial_id": 8, "step": 3, "intermediate_value": 10.556574851759096}
{"op_code": 7, "worker_id": "6cbf603d-3f38-43f2-8f2d-63db3e37fa3d-139668874575872", "trial_id": 8, "step": 4, "intermediate_value": 10.556574851759096}
{"op_code": 7, "worker_id": "6cbf603d-3f38-43f2-8f2d-63db3e37fa3d-139668874575872", "trial_id": 8, "step": 5, "intermediate_value": 10.571419071098132}
{"op_code": 6, "worker_id": "6cbf603d-3f38-43f2-8f2d-63db3e37fa3d-139668874575872", "trial_id": 8, "state": 1, "values": [10.571419071098132], "datetime_complete": "2026-03-06T03:51:29.965061"}
{"op_code": 4, "worker_id": "6cbf603d-3f38-43f2-8f2d-63db3e37fa3d-139668874575872", "study_id": 0, "datetime_start": "2026-03-06T03:51:29.965642"}
{"op_code": 5, "worker_id": "6cbf603d-3f38-43f2-8f2d-63db3e37fa3d-139668874575872", "trial_id": 9, "param_name": "learning_rate", "param_value_internal": 0.013916524919409779, "distribution": "{\"name\": \"FloatDistribution\", \"attributes\": {\"step\": null, \"low\": 0.001, \"high\": 10.0, \"log\": true}}"}
{"op_code": 5, "worker_id": "6cbf603d-3f38-43f2-8f2d-63db3e37fa3d-139668874575872", "trial_id": 9, "param_name": "out_noise", "param_value_internal": 0.0, "distribution": "{\"name\": \"FloatDistribution\", \"attributes\": {\"step\": null, \"low\": 0.0, \"high\": 0.0, \"log\": false}}"}
{"op_code": 5, "worker_id": "6cbf603d-3f38-43f2-8f2d-63db3e37fa3d-139668874575872", "trial_id": 9, "param_name": "ab_weight_scaling_omega", "param_value_internal": 0.0, "distribution": "{\"name\": \"FloatDistribution\", \"attributes\": {\"step\": null, \"low\": 0.0, \"high\": 0.0, \"log\": false}}"}
{"op_code": 5, "worker_id": "6cbf603d-3f38-43f2-8f2d-63db3e37fa3d-139668874575872", "trial_id": 9, "param_name": "min_lr_rate", "param_value_internal": 0.0, "distribution": "{\"name\": \"FloatDistribution\", \"attributes\": {\"step\": null, \"low\": 0.0, \"high\": 0.0, \"log\": false}}"}
{"op_code": 8, "worker_id": "6cbf603d-3f38-43f2-8f2d-63db3e37fa3d-139668874575872", "trial_id": 9, "user_attr": {"train_loss_epoch_1": 2.2215079750656663}}
{"op_code": 8, "worker_id": "6cbf603d-3f38-43f2-8f2d-63db3e37fa3d-139668874575872", "trial_id": 9, "user_attr": {"train_loss_epoch_2": 1.9260070758578125}}
{"op_code": 8, "worker_id": "6cbf603d-3f38-43f2-8f2d-63db3e37fa3d-139668874575872", "trial_id": 9, "user_attr": {"train_loss_epoch_3": 1.8629275833762218}}
{"op_code": 8, "worker_id": "6cbf603d-3f38-43f2-8f2d-63db3e37fa3d-139668874575872", "trial_id": 9, "user_attr": {"train_loss_epoch_4": 1.7843877221549809}}
{"op_code": 8, "worker_id": "6cbf603d-3f38-43f2-8f2d-63db3e37fa3d-139668874575872", "trial_id": 9, "user_attr": {"train_loss_epoch_5": 1.6968738662902498}}
{"op_code": 7, "worker_id": "6cbf603d-3f38-43f2-8f2d-63db3e37fa3d-139668874575872", "trial_id": 9, "step": 1, "intermediate_value": 70.07976647919139}
{"op_code": 7, "worker_id": "6cbf603d-3f38-43f2-8f2d-63db3e37fa3d-139668874575872", "trial_id": 9, "step": 2, "intermediate_value": 70.40232245238168}
{"op_code": 7, "worker_id": "6cbf603d-3f38-43f2-8f2d-63db3e37fa3d-139668874575872", "trial_id": 9, "step": 3, "intermediate_value": 72.7031829848213}
{"op_code": 7, "worker_id": "6cbf603d-3f38-43f2-8f2d-63db3e37fa3d-139668874575872", "trial_id": 9, "step": 4, "intermediate_value": 73.82192449441644}
{"op_code": 7, "worker_id": "6cbf603d-3f38-43f2-8f2d-63db3e37fa3d-139668874575872", "trial_id": 9, "step": 5, "intermediate_value": 74.58946170873577}
{"op_code": 6, "worker_id": "6cbf603d-3f38-43f2-8f2d-63db3e37fa3d-139668874575872", "trial_id": 9, "state": 1, "values": [74.58946170873577], "datetime_complete": "2026-03-06T03:51:29.965642"}
{"op_code": 4, "worker_id": "6cbf603d-3f38-43f2-8f2d-63db3e37fa3d-139668874575872", "study_id": 0, "datetime_start": "2026-03-06T03:51:29.966151"}
{"op_code": 5, "worker_id": "6cbf603d-3f38-43f2-8f2d-63db3e37fa3d-139668874575872", "trial_id": 10, "param_name": "learning_rate", "param_value_internal": 0.007804722507650213, "distribution": "{\"name\": \"FloatDistribution\", \"attributes\": {\"step\": null, \"low\": 0.001, \"high\": 10.0, \"log\": true}}"}
{"op_code": 5, "worker_id": "6cbf603d-3f38-43f2-8f2d-63db3e37fa3d-139668874575872", "trial_id": 10, "param_name": "out_noise", "param_value_internal": 0.0, "distribution": "{\"name\": \"FloatDistribution\", \"attributes\": {\"step\": null, \"low\": 0.0, \"high\": 0.0, \"log\": false}}"}
{"op_code": 5, "worker_id": "6cbf603d-3f38-43f2-8f2d-63db3e37fa3d-139668874575872", "trial_id": 10, "param_name": "ab_weight_scaling_omega", "param_value_internal": 0.0, "distribution": "{\"name\": \"FloatDistribution\", \"attributes\": {\"step\": null, \"low\": 0.0, \"high\": 0.0, \"log\": false}}"}
{"op_code": 5, "worker_id": "6cbf603d-3f38-43f2-8f2d-63db3e37fa3d-139668874575872", "trial_id": 10, "param_name": "min_lr_rate", "param_value_internal": 0.0, "distribution": "{\"name\": \"FloatDistribution\", \"attributes\": {\"step\": null, \"low\": 0.0, \"high\": 0.0, \"log\": false}}"}
{"op_code": 8, "worker_id": "6cbf603d-3f38-43f2-8f2d-63db3e37fa3d-139668874575872", "trial_id": 10, "user_attr": {"train_loss_epoch_1": 2.119484541538318}}
{"op_code": 8, "worker_id": "6cbf603d-3f38-43f2-8f2d-63db3e37fa3d-139668874575872", "trial_id": 10, "user_attr": {"train_loss_epoch_2": 1.6822896343836393}}
{"op_code": 8, "worker_id": "6cbf603d-3f38-43f2-8f2d-63db3e37fa3d-139668874575872", "trial_id": 10, "user_attr": {"train_loss_epoch_3": 1.5899966472725005}}
{"op_code": 8, "worker_id": "6cbf603d-3f38-43f2-8f2d-63db3e37fa3d-139668874575872", "trial_id": 10, "user_attr": {"train_loss_epoch_4": 1.5124625617102512}}
{"op_code": 8, "worker_id": "6cbf603d-3f38-43f2-8f2d-63db3e37fa3d-139668874575872", "trial_id": 10, "user_attr": {"train_loss_epoch_5": 1.4426401132779834}}
{"op_code": 7, "worker_id": "6cbf603d-3f38-43f2-8f2d-63db3e37fa3d-139668874575872", "trial_id": 10, "step": 1, "intermediate_value": 73.84109401432555}
{"op_code": 7, "worker_id": "6cbf603d-3f38-43f2-8f2d-63db3e37fa3d-139668874575872", "trial_id": 10, "step": 2, "intermediate_value": 73.84109401432555}
{"op_code": 7, "worker_id": "6cbf603d-3f38-43f2-8f2d-63db3e37fa3d-139668874575872", "trial_id": 10, "step": 3, "intermediate_value": 77.58998027794418}
{"op_code": 7, "worker_id": "6cbf603d-3f38-43f2-8f2d-63db3e37fa3d-139668874575872", "trial_id": 10, "step": 4, "intermediate_value": 78.3592982213963}
{"op_code": 7, "worker_id": "6cbf603d-3f38-43f2-8f2d-63db3e37fa3d-139668874575872", "trial_id": 10, "step": 5, "intermediate_value": 79.58375692472868}
{"op_code": 6, "worker_id": "6cbf603d-3f38-43f2-8f2d-63db3e37fa3d-139668874575872", "trial_id": 10, "state": 1, "values": [79.58375692472868], "datetime_complete": "2026-03-06T03:51:29.966151"}
{"op_code": 4, "worker_id": "6cbf603d-3f38-43f2-8f2d-63db3e37fa3d-139668874575872", "study_id": 0, "datetime_start": "2026-03-06T03:51:29.966680"}
{"op_code": 5, "worker_id": "6cbf603d-3f38-43f2-8f2d-63db3e37fa3d-139668874575872", "trial_id": 11, "param_name": "learning_rate", "param_value_internal": 0.007530099574641167, "distribution": "{\"name\": \"FloatDistribution\", \"attributes\": {\"step\": null, \"low\": 0.001, \"high\": 10.0, \"log\": true}}"}
{"op_code": 5, "worker_id": "6cbf603d-3f38-43f2-8f2d-63db3e37fa3d-139668874575872", "trial_id": 11, "param_name": "out_noise", "param_value_internal": 0.0, "distribution": "{\"name\": \"FloatDistribution\", \"attributes\": {\"step\": null, \"low\": 0.0, \"high\": 0.0, \"log\": false}}"}
{"op_code": 5, "worker_id": "6cbf603d-3f38-43f2-8f2d-63db3e37fa3d-139668874575872", "trial_id": 11, "param_name": "ab_weight_scaling_omega", "param_value_internal": 0.0, "distribution": "{\"name\": \"FloatDistribution\", \"attributes\": {\"step\": null, \"low\": 0.0, \"high\": 0.0, \"log\": false}}"}
{"op_code": 5, "worker_id": "6cbf603d-3f38-43f2-8f2d-63db3e37fa3d-139668874575872", "trial_id": 11, "param_name": "min_lr_rate", "param_value_internal": 0.0, "distribution": "{\"name\": \"FloatDistribution\", \"attributes\": {\"step\": null, \"low\": 0.0, \"high\": 0.0, \"log\": false}}"}
{"op_code": 8, "worker_id": "6cbf603d-3f38-43f2-8f2d-63db3e37fa3d-139668874575872", "trial_id": 11, "user_attr": {"train_loss_epoch_1": 2.1085302955770144}}
{"op_code": 8, "worker_id": "6cbf603d-3f38-43f2-8f2d-63db3e37fa3d-139668874575872", "trial_id": 11, "user_attr": {"train_loss_epoch_2": 1.6783338676916937}}
{"op_code": 8, "worker_id": "6cbf603d-3f38-43f2-8f2d-63db3e37fa3d-139668874575872", "trial_id": 11, "user_attr": {"train_loss_epoch_3": 1.5916669406390636}}
{"op_code": 8, "worker_id": "6cbf603d-3f38-43f2-8f2d-63db3e37fa3d-139668874575872", "trial_id": 11, "user_attr": {"train_loss_epoch_4": 1.5131797941760599}}
{"op_code": 8, "worker_id": "6cbf603d-3f38-43f2-8f2d-63db3e37fa3d-139668874575872", "trial_id": 11, "user_attr": {"train_loss_epoch_5": 1.4508347720045098}}
{"op_code": 7, "worker_id": "6cbf603d-3f38-43f2-8f2d-63db3e37fa3d-139668874575872", "trial_id": 11, "step": 1, "intermediate_value": 73.78581889443619}
{"op_code": 7, "worker_id": "6cbf603d-3f38-43f2-8f2d-63db3e37fa3d-139668874575872", "trial_id": 11, "step": 2, "intermediate_value": 74.12131869350775}
{"op_code": 7, "worker_id": "6cbf603d-3f38-43f2-8f2d-63db3e37fa3d-139668874575872", "trial_id": 11, "step": 3, "intermediate_value": 77.12558414981473}
{"op_code": 7, "worker_id": "6cbf603d-3f38-43f2-8f2d-63db3e37fa3d-139668874575872", "trial_id": 11, "step": 4, "intermediate_value": 79.13829081759637}
{"op_code": 7, "worker_id": "6cbf603d-3f38-43f2-8f2d-63db3e37fa3d-139668874575872", "trial_id": 11, "step": 5, "intermediate_value": 79.79059118079672}
{"op_code": 6, "worker_id": "6cbf603d-3f38-43f2-8f2d-63db3e37fa3d-139668874575872", "trial_id": 11, "state": 1, "values": [79.79059118079672], "datetime_complete": "2026-03-06T03:51:29.966680"}
{"op_code": 4, "worker_id": "6cbf603d-3f38-43f2-8f2d-63db3e37fa3d-139668874575872", "study_id": 0, "datetime_start": "2026-03-06T03:51:29.967252"}
{"op_code": 5, "worker_id": "6cbf603d-3f38-43f2-8f2d-63db3e37fa3d-139668874575872", "trial_id": 12, "param_name": "learning_rate", "param_value_internal": 0.001, "distribution": "{\"name\": \"FloatDistribution\", \"attributes\": {\"step\": null, \"low\": 0.001, \"high\": 10.0, \"log\": true}}"}
{"op_code": 5, "worker_id": "6cbf603d-3f38-43f2-8f2d-63db3e37fa3d-139668874575872", "trial_id": 12, "param_name": "out_noise", "param_value_internal": 0.0, "distribution": "{\"name\": \"FloatDistribution\", \"attributes\": {\"step\": null, \"low\": 0.0, \"high\": 0.0, \"log\": false}}"}
{"op_code": 5, "worker_id": "6cbf603d-3f38-43f2-8f2d-63db3e37fa3d-139668874575872", "trial_id": 12, "param_name": "ab_weight_scaling_omega", "param_value_internal": 0.0, "distribution": "{\"name\": \"FloatDistribution\", \"attributes\": {\"step\": null, \"low\": 0.0, \"high\": 0.0, \"log\": false}}"}
{"op_code": 5, "worker_id": "6cbf603d-3f38-43f2-8f2d-63db3e37fa3d-139668874575872", "trial_id": 12, "param_name": "min_lr_rate", "param_value_internal": 0.0, "distribution": "{\"name\": \"FloatDistribution\", \"attributes\": {\"step\": null, \"low\": 0.0, \"high\": 0.0, \"log\": false}}"}
{"op_code": 8, "worker_id": "6cbf603d-3f38-43f2-8f2d-63db3e37fa3d-139668874575872", "trial_id": 12, "user_attr": {"train_loss_epoch_1": 2.4692865961384536}}
{"op_code": 8, "worker_id": "6cbf603d-3f38-43f2-8f2d-63db3e37fa3d-139668874575872", "trial_id": 12, "user_attr": {"train_loss_epoch_2": 1.7123329363951163}}
{"op_code": 8, "worker_id": "6cbf603d-3f38-43f2-8f2d-63db3e37fa3d-139668874575872", "trial_id": 12, "user_attr": {"train_loss_epoch_3": 1.6317856217277311}}
{"op_code": 8, "worker_id": "6cbf603d-3f38-43f2-8f2d-63db3e37fa3d-139668874575872", "trial_id": 12, "user_attr": {"train_loss_epoch_4": 1.5889465151746993}}
{"op_code": 8, "worker_id": "6cbf603d-3f38-43f2-8f2d-63db3e37fa3d-139668874575872", "trial_id": 12, "user_attr": {"train_loss_epoch_5": 1.5640682200811586}}
{"op_code": 7, "worker_id": "6cbf603d-3f38-43f2-8f2d-63db3e37fa3d-139668874575872", "trial_id": 12, "step": 1, "intermediate_value": 71.99104605142006}
{"op_code": 7, "worker_id": "6cbf603d-3f38-43f2-8f2d-63db3e37fa3d-139668874575872", "trial_id": 12, "step": 2, "intermediate_value": 74.9626696546932}
{"op_code": 7, "worker_id": "6cbf603d-3f38-43f2-8f2d-63db3e37fa3d-139668874575872", "trial_id": 12, "step": 3, "intermediate_value": 76.33785472469235}
{"op_code": 7, "worker_id": "6cbf603d-3f38-43f2-8f2d-63db3e37fa3d-139668874575872", "trial_id": 12, "step": 4, "intermediate_value": 76.80802408870646}
{"op_code": 7, "worker_id": "6cbf603d-3f38-43f2-8f2d-63db3e37fa3d-139668874575872", "trial_id": 12, "step": 5, "intermediate_value": 77.19478568312132}
{"op_code": 6, "worker_id": "6cbf603d-3f38-43f2-8f2d-63db3e37fa3d-139668874575872", "trial_id": 12, "state": 1, "values": [77.19478568312132], "datetime_complete": "2026-03-06T03:51:29.967252"}
{"op_code": 4, "worker_id": "6cbf603d-3f38-43f2-8f2d-63db3e37fa3d-139668874575872", "study_id": 0, "datetime_start": "2026-03-06T03:51:29.967762"}
{"op_code": 5, "worker_id": "6cbf603d-3f38-43f2-8f2d-63db3e37fa3d-139668874575872", "trial_id": 13, "param_name": "learning_rate", "param_value_internal": 0.0021265613195992823, "distribution": "{\"name\": \"FloatDistribution\", \"attributes\": {\"step\": null, \"low\": 1e-05, \"high\": 1.0, \"log\": true}}"}
{"op_code": 5, "worker_id": "6cbf603d-3f38-43f2-8f2d-63db3e37fa3d-139668874575872", "trial_id": 13, "param_name": "ab_weight_scaling_omega", "param_value_internal": 0.0, "distribution": "{\"name\": \"FloatDistribution\", \"attributes\": {\"step\": null, \"low\": 0.0, \"high\": 0.0, \"log\": false}}"}
{"op_code": 5, "worker_id": "6cbf603d-3f38-43f2-8f2d-63db3e37fa3d-139668874575872", "trial_id": 13, "param_name": "min_lr_rate", "param_value_internal": 0.0, "distribution": "{\"name\": \"FloatDistribution\", \"attributes\": {\"step\": null, \"low\": 0.0, \"high\": 0.0, \"log\": false}}"}
{"op_code": 8, "worker_id": "6cbf603d-3f38-43f2-8f2d-63db3e37fa3d-139668874575872", "trial_id": 13, "user_attr": {"train_loss_epoch_1": 2.236990289285468}}
{"op_code": 8, "worker_id": "6cbf603d-3f38-43f2-8f2d-63db3e37fa3d-139668874575872", "trial_id": 13, "user_attr": {"train_loss_epoch_2": 1.6348104061198836}}
{"op_code": 8, "worker_id": "6cbf603d-3f38-43f2-8f2d-63db3e37fa3d-139668874575872", "trial_id": 13, "user_attr": {"train_loss_epoch_3": 1.5598434020943615}}
{"op_code": 8, "worker_id": "6cbf603d-3f38-43f2-8f2d-63db3e37fa3d-139668874575872", "trial_id": 13, "user_attr": {"train_loss_epoch_4": 1.5117483121911244}}
{"op_code": 8, "worker_id": "6cbf603d-3f38-43f2-8f2d-63db3e37fa3d-139668874575872", "trial_id": 13, "user_attr": {"train_loss_epoch_5": 1.4805478209336298}}
{"op_code": 7, "worker_id": "6cbf603d-3f38-43f2-8f2d-63db3e37fa3d-139668874575872", "trial_id": 13, "step": 1, "intermediate_value": 74.60921087560374}
{"op_code": 7, "worker_id": "6cbf603d-3f38-43f2-8f2d-63db3e37fa3d-139668874575872", "trial_id": 13, "step": 2, "intermediate_value": 76.92105617548846}
{"op_code": 7, "worker_id": "6cbf603d-3f38-43f2-8f2d-63db3e37fa3d-139668874575872", "trial_id": 13, "step": 3, "intermediate_value": 77.67455945542996}
{"op_code": 7, "worker_id": "6cbf603d-3f38-43f2-8f2d-63db3e37fa3d-139668874575872", "trial_id": 13, "step": 4, "intermediate_value": 78.67657467894708}
{"op_code": 7, "worker_id": "6cbf603d-3f38-43f2-8f2d-63db3e37fa3d-139668874575872", "trial_id": 13, "step": 5, "intermediate_value": 79.12151192749971}
{"op_code": 6, "worker_id": "6cbf603d-3f38-43f2-8f2d-63db3e37fa3d-139668874575872", "trial_id": 13, "state": 1, "values": [79.12151192749971], "datetime_complete": "2026-03-06T03:51:29.967762"}
{"op_code": 4, "worker_id": "6cbf603d-3f38-43f2-8f2d-63db3e37fa3d-139668874575872", "study_id": 0, "datetime_start": "2026-03-06T03:51:29.968256"}
{"op_code": 5, "worker_id": "6cbf603d-3f38-43f2-8f2d-63db3e37fa3d-139668874575872", "trial_id": 14, "param_name": "learning_rate", "param_value_internal": 1.9350420171626515e-05, "distribution": "{\"name\": \"FloatDistribution\", \"attributes\": {\"step\": null, \"low\": 1e-05, \"high\": 1.0, \"log\": true}}"}
{"op_code": 5, "worker_id": "6cbf603d-3f38-43f2-8f2d-63db3e37fa3d-139668874575872", "trial_id": 14, "param_name": "ab_weight_scaling_omega", "param_value_internal": 0.0, "distribution": "{\"name\": \"FloatDistribution\", \"attributes\": {\"step\": null, \"low\": 0.0, \"high\": 0.0, \"log\": false}}"}
{"op_code": 5, "worker_id": "6cbf603d-3f38-43f2-8f2d-63db3e37fa3d-139668874575872", "trial_id": 14, "param_name": "min_lr_rate", "param_value_internal": 0.0, "distribution": "{\"name\": \"FloatDistribution\", \"attributes\": {\"step\": null, \"low\": 0.0, \"high\": 0.0, \"log\": false}}"}
{"op_code": 8, "worker_id": "6cbf603d-3f38-43f2-8f2d-63db3e37fa3d-139668874575872", "trial_id": 14, "user_attr": {"train_loss_epoch_1": 4.842361621528371}}
{"op_code": 8, "worker_id": "6cbf603d-3f38-43f2-8f2d-63db3e37fa3d-139668874575872", "trial_id": 14, "user_attr": {"train_loss_epoch_2": 3.9375978177335083}}
{"op_code": 8, "worker_id": "6cbf603d-3f38-43f2-8f2d-63db3e37fa3d-139668874575872", "trial_id": 14, "user_attr": {"train_loss_epoch_3": 3.7297546448633905}}
{"op_code": 8, "worker_id": "6cbf603d-3f38-43f2-8f2d-63db3e37fa3d-139668874575872", "trial_id": 14, "user_attr": {"train_loss_epoch_4": 3.615238449960648}}
{"op_code": 8, "worker_id": "6cbf603d-3f38-43f2-8f2d-63db3e37fa3d-139668874575872", "trial_id": 14, "user_attr": {"train_loss_epoch_5": 3.558639795937232}}
{"op_code": 7, "worker_id": "6cbf603d-3f38-43f2-8f2d-63db3e37fa3d-139668874575872", "trial_id": 14, "step": 1, "intermediate_value": 11.379600044019233}
{"op_code": 7, "worker_id": "6cbf603d-3f38-43f2-8f2d-63db3e37fa3d-139668874575872", "trial_id": 14, "step": 2, "intermediate_value": 14.587916704810848}
{"op_code": 7, "worker_id": "6cbf603d-3f38-43f2-8f2d-63db3e37fa3d-139668874575872", "trial_id": 14, "step": 3, "intermediate_value": 17.799379416637578}
{"op_code": 7, "worker_id": "6cbf603d-3f38-43f2-8f2d-63db3e37fa3d-139668874575872", "trial_id": 14, "step": 4, "intermediate_value": 19.85201585448807}
{"op_code": 7, "worker_id": "6cbf603d-3f38-43f2-8f2d-63db3e37fa3d-139668874575872", "trial_id": 14, "step": 5, "intermediate_value": 20.799281188733154}
{"op_code": 6, "worker_id": "6cbf603d-3f38-43f2-8f2d-63db3e37fa3d-139668874575872", "trial_id": 14, "state": 1, "values": [20.799281188733154], "datetime_complete": "2026-03-06T03:51:29.968256"}
{"op_code": 4, "worker_id": "6cbf603d-3f38-43f2-8f2d-63db3e37fa3d-139668874575872", "study_id": 0, "datetime_start": "2026-03-06T03:51:29.968750"}
{"op_code": 5, "worker_id": "6cbf603d-3f38-43f2-8f2d-63db3e37fa3d-139668874575872", "trial_id": 15, "param_name": "learning_rate", "param_value_internal": 0.0033845814980362513, "distribution": "{\"name\": \"FloatDistribution\", \"attributes\": {\"step\": null, \"low\": 1e-05, \"high\": 1.0, \"log\": true}}"}
{"op_code": 5, "worker_id": "6cbf603d-3f38-43f2-8f2d-63db3e37fa3d-139668874575872", "trial_id": 15, "param_name": "ab_weight_scaling_omega", "param_value_internal": 0.0, "distribution": "{\"name\": \"FloatDistribution\", \"attributes\": {\"step\": null, \"low\": 0.0, \"high\": 0.0, \"log\": false}}"}
{"op_code": 5, "worker_id": "6cbf603d-3f38-43f2-8f2d-63db3e37fa3d-139668874575872", "trial_id": 15, "param_name": "min_lr_rate", "param_value_internal": 0.0, "distribution": "{\"name\": \"FloatDistribution\", \"attributes\": {\"step\": null, \"low\": 0.0, \"high\": 0.0, \"log\": false}}"}
{"op_code": 8, "worker_id": "6cbf603d-3f38-43f2-8f2d-63db3e37fa3d-139668874575872", "trial_id": 15, "user_attr": {"train_loss_epoch_1": 2.1916772037627363}}
{"op_code": 8, "worker_id": "6cbf603d-3f38-43f2-8f2d-63db3e37fa3d-139668874575872", "trial_id": 15, "user_attr": {"train_loss_epoch_2": 1.6266460656045139}}
{"op_code": 8, "worker_id": "6cbf603d-3f38-43f2-8f2d-63db3e37fa3d-139668874575872", "trial_id": 15, "user_attr": {"train_loss_epoch_3": 1.539076609102969}}
{"op_code": 8, "worker_id": "6cbf603d-3f38-43f2-8f2d-63db3e37fa3d-139668874575872", "trial_id": 15, "user_attr": {"train_loss_epoch_4": 1.4804846832620366}}
{"op_code": 8, "worker_id": "6cbf603d-3f38-43f2-8f2d-63db3e37fa3d-139668874575872", "trial_id": 15, "user_attr": {"train_loss_epoch_5": 1.4411881313554087}}
{"op_code": 7, "worker_id": "6cbf603d-3f38-43f2-8f2d-63db3e37fa3d-139668874575872", "trial_id": 15, "step": 1, "intermediate_value": 74.58297982334648}
{"op_code": 7, "worker_id": "6cbf603d-3f38-43f2-8f2d-63db3e37fa3d-139668874575872", "trial_id": 15, "step": 2, "intermediate_value": 76.72609240048921}
{"op_code": 7, "worker_id": "6cbf603d-3f38-43f2-8f2d-63db3e37fa3d-139668874575872", "trial_id": 15, "step": 3, "intermediate_value": 78.18899771661495}
{"op_code": 7, "worker_id": "6cbf603d-3f38-43f2-8f2d-63db3e37fa3d-139668874575872", "trial_id": 15, "step": 4, "intermediate_value": 79.54954781647254}
{"op_code": 7, "worker_id": "6cbf603d-3f38-43f2-8f2d-63db3e37fa3d-139668874575872", "trial_id": 15, "step": 5, "intermediate_value": 79.66631996097088}
{"op_code": 6, "worker_id": "6cbf603d-3f38-43f2-8f2d-63db3e37fa3d-139668874575872", "trial_id": 15, "state": 1, "values": [79.66631996097088], "datetime_complete": "2026-03-06T03:51:29.968750"}
{"op_code": 4, "worker_id": "6cbf603d-3f38-43f2-8f2d-63db3e37fa3d-139668874575872", "study_id": 0, "datetime_start": "2026-03-06T03:51:29.969307"}
{"op_code": 5, "worker_id": "6cbf603d-3f38-43f2-8f2d-63db3e37fa3d-139668874575872", "trial_id": 16, "param_name": "learning_rate", "param_value_internal": 0.02868436604563053, "distribution": "{\"name\": \"FloatDistribution\", \"attributes\": {\"step\": null, \"low\": 1e-05, \"high\": 1.0, \"log\": true}}"}
{"op_code": 5, "worker_id": "6cbf603d-3f38-43f2-8f2d-63db3e37fa3d-139668874575872", "trial_id": 16, "param_name": "ab_weight_scaling_omega", "param_value_internal": 0.0, "distribution": "{\"name\": \"FloatDistribution\", \"attributes\": {\"step\": null, \"low\": 0.0, \"high\": 0.0, \"log\": false}}"}
{"op_code": 5, "worker_id": "6cbf603d-3f38-43f2-8f2d-63db3e37fa3d-139668874575872", "trial_id": 16, "param_name": "min_lr_rate", "param_value_internal": 0.0, "distribution": "{\"name\": \"FloatDistribution\", \"attributes\": {\"step\": null, \"low\": 0.0, \"high\": 0.0, \"log\": false}}"}
{"op_code": 8, "worker_id": "6cbf603d-3f38-43f2-8f2d-63db3e37fa3d-139668874575872", "trial_id": 16, "user_attr": {"train_loss_epoch_1": 2.922530560901928}}
{"op_code": 8, "worker_id": "6cbf603d-3f38-43f2-8f2d-63db3e37fa3d-139668874575872", "trial_id": 16, "user_attr": {"train_loss_epoch_2": 3.3109395185373893}}
{"op_code": 8, "worker_id": "6cbf603d-3f38-43f2-8f2d-63db3e37fa3d-139668874575872", "trial_id": 16, "user_attr": {"train_loss_epoch_3": 3.432452093847207}}
{"op_code": 7, "worker_id": "6cbf603d-3f38-43f2-8f2d-63db3e37fa3d-139668874575872", "trial_id": 16, "step": 1, "intermediate_value": 4.701306896561791}
{"op_code": 7, "worker_id": "6cbf603d-3f38-43f2-8f2d-63db3e37fa3d-139668874575872", "trial_id": 16, "step": 2, "intermediate_value": 43.79332938881326}
{"op_code": 7, "worker_id": "6cbf603d-3f38-43f2-8f2d-63db3e37fa3d-139668874575872", "trial_id": 16, "step": 3, "intermediate_value": 43.79332938881326}
{"op_code": 6, "worker_id": "6cbf603d-3f38-43f2-8f2d-63db3e37fa3d-139668874575872", "trial_id": 16, "state": 1, "values": [43.79332938881326], "datetime_complete": "2026-03-06T03:51:29.969307"}
{"op_code": 4, "worker_id": "6cbf603d-3f38-43f2-8f2d-63db3e37fa3d-139668874575872", "study_id": 0, "datetime_start": "2026-03-06T03:51:29.969790"}
{"op_code": 5, "worker_id": "6cbf603d-3f38-43f2-8f2d-63db3e37fa3d-139668874575872", "trial_id": 17, "param_name": "learning_rate", "param_value_internal": 0.056566027863502316, "distribution": "{\"name\": \"FloatDistribution\", \"attributes\": {\"step\": null, \"low\": 1e-05, \"high\": 1.0, \"log\": true}}"}
{"op_code": 5, "worker_id": "6cbf603d-3f38-43f2-8f2d-63db3e37fa3d-139668874575872", "trial_id": 17, "param_name": "ab_weight_scaling_omega", "param_value_internal": 0.0, "distribution": "{\"name\": \"FloatDistribution\", \"attributes\": {\"step\": null, \"low\": 0.0, \"high\": 0.0, \"log\": false}}"}
{"op_code": 5, "worker_id": "6cbf603d-3f38-43f2-8f2d-63db3e37fa3d-139668874575872", "trial_id": 17, "param_name": "min_lr_rate", "param_value_internal": 0.0, "distribution": "{\"name\": \"FloatDistribution\", \"attributes\": {\"step\": null, \"low\": 0.0, \"high\": 0.0, \"log\": false}}"}
{"op_code": 8, "worker_id": "6cbf603d-3f38-43f2-8f2d-63db3e37fa3d-139668874575872", "trial_id": 17, "user_attr": {"train_loss_epoch_1": 3.6357431788584784}}
{"op_code": 8, "worker_id": "6cbf603d-3f38-43f2-8f2d-63db3e37fa3d-139668874575872", "trial_id": 17, "user_attr": {"train_loss_epoch_2": 3.9509786102883906}}
{"op_code": 8, "worker_id": "6cbf603d-3f38-43f2-8f2d-63db3e37fa3d-139668874575872", "trial_id": 17, "user_attr": {"train_loss_epoch_3": 3.92283888766157}}
{"op_code": 7, "worker_id": "6cbf603d-3f38-43f2-8f2d-63db3e37fa3d-139668874575872", "trial_id": 17, "step": 1, "intermediate_value": 20.106374055514816}
{"op_code": 7, "worker_id": "6cbf603d-3f38-43f2-8f2d-63db3e37fa3d-139668874575872", "trial_id": 17, "step": 2, "intermediate_value": 20.106374055514816}
{"op_code": 7, "worker_id": "6cbf603d-3f38-43f2-8f2d-63db3e37fa3d-139668874575872", "trial_id": 17, "step": 3, "intermediate_value": 20.106374055514816}
{"op_code": 6, "worker_id": "6cbf603d-3f38-43f2-8f2d-63db3e37fa3d-139668874575872", "trial_id": 17, "state": 1, "values": [20.106374055514816], "datetime_complete": "2026-03-06T03:51:29.969790"}
{"op_code": 4, "worker_id": "6cbf603d-3f38-43f2-8f2d-63db3e37fa3d-139668874575872", "study_id": 0, "datetime_start": "2026-03-06T03:51:29.970298"}
{"op_code": 5, "worker_id": "6cbf603d-3f38-43f2-8f2d-63db3e37fa3d-139668874575872", "trial_id": 18, "param_name": "learning_rate", "param_value_internal": 0.004608155911710303, "distribution": "{\"name\": \"FloatDistribution\", \"attributes\": {\"step\": null, \"low\": 1e-05, \"high\": 1.0, \"log\": true}}"}
{"op_code": 5, "worker_id": "6cbf603d-3f38-43f2-8f2d-63db3e37fa3d-139668874575872", "trial_id": 18, "param_name": "ab_weight_scaling_omega", "param_value_internal": 0.0, "distribution": "{\"name\": \"FloatDistribution\", \"attributes\": {\"step\": null, \"low\": 0.0, \"high\": 0.0, \"log\": false}}"}
{"op_code": 5, "worker_id": "6cbf603d-3f38-43f2-8f2d-63db3e37fa3d-139668874575872", "trial_id": 18, "param_name": "min_lr_rate", "param_value_internal": 0.0, "distribution": "{\"name\": \"FloatDistribution\", \"attributes\": {\"step\": null, \"low\": 0.0, \"high\": 0.0, \"log\": false}}"}
{"op_code": 8, "worker_id": "6cbf603d-3f38-43f2-8f2d-63db3e37fa3d-139668874575872", "trial_id": 18, "user_attr": {"train_loss_epoch_1": 2.164603150498418}}
{"op_code": 8, "worker_id": "6cbf603d-3f38-43f2-8f2d-63db3e37fa3d-139668874575872", "trial_id": 18, "user_attr": {"train_loss_epoch_2": 1.6348017323918704}}
{"op_code": 8, "worker_id": "6cbf603d-3f38-43f2-8f2d-63db3e37fa3d-139668874575872", "trial_id": 18, "user_attr": {"train_loss_epoch_3": 1.5452570244851684}}
{"op_code": 8, "worker_id": "6cbf603d-3f38-43f2-8f2d-63db3e37fa3d-139668874575872", "trial_id": 18, "user_attr": {"train_loss_epoch_4": 1.4801366295585725}}
{"op_code": 8, "worker_id": "6cbf603d-3f38-43f2-8f2d-63db3e37fa3d-139668874575872", "trial_id": 18, "user_attr": {"train_loss_epoch_5": 1.4339764395455545}}
{"op_code": 7, "worker_id": "6cbf603d-3f38-43f2-8f2d-63db3e37fa3d-139668874575872", "trial_id": 18, "step": 1, "intermediate_value": 74.09701087104466}
{"op_code": 7, "worker_id": "6cbf603d-3f38-43f2-8f2d-63db3e37fa3d-139668874575872", "trial_id": 18, "step": 2, "intermediate_value": 75.94044643737134}
{"op_code": 7, "worker_id": "6cbf603d-3f38-43f2-8f2d-63db3e37fa3d-139668874575872", "trial_id": 18, "step": 3, "intermediate_value": 78.12647186348784}
{"op_code": 7, "worker_id": "6cbf603d-3f38-43f2-8f2d-63db3e37fa3d-139668874575872", "trial_id": 18, "step": 4, "intermediate_value": 79.41405390275632}
{"op_code": 7, "worker_id": "6cbf603d-3f38-43f2-8f2d-63db3e37fa3d-139668874575872", "trial_id": 18, "step": 5, "intermediate_value": 79.78517171425496}
{"op_code": 6, "worker_id": "6cbf603d-3f38-43f2-8f2d-63db3e37fa3d-139668874575872", "trial_id": 18, "state": 1, "values": [79.78517171425496], "datetime_complete": "2026-03-06T03:51:29.970298"}
{"op_code": 4, "worker_id": "6cbf603d-3f38-43f2-8f2d-63db3e37fa3d-139668874575872", "study_id": 0, "datetime_start": "2026-03-06T03:51:29.970857"}
{"op_code": 5, "worker_id": "6cbf603d-3f38-43f2-8f2d-63db3e37fa3d-139668874575872", "trial_id": 19, "param_name": "learning_rate", "param_value_internal": 3.125536037571787e-05, "distribution": "{\"name\": \"FloatDistribution\", \"attributes\": {\"step\": null, \"low\": 1e-05, \"high\": 1.0, \"log\": true}}"}
{"op_code": 5, "worker_id": "6cbf603d-3f38-43f2-8f2d-63db3e37fa3d-139668874575872", "trial_id": 19, "param_name": "ab_weight_scaling_omega", "param_value_internal": 0.0, "distribution": "{\"name\": \"FloatDistribution\", \"attributes\": {\"step\": null, \"low\": 0.0, \"high\": 0.0, \"log\": false}}"}
{"op_code": 5, "worker_id": "6cbf603d-3f38-43f2-8f2d-63db3e37fa3d-139668874575872", "trial_id": 19, "param_name": "min_lr_rate", "param_value_internal": 0.0, "distribution": "{\"name\": \"FloatDistribution\", \"attributes\": {\"step\": null, \"low\": 0.0, \"high\": 0.0, \"log\": false}}"}
{"op_code": 8, "worker_id": "6cbf603d-3f38-43f2-8f2d-63db3e37fa3d-139668874575872", "trial_id": 19, "user_attr": {"train_loss_epoch_1": 4.558371996029583}}
{"op_code": 8, "worker_id": "6cbf603d-3f38-43f2-8f2d-63db3e37fa3d-139668874575872", "trial_id": 19, "user_attr": {"train_loss_epoch_2": 3.6819809872202067}}
{"op_code": 8, "worker_id": "6cbf603d-3f38-43f2-8f2d-63db3e37fa3d-139668874575872", "trial_id": 19, "user_attr": {"train_loss_epoch_3": 3.3796734723421684}}
{"op_code": 8, "worker_id": "6cbf603d-3f38-43f2-8f2d-63db3e37fa3d-139668874575872", "trial_id": 19, "user_attr": {"train_loss_epoch_4": 3.187166916301164}}
{"op_code": 8, "worker_id": "6cbf603d-3f38-43f2-8f2d-63db3e37fa3d-139668874575872", "trial_id": 19, "user_attr": {"train_loss_epoch_5": 3.09772395594779}}
{"op_code": 7, "worker_id": "6cbf603d-3f38-43f2-8f2d-63db3e37fa3d-139668874575872", "trial_id": 19, "step": 1, "intermediate_value": 13.583746167193812}
{"op_code": 7, "worker_id": "6cbf603d-3f38-43f2-8f2d-63db3e37fa3d-139668874575872", "trial_id": 19, "step": 2, "intermediate_value": 21.813263972368556}
{"op_code": 7, "worker_id": "6cbf603d-3f38-43f2-8f2d-63db3e37fa3d-139668874575872", "trial_id": 19, "step": 3, "intermediate_value": 29.92401999872652}
{"op_code": 7, "worker_id": "6cbf603d-3f38-43f2-8f2d-63db3e37fa3d-139668874575872", "trial_id": 19, "step": 4, "intermediate_value": 33.881722927559224}
{"op_code": 7, "worker_id": "6cbf603d-3f38-43f2-8f2d-63db3e37fa3d-139668874575872", "trial_id": 19, "step": 5, "intermediate_value": 34.88688594582023}
{"op_code": 6, "worker_id": "6cbf603d-3f38-43f2-8f2d-63db3e37fa3d-139668874575872", "trial_id": 19, "state": 1, "values": [34.88688594582023], "datetime_complete": "2026-03-06T03:51:29.970857"}
{"op_code": 4, "worker_id": "6cbf603d-3f38-43f2-8f2d-63db3e37fa3d-139668874575872", "study_id": 0, "datetime_start": "2026-03-06T03:51:29.971354"}
{"op_code": 5, "worker_id": "6cbf603d-3f38-43f2-8f2d-63db3e37fa3d-139668874575872", "trial_id": 20, "param_name": "learning_rate", "param_value_internal": 0.01064527175331712, "distribution": "{\"name\": \"FloatDistribution\", \"attributes\": {\"step\": null, \"low\": 1e-05, \"high\": 1.0, \"log\": true}}"}
{"op_code": 5, "worker_id": "6cbf603d-3f38-43f2-8f2d-63db3e37fa3d-139668874575872", "trial_id": 20, "param_name": "ab_weight_scaling_omega", "param_value_internal": 0.0, "distribution": "{\"name\": \"FloatDistribution\", \"attributes\": {\"step\": null, \"low\": 0.0, \"high\": 0.0, \"log\": false}}"}
{"op_code": 5, "worker_id": "6cbf603d-3f38-43f2-8f2d-63db3e37fa3d-139668874575872", "trial_id": 20, "param_name": "min_lr_rate", "param_value_internal": 0.0, "distribution": "{\"name\": \"FloatDistribution\", \"attributes\": {\"step\": null, \"low\": 0.0, \"high\": 0.0, \"log\": false}}"}
{"op_code": 8, "worker_id": "6cbf603d-3f38-43f2-8f2d-63db3e37fa3d-139668874575872", "trial_id": 20, "user_attr": {"train_loss_epoch_1": 2.200280628833838}}
{"op_code": 8, "worker_id": "6cbf603d-3f38-43f2-8f2d-63db3e37fa3d-139668874575872", "trial_id": 20, "user_attr": {"train_loss_epoch_2": 1.789117892103875}}
{"op_code": 8, "worker_id": "6cbf603d-3f38-43f2-8f2d-63db3e37fa3d-139668874575872", "trial_id": 20, "user_attr": {"train_loss_epoch_3": 1.6950563991997227}}
{"op_code": 8, "worker_id": "6cbf603d-3f38-43f2-8f2d-63db3e37fa3d-139668874575872", "trial_id": 20, "user_attr": {"train_loss_epoch_4": 1.6064935034935182}}
{"op_code": 8, "worker_id": "6cbf603d-3f38-43f2-8f2d-63db3e37fa3d-139668874575872", "trial_id": 20, "user_attr": {"train_loss_epoch_5": 1.5232675789041743}}
{"op_code": 7, "worker_id": "6cbf603d-3f38-43f2-8f2d-63db3e37fa3d-139668874575872", "trial_id": 20, "step": 1, "intermediate_value": 72.26075839111913}
{"op_code": 7, "worker_id": "6cbf603d-3f38-43f2-8f2d-63db3e37fa3d-139668874575872", "trial_id": 20, "step": 2, "intermediate_value": 72.97572900930295}
{"op_code": 7, "worker_id": "6cbf603d-3f38-43f2-8f2d-63db3e37fa3d-139668874575872", "trial_id": 20, "step": 3, "intermediate_value": 75.96260961779466}
{"op_code": 7, "worker_id": "6cbf603d-3f38-43f2-8f2d-63db3e37fa3d-139668874575872", "trial_id": 20, "step": 4, "intermediate_value": 77.35278693962216}
{"op_code": 7, "worker_id": "6cbf603d-3f38-43f2-8f2d-63db3e37fa3d-139668874575872", "trial_id": 20, "step": 5, "intermediate_value": 78.19345272314891}
{"op_code": 6, "worker_id": "6cbf603d-3f38-43f2-8f2d-63db3e37fa3d-139668874575872", "trial_id": 20, "state": 1, "values": [78.19345272314891], "datetime_complete": "2026-03-06T03:51:29.971354"}
{"op_code": 4, "worker_id": "6cbf603d-3f38-43f2-8f2d-63db3e37fa3d-139668874575872", "study_id": 0, "datetime_start": "2026-03-06T03:51:29.971852"}
{"op_code": 5, "worker_id": "6cbf603d-3f38-43f2-8f2d-63db3e37fa3d-139668874575872", "trial_id": 21, "param_name": "learning_rate", "param_value_internal": 0.39972234255229117, "distribution": "{\"name\": \"FloatDistribution\", \"attributes\": {\"step\": null, \"low\": 1e-05, \"high\": 1.0, \"log\": true}}"}
{"op_code": 5, "worker_id": "6cbf603d-3f38-43f2-8f2d-63db3e37fa3d-139668874575872", "trial_id": 21, "param_name": "ab_weight_scaling_omega", "param_value_internal": 0.0, "distribution": "{\"name\": \"FloatDistribution\", \"attributes\": {\"step\": null, \"low\": 0.0, \"high\": 0.0, \"log\": false}}"}
{"op_code": 5, "worker_id": "6cbf603d-3f38-43f2-8f2d-63db3e37fa3d-139668874575872", "trial_id": 21, "param_name": "min_lr_rate", "param_value_internal": 0.0, "distribution": "{\"name\": \"FloatDistribution\", \"attributes\": {\"step\": null, \"low\": 0.0, \"high\": 0.0, \"log\": false}}"}
{"op_code": 8, "worker_id": "6cbf603d-3f38-43f2-8f2d-63db3e37fa3d-139668874575872", "trial_id": 21, "user_attr": {"train_loss_epoch_1": 4.414164801479049}}
{"op_code": 8, "worker_id": "6cbf603d-3f38-43f2-8f2d-63db3e37fa3d-139668874575872", "trial_id": 21, "user_attr": {"train_loss_epoch_2": 4.352648600630924}}
{"op_code": 8, "worker_id": "6cbf603d-3f38-43f2-8f2d-63db3e37fa3d-139668874575872", "trial_id": 21, "user_attr": {"train_loss_epoch_3": 4.346029873509644}}
{"op_code": 8, "worker_id": "6cbf603d-3f38-43f2-8f2d-63db3e37fa3d-139668874575872", "trial_id": 21, "user_attr": {"train_loss_epoch_4": 4.315430167375161}}
{"op_code": 8, "worker_id": "6cbf603d-3f38-43f2-8f2d-63db3e37fa3d-139668874575872", "trial_id": 21, "user_attr": {"train_loss_epoch_5": 4.277046386313597}}
{"op_code": 7, "worker_id": "6cbf603d-3f38-43f2-8f2d-63db3e37fa3d-139668874575872", "trial_id": 21, "step": 1, "intermediate_value": 9.78250781683021}
{"op_code": 7, "worker_id": "6cbf603d-3f38-43f2-8f2d-63db3e37fa3d-139668874575872", "trial_id": 21, "step": 2, "intermediate_value": 10.054538902473954}
{"op_code": 7, "worker_id": "6cbf603d-3f38-43f2-8f2d-63db3e37fa3d-139668874575872", "trial_id": 21, "step": 3, "intermediate_value": 10.054538902473954}
{"op_code": 7, "worker_id": "6cbf603d-3f38-43f2-8f2d-63db3e37fa3d-139668874575872", "trial_id": 21, "step": 4, "intermediate_value": 10.076097756070482}
{"op_code": 7, "worker_id": "6cbf603d-3f38-43f2-8f2d-63db3e37fa3d-139668874575872", "trial_id": 21, "step": 5, "intermediate_value": 10.10525322646255}
{"op_code": 6, "worker_id": "6cbf603d-3f38-43f2-8f2d-63db3e37fa3d-139668874575872", "trial_id": 21, "state": 1, "values": [10.10525322646255], "datetime_complete": "2026-03-06T03:51:29.971852"}
{"op_code": 4, "worker_id": "6cbf603d-3f38-43f2-8f2d-63db3e37fa3d-139668874575872", "study_id": 0, "datetime_start": "2026-03-06T03:51:29.972351"}
{"op_code": 5, "worker_id": "6cbf603d-3f38-43f2-8f2d-63db3e37fa3d-139668874575872", "trial_id": 22, "param_name": "learning_rate", "param_value_internal": 0.0398658234840339, "distribution": "{\"name\": \"FloatDistribution\", \"attributes\": {\"step\": null, \"low\": 1e-05, \"high\": 1.0, \"log\": true}}"}
{"op_code": 5, "worker_id": "6cbf603d-3f38-43f2-8f2d-63db3e37fa3d-139668874575872", "trial_id": 22, "param_name": "ab_weight_scaling_omega", "param_value_internal": 0.0, "distribution": "{\"name\": \"FloatDistribution\", \"attributes\": {\"step\": null, \"low\": 0.0, \"high\": 0.0, \"log\": false}}"}
{"op_code": 5, "worker_id": "6cbf603d-3f38-43f2-8f2d-63db3e37fa3d-139668874575872", "trial_id": 22, "param_name": "min_lr_rate", "param_value_internal": 0.0, "distribution": "{\"name\": \"FloatDistribution\", \"attributes\": {\"step\": null, \"low\": 0.0, \"high\": 0.0, \"log\": false}}"}
{"op_code": 8, "worker_id": "6cbf603d-3f38-43f2-8f2d-63db3e37fa3d-139668874575872", "trial_id": 22, "user_attr": {"train_loss_epoch_1": 3.280330046142915}}
{"op_code": 8, "worker_id": "6cbf603d-3f38-43f2-8f2d-63db3e37fa3d-139668874575872", "trial_id": 22, "user_attr": {"train_loss_epoch_2": 3.7450315672454875}}
{"op_code": 8, "worker_id": "6cbf603d-3f38-43f2-8f2d-63db3e37fa3d-139668874575872", "trial_id": 22, "user_attr": {"train_loss_epoch_3": 3.8158178427058465}}
{"op_code": 7, "worker_id": "6cbf603d-3f38-43f2-8f2d-63db3e37fa3d-139668874575872", "trial_id": 22, "step": 1, "intermediate_value": 36.134640502499124}
{"op_code": 7, "worker_id": "6cbf603d-3f38-43f2-8f2d-63db3e37fa3d-139668874575872", "trial_id": 22, "step": 2, "intermediate_value": 36.134640502499124}
{"op_code": 7, "worker_id": "6cbf603d-3f38-43f2-8f2d-63db3e37fa3d-139668874575872", "trial_id": 22, "step": 3, "intermediate_value": 36.134640502499124}
{"op_code": 6, "worker_id": "6cbf603d-3f38-43f2-8f2d-63db3e37fa3d-139668874575872", "trial_id": 22, "state": 1, "values": [36.134640502499124], "datetime_complete": "2026-03-06T03:51:29.972351"}
{"op_code": 4, "worker_id": "6cbf603d-3f38-43f2-8f2d-63db3e37fa3d-139668874575872", "study_id": 0, "datetime_start": "2026-03-06T03:51:29.972899"}
{"op_code": 5, "worker_id": "6cbf603d-3f38-43f2-8f2d-63db3e37fa3d-139668874575872", "trial_id": 23, "param_name": "learning_rate", "param_value_internal": 0.005144272893360602, "distribution": "{\"name\": \"FloatDistribution\", \"attributes\": {\"step\": null, \"low\": 1e-05, \"high\": 1.0, \"log\": true}}"}
{"op_code": 5, "worker_id": "6cbf603d-3f38-43f2-8f2d-63db3e37fa3d-139668874575872", "trial_id": 23, "param_name": "ab_weight_scaling_omega", "param_value_internal": 0.0, "distribution": "{\"name\": \"FloatDistribution\", \"attributes\": {\"step\": null, \"low\": 0.0, \"high\": 0.0, \"log\": false}}"}
{"op_code": 5, "worker_id": "6cbf603d-3f38-43f2-8f2d-63db3e37fa3d-139668874575872", "trial_id": 23, "param_name": "min_lr_rate", "param_value_internal": 0.0, "distribution": "{\"name\": \"FloatDistribution\", \"attributes\": {\"step\": null, \"low\": 0.0, \"high\": 0.0, \"log\": false}}"}
{"op_code": 8, "worker_id": "6cbf603d-3f38-43f2-8f2d-63db3e37fa3d-139668874575872", "trial_id": 23, "user_attr": {"train_loss_epoch_1": 2.146026774855088}}
{"op_code": 8, "worker_id": "6cbf603d-3f38-43f2-8f2d-63db3e37fa3d-139668874575872", "trial_id": 23, "user_attr": {"train_loss_epoch_2": 1.6348368985285777}}
{"op_code": 8, "worker_id": "6cbf603d-3f38-43f2-8f2d-63db3e37fa3d-139668874575872", "trial_id": 23, "user_attr": {"train_loss_epoch_3": 1.5435332508490824}}
{"op_code": 8, "worker_id": "6cbf603d-3f38-43f2-8f2d-63db3e37fa3d-139668874575872", "trial_id": 23, "user_attr": {"train_loss_epoch_4": 1.478671480549437}}
{"op_code": 8, "worker_id": "6cbf603d-3f38-43f2-8f2d-63db3e37fa3d-139668874575872", "trial_id": 23, "user_attr": {"train_loss_epoch_5": 1.4258592184827437}}
{"op_code": 7, "worker_id": "6cbf603d-3f38-43f2-8f2d-63db3e37fa3d-139668874575872", "trial_id": 23, "step": 1, "intermediate_value": 74.71426017734572}
{"op_code": 7, "worker_id": "6cbf603d-3f38-43f2-8f2d-63db3e37fa3d-139668874575872", "trial_id": 23, "step": 2, "intermediate_value": 76.03091512488287}
{"op_code": 7, "worker_id": "6cbf603d-3f38-43f2-8f2d-63db3e37fa3d-139668874575872", "trial_id": 23, "step": 3, "intermediate_value": 78.33844424481256}
{"op_code": 7, "worker_id": "6cbf603d-3f38-43f2-8f2d-63db3e37fa3d-139668874575872", "trial_id": 23, "step": 4, "intermediate_value": 79.25681611883671}
{"op_code": 7, "worker_id": "6cbf603d-3f38-43f2-8f2d-63db3e37fa3d-139668874575872", "trial_id": 23, "step": 5, "intermediate_value": 80.10483992336812}
{"op_code": 6, "worker_id": "6cbf603d-3f38-43f2-8f2d-63db3e37fa3d-139668874575872", "trial_id": 23, "state": 1, "values": [80.10483992336812], "datetime_complete": "2026-03-06T03:51:29.972899"}
{"op_code": 4, "worker_id": "6cbf603d-3f38-43f2-8f2d-63db3e37fa3d-139668874575872", "study_id": 0, "datetime_start": "2026-03-06T03:51:29.973400"}
{"op_code": 5, "worker_id": "6cbf603d-3f38-43f2-8f2d-63db3e37fa3d-139668874575872", "trial_id": 24, "param_name": "learning_rate", "param_value_internal": 0.00022014282789714086, "distribution": "{\"name\": \"FloatDistribution\", \"attributes\": {\"step\": null, \"low\": 1e-05, \"high\": 1.0, \"log\": true}}"}
{"op_code": 5, "worker_id": "6cbf603d-3f38-43f2-8f2d-63db3e37fa3d-139668874575872", "trial_id": 24, "param_name": "ab_weight_scaling_omega", "param_value_internal": 0.0, "distribution": "{\"name\": \"FloatDistribution\", \"attributes\": {\"step\": null, \"low\": 0.0, \"high\": 0.0, \"log\": false}}"}
{"op_code": 5, "worker_id": "6cbf603d-3f38-43f2-8f2d-63db3e37fa3d-139668874575872", "trial_id": 24, "param_name": "min_lr_rate", "param_value_internal": 0.0, "distribution": "{\"name\": \"FloatDistribution\", \"attributes\": {\"step\": null, \"low\": 0.0, \"high\": 0.0, \"log\": false}}"}
{"op_code": 8, "worker_id": "6cbf603d-3f38-43f2-8f2d-63db3e37fa3d-139668874575872", "trial_id": 24, "user_attr": {"train_loss_epoch_1": 3.3506119752776886}}
{"op_code": 8, "worker_id": "6cbf603d-3f38-43f2-8f2d-63db3e37fa3d-139668874575872", "trial_id": 24, "user_attr": {"train_loss_epoch_2": 2.263433948995363}}
{"op_code": 8, "worker_id": "6cbf603d-3f38-43f2-8f2d-63db3e37fa3d-139668874575872", "trial_id": 24, "user_attr": {"train_loss_epoch_3": 2.0249820036692943}}
{"op_code": 8, "worker_id": "6cbf603d-3f38-43f2-8f2d-63db3e37fa3d-139668874575872", "trial_id": 24, "user_attr": {"train_loss_epoch_4": 1.9267526705047244}}
{"op_code": 8, "worker_id": "6cbf603d-3f38-43f2-8f2d-63db3e37fa3d-139668874575872", "trial_id": 24, "user_attr": {"train_loss_epoch_5": 1.889838833704199}}
{"op_code": 7, "worker_id": "6cbf603d-3f38-43f2-8f2d-63db3e37fa3d-139668874575872", "trial_id": 24, "step": 1, "intermediate_value": 52.70200760582273}
{"op_code": 7, "worker_id": "6cbf603d-3f38-43f2-8f2d-63db3e37fa3d-139668874575872", "trial_id": 24, "step": 2, "intermediate_value": 63.58408268457899}
{"op_code": 7, "worker_id": "6cbf603d-3f38-43f2-8f2d-63db3e37fa3d-139668874575872", "trial_id": 24, "step": 3, "intermediate_value": 67.83553392117382}
{"op_code": 7, "worker_id": "6cbf603d-3f38-43f2-8f2d-63db3e37fa3d-139668874575872", "trial_id": 24, "step": 4, "intermediate_value": 69.33710355088866}
{"op_code": 7, "worker_id": "6cbf603d-3f38-43f2-8f2d-63db3e37fa3d-139668874575872", "trial_id": 24, "step": 5, "intermediate_value": 69.86080482366968}
{"op_code": 6, "worker_id": "6cbf603d-3f38-43f2-8f2d-63db3e37fa3d-139668874575872", "trial_id": 24, "state": 1, "values": [69.86080482366968], "datetime_complete": "2026-03-06T03:51:29.973400"}
