{"op_code":0,"worker_id":"ffb23520-5a4a-465c-aba3-bd0621c2b3f6-140575150817280","study_name":"bert_squad_lrtt_bs48_adam_gauss_b_zero_nowd_nomom_nonest_onehot_constantstepideal_cconstantstepideal_perfect_noos_abml_split-reset_std_qkvo_5ep","directions":[2]}
{"op_code":4,"worker_id":"ffb23520-5a4a-465c-aba3-bd0621c2b3f6-140575150817280","study_id":0,"datetime_start":"2026-05-16T18:42:23.676212"}
{"op_code":5,"worker_id":"ffb23520-5a4a-465c-aba3-bd0621c2b3f6-140575150817280","trial_id":0,"param_name":"learning_rate","param_value_internal":0.00010767419190108506,"distribution":"{\"name\": \"FloatDistribution\", \"attributes\": {\"step\": null, \"low\": 0.0001, \"high\": 0.05, \"log\": true}}"}
{"op_code":5,"worker_id":"ffb23520-5a4a-465c-aba3-bd0621c2b3f6-140575150817280","trial_id":0,"param_name":"transfer_lr","param_value_internal":1.531673766992923,"distribution":"{\"name\": \"FloatDistribution\", \"attributes\": {\"step\": null, \"low\": 0.007, \"high\": 40.0, \"log\": true}}"}
{"op_code":5,"worker_id":"ffb23520-5a4a-465c-aba3-bd0621c2b3f6-140575150817280","trial_id":0,"param_name":"transfer_every","param_value_internal":5.0,"distribution":"{\"name\": \"IntDistribution\", \"attributes\": {\"log\": true, \"step\": 1, \"low\": 1, \"high\": 1000}}"}
{"op_code":5,"worker_id":"ffb23520-5a4a-465c-aba3-bd0621c2b3f6-140575150817280","trial_id":0,"param_name":"rank_exp","param_value_internal":4.0,"distribution":"{\"name\": \"IntDistribution\", \"attributes\": {\"log\": false, \"step\": 1, \"low\": 0, \"high\": 6}}"}
{"op_code":5,"worker_id":"ffb23520-5a4a-465c-aba3-bd0621c2b3f6-140575150817280","trial_id":0,"param_name":"fast_lr","param_value_internal":6.653357010379333,"distribution":"{\"name\": \"FloatDistribution\", \"attributes\": {\"step\": null, \"low\": 0.01, \"high\": 20.0, \"log\": true}}"}
{"op_code":5,"worker_id":"ffb23520-5a4a-465c-aba3-bd0621c2b3f6-140575150817280","trial_id":0,"param_name":"tau_sec","param_value_internal":0.0,"distribution":"{\"name\": \"FloatDistribution\", \"attributes\": {\"step\": null, \"low\": 0.0, \"high\": 0.0, \"log\": false}}"}
{"op_code":5,"worker_id":"ffb23520-5a4a-465c-aba3-bd0621c2b3f6-140575150817280","trial_id":0,"param_name":"ab_dw_min","param_value_internal":0.00010744508653023091,"distribution":"{\"name\": \"FloatDistribution\", \"attributes\": {\"step\": null, \"low\": 6e-06, \"high\": 0.01, \"log\": true}}"}
{"op_code":5,"worker_id":"ffb23520-5a4a-465c-aba3-bd0621c2b3f6-140575150817280","trial_id":0,"param_name":"ab_desired_bl","param_value_internal":31.0,"distribution":"{\"name\": \"IntDistribution\", \"attributes\": {\"log\": false, \"step\": 1, \"low\": 31, \"high\": 31}}"}
{"op_code":5,"worker_id":"ffb23520-5a4a-465c-aba3-bd0621c2b3f6-140575150817280","trial_id":0,"param_name":"ab_multilevel","param_value_internal":11.0,"distribution":"{\"name\": \"IntDistribution\", \"attributes\": {\"log\": false, \"step\": 1, \"low\": 6, \"high\": 14}}"}
{"op_code":5,"worker_id":"ffb23520-5a4a-465c-aba3-bd0621c2b3f6-140575150817280","trial_id":0,"param_name":"a_reset_std","param_value_internal":1e-30,"distribution":"{\"name\": \"FloatDistribution\", \"attributes\": {\"step\": null, \"low\": 1e-30, \"high\": 1e-30, \"log\": false}}"}
{"op_code":5,"worker_id":"ffb23520-5a4a-465c-aba3-bd0621c2b3f6-140575150817280","trial_id":0,"param_name":"b_reset_std","param_value_internal":1e+30,"distribution":"{\"name\": \"FloatDistribution\", \"attributes\": {\"step\": null, \"low\": 1e+30, \"high\": 1e+30, \"log\": false}}"}
{"op_code":5,"worker_id":"ffb23520-5a4a-465c-aba3-bd0621c2b3f6-140575150817280","trial_id":0,"param_name":"c_dw_min","param_value_internal":0.0011498918048238691,"distribution":"{\"name\": \"FloatDistribution\", \"attributes\": {\"step\": null, \"low\": 0.001, \"high\": 0.04, \"log\": true}}"}
{"op_code":5,"worker_id":"ffb23520-5a4a-465c-aba3-bd0621c2b3f6-140575150817280","trial_id":0,"param_name":"c_desired_bl","param_value_internal":31.0,"distribution":"{\"name\": \"IntDistribution\", \"attributes\": {\"log\": false, \"step\": 1, \"low\": 31, \"high\": 31}}"}
{"op_code":5,"worker_id":"ffb23520-5a4a-465c-aba3-bd0621c2b3f6-140575150817280","trial_id":0,"param_name":"out_noise","param_value_internal":0.0,"distribution":"{\"name\": \"FloatDistribution\", \"attributes\": {\"step\": null, \"low\": 0.0, \"high\": 0.0, \"log\": false}}"}
{"op_code":5,"worker_id":"ffb23520-5a4a-465c-aba3-bd0621c2b3f6-140575150817280","trial_id":0,"param_name":"ab_weight_scaling_omega","param_value_internal":0.0,"distribution":"{\"name\": \"FloatDistribution\", \"attributes\": {\"step\": null, \"low\": 0.0, \"high\": 0.0, \"log\": false}}"}
{"op_code":5,"worker_id":"ffb23520-5a4a-465c-aba3-bd0621c2b3f6-140575150817280","trial_id":0,"param_name":"min_lr_rate","param_value_internal":0.0,"distribution":"{\"name\": \"FloatDistribution\", \"attributes\": {\"step\": null, \"low\": 0.0, \"high\": 0.0, \"log\": false}}"}
{"op_code":8,"worker_id":"ffb23520-5a4a-465c-aba3-bd0621c2b3f6-140575150817280","trial_id":0,"user_attr":{"grad_accum_steps":1}}
{"op_code":7,"worker_id":"ffb23520-5a4a-465c-aba3-bd0621c2b3f6-140575150817280","trial_id":0,"step":1,"intermediate_value":43.65036918158696}
{"op_code":8,"worker_id":"ffb23520-5a4a-465c-aba3-bd0621c2b3f6-140575150817280","trial_id":0,"user_attr":{"train_loss_epoch_1":3.743865631847847}}
{"op_code":7,"worker_id":"ffb23520-5a4a-465c-aba3-bd0621c2b3f6-140575150817280","trial_id":0,"step":2,"intermediate_value":52.10474626235816}
{"op_code":8,"worker_id":"ffb23520-5a4a-465c-aba3-bd0621c2b3f6-140575150817280","trial_id":0,"user_attr":{"train_loss_epoch_2":2.5978498756724}}
{"op_code":7,"worker_id":"ffb23520-5a4a-465c-aba3-bd0621c2b3f6-140575150817280","trial_id":0,"step":3,"intermediate_value":56.00891158275259}
{"op_code":8,"worker_id":"ffb23520-5a4a-465c-aba3-bd0621c2b3f6-140575150817280","trial_id":0,"user_attr":{"train_loss_epoch_3":2.4064817482863017}}
{"op_code":7,"worker_id":"ffb23520-5a4a-465c-aba3-bd0621c2b3f6-140575150817280","trial_id":0,"step":4,"intermediate_value":58.01607646314182}
{"op_code":8,"worker_id":"ffb23520-5a4a-465c-aba3-bd0621c2b3f6-140575150817280","trial_id":0,"user_attr":{"train_loss_epoch_4":2.3131081296822567}}
{"op_code":7,"worker_id":"ffb23520-5a4a-465c-aba3-bd0621c2b3f6-140575150817280","trial_id":0,"step":5,"intermediate_value":58.618322376457755}
{"op_code":8,"worker_id":"ffb23520-5a4a-465c-aba3-bd0621c2b3f6-140575150817280","trial_id":0,"user_attr":{"train_loss_epoch_5":2.274417361592859}}
{"op_code":6,"worker_id":"ffb23520-5a4a-465c-aba3-bd0621c2b3f6-140575150817280","trial_id":0,"state":1,"values":[58.618322376457755],"datetime_complete":"2026-05-16T22:06:38.976257"}
{"op_code":4,"worker_id":"ffb23520-5a4a-465c-aba3-bd0621c2b3f6-140575150817280","study_id":0,"datetime_start":"2026-05-16T22:06:38.977974"}
{"op_code":5,"worker_id":"ffb23520-5a4a-465c-aba3-bd0621c2b3f6-140575150817280","trial_id":1,"param_name":"learning_rate","param_value_internal":0.00011333080597576637,"distribution":"{\"name\": \"FloatDistribution\", \"attributes\": {\"step\": null, \"low\": 0.0001, \"high\": 0.05, \"log\": true}}"}
{"op_code":5,"worker_id":"ffb23520-5a4a-465c-aba3-bd0621c2b3f6-140575150817280","trial_id":1,"param_name":"transfer_lr","param_value_internal":0.4742751450187844,"distribution":"{\"name\": \"FloatDistribution\", \"attributes\": {\"step\": null, \"low\": 0.007, \"high\": 40.0, \"log\": true}}"}
{"op_code":5,"worker_id":"ffb23520-5a4a-465c-aba3-bd0621c2b3f6-140575150817280","trial_id":1,"param_name":"transfer_every","param_value_internal":5.0,"distribution":"{\"name\": \"IntDistribution\", \"attributes\": {\"log\": true, \"step\": 1, \"low\": 1, \"high\": 1000}}"}
{"op_code":5,"worker_id":"ffb23520-5a4a-465c-aba3-bd0621c2b3f6-140575150817280","trial_id":1,"param_name":"rank_exp","param_value_internal":6.0,"distribution":"{\"name\": \"IntDistribution\", \"attributes\": {\"log\": false, \"step\": 1, \"low\": 0, \"high\": 6}}"}
{"op_code":5,"worker_id":"ffb23520-5a4a-465c-aba3-bd0621c2b3f6-140575150817280","trial_id":1,"param_name":"fast_lr","param_value_internal":1.2206545966736584,"distribution":"{\"name\": \"FloatDistribution\", \"attributes\": {\"step\": null, \"low\": 0.01, \"high\": 20.0, \"log\": true}}"}
{"op_code":5,"worker_id":"ffb23520-5a4a-465c-aba3-bd0621c2b3f6-140575150817280","trial_id":1,"param_name":"tau_sec","param_value_internal":0.0,"distribution":"{\"name\": \"FloatDistribution\", \"attributes\": {\"step\": null, \"low\": 0.0, \"high\": 0.0, \"log\": false}}"}
{"op_code":5,"worker_id":"ffb23520-5a4a-465c-aba3-bd0621c2b3f6-140575150817280","trial_id":1,"param_name":"ab_dw_min","param_value_internal":0.0019958653088233127,"distribution":"{\"name\": \"FloatDistribution\", \"attributes\": {\"step\": null, \"low\": 6e-06, \"high\": 0.01, \"log\": true}}"}
{"op_code":5,"worker_id":"ffb23520-5a4a-465c-aba3-bd0621c2b3f6-140575150817280","trial_id":1,"param_name":"ab_desired_bl","param_value_internal":31.0,"distribution":"{\"name\": \"IntDistribution\", \"attributes\": {\"log\": false, \"step\": 1, \"low\": 31, \"high\": 31}}"}
{"op_code":5,"worker_id":"ffb23520-5a4a-465c-aba3-bd0621c2b3f6-140575150817280","trial_id":1,"param_name":"ab_multilevel","param_value_internal":11.0,"distribution":"{\"name\": \"IntDistribution\", \"attributes\": {\"log\": false, \"step\": 1, \"low\": 6, \"high\": 14}}"}
{"op_code":5,"worker_id":"ffb23520-5a4a-465c-aba3-bd0621c2b3f6-140575150817280","trial_id":1,"param_name":"a_reset_std","param_value_internal":1e-30,"distribution":"{\"name\": \"FloatDistribution\", \"attributes\": {\"step\": null, \"low\": 1e-30, \"high\": 1e-30, \"log\": false}}"}
{"op_code":5,"worker_id":"ffb23520-5a4a-465c-aba3-bd0621c2b3f6-140575150817280","trial_id":1,"param_name":"b_reset_std","param_value_internal":1e+30,"distribution":"{\"name\": \"FloatDistribution\", \"attributes\": {\"step\": null, \"low\": 1e+30, \"high\": 1e+30, \"log\": false}}"}
{"op_code":5,"worker_id":"ffb23520-5a4a-465c-aba3-bd0621c2b3f6-140575150817280","trial_id":1,"param_name":"c_dw_min","param_value_internal":0.004403653134866171,"distribution":"{\"name\": \"FloatDistribution\", \"attributes\": {\"step\": null, \"low\": 0.001, \"high\": 0.04, \"log\": true}}"}
{"op_code":5,"worker_id":"ffb23520-5a4a-465c-aba3-bd0621c2b3f6-140575150817280","trial_id":1,"param_name":"c_desired_bl","param_value_internal":31.0,"distribution":"{\"name\": \"IntDistribution\", \"attributes\": {\"log\": false, \"step\": 1, \"low\": 31, \"high\": 31}}"}
{"op_code":5,"worker_id":"ffb23520-5a4a-465c-aba3-bd0621c2b3f6-140575150817280","trial_id":1,"param_name":"out_noise","param_value_internal":0.0,"distribution":"{\"name\": \"FloatDistribution\", \"attributes\": {\"step\": null, \"low\": 0.0, \"high\": 0.0, \"log\": false}}"}
{"op_code":5,"worker_id":"ffb23520-5a4a-465c-aba3-bd0621c2b3f6-140575150817280","trial_id":1,"param_name":"ab_weight_scaling_omega","param_value_internal":0.0,"distribution":"{\"name\": \"FloatDistribution\", \"attributes\": {\"step\": null, \"low\": 0.0, \"high\": 0.0, \"log\": false}}"}
{"op_code":5,"worker_id":"ffb23520-5a4a-465c-aba3-bd0621c2b3f6-140575150817280","trial_id":1,"param_name":"min_lr_rate","param_value_internal":0.0,"distribution":"{\"name\": \"FloatDistribution\", \"attributes\": {\"step\": null, \"low\": 0.0, \"high\": 0.0, \"log\": false}}"}
{"op_code":8,"worker_id":"ffb23520-5a4a-465c-aba3-bd0621c2b3f6-140575150817280","trial_id":1,"user_attr":{"grad_accum_steps":1}}
{"op_code":8,"worker_id":"ffb23520-5a4a-465c-aba3-bd0621c2b3f6-140575150817280","trial_id":1,"user_attr":{"error":"NVML_SUCCESS == r INTERNAL ASSERT FAILED at \"../c10/cuda/CUDACachingAllocator.cpp\":844, please report a bug to PyTorch. "}}
{"op_code":6,"worker_id":"ffb23520-5a4a-465c-aba3-bd0621c2b3f6-140575150817280","trial_id":1,"state":3,"values":null,"datetime_complete":"2026-05-16T22:06:51.907200"}
{"op_code":0,"worker_id":"a3ce4464-208b-434f-832d-4ba465a3fda9-140669359173632","study_name":"bert_squad_lrtt_bs48_adam_gauss_b_zero_nowd_nomom_nonest_onehot_constantstepideal_cconstantstepideal_perfect_noos_abml_split-reset_std_qkvo_5ep","directions":[2]}
{"op_code":4,"worker_id":"a3ce4464-208b-434f-832d-4ba465a3fda9-140669359173632","study_id":0,"datetime_start":null,"state":4,"value":null,"values":null,"distributions":{},"params":{},"user_attrs":{},"system_attrs":{"fixed_params":{"learning_rate":0.00011333080597576637,"transfer_lr":0.4742751450187844,"transfer_every":5,"rank_exp":6,"fast_lr":1.2206545966736584,"tau_sec":0.0,"ab_dw_min":0.0019958653088233127,"ab_desired_bl":31,"ab_multilevel":11,"a_reset_std":1e-30,"b_reset_std":1e+30,"c_dw_min":0.004403653134866171,"c_desired_bl":31,"out_noise":0.0,"ab_weight_scaling_omega":0.0,"min_lr_rate":0.0}},"intermediate_values":{}}
{"op_code":6,"worker_id":"a3ce4464-208b-434f-832d-4ba465a3fda9-140669359173632","trial_id":2,"state":0,"values":null,"datetime_start":"2026-05-16T22:07:02.173561"}
{"op_code":5,"worker_id":"a3ce4464-208b-434f-832d-4ba465a3fda9-140669359173632","trial_id":2,"param_name":"learning_rate","param_value_internal":0.00011333080597576637,"distribution":"{\"name\": \"FloatDistribution\", \"attributes\": {\"step\": null, \"low\": 0.0001, \"high\": 0.05, \"log\": true}}"}
{"op_code":5,"worker_id":"a3ce4464-208b-434f-832d-4ba465a3fda9-140669359173632","trial_id":2,"param_name":"transfer_lr","param_value_internal":0.4742751450187844,"distribution":"{\"name\": \"FloatDistribution\", \"attributes\": {\"step\": null, \"low\": 0.007, \"high\": 40.0, \"log\": true}}"}
{"op_code":5,"worker_id":"a3ce4464-208b-434f-832d-4ba465a3fda9-140669359173632","trial_id":2,"param_name":"transfer_every","param_value_internal":5.0,"distribution":"{\"name\": \"IntDistribution\", \"attributes\": {\"log\": true, \"step\": 1, \"low\": 1, \"high\": 1000}}"}
{"op_code":5,"worker_id":"a3ce4464-208b-434f-832d-4ba465a3fda9-140669359173632","trial_id":2,"param_name":"rank_exp","param_value_internal":6.0,"distribution":"{\"name\": \"IntDistribution\", \"attributes\": {\"log\": false, \"step\": 1, \"low\": 0, \"high\": 6}}"}
{"op_code":5,"worker_id":"a3ce4464-208b-434f-832d-4ba465a3fda9-140669359173632","trial_id":2,"param_name":"fast_lr","param_value_internal":1.2206545966736584,"distribution":"{\"name\": \"FloatDistribution\", \"attributes\": {\"step\": null, \"low\": 0.01, \"high\": 20.0, \"log\": true}}"}
{"op_code":5,"worker_id":"a3ce4464-208b-434f-832d-4ba465a3fda9-140669359173632","trial_id":2,"param_name":"tau_sec","param_value_internal":0.0,"distribution":"{\"name\": \"FloatDistribution\", \"attributes\": {\"step\": null, \"low\": 0.0, \"high\": 0.0, \"log\": false}}"}
{"op_code":5,"worker_id":"a3ce4464-208b-434f-832d-4ba465a3fda9-140669359173632","trial_id":2,"param_name":"ab_dw_min","param_value_internal":0.0019958653088233127,"distribution":"{\"name\": \"FloatDistribution\", \"attributes\": {\"step\": null, \"low\": 6e-06, \"high\": 0.01, \"log\": true}}"}
{"op_code":5,"worker_id":"a3ce4464-208b-434f-832d-4ba465a3fda9-140669359173632","trial_id":2,"param_name":"ab_desired_bl","param_value_internal":31.0,"distribution":"{\"name\": \"IntDistribution\", \"attributes\": {\"log\": false, \"step\": 1, \"low\": 31, \"high\": 31}}"}
{"op_code":5,"worker_id":"a3ce4464-208b-434f-832d-4ba465a3fda9-140669359173632","trial_id":2,"param_name":"ab_multilevel","param_value_internal":11.0,"distribution":"{\"name\": \"IntDistribution\", \"attributes\": {\"log\": false, \"step\": 1, \"low\": 6, \"high\": 14}}"}
{"op_code":5,"worker_id":"a3ce4464-208b-434f-832d-4ba465a3fda9-140669359173632","trial_id":2,"param_name":"a_reset_std","param_value_internal":1e-30,"distribution":"{\"name\": \"FloatDistribution\", \"attributes\": {\"step\": null, \"low\": 1e-30, \"high\": 1e-30, \"log\": false}}"}
{"op_code":5,"worker_id":"a3ce4464-208b-434f-832d-4ba465a3fda9-140669359173632","trial_id":2,"param_name":"b_reset_std","param_value_internal":1e+30,"distribution":"{\"name\": \"FloatDistribution\", \"attributes\": {\"step\": null, \"low\": 1e+30, \"high\": 1e+30, \"log\": false}}"}
{"op_code":5,"worker_id":"a3ce4464-208b-434f-832d-4ba465a3fda9-140669359173632","trial_id":2,"param_name":"c_dw_min","param_value_internal":0.004403653134866171,"distribution":"{\"name\": \"FloatDistribution\", \"attributes\": {\"step\": null, \"low\": 0.001, \"high\": 0.04, \"log\": true}}"}
{"op_code":5,"worker_id":"a3ce4464-208b-434f-832d-4ba465a3fda9-140669359173632","trial_id":2,"param_name":"c_desired_bl","param_value_internal":31.0,"distribution":"{\"name\": \"IntDistribution\", \"attributes\": {\"log\": false, \"step\": 1, \"low\": 31, \"high\": 31}}"}
{"op_code":5,"worker_id":"a3ce4464-208b-434f-832d-4ba465a3fda9-140669359173632","trial_id":2,"param_name":"out_noise","param_value_internal":0.0,"distribution":"{\"name\": \"FloatDistribution\", \"attributes\": {\"step\": null, \"low\": 0.0, \"high\": 0.0, \"log\": false}}"}
{"op_code":5,"worker_id":"a3ce4464-208b-434f-832d-4ba465a3fda9-140669359173632","trial_id":2,"param_name":"ab_weight_scaling_omega","param_value_internal":0.0,"distribution":"{\"name\": \"FloatDistribution\", \"attributes\": {\"step\": null, \"low\": 0.0, \"high\": 0.0, \"log\": false}}"}
{"op_code":5,"worker_id":"a3ce4464-208b-434f-832d-4ba465a3fda9-140669359173632","trial_id":2,"param_name":"min_lr_rate","param_value_internal":0.0,"distribution":"{\"name\": \"FloatDistribution\", \"attributes\": {\"step\": null, \"low\": 0.0, \"high\": 0.0, \"log\": false}}"}
{"op_code":8,"worker_id":"a3ce4464-208b-434f-832d-4ba465a3fda9-140669359173632","trial_id":2,"user_attr":{"grad_accum_steps":2}}
{"op_code":7,"worker_id":"a3ce4464-208b-434f-832d-4ba465a3fda9-140669359173632","trial_id":2,"step":1,"intermediate_value":68.39351710508977}
{"op_code":8,"worker_id":"a3ce4464-208b-434f-832d-4ba465a3fda9-140669359173632","trial_id":2,"user_attr":{"train_loss_epoch_1":3.0353128007189243}}
{"op_code":7,"worker_id":"a3ce4464-208b-434f-832d-4ba465a3fda9-140669359173632","trial_id":2,"step":2,"intermediate_value":72.22353470745445}
{"op_code":8,"worker_id":"a3ce4464-208b-434f-832d-4ba465a3fda9-140669359173632","trial_id":2,"user_attr":{"train_loss_epoch_2":1.9941884786593427}}
{"op_code":7,"worker_id":"a3ce4464-208b-434f-832d-4ba465a3fda9-140669359173632","trial_id":2,"step":3,"intermediate_value":72.36506972572197}
{"op_code":8,"worker_id":"a3ce4464-208b-434f-832d-4ba465a3fda9-140669359173632","trial_id":2,"user_attr":{"train_loss_epoch_3":1.899836020987995}}
{"op_code":7,"worker_id":"a3ce4464-208b-434f-832d-4ba465a3fda9-140669359173632","trial_id":2,"step":4,"intermediate_value":72.36767656059651}
{"op_code":8,"worker_id":"a3ce4464-208b-434f-832d-4ba465a3fda9-140669359173632","trial_id":2,"user_attr":{"train_loss_epoch_4":1.8634165815138566}}
{"op_code":7,"worker_id":"a3ce4464-208b-434f-832d-4ba465a3fda9-140669359173632","trial_id":2,"step":5,"intermediate_value":72.61692177982725}
{"op_code":8,"worker_id":"a3ce4464-208b-434f-832d-4ba465a3fda9-140669359173632","trial_id":2,"user_attr":{"train_loss_epoch_5":1.8352975082222962}}
{"op_code":6,"worker_id":"a3ce4464-208b-434f-832d-4ba465a3fda9-140669359173632","trial_id":2,"state":1,"values":[72.61692177982725],"datetime_complete":"2026-05-17T07:26:51.562661"}
{"op_code":0,"worker_id":"cb802451-275c-4308-afa1-e5ffaba5b5bc-140008275525632","study_name":"bert_squad_lrtt_bs48_adam_gauss_b_zero_nowd_nomom_nonest_onehot_constantstepideal_cconstantstepideal_perfect_noos_abml_split-reset_std_qkvo_5ep","directions":[2]}
{"op_code":4,"worker_id":"cb802451-275c-4308-afa1-e5ffaba5b5bc-140008275525632","study_id":0,"datetime_start":"2026-05-17T07:27:01.895706"}
{"op_code":5,"worker_id":"cb802451-275c-4308-afa1-e5ffaba5b5bc-140008275525632","trial_id":3,"param_name":"learning_rate","param_value_internal":0.0001585665154773022,"distribution":"{\"name\": \"FloatDistribution\", \"attributes\": {\"step\": null, \"low\": 0.0001, \"high\": 0.05, \"log\": true}}"}
{"op_code":5,"worker_id":"cb802451-275c-4308-afa1-e5ffaba5b5bc-140008275525632","trial_id":3,"param_name":"transfer_lr","param_value_internal":11.359421083728693,"distribution":"{\"name\": \"FloatDistribution\", \"attributes\": {\"step\": null, \"low\": 0.007, \"high\": 40.0, \"log\": true}}"}
{"op_code":5,"worker_id":"cb802451-275c-4308-afa1-e5ffaba5b5bc-140008275525632","trial_id":3,"param_name":"transfer_every","param_value_internal":262.0,"distribution":"{\"name\": \"IntDistribution\", \"attributes\": {\"log\": true, \"step\": 1, \"low\": 1, \"high\": 1000}}"}
{"op_code":5,"worker_id":"cb802451-275c-4308-afa1-e5ffaba5b5bc-140008275525632","trial_id":3,"param_name":"rank_exp","param_value_internal":4.0,"distribution":"{\"name\": \"IntDistribution\", \"attributes\": {\"log\": false, \"step\": 1, \"low\": 0, \"high\": 6}}"}
{"op_code":5,"worker_id":"cb802451-275c-4308-afa1-e5ffaba5b5bc-140008275525632","trial_id":3,"param_name":"fast_lr","param_value_internal":0.023834768959491284,"distribution":"{\"name\": \"FloatDistribution\", \"attributes\": {\"step\": null, \"low\": 0.01, \"high\": 20.0, \"log\": true}}"}
{"op_code":5,"worker_id":"cb802451-275c-4308-afa1-e5ffaba5b5bc-140008275525632","trial_id":3,"param_name":"tau_sec","param_value_internal":0.0,"distribution":"{\"name\": \"FloatDistribution\", \"attributes\": {\"step\": null, \"low\": 0.0, \"high\": 0.0, \"log\": false}}"}
{"op_code":5,"worker_id":"cb802451-275c-4308-afa1-e5ffaba5b5bc-140008275525632","trial_id":3,"param_name":"ab_dw_min","param_value_internal":0.009521356052887385,"distribution":"{\"name\": \"FloatDistribution\", \"attributes\": {\"step\": null, \"low\": 6e-06, \"high\": 0.01, \"log\": true}}"}
{"op_code":5,"worker_id":"cb802451-275c-4308-afa1-e5ffaba5b5bc-140008275525632","trial_id":3,"param_name":"ab_desired_bl","param_value_internal":31.0,"distribution":"{\"name\": \"IntDistribution\", \"attributes\": {\"log\": false, \"step\": 1, \"low\": 31, \"high\": 31}}"}
{"op_code":5,"worker_id":"cb802451-275c-4308-afa1-e5ffaba5b5bc-140008275525632","trial_id":3,"param_name":"ab_multilevel","param_value_internal":7.0,"distribution":"{\"name\": \"IntDistribution\", \"attributes\": {\"log\": false, \"step\": 1, \"low\": 6, \"high\": 14}}"}
{"op_code":5,"worker_id":"cb802451-275c-4308-afa1-e5ffaba5b5bc-140008275525632","trial_id":3,"param_name":"a_reset_std","param_value_internal":1e-30,"distribution":"{\"name\": \"FloatDistribution\", \"attributes\": {\"step\": null, \"low\": 1e-30, \"high\": 1e-30, \"log\": false}}"}
{"op_code":5,"worker_id":"cb802451-275c-4308-afa1-e5ffaba5b5bc-140008275525632","trial_id":3,"param_name":"b_reset_std","param_value_internal":1e+30,"distribution":"{\"name\": \"FloatDistribution\", \"attributes\": {\"step\": null, \"low\": 1e+30, \"high\": 1e+30, \"log\": false}}"}
{"op_code":5,"worker_id":"cb802451-275c-4308-afa1-e5ffaba5b5bc-140008275525632","trial_id":3,"param_name":"c_dw_min","param_value_internal":0.013919671478174597,"distribution":"{\"name\": \"FloatDistribution\", \"attributes\": {\"step\": null, \"low\": 0.001, \"high\": 0.04, \"log\": true}}"}
{"op_code":5,"worker_id":"cb802451-275c-4308-afa1-e5ffaba5b5bc-140008275525632","trial_id":3,"param_name":"c_desired_bl","param_value_internal":31.0,"distribution":"{\"name\": \"IntDistribution\", \"attributes\": {\"log\": false, \"step\": 1, \"low\": 31, \"high\": 31}}"}
{"op_code":5,"worker_id":"cb802451-275c-4308-afa1-e5ffaba5b5bc-140008275525632","trial_id":3,"param_name":"out_noise","param_value_internal":0.0,"distribution":"{\"name\": \"FloatDistribution\", \"attributes\": {\"step\": null, \"low\": 0.0, \"high\": 0.0, \"log\": false}}"}
{"op_code":5,"worker_id":"cb802451-275c-4308-afa1-e5ffaba5b5bc-140008275525632","trial_id":3,"param_name":"ab_weight_scaling_omega","param_value_internal":0.0,"distribution":"{\"name\": \"FloatDistribution\", \"attributes\": {\"step\": null, \"low\": 0.0, \"high\": 0.0, \"log\": false}}"}
{"op_code":5,"worker_id":"cb802451-275c-4308-afa1-e5ffaba5b5bc-140008275525632","trial_id":3,"param_name":"min_lr_rate","param_value_internal":0.0,"distribution":"{\"name\": \"FloatDistribution\", \"attributes\": {\"step\": null, \"low\": 0.0, \"high\": 0.0, \"log\": false}}"}
{"op_code":8,"worker_id":"cb802451-275c-4308-afa1-e5ffaba5b5bc-140008275525632","trial_id":3,"user_attr":{"grad_accum_steps":1}}
{"op_code":7,"worker_id":"cb802451-275c-4308-afa1-e5ffaba5b5bc-140008275525632","trial_id":3,"step":1,"intermediate_value":51.45012338596625}
{"op_code":8,"worker_id":"cb802451-275c-4308-afa1-e5ffaba5b5bc-140008275525632","trial_id":3,"user_attr":{"train_loss_epoch_1":3.449326881806702}}
{"op_code":7,"worker_id":"cb802451-275c-4308-afa1-e5ffaba5b5bc-140008275525632","trial_id":3,"step":2,"intermediate_value":59.87912922725121}
{"op_code":8,"worker_id":"cb802451-275c-4308-afa1-e5ffaba5b5bc-140008275525632","trial_id":3,"user_attr":{"train_loss_epoch_2":2.3334627522362603}}
{"op_code":7,"worker_id":"cb802451-275c-4308-afa1-e5ffaba5b5bc-140008275525632","trial_id":3,"step":3,"intermediate_value":65.42418051278646}
{"op_code":8,"worker_id":"cb802451-275c-4308-afa1-e5ffaba5b5bc-140008275525632","trial_id":3,"user_attr":{"train_loss_epoch_3":2.1180578001792516}}
{"op_code":7,"worker_id":"cb802451-275c-4308-afa1-e5ffaba5b5bc-140008275525632","trial_id":3,"step":4,"intermediate_value":67.57152671850002}
{"op_code":8,"worker_id":"cb802451-275c-4308-afa1-e5ffaba5b5bc-140008275525632","trial_id":3,"user_attr":{"train_loss_epoch_4":1.9985720950413526}}
{"op_code":7,"worker_id":"cb802451-275c-4308-afa1-e5ffaba5b5bc-140008275525632","trial_id":3,"step":5,"intermediate_value":68.2147855846661}
{"op_code":8,"worker_id":"cb802451-275c-4308-afa1-e5ffaba5b5bc-140008275525632","trial_id":3,"user_attr":{"train_loss_epoch_5":1.949374617082963}}
{"op_code":6,"worker_id":"cb802451-275c-4308-afa1-e5ffaba5b5bc-140008275525632","trial_id":3,"state":1,"values":[68.2147855846661],"datetime_complete":"2026-05-17T10:33:01.272687"}
{"op_code":4,"worker_id":"cb802451-275c-4308-afa1-e5ffaba5b5bc-140008275525632","study_id":0,"datetime_start":"2026-05-17T10:33:01.274540"}
{"op_code":5,"worker_id":"cb802451-275c-4308-afa1-e5ffaba5b5bc-140008275525632","trial_id":4,"param_name":"learning_rate","param_value_internal":0.005567720703547033,"distribution":"{\"name\": \"FloatDistribution\", \"attributes\": {\"step\": null, \"low\": 0.0001, \"high\": 0.05, \"log\": true}}"}
{"op_code":5,"worker_id":"cb802451-275c-4308-afa1-e5ffaba5b5bc-140008275525632","trial_id":4,"param_name":"transfer_lr","param_value_internal":13.010444196365084,"distribution":"{\"name\": \"FloatDistribution\", \"attributes\": {\"step\": null, \"low\": 0.007, \"high\": 40.0, \"log\": true}}"}
{"op_code":5,"worker_id":"cb802451-275c-4308-afa1-e5ffaba5b5bc-140008275525632","trial_id":4,"param_name":"transfer_every","param_value_internal":9.0,"distribution":"{\"name\": \"IntDistribution\", \"attributes\": {\"log\": true, \"step\": 1, \"low\": 1, \"high\": 1000}}"}
{"op_code":5,"worker_id":"cb802451-275c-4308-afa1-e5ffaba5b5bc-140008275525632","trial_id":4,"param_name":"rank_exp","param_value_internal":5.0,"distribution":"{\"name\": \"IntDistribution\", \"attributes\": {\"log\": false, \"step\": 1, \"low\": 0, \"high\": 6}}"}
{"op_code":5,"worker_id":"cb802451-275c-4308-afa1-e5ffaba5b5bc-140008275525632","trial_id":4,"param_name":"fast_lr","param_value_internal":0.5154175472190138,"distribution":"{\"name\": \"FloatDistribution\", \"attributes\": {\"step\": null, \"low\": 0.01, \"high\": 20.0, \"log\": true}}"}
{"op_code":5,"worker_id":"cb802451-275c-4308-afa1-e5ffaba5b5bc-140008275525632","trial_id":4,"param_name":"tau_sec","param_value_internal":0.0,"distribution":"{\"name\": \"FloatDistribution\", \"attributes\": {\"step\": null, \"low\": 0.0, \"high\": 0.0, \"log\": false}}"}
{"op_code":5,"worker_id":"cb802451-275c-4308-afa1-e5ffaba5b5bc-140008275525632","trial_id":4,"param_name":"ab_dw_min","param_value_internal":3.1653027155333805e-05,"distribution":"{\"name\": \"FloatDistribution\", \"attributes\": {\"step\": null, \"low\": 6e-06, \"high\": 0.01, \"log\": true}}"}
{"op_code":5,"worker_id":"cb802451-275c-4308-afa1-e5ffaba5b5bc-140008275525632","trial_id":4,"param_name":"ab_desired_bl","param_value_internal":31.0,"distribution":"{\"name\": \"IntDistribution\", \"attributes\": {\"log\": false, \"step\": 1, \"low\": 31, \"high\": 31}}"}
{"op_code":5,"worker_id":"cb802451-275c-4308-afa1-e5ffaba5b5bc-140008275525632","trial_id":4,"param_name":"ab_multilevel","param_value_internal":10.0,"distribution":"{\"name\": \"IntDistribution\", \"attributes\": {\"log\": false, \"step\": 1, \"low\": 6, \"high\": 14}}"}
{"op_code":5,"worker_id":"cb802451-275c-4308-afa1-e5ffaba5b5bc-140008275525632","trial_id":4,"param_name":"a_reset_std","param_value_internal":1e-30,"distribution":"{\"name\": \"FloatDistribution\", \"attributes\": {\"step\": null, \"low\": 1e-30, \"high\": 1e-30, \"log\": false}}"}
{"op_code":5,"worker_id":"cb802451-275c-4308-afa1-e5ffaba5b5bc-140008275525632","trial_id":4,"param_name":"b_reset_std","param_value_internal":1e+30,"distribution":"{\"name\": \"FloatDistribution\", \"attributes\": {\"step\": null, \"low\": 1e+30, \"high\": 1e+30, \"log\": false}}"}
{"op_code":5,"worker_id":"cb802451-275c-4308-afa1-e5ffaba5b5bc-140008275525632","trial_id":4,"param_name":"c_dw_min","param_value_internal":0.007421335495167315,"distribution":"{\"name\": \"FloatDistribution\", \"attributes\": {\"step\": null, \"low\": 0.001, \"high\": 0.04, \"log\": true}}"}
{"op_code":5,"worker_id":"cb802451-275c-4308-afa1-e5ffaba5b5bc-140008275525632","trial_id":4,"param_name":"c_desired_bl","param_value_internal":31.0,"distribution":"{\"name\": \"IntDistribution\", \"attributes\": {\"log\": false, \"step\": 1, \"low\": 31, \"high\": 31}}"}
{"op_code":5,"worker_id":"cb802451-275c-4308-afa1-e5ffaba5b5bc-140008275525632","trial_id":4,"param_name":"out_noise","param_value_internal":0.0,"distribution":"{\"name\": \"FloatDistribution\", \"attributes\": {\"step\": null, \"low\": 0.0, \"high\": 0.0, \"log\": false}}"}
{"op_code":5,"worker_id":"cb802451-275c-4308-afa1-e5ffaba5b5bc-140008275525632","trial_id":4,"param_name":"ab_weight_scaling_omega","param_value_internal":0.0,"distribution":"{\"name\": \"FloatDistribution\", \"attributes\": {\"step\": null, \"low\": 0.0, \"high\": 0.0, \"log\": false}}"}
{"op_code":5,"worker_id":"cb802451-275c-4308-afa1-e5ffaba5b5bc-140008275525632","trial_id":4,"param_name":"min_lr_rate","param_value_internal":0.0,"distribution":"{\"name\": \"FloatDistribution\", \"attributes\": {\"step\": null, \"low\": 0.0, \"high\": 0.0, \"log\": false}}"}
{"op_code":8,"worker_id":"cb802451-275c-4308-afa1-e5ffaba5b5bc-140008275525632","trial_id":4,"user_attr":{"grad_accum_steps":1}}
{"op_code":8,"worker_id":"cb802451-275c-4308-afa1-e5ffaba5b5bc-140008275525632","trial_id":4,"user_attr":{"error":"NVML_SUCCESS == r INTERNAL ASSERT FAILED at \"../c10/cuda/CUDACachingAllocator.cpp\":844, please report a bug to PyTorch. "}}
{"op_code":6,"worker_id":"cb802451-275c-4308-afa1-e5ffaba5b5bc-140008275525632","trial_id":4,"state":3,"values":null,"datetime_complete":"2026-05-17T10:33:14.351290"}
{"op_code":0,"worker_id":"136056c3-7582-4866-8312-626dac2014b3-140300439699456","study_name":"bert_squad_lrtt_bs48_adam_gauss_b_zero_nowd_nomom_nonest_onehot_constantstepideal_cconstantstepideal_perfect_noos_abml_split-reset_std_qkvo_5ep","directions":[2]}
{"op_code":4,"worker_id":"136056c3-7582-4866-8312-626dac2014b3-140300439699456","study_id":0,"datetime_start":null,"state":4,"value":null,"values":null,"distributions":{},"params":{},"user_attrs":{},"system_attrs":{"fixed_params":{"learning_rate":0.005567720703547033,"transfer_lr":13.010444196365084,"transfer_every":9,"rank_exp":5,"fast_lr":0.5154175472190138,"tau_sec":0.0,"ab_dw_min":3.1653027155333805e-05,"ab_desired_bl":31,"ab_multilevel":10,"a_reset_std":1e-30,"b_reset_std":1e+30,"c_dw_min":0.007421335495167315,"c_desired_bl":31,"out_noise":0.0,"ab_weight_scaling_omega":0.0,"min_lr_rate":0.0}},"intermediate_values":{}}
{"op_code":6,"worker_id":"136056c3-7582-4866-8312-626dac2014b3-140300439699456","trial_id":5,"state":0,"values":null,"datetime_start":"2026-05-17T10:33:24.570195"}
{"op_code":5,"worker_id":"136056c3-7582-4866-8312-626dac2014b3-140300439699456","trial_id":5,"param_name":"learning_rate","param_value_internal":0.005567720703547033,"distribution":"{\"name\": \"FloatDistribution\", \"attributes\": {\"step\": null, \"low\": 0.0001, \"high\": 0.05, \"log\": true}}"}
{"op_code":5,"worker_id":"136056c3-7582-4866-8312-626dac2014b3-140300439699456","trial_id":5,"param_name":"transfer_lr","param_value_internal":13.010444196365084,"distribution":"{\"name\": \"FloatDistribution\", \"attributes\": {\"step\": null, \"low\": 0.007, \"high\": 40.0, \"log\": true}}"}
{"op_code":5,"worker_id":"136056c3-7582-4866-8312-626dac2014b3-140300439699456","trial_id":5,"param_name":"transfer_every","param_value_internal":9.0,"distribution":"{\"name\": \"IntDistribution\", \"attributes\": {\"log\": true, \"step\": 1, \"low\": 1, \"high\": 1000}}"}
{"op_code":5,"worker_id":"136056c3-7582-4866-8312-626dac2014b3-140300439699456","trial_id":5,"param_name":"rank_exp","param_value_internal":5.0,"distribution":"{\"name\": \"IntDistribution\", \"attributes\": {\"log\": false, \"step\": 1, \"low\": 0, \"high\": 6}}"}
{"op_code":5,"worker_id":"136056c3-7582-4866-8312-626dac2014b3-140300439699456","trial_id":5,"param_name":"fast_lr","param_value_internal":0.5154175472190138,"distribution":"{\"name\": \"FloatDistribution\", \"attributes\": {\"step\": null, \"low\": 0.01, \"high\": 20.0, \"log\": true}}"}
{"op_code":5,"worker_id":"136056c3-7582-4866-8312-626dac2014b3-140300439699456","trial_id":5,"param_name":"tau_sec","param_value_internal":0.0,"distribution":"{\"name\": \"FloatDistribution\", \"attributes\": {\"step\": null, \"low\": 0.0, \"high\": 0.0, \"log\": false}}"}
{"op_code":5,"worker_id":"136056c3-7582-4866-8312-626dac2014b3-140300439699456","trial_id":5,"param_name":"ab_dw_min","param_value_internal":3.1653027155333805e-05,"distribution":"{\"name\": \"FloatDistribution\", \"attributes\": {\"step\": null, \"low\": 6e-06, \"high\": 0.01, \"log\": true}}"}
{"op_code":5,"worker_id":"136056c3-7582-4866-8312-626dac2014b3-140300439699456","trial_id":5,"param_name":"ab_desired_bl","param_value_internal":31.0,"distribution":"{\"name\": \"IntDistribution\", \"attributes\": {\"log\": false, \"step\": 1, \"low\": 31, \"high\": 31}}"}
{"op_code":5,"worker_id":"136056c3-7582-4866-8312-626dac2014b3-140300439699456","trial_id":5,"param_name":"ab_multilevel","param_value_internal":10.0,"distribution":"{\"name\": \"IntDistribution\", \"attributes\": {\"log\": false, \"step\": 1, \"low\": 6, \"high\": 14}}"}
{"op_code":5,"worker_id":"136056c3-7582-4866-8312-626dac2014b3-140300439699456","trial_id":5,"param_name":"a_reset_std","param_value_internal":1e-30,"distribution":"{\"name\": \"FloatDistribution\", \"attributes\": {\"step\": null, \"low\": 1e-30, \"high\": 1e-30, \"log\": false}}"}
{"op_code":5,"worker_id":"136056c3-7582-4866-8312-626dac2014b3-140300439699456","trial_id":5,"param_name":"b_reset_std","param_value_internal":1e+30,"distribution":"{\"name\": \"FloatDistribution\", \"attributes\": {\"step\": null, \"low\": 1e+30, \"high\": 1e+30, \"log\": false}}"}
{"op_code":5,"worker_id":"136056c3-7582-4866-8312-626dac2014b3-140300439699456","trial_id":5,"param_name":"c_dw_min","param_value_internal":0.007421335495167315,"distribution":"{\"name\": \"FloatDistribution\", \"attributes\": {\"step\": null, \"low\": 0.001, \"high\": 0.04, \"log\": true}}"}
{"op_code":5,"worker_id":"136056c3-7582-4866-8312-626dac2014b3-140300439699456","trial_id":5,"param_name":"c_desired_bl","param_value_internal":31.0,"distribution":"{\"name\": \"IntDistribution\", \"attributes\": {\"log\": false, \"step\": 1, \"low\": 31, \"high\": 31}}"}
{"op_code":5,"worker_id":"136056c3-7582-4866-8312-626dac2014b3-140300439699456","trial_id":5,"param_name":"out_noise","param_value_internal":0.0,"distribution":"{\"name\": \"FloatDistribution\", \"attributes\": {\"step\": null, \"low\": 0.0, \"high\": 0.0, \"log\": false}}"}
{"op_code":5,"worker_id":"136056c3-7582-4866-8312-626dac2014b3-140300439699456","trial_id":5,"param_name":"ab_weight_scaling_omega","param_value_internal":0.0,"distribution":"{\"name\": \"FloatDistribution\", \"attributes\": {\"step\": null, \"low\": 0.0, \"high\": 0.0, \"log\": false}}"}
{"op_code":5,"worker_id":"136056c3-7582-4866-8312-626dac2014b3-140300439699456","trial_id":5,"param_name":"min_lr_rate","param_value_internal":0.0,"distribution":"{\"name\": \"FloatDistribution\", \"attributes\": {\"step\": null, \"low\": 0.0, \"high\": 0.0, \"log\": false}}"}
{"op_code":8,"worker_id":"136056c3-7582-4866-8312-626dac2014b3-140300439699456","trial_id":5,"user_attr":{"grad_accum_steps":2}}
{"op_code":7,"worker_id":"136056c3-7582-4866-8312-626dac2014b3-140300439699456","trial_id":5,"step":1,"intermediate_value":74.04674116760995}
{"op_code":8,"worker_id":"136056c3-7582-4866-8312-626dac2014b3-140300439699456","trial_id":5,"user_attr":{"train_loss_epoch_1":2.1458661750132686}}
{"op_code":7,"worker_id":"136056c3-7582-4866-8312-626dac2014b3-140300439699456","trial_id":5,"step":2,"intermediate_value":74.79771300558193}
{"op_code":8,"worker_id":"136056c3-7582-4866-8312-626dac2014b3-140300439699456","trial_id":5,"user_attr":{"train_loss_epoch_2":1.6897937532975829}}
{"op_code":7,"worker_id":"136056c3-7582-4866-8312-626dac2014b3-140300439699456","trial_id":5,"step":3,"intermediate_value":77.1049847722798}
{"op_code":8,"worker_id":"136056c3-7582-4866-8312-626dac2014b3-140300439699456","trial_id":5,"user_attr":{"train_loss_epoch_3":1.6163894918980266}}
{"op_code":7,"worker_id":"136056c3-7582-4866-8312-626dac2014b3-140300439699456","trial_id":5,"step":4,"intermediate_value":77.81350517931124}
{"op_code":8,"worker_id":"136056c3-7582-4866-8312-626dac2014b3-140300439699456","trial_id":5,"user_attr":{"train_loss_epoch_4":1.5594237159829567}}
{"op_code":7,"worker_id":"136056c3-7582-4866-8312-626dac2014b3-140300439699456","trial_id":5,"step":5,"intermediate_value":78.52504440170901}
{"op_code":8,"worker_id":"136056c3-7582-4866-8312-626dac2014b3-140300439699456","trial_id":5,"user_attr":{"train_loss_epoch_5":1.5154866165150533}}
{"op_code":6,"worker_id":"136056c3-7582-4866-8312-626dac2014b3-140300439699456","trial_id":5,"state":1,"values":[78.52504440170901],"datetime_complete":"2026-05-17T13:36:23.089240"}
{"op_code":0,"worker_id":"1100a14c-5c7b-4565-bdc6-c31bdef5924e-139980716859392","study_name":"bert_squad_lrtt_bs48_adam_gauss_b_zero_nowd_nomom_nonest_onehot_constantstepideal_cconstantstepideal_perfect_noos_abml_split-reset_std_qkvo_5ep","directions":[2]}
{"op_code":4,"worker_id":"1100a14c-5c7b-4565-bdc6-c31bdef5924e-139980716859392","study_id":0,"datetime_start":"2026-05-17T13:36:32.959066"}
{"op_code":5,"worker_id":"1100a14c-5c7b-4565-bdc6-c31bdef5924e-139980716859392","trial_id":6,"param_name":"learning_rate","param_value_internal":0.00043420154167652763,"distribution":"{\"name\": \"FloatDistribution\", \"attributes\": {\"step\": null, \"low\": 0.0001, \"high\": 0.05, \"log\": true}}"}
{"op_code":5,"worker_id":"1100a14c-5c7b-4565-bdc6-c31bdef5924e-139980716859392","trial_id":6,"param_name":"transfer_lr","param_value_internal":10.92200805097418,"distribution":"{\"name\": \"FloatDistribution\", \"attributes\": {\"step\": null, \"low\": 0.007, \"high\": 40.0, \"log\": true}}"}
{"op_code":5,"worker_id":"1100a14c-5c7b-4565-bdc6-c31bdef5924e-139980716859392","trial_id":6,"param_name":"transfer_every","param_value_internal":1.0,"distribution":"{\"name\": \"IntDistribution\", \"attributes\": {\"log\": true, \"step\": 1, \"low\": 1, \"high\": 1000}}"}
{"op_code":5,"worker_id":"1100a14c-5c7b-4565-bdc6-c31bdef5924e-139980716859392","trial_id":6,"param_name":"rank_exp","param_value_internal":3.0,"distribution":"{\"name\": \"IntDistribution\", \"attributes\": {\"log\": false, \"step\": 1, \"low\": 0, \"high\": 6}}"}
{"op_code":5,"worker_id":"1100a14c-5c7b-4565-bdc6-c31bdef5924e-139980716859392","trial_id":6,"param_name":"fast_lr","param_value_internal":0.11492928089096756,"distribution":"{\"name\": \"FloatDistribution\", \"attributes\": {\"step\": null, \"low\": 0.01, \"high\": 20.0, \"log\": true}}"}
{"op_code":5,"worker_id":"1100a14c-5c7b-4565-bdc6-c31bdef5924e-139980716859392","trial_id":6,"param_name":"tau_sec","param_value_internal":0.0,"distribution":"{\"name\": \"FloatDistribution\", \"attributes\": {\"step\": null, \"low\": 0.0, \"high\": 0.0, \"log\": false}}"}
{"op_code":5,"worker_id":"1100a14c-5c7b-4565-bdc6-c31bdef5924e-139980716859392","trial_id":6,"param_name":"ab_dw_min","param_value_internal":3.295554380965255e-05,"distribution":"{\"name\": \"FloatDistribution\", \"attributes\": {\"step\": null, \"low\": 6e-06, \"high\": 0.01, \"log\": true}}"}
{"op_code":5,"worker_id":"1100a14c-5c7b-4565-bdc6-c31bdef5924e-139980716859392","trial_id":6,"param_name":"ab_desired_bl","param_value_internal":31.0,"distribution":"{\"name\": \"IntDistribution\", \"attributes\": {\"log\": false, \"step\": 1, \"low\": 31, \"high\": 31}}"}
{"op_code":5,"worker_id":"1100a14c-5c7b-4565-bdc6-c31bdef5924e-139980716859392","trial_id":6,"param_name":"ab_multilevel","param_value_internal":6.0,"distribution":"{\"name\": \"IntDistribution\", \"attributes\": {\"log\": false, \"step\": 1, \"low\": 6, \"high\": 14}}"}
{"op_code":5,"worker_id":"1100a14c-5c7b-4565-bdc6-c31bdef5924e-139980716859392","trial_id":6,"param_name":"a_reset_std","param_value_internal":1e-30,"distribution":"{\"name\": \"FloatDistribution\", \"attributes\": {\"step\": null, \"low\": 1e-30, \"high\": 1e-30, \"log\": false}}"}
{"op_code":5,"worker_id":"1100a14c-5c7b-4565-bdc6-c31bdef5924e-139980716859392","trial_id":6,"param_name":"b_reset_std","param_value_internal":1e+30,"distribution":"{\"name\": \"FloatDistribution\", \"attributes\": {\"step\": null, \"low\": 1e+30, \"high\": 1e+30, \"log\": false}}"}
{"op_code":5,"worker_id":"1100a14c-5c7b-4565-bdc6-c31bdef5924e-139980716859392","trial_id":6,"param_name":"c_dw_min","param_value_internal":0.0038603901728594893,"distribution":"{\"name\": \"FloatDistribution\", \"attributes\": {\"step\": null, \"low\": 0.001, \"high\": 0.04, \"log\": true}}"}
{"op_code":5,"worker_id":"1100a14c-5c7b-4565-bdc6-c31bdef5924e-139980716859392","trial_id":6,"param_name":"c_desired_bl","param_value_internal":31.0,"distribution":"{\"name\": \"IntDistribution\", \"attributes\": {\"log\": false, \"step\": 1, \"low\": 31, \"high\": 31}}"}
{"op_code":5,"worker_id":"1100a14c-5c7b-4565-bdc6-c31bdef5924e-139980716859392","trial_id":6,"param_name":"out_noise","param_value_internal":0.0,"distribution":"{\"name\": \"FloatDistribution\", \"attributes\": {\"step\": null, \"low\": 0.0, \"high\": 0.0, \"log\": false}}"}
{"op_code":5,"worker_id":"1100a14c-5c7b-4565-bdc6-c31bdef5924e-139980716859392","trial_id":6,"param_name":"ab_weight_scaling_omega","param_value_internal":0.0,"distribution":"{\"name\": \"FloatDistribution\", \"attributes\": {\"step\": null, \"low\": 0.0, \"high\": 0.0, \"log\": false}}"}
{"op_code":5,"worker_id":"1100a14c-5c7b-4565-bdc6-c31bdef5924e-139980716859392","trial_id":6,"param_name":"min_lr_rate","param_value_internal":0.0,"distribution":"{\"name\": \"FloatDistribution\", \"attributes\": {\"step\": null, \"low\": 0.0, \"high\": 0.0, \"log\": false}}"}
{"op_code":8,"worker_id":"1100a14c-5c7b-4565-bdc6-c31bdef5924e-139980716859392","trial_id":6,"user_attr":{"grad_accum_steps":1}}
{"op_code":7,"worker_id":"1100a14c-5c7b-4565-bdc6-c31bdef5924e-139980716859392","trial_id":6,"step":1,"intermediate_value":63.108654225852845}
{"op_code":8,"worker_id":"1100a14c-5c7b-4565-bdc6-c31bdef5924e-139980716859392","trial_id":6,"user_attr":{"train_loss_epoch_1":2.9158622139514625}}
{"op_code":7,"worker_id":"1100a14c-5c7b-4565-bdc6-c31bdef5924e-139980716859392","trial_id":6,"step":2,"intermediate_value":70.28146605854693}
{"op_code":8,"worker_id":"1100a14c-5c7b-4565-bdc6-c31bdef5924e-139980716859392","trial_id":6,"user_attr":{"train_loss_epoch_2":1.9597169552392106}}
{"op_code":7,"worker_id":"1100a14c-5c7b-4565-bdc6-c31bdef5924e-139980716859392","trial_id":6,"step":3,"intermediate_value":72.2849523336242}
{"op_code":8,"worker_id":"1100a14c-5c7b-4565-bdc6-c31bdef5924e-139980716859392","trial_id":6,"user_attr":{"train_loss_epoch_3":1.8167153154931417}}
{"op_code":7,"worker_id":"1100a14c-5c7b-4565-bdc6-c31bdef5924e-139980716859392","trial_id":6,"step":4,"intermediate_value":73.01708527349663}
{"op_code":8,"worker_id":"1100a14c-5c7b-4565-bdc6-c31bdef5924e-139980716859392","trial_id":6,"user_attr":{"train_loss_epoch_4":1.7607755331489128}}
{"op_code":7,"worker_id":"1100a14c-5c7b-4565-bdc6-c31bdef5924e-139980716859392","trial_id":6,"step":5,"intermediate_value":73.33541523736966}
{"op_code":8,"worker_id":"1100a14c-5c7b-4565-bdc6-c31bdef5924e-139980716859392","trial_id":6,"user_attr":{"train_loss_epoch_5":1.7364437512265958}}
{"op_code":6,"worker_id":"1100a14c-5c7b-4565-bdc6-c31bdef5924e-139980716859392","trial_id":6,"state":1,"values":[73.33541523736966],"datetime_complete":"2026-05-17T16:52:22.958287"}
{"op_code":4,"worker_id":"1100a14c-5c7b-4565-bdc6-c31bdef5924e-139980716859392","study_id":0,"datetime_start":"2026-05-17T16:52:22.960121"}
{"op_code":5,"worker_id":"1100a14c-5c7b-4565-bdc6-c31bdef5924e-139980716859392","trial_id":7,"param_name":"learning_rate","param_value_internal":0.008235222272906692,"distribution":"{\"name\": \"FloatDistribution\", \"attributes\": {\"step\": null, \"low\": 0.0001, \"high\": 0.05, \"log\": true}}"}
{"op_code":5,"worker_id":"1100a14c-5c7b-4565-bdc6-c31bdef5924e-139980716859392","trial_id":7,"param_name":"transfer_lr","param_value_internal":0.2119102859699096,"distribution":"{\"name\": \"FloatDistribution\", \"attributes\": {\"step\": null, \"low\": 0.007, \"high\": 40.0, \"log\": true}}"}
{"op_code":5,"worker_id":"1100a14c-5c7b-4565-bdc6-c31bdef5924e-139980716859392","trial_id":7,"param_name":"transfer_every","param_value_internal":240.0,"distribution":"{\"name\": \"IntDistribution\", \"attributes\": {\"log\": true, \"step\": 1, \"low\": 1, \"high\": 1000}}"}
{"op_code":5,"worker_id":"1100a14c-5c7b-4565-bdc6-c31bdef5924e-139980716859392","trial_id":7,"param_name":"rank_exp","param_value_internal":3.0,"distribution":"{\"name\": \"IntDistribution\", \"attributes\": {\"log\": false, \"step\": 1, \"low\": 0, \"high\": 6}}"}
{"op_code":5,"worker_id":"1100a14c-5c7b-4565-bdc6-c31bdef5924e-139980716859392","trial_id":7,"param_name":"fast_lr","param_value_internal":0.4307839109398798,"distribution":"{\"name\": \"FloatDistribution\", \"attributes\": {\"step\": null, \"low\": 0.01, \"high\": 20.0, \"log\": true}}"}
{"op_code":5,"worker_id":"1100a14c-5c7b-4565-bdc6-c31bdef5924e-139980716859392","trial_id":7,"param_name":"tau_sec","param_value_internal":0.0,"distribution":"{\"name\": \"FloatDistribution\", \"attributes\": {\"step\": null, \"low\": 0.0, \"high\": 0.0, \"log\": false}}"}
{"op_code":5,"worker_id":"1100a14c-5c7b-4565-bdc6-c31bdef5924e-139980716859392","trial_id":7,"param_name":"ab_dw_min","param_value_internal":0.0002274553947153965,"distribution":"{\"name\": \"FloatDistribution\", \"attributes\": {\"step\": null, \"low\": 6e-06, \"high\": 0.01, \"log\": true}}"}
{"op_code":5,"worker_id":"1100a14c-5c7b-4565-bdc6-c31bdef5924e-139980716859392","trial_id":7,"param_name":"ab_desired_bl","param_value_internal":31.0,"distribution":"{\"name\": \"IntDistribution\", \"attributes\": {\"log\": false, \"step\": 1, \"low\": 31, \"high\": 31}}"}
{"op_code":5,"worker_id":"1100a14c-5c7b-4565-bdc6-c31bdef5924e-139980716859392","trial_id":7,"param_name":"ab_multilevel","param_value_internal":9.0,"distribution":"{\"name\": \"IntDistribution\", \"attributes\": {\"log\": false, \"step\": 1, \"low\": 6, \"high\": 14}}"}
{"op_code":5,"worker_id":"1100a14c-5c7b-4565-bdc6-c31bdef5924e-139980716859392","trial_id":7,"param_name":"a_reset_std","param_value_internal":1e-30,"distribution":"{\"name\": \"FloatDistribution\", \"attributes\": {\"step\": null, \"low\": 1e-30, \"high\": 1e-30, \"log\": false}}"}
{"op_code":5,"worker_id":"1100a14c-5c7b-4565-bdc6-c31bdef5924e-139980716859392","trial_id":7,"param_name":"b_reset_std","param_value_internal":1e+30,"distribution":"{\"name\": \"FloatDistribution\", \"attributes\": {\"step\": null, \"low\": 1e+30, \"high\": 1e+30, \"log\": false}}"}
{"op_code":5,"worker_id":"1100a14c-5c7b-4565-bdc6-c31bdef5924e-139980716859392","trial_id":7,"param_name":"c_dw_min","param_value_internal":0.006257310319473055,"distribution":"{\"name\": \"FloatDistribution\", \"attributes\": {\"step\": null, \"low\": 0.001, \"high\": 0.04, \"log\": true}}"}
{"op_code":5,"worker_id":"1100a14c-5c7b-4565-bdc6-c31bdef5924e-139980716859392","trial_id":7,"param_name":"c_desired_bl","param_value_internal":31.0,"distribution":"{\"name\": \"IntDistribution\", \"attributes\": {\"log\": false, \"step\": 1, \"low\": 31, \"high\": 31}}"}
{"op_code":5,"worker_id":"1100a14c-5c7b-4565-bdc6-c31bdef5924e-139980716859392","trial_id":7,"param_name":"out_noise","param_value_internal":0.0,"distribution":"{\"name\": \"FloatDistribution\", \"attributes\": {\"step\": null, \"low\": 0.0, \"high\": 0.0, \"log\": false}}"}
{"op_code":5,"worker_id":"1100a14c-5c7b-4565-bdc6-c31bdef5924e-139980716859392","trial_id":7,"param_name":"ab_weight_scaling_omega","param_value_internal":0.0,"distribution":"{\"name\": \"FloatDistribution\", \"attributes\": {\"step\": null, \"low\": 0.0, \"high\": 0.0, \"log\": false}}"}
{"op_code":5,"worker_id":"1100a14c-5c7b-4565-bdc6-c31bdef5924e-139980716859392","trial_id":7,"param_name":"min_lr_rate","param_value_internal":0.0,"distribution":"{\"name\": \"FloatDistribution\", \"attributes\": {\"step\": null, \"low\": 0.0, \"high\": 0.0, \"log\": false}}"}
{"op_code":8,"worker_id":"1100a14c-5c7b-4565-bdc6-c31bdef5924e-139980716859392","trial_id":7,"user_attr":{"grad_accum_steps":1}}
{"op_code":8,"worker_id":"1100a14c-5c7b-4565-bdc6-c31bdef5924e-139980716859392","trial_id":7,"user_attr":{"error":"NVML_SUCCESS == r INTERNAL ASSERT FAILED at \"../c10/cuda/CUDACachingAllocator.cpp\":844, please report a bug to PyTorch. "}}
{"op_code":6,"worker_id":"1100a14c-5c7b-4565-bdc6-c31bdef5924e-139980716859392","trial_id":7,"state":3,"values":null,"datetime_complete":"2026-05-17T16:52:37.960214"}
{"op_code":0,"worker_id":"409e9c26-7311-41f4-8f6b-1024997f3c34-140162244907008","study_name":"bert_squad_lrtt_bs48_adam_gauss_b_zero_nowd_nomom_nonest_onehot_constantstepideal_cconstantstepideal_perfect_noos_abml_split-reset_std_qkvo_5ep","directions":[2]}
{"op_code":4,"worker_id":"409e9c26-7311-41f4-8f6b-1024997f3c34-140162244907008","study_id":0,"datetime_start":null,"state":4,"value":null,"values":null,"distributions":{},"params":{},"user_attrs":{},"system_attrs":{"fixed_params":{"learning_rate":0.008235222272906692,"transfer_lr":0.2119102859699096,"transfer_every":240,"rank_exp":3,"fast_lr":0.4307839109398798,"tau_sec":0.0,"ab_dw_min":0.0002274553947153965,"ab_desired_bl":31,"ab_multilevel":9,"a_reset_std":1e-30,"b_reset_std":1e+30,"c_dw_min":0.006257310319473055,"c_desired_bl":31,"out_noise":0.0,"ab_weight_scaling_omega":0.0,"min_lr_rate":0.0}},"intermediate_values":{}}
{"op_code":6,"worker_id":"409e9c26-7311-41f4-8f6b-1024997f3c34-140162244907008","trial_id":8,"state":0,"values":null,"datetime_start":"2026-05-17T16:52:48.307269"}
{"op_code":5,"worker_id":"409e9c26-7311-41f4-8f6b-1024997f3c34-140162244907008","trial_id":8,"param_name":"learning_rate","param_value_internal":0.008235222272906692,"distribution":"{\"name\": \"FloatDistribution\", \"attributes\": {\"step\": null, \"low\": 0.0001, \"high\": 0.05, \"log\": true}}"}
{"op_code":5,"worker_id":"409e9c26-7311-41f4-8f6b-1024997f3c34-140162244907008","trial_id":8,"param_name":"transfer_lr","param_value_internal":0.2119102859699096,"distribution":"{\"name\": \"FloatDistribution\", \"attributes\": {\"step\": null, \"low\": 0.007, \"high\": 40.0, \"log\": true}}"}
{"op_code":5,"worker_id":"409e9c26-7311-41f4-8f6b-1024997f3c34-140162244907008","trial_id":8,"param_name":"transfer_every","param_value_internal":240.0,"distribution":"{\"name\": \"IntDistribution\", \"attributes\": {\"log\": true, \"step\": 1, \"low\": 1, \"high\": 1000}}"}
{"op_code":5,"worker_id":"409e9c26-7311-41f4-8f6b-1024997f3c34-140162244907008","trial_id":8,"param_name":"rank_exp","param_value_internal":3.0,"distribution":"{\"name\": \"IntDistribution\", \"attributes\": {\"log\": false, \"step\": 1, \"low\": 0, \"high\": 6}}"}
{"op_code":5,"worker_id":"409e9c26-7311-41f4-8f6b-1024997f3c34-140162244907008","trial_id":8,"param_name":"fast_lr","param_value_internal":0.4307839109398798,"distribution":"{\"name\": \"FloatDistribution\", \"attributes\": {\"step\": null, \"low\": 0.01, \"high\": 20.0, \"log\": true}}"}
{"op_code":5,"worker_id":"409e9c26-7311-41f4-8f6b-1024997f3c34-140162244907008","trial_id":8,"param_name":"tau_sec","param_value_internal":0.0,"distribution":"{\"name\": \"FloatDistribution\", \"attributes\": {\"step\": null, \"low\": 0.0, \"high\": 0.0, \"log\": false}}"}
{"op_code":5,"worker_id":"409e9c26-7311-41f4-8f6b-1024997f3c34-140162244907008","trial_id":8,"param_name":"ab_dw_min","param_value_internal":0.0002274553947153965,"distribution":"{\"name\": \"FloatDistribution\", \"attributes\": {\"step\": null, \"low\": 6e-06, \"high\": 0.01, \"log\": true}}"}
{"op_code":5,"worker_id":"409e9c26-7311-41f4-8f6b-1024997f3c34-140162244907008","trial_id":8,"param_name":"ab_desired_bl","param_value_internal":31.0,"distribution":"{\"name\": \"IntDistribution\", \"attributes\": {\"log\": false, \"step\": 1, \"low\": 31, \"high\": 31}}"}
{"op_code":5,"worker_id":"409e9c26-7311-41f4-8f6b-1024997f3c34-140162244907008","trial_id":8,"param_name":"ab_multilevel","param_value_internal":9.0,"distribution":"{\"name\": \"IntDistribution\", \"attributes\": {\"log\": false, \"step\": 1, \"low\": 6, \"high\": 14}}"}
{"op_code":5,"worker_id":"409e9c26-7311-41f4-8f6b-1024997f3c34-140162244907008","trial_id":8,"param_name":"a_reset_std","param_value_internal":1e-30,"distribution":"{\"name\": \"FloatDistribution\", \"attributes\": {\"step\": null, \"low\": 1e-30, \"high\": 1e-30, \"log\": false}}"}
{"op_code":5,"worker_id":"409e9c26-7311-41f4-8f6b-1024997f3c34-140162244907008","trial_id":8,"param_name":"b_reset_std","param_value_internal":1e+30,"distribution":"{\"name\": \"FloatDistribution\", \"attributes\": {\"step\": null, \"low\": 1e+30, \"high\": 1e+30, \"log\": false}}"}
{"op_code":5,"worker_id":"409e9c26-7311-41f4-8f6b-1024997f3c34-140162244907008","trial_id":8,"param_name":"c_dw_min","param_value_internal":0.006257310319473055,"distribution":"{\"name\": \"FloatDistribution\", \"attributes\": {\"step\": null, \"low\": 0.001, \"high\": 0.04, \"log\": true}}"}
{"op_code":5,"worker_id":"409e9c26-7311-41f4-8f6b-1024997f3c34-140162244907008","trial_id":8,"param_name":"c_desired_bl","param_value_internal":31.0,"distribution":"{\"name\": \"IntDistribution\", \"attributes\": {\"log\": false, \"step\": 1, \"low\": 31, \"high\": 31}}"}
{"op_code":5,"worker_id":"409e9c26-7311-41f4-8f6b-1024997f3c34-140162244907008","trial_id":8,"param_name":"out_noise","param_value_internal":0.0,"distribution":"{\"name\": \"FloatDistribution\", \"attributes\": {\"step\": null, \"low\": 0.0, \"high\": 0.0, \"log\": false}}"}
{"op_code":5,"worker_id":"409e9c26-7311-41f4-8f6b-1024997f3c34-140162244907008","trial_id":8,"param_name":"ab_weight_scaling_omega","param_value_internal":0.0,"distribution":"{\"name\": \"FloatDistribution\", \"attributes\": {\"step\": null, \"low\": 0.0, \"high\": 0.0, \"log\": false}}"}
{"op_code":5,"worker_id":"409e9c26-7311-41f4-8f6b-1024997f3c34-140162244907008","trial_id":8,"param_name":"min_lr_rate","param_value_internal":0.0,"distribution":"{\"name\": \"FloatDistribution\", \"attributes\": {\"step\": null, \"low\": 0.0, \"high\": 0.0, \"log\": false}}"}
{"op_code":8,"worker_id":"409e9c26-7311-41f4-8f6b-1024997f3c34-140162244907008","trial_id":8,"user_attr":{"grad_accum_steps":2}}
{"op_code":7,"worker_id":"409e9c26-7311-41f4-8f6b-1024997f3c34-140162244907008","trial_id":8,"step":1,"intermediate_value":71.72309914171105}
{"op_code":8,"worker_id":"409e9c26-7311-41f4-8f6b-1024997f3c34-140162244907008","trial_id":8,"user_attr":{"train_loss_epoch_1":2.1859147465626507}}
{"op_code":7,"worker_id":"409e9c26-7311-41f4-8f6b-1024997f3c34-140162244907008","trial_id":8,"step":2,"intermediate_value":72.03035813802515}
{"op_code":8,"worker_id":"409e9c26-7311-41f4-8f6b-1024997f3c34-140162244907008","trial_id":8,"user_attr":{"train_loss_epoch_2":1.8260208251806544}}
{"op_code":7,"worker_id":"409e9c26-7311-41f4-8f6b-1024997f3c34-140162244907008","trial_id":8,"step":3,"intermediate_value":72.87108610518827}
{"op_code":8,"worker_id":"409e9c26-7311-41f4-8f6b-1024997f3c34-140162244907008","trial_id":8,"user_attr":{"train_loss_epoch_3":1.7938348659657308}}
{"op_code":7,"worker_id":"409e9c26-7311-41f4-8f6b-1024997f3c34-140162244907008","trial_id":8,"step":4,"intermediate_value":74.10070207818967}
{"op_code":8,"worker_id":"409e9c26-7311-41f4-8f6b-1024997f3c34-140162244907008","trial_id":8,"user_attr":{"train_loss_epoch_4":1.7509226901125992}}
{"op_code":7,"worker_id":"409e9c26-7311-41f4-8f6b-1024997f3c34-140162244907008","trial_id":8,"step":5,"intermediate_value":74.98412751157639}
{"op_code":8,"worker_id":"409e9c26-7311-41f4-8f6b-1024997f3c34-140162244907008","trial_id":8,"user_attr":{"train_loss_epoch_5":1.693441028047558}}
{"op_code":6,"worker_id":"409e9c26-7311-41f4-8f6b-1024997f3c34-140162244907008","trial_id":8,"state":1,"values":[74.98412751157639],"datetime_complete":"2026-05-17T19:50:14.848788"}
{"op_code":0,"worker_id":"501749d0-5b09-4a0a-ade1-a554508e0938-140071115116544","study_name":"bert_squad_lrtt_bs48_adam_gauss_b_zero_nowd_nomom_nonest_onehot_constantstepideal_cconstantstepideal_perfect_noos_abml_split-reset_std_qkvo_5ep","directions":[2]}
{"op_code":4,"worker_id":"501749d0-5b09-4a0a-ade1-a554508e0938-140071115116544","study_id":0,"datetime_start":"2026-05-17T19:50:25.300995"}
{"op_code":5,"worker_id":"501749d0-5b09-4a0a-ade1-a554508e0938-140071115116544","trial_id":9,"param_name":"learning_rate","param_value_internal":0.0007958227782170621,"distribution":"{\"name\": \"FloatDistribution\", \"attributes\": {\"step\": null, \"low\": 0.0001, \"high\": 0.05, \"log\": true}}"}
{"op_code":5,"worker_id":"501749d0-5b09-4a0a-ade1-a554508e0938-140071115116544","trial_id":9,"param_name":"transfer_lr","param_value_internal":12.62984689229098,"distribution":"{\"name\": \"FloatDistribution\", \"attributes\": {\"step\": null, \"low\": 0.007, \"high\": 40.0, \"log\": true}}"}
{"op_code":5,"worker_id":"501749d0-5b09-4a0a-ade1-a554508e0938-140071115116544","trial_id":9,"param_name":"transfer_every","param_value_internal":3.0,"distribution":"{\"name\": \"IntDistribution\", \"attributes\": {\"log\": true, \"step\": 1, \"low\": 1, \"high\": 1000}}"}
{"op_code":5,"worker_id":"501749d0-5b09-4a0a-ade1-a554508e0938-140071115116544","trial_id":9,"param_name":"rank_exp","param_value_internal":3.0,"distribution":"{\"name\": \"IntDistribution\", \"attributes\": {\"log\": false, \"step\": 1, \"low\": 0, \"high\": 6}}"}
{"op_code":5,"worker_id":"501749d0-5b09-4a0a-ade1-a554508e0938-140071115116544","trial_id":9,"param_name":"fast_lr","param_value_internal":10.078026877157177,"distribution":"{\"name\": \"FloatDistribution\", \"attributes\": {\"step\": null, \"low\": 0.01, \"high\": 20.0, \"log\": true}}"}
{"op_code":5,"worker_id":"501749d0-5b09-4a0a-ade1-a554508e0938-140071115116544","trial_id":9,"param_name":"tau_sec","param_value_internal":0.0,"distribution":"{\"name\": \"FloatDistribution\", \"attributes\": {\"step\": null, \"low\": 0.0, \"high\": 0.0, \"log\": false}}"}
{"op_code":5,"worker_id":"501749d0-5b09-4a0a-ade1-a554508e0938-140071115116544","trial_id":9,"param_name":"ab_dw_min","param_value_internal":0.0014456536362161775,"distribution":"{\"name\": \"FloatDistribution\", \"attributes\": {\"step\": null, \"low\": 6e-06, \"high\": 0.01, \"log\": true}}"}
{"op_code":5,"worker_id":"501749d0-5b09-4a0a-ade1-a554508e0938-140071115116544","trial_id":9,"param_name":"ab_desired_bl","param_value_internal":31.0,"distribution":"{\"name\": \"IntDistribution\", \"attributes\": {\"log\": false, \"step\": 1, \"low\": 31, \"high\": 31}}"}
{"op_code":5,"worker_id":"501749d0-5b09-4a0a-ade1-a554508e0938-140071115116544","trial_id":9,"param_name":"ab_multilevel","param_value_internal":8.0,"distribution":"{\"name\": \"IntDistribution\", \"attributes\": {\"log\": false, \"step\": 1, \"low\": 6, \"high\": 14}}"}
{"op_code":5,"worker_id":"501749d0-5b09-4a0a-ade1-a554508e0938-140071115116544","trial_id":9,"param_name":"a_reset_std","param_value_internal":1e-30,"distribution":"{\"name\": \"FloatDistribution\", \"attributes\": {\"step\": null, \"low\": 1e-30, \"high\": 1e-30, \"log\": false}}"}
{"op_code":5,"worker_id":"501749d0-5b09-4a0a-ade1-a554508e0938-140071115116544","trial_id":9,"param_name":"b_reset_std","param_value_internal":1e+30,"distribution":"{\"name\": \"FloatDistribution\", \"attributes\": {\"step\": null, \"low\": 1e+30, \"high\": 1e+30, \"log\": false}}"}
{"op_code":5,"worker_id":"501749d0-5b09-4a0a-ade1-a554508e0938-140071115116544","trial_id":9,"param_name":"c_dw_min","param_value_internal":0.0010729729312534664,"distribution":"{\"name\": \"FloatDistribution\", \"attributes\": {\"step\": null, \"low\": 0.001, \"high\": 0.04, \"log\": true}}"}
{"op_code":5,"worker_id":"501749d0-5b09-4a0a-ade1-a554508e0938-140071115116544","trial_id":9,"param_name":"c_desired_bl","param_value_internal":31.0,"distribution":"{\"name\": \"IntDistribution\", \"attributes\": {\"log\": false, \"step\": 1, \"low\": 31, \"high\": 31}}"}
{"op_code":5,"worker_id":"501749d0-5b09-4a0a-ade1-a554508e0938-140071115116544","trial_id":9,"param_name":"out_noise","param_value_internal":0.0,"distribution":"{\"name\": \"FloatDistribution\", \"attributes\": {\"step\": null, \"low\": 0.0, \"high\": 0.0, \"log\": false}}"}
{"op_code":5,"worker_id":"501749d0-5b09-4a0a-ade1-a554508e0938-140071115116544","trial_id":9,"param_name":"ab_weight_scaling_omega","param_value_internal":0.0,"distribution":"{\"name\": \"FloatDistribution\", \"attributes\": {\"step\": null, \"low\": 0.0, \"high\": 0.0, \"log\": false}}"}
{"op_code":5,"worker_id":"501749d0-5b09-4a0a-ade1-a554508e0938-140071115116544","trial_id":9,"param_name":"min_lr_rate","param_value_internal":0.0,"distribution":"{\"name\": \"FloatDistribution\", \"attributes\": {\"step\": null, \"low\": 0.0, \"high\": 0.0, \"log\": false}}"}
{"op_code":8,"worker_id":"501749d0-5b09-4a0a-ade1-a554508e0938-140071115116544","trial_id":9,"user_attr":{"grad_accum_steps":1}}
{"op_code":7,"worker_id":"501749d0-5b09-4a0a-ade1-a554508e0938-140071115116544","trial_id":9,"step":1,"intermediate_value":74.27937442065625}
{"op_code":8,"worker_id":"501749d0-5b09-4a0a-ade1-a554508e0938-140071115116544","trial_id":9,"user_attr":{"train_loss_epoch_1":2.2910173516286423}}
{"op_code":7,"worker_id":"501749d0-5b09-4a0a-ade1-a554508e0938-140071115116544","trial_id":9,"step":2,"intermediate_value":74.93674674745387}
{"op_code":8,"worker_id":"501749d0-5b09-4a0a-ade1-a554508e0938-140071115116544","trial_id":9,"user_attr":{"train_loss_epoch_2":1.7092700680420005}}
{"op_code":7,"worker_id":"501749d0-5b09-4a0a-ade1-a554508e0938-140071115116544","trial_id":9,"step":3,"intermediate_value":76.09015366701195}
{"op_code":8,"worker_id":"501749d0-5b09-4a0a-ade1-a554508e0938-140071115116544","trial_id":9,"user_attr":{"train_loss_epoch_3":1.6743504217323573}}
{"op_code":7,"worker_id":"501749d0-5b09-4a0a-ade1-a554508e0938-140071115116544","trial_id":9,"step":4,"intermediate_value":77.5214789753816}
{"op_code":8,"worker_id":"501749d0-5b09-4a0a-ade1-a554508e0938-140071115116544","trial_id":9,"user_attr":{"train_loss_epoch_4":1.622070570754488}}
{"op_code":7,"worker_id":"501749d0-5b09-4a0a-ade1-a554508e0938-140071115116544","trial_id":9,"step":5,"intermediate_value":77.92584125588715}
{"op_code":8,"worker_id":"501749d0-5b09-4a0a-ade1-a554508e0938-140071115116544","trial_id":9,"user_attr":{"train_loss_epoch_5":1.5560514976661703}}
{"op_code":6,"worker_id":"501749d0-5b09-4a0a-ade1-a554508e0938-140071115116544","trial_id":9,"state":1,"values":[77.92584125588715],"datetime_complete":"2026-05-17T23:04:09.375941"}
{"op_code":4,"worker_id":"501749d0-5b09-4a0a-ade1-a554508e0938-140071115116544","study_id":0,"datetime_start":"2026-05-17T23:04:09.377541"}
{"op_code":5,"worker_id":"501749d0-5b09-4a0a-ade1-a554508e0938-140071115116544","trial_id":10,"param_name":"learning_rate","param_value_internal":0.006304390951472147,"distribution":"{\"name\": \"FloatDistribution\", \"attributes\": {\"step\": null, \"low\": 0.0001, \"high\": 0.05, \"log\": true}}"}
{"op_code":5,"worker_id":"501749d0-5b09-4a0a-ade1-a554508e0938-140071115116544","trial_id":10,"param_name":"transfer_lr","param_value_internal":0.8227641951238088,"distribution":"{\"name\": \"FloatDistribution\", \"attributes\": {\"step\": null, \"low\": 0.007, \"high\": 40.0, \"log\": true}}"}
{"op_code":5,"worker_id":"501749d0-5b09-4a0a-ade1-a554508e0938-140071115116544","trial_id":10,"param_name":"transfer_every","param_value_internal":22.0,"distribution":"{\"name\": \"IntDistribution\", \"attributes\": {\"log\": true, \"step\": 1, \"low\": 1, \"high\": 1000}}"}
{"op_code":5,"worker_id":"501749d0-5b09-4a0a-ade1-a554508e0938-140071115116544","trial_id":10,"param_name":"rank_exp","param_value_internal":2.0,"distribution":"{\"name\": \"IntDistribution\", \"attributes\": {\"log\": false, \"step\": 1, \"low\": 0, \"high\": 6}}"}
{"op_code":5,"worker_id":"501749d0-5b09-4a0a-ade1-a554508e0938-140071115116544","trial_id":10,"param_name":"fast_lr","param_value_internal":0.3256071472476431,"distribution":"{\"name\": \"FloatDistribution\", \"attributes\": {\"step\": null, \"low\": 0.01, \"high\": 20.0, \"log\": true}}"}
{"op_code":5,"worker_id":"501749d0-5b09-4a0a-ade1-a554508e0938-140071115116544","trial_id":10,"param_name":"tau_sec","param_value_internal":0.0,"distribution":"{\"name\": \"FloatDistribution\", \"attributes\": {\"step\": null, \"low\": 0.0, \"high\": 0.0, \"log\": false}}"}
{"op_code":5,"worker_id":"501749d0-5b09-4a0a-ade1-a554508e0938-140071115116544","trial_id":10,"param_name":"ab_dw_min","param_value_internal":0.006143621604098414,"distribution":"{\"name\": \"FloatDistribution\", \"attributes\": {\"step\": null, \"low\": 6e-06, \"high\": 0.01, \"log\": true}}"}
{"op_code":5,"worker_id":"501749d0-5b09-4a0a-ade1-a554508e0938-140071115116544","trial_id":10,"param_name":"ab_desired_bl","param_value_internal":31.0,"distribution":"{\"name\": \"IntDistribution\", \"attributes\": {\"log\": false, \"step\": 1, \"low\": 31, \"high\": 31}}"}
{"op_code":5,"worker_id":"501749d0-5b09-4a0a-ade1-a554508e0938-140071115116544","trial_id":10,"param_name":"ab_multilevel","param_value_internal":10.0,"distribution":"{\"name\": \"IntDistribution\", \"attributes\": {\"log\": false, \"step\": 1, \"low\": 6, \"high\": 14}}"}
{"op_code":5,"worker_id":"501749d0-5b09-4a0a-ade1-a554508e0938-140071115116544","trial_id":10,"param_name":"a_reset_std","param_value_internal":1e-30,"distribution":"{\"name\": \"FloatDistribution\", \"attributes\": {\"step\": null, \"low\": 1e-30, \"high\": 1e-30, \"log\": false}}"}
{"op_code":5,"worker_id":"501749d0-5b09-4a0a-ade1-a554508e0938-140071115116544","trial_id":10,"param_name":"b_reset_std","param_value_internal":1e+30,"distribution":"{\"name\": \"FloatDistribution\", \"attributes\": {\"step\": null, \"low\": 1e+30, \"high\": 1e+30, \"log\": false}}"}
{"op_code":5,"worker_id":"501749d0-5b09-4a0a-ade1-a554508e0938-140071115116544","trial_id":10,"param_name":"c_dw_min","param_value_internal":0.006511768923662355,"distribution":"{\"name\": \"FloatDistribution\", \"attributes\": {\"step\": null, \"low\": 0.001, \"high\": 0.04, \"log\": true}}"}
{"op_code":5,"worker_id":"501749d0-5b09-4a0a-ade1-a554508e0938-140071115116544","trial_id":10,"param_name":"c_desired_bl","param_value_internal":31.0,"distribution":"{\"name\": \"IntDistribution\", \"attributes\": {\"log\": false, \"step\": 1, \"low\": 31, \"high\": 31}}"}
{"op_code":5,"worker_id":"501749d0-5b09-4a0a-ade1-a554508e0938-140071115116544","trial_id":10,"param_name":"out_noise","param_value_internal":0.0,"distribution":"{\"name\": \"FloatDistribution\", \"attributes\": {\"step\": null, \"low\": 0.0, \"high\": 0.0, \"log\": false}}"}
{"op_code":5,"worker_id":"501749d0-5b09-4a0a-ade1-a554508e0938-140071115116544","trial_id":10,"param_name":"ab_weight_scaling_omega","param_value_internal":0.0,"distribution":"{\"name\": \"FloatDistribution\", \"attributes\": {\"step\": null, \"low\": 0.0, \"high\": 0.0, \"log\": false}}"}
{"op_code":5,"worker_id":"501749d0-5b09-4a0a-ade1-a554508e0938-140071115116544","trial_id":10,"param_name":"min_lr_rate","param_value_internal":0.0,"distribution":"{\"name\": \"FloatDistribution\", \"attributes\": {\"step\": null, \"low\": 0.0, \"high\": 0.0, \"log\": false}}"}
{"op_code":8,"worker_id":"501749d0-5b09-4a0a-ade1-a554508e0938-140071115116544","trial_id":10,"user_attr":{"grad_accum_steps":1}}
{"op_code":8,"worker_id":"501749d0-5b09-4a0a-ade1-a554508e0938-140071115116544","trial_id":10,"user_attr":{"error":"NVML_SUCCESS == r INTERNAL ASSERT FAILED at \"../c10/cuda/CUDACachingAllocator.cpp\":844, please report a bug to PyTorch. "}}
{"op_code":6,"worker_id":"501749d0-5b09-4a0a-ade1-a554508e0938-140071115116544","trial_id":10,"state":3,"values":null,"datetime_complete":"2026-05-17T23:04:27.502787"}
{"op_code":0,"worker_id":"6861f6db-7297-4d46-b7a0-1399b10f80f0-140374386774016","study_name":"bert_squad_lrtt_bs48_adam_gauss_b_zero_nowd_nomom_nonest_onehot_constantstepideal_cconstantstepideal_perfect_noos_abml_split-reset_std_qkvo_5ep","directions":[2]}
{"op_code":4,"worker_id":"6861f6db-7297-4d46-b7a0-1399b10f80f0-140374386774016","study_id":0,"datetime_start":null,"state":4,"value":null,"values":null,"distributions":{},"params":{},"user_attrs":{},"system_attrs":{"fixed_params":{"learning_rate":0.006304390951472147,"transfer_lr":0.8227641951238088,"transfer_every":22,"rank_exp":2,"fast_lr":0.3256071472476431,"tau_sec":0.0,"ab_dw_min":0.006143621604098414,"ab_desired_bl":31,"ab_multilevel":10,"a_reset_std":1e-30,"b_reset_std":1e+30,"c_dw_min":0.006511768923662355,"c_desired_bl":31,"out_noise":0.0,"ab_weight_scaling_omega":0.0,"min_lr_rate":0.0}},"intermediate_values":{}}
{"op_code":6,"worker_id":"6861f6db-7297-4d46-b7a0-1399b10f80f0-140374386774016","trial_id":11,"state":0,"values":null,"datetime_start":"2026-05-17T23:04:46.440979"}
{"op_code":5,"worker_id":"6861f6db-7297-4d46-b7a0-1399b10f80f0-140374386774016","trial_id":11,"param_name":"learning_rate","param_value_internal":0.006304390951472147,"distribution":"{\"name\": \"FloatDistribution\", \"attributes\": {\"step\": null, \"low\": 0.0001, \"high\": 0.05, \"log\": true}}"}
{"op_code":5,"worker_id":"6861f6db-7297-4d46-b7a0-1399b10f80f0-140374386774016","trial_id":11,"param_name":"transfer_lr","param_value_internal":0.8227641951238088,"distribution":"{\"name\": \"FloatDistribution\", \"attributes\": {\"step\": null, \"low\": 0.007, \"high\": 40.0, \"log\": true}}"}
{"op_code":5,"worker_id":"6861f6db-7297-4d46-b7a0-1399b10f80f0-140374386774016","trial_id":11,"param_name":"transfer_every","param_value_internal":22.0,"distribution":"{\"name\": \"IntDistribution\", \"attributes\": {\"log\": true, \"step\": 1, \"low\": 1, \"high\": 1000}}"}
{"op_code":5,"worker_id":"6861f6db-7297-4d46-b7a0-1399b10f80f0-140374386774016","trial_id":11,"param_name":"rank_exp","param_value_internal":2.0,"distribution":"{\"name\": \"IntDistribution\", \"attributes\": {\"log\": false, \"step\": 1, \"low\": 0, \"high\": 6}}"}
{"op_code":5,"worker_id":"6861f6db-7297-4d46-b7a0-1399b10f80f0-140374386774016","trial_id":11,"param_name":"fast_lr","param_value_internal":0.3256071472476431,"distribution":"{\"name\": \"FloatDistribution\", \"attributes\": {\"step\": null, \"low\": 0.01, \"high\": 20.0, \"log\": true}}"}
{"op_code":5,"worker_id":"6861f6db-7297-4d46-b7a0-1399b10f80f0-140374386774016","trial_id":11,"param_name":"tau_sec","param_value_internal":0.0,"distribution":"{\"name\": \"FloatDistribution\", \"attributes\": {\"step\": null, \"low\": 0.0, \"high\": 0.0, \"log\": false}}"}
{"op_code":5,"worker_id":"6861f6db-7297-4d46-b7a0-1399b10f80f0-140374386774016","trial_id":11,"param_name":"ab_dw_min","param_value_internal":0.006143621604098414,"distribution":"{\"name\": \"FloatDistribution\", \"attributes\": {\"step\": null, \"low\": 6e-06, \"high\": 0.01, \"log\": true}}"}
{"op_code":5,"worker_id":"6861f6db-7297-4d46-b7a0-1399b10f80f0-140374386774016","trial_id":11,"param_name":"ab_desired_bl","param_value_internal":31.0,"distribution":"{\"name\": \"IntDistribution\", \"attributes\": {\"log\": false, \"step\": 1, \"low\": 31, \"high\": 31}}"}
{"op_code":5,"worker_id":"6861f6db-7297-4d46-b7a0-1399b10f80f0-140374386774016","trial_id":11,"param_name":"ab_multilevel","param_value_internal":10.0,"distribution":"{\"name\": \"IntDistribution\", \"attributes\": {\"log\": false, \"step\": 1, \"low\": 6, \"high\": 14}}"}
{"op_code":5,"worker_id":"6861f6db-7297-4d46-b7a0-1399b10f80f0-140374386774016","trial_id":11,"param_name":"a_reset_std","param_value_internal":1e-30,"distribution":"{\"name\": \"FloatDistribution\", \"attributes\": {\"step\": null, \"low\": 1e-30, \"high\": 1e-30, \"log\": false}}"}
{"op_code":5,"worker_id":"6861f6db-7297-4d46-b7a0-1399b10f80f0-140374386774016","trial_id":11,"param_name":"b_reset_std","param_value_internal":1e+30,"distribution":"{\"name\": \"FloatDistribution\", \"attributes\": {\"step\": null, \"low\": 1e+30, \"high\": 1e+30, \"log\": false}}"}
{"op_code":5,"worker_id":"6861f6db-7297-4d46-b7a0-1399b10f80f0-140374386774016","trial_id":11,"param_name":"c_dw_min","param_value_internal":0.006511768923662355,"distribution":"{\"name\": \"FloatDistribution\", \"attributes\": {\"step\": null, \"low\": 0.001, \"high\": 0.04, \"log\": true}}"}
{"op_code":5,"worker_id":"6861f6db-7297-4d46-b7a0-1399b10f80f0-140374386774016","trial_id":11,"param_name":"c_desired_bl","param_value_internal":31.0,"distribution":"{\"name\": \"IntDistribution\", \"attributes\": {\"log\": false, \"step\": 1, \"low\": 31, \"high\": 31}}"}
{"op_code":5,"worker_id":"6861f6db-7297-4d46-b7a0-1399b10f80f0-140374386774016","trial_id":11,"param_name":"out_noise","param_value_internal":0.0,"distribution":"{\"name\": \"FloatDistribution\", \"attributes\": {\"step\": null, \"low\": 0.0, \"high\": 0.0, \"log\": false}}"}
{"op_code":5,"worker_id":"6861f6db-7297-4d46-b7a0-1399b10f80f0-140374386774016","trial_id":11,"param_name":"ab_weight_scaling_omega","param_value_internal":0.0,"distribution":"{\"name\": \"FloatDistribution\", \"attributes\": {\"step\": null, \"low\": 0.0, \"high\": 0.0, \"log\": false}}"}
{"op_code":5,"worker_id":"6861f6db-7297-4d46-b7a0-1399b10f80f0-140374386774016","trial_id":11,"param_name":"min_lr_rate","param_value_internal":0.0,"distribution":"{\"name\": \"FloatDistribution\", \"attributes\": {\"step\": null, \"low\": 0.0, \"high\": 0.0, \"log\": false}}"}
{"op_code":8,"worker_id":"6861f6db-7297-4d46-b7a0-1399b10f80f0-140374386774016","trial_id":11,"user_attr":{"grad_accum_steps":2}}
{"op_code":7,"worker_id":"6861f6db-7297-4d46-b7a0-1399b10f80f0-140374386774016","trial_id":11,"step":1,"intermediate_value":5.44479259849259}
{"op_code":8,"worker_id":"6861f6db-7297-4d46-b7a0-1399b10f80f0-140374386774016","trial_id":11,"user_attr":{"train_loss_epoch_1":5.587175008371032}}
{"op_code":7,"worker_id":"6861f6db-7297-4d46-b7a0-1399b10f80f0-140374386774016","trial_id":11,"step":2,"intermediate_value":5.44479259849259}
{"op_code":8,"worker_id":"6861f6db-7297-4d46-b7a0-1399b10f80f0-140374386774016","trial_id":11,"user_attr":{"train_loss_epoch_2":5.77273758435579}}
{"op_code":6,"worker_id":"6861f6db-7297-4d46-b7a0-1399b10f80f0-140374386774016","trial_id":11,"state":1,"values":[5.44479259849259],"datetime_complete":"2026-05-18T00:15:31.050357"}
{"op_code":0,"worker_id":"25872c28-f220-4e47-a5ce-5f8efe55004b-139958852952064","study_name":"bert_squad_lrtt_bs48_adam_gauss_b_zero_nowd_nomom_nonest_onehot_constantstepideal_cconstantstepideal_perfect_noos_abml_split-reset_std_qkvo_5ep","directions":[2]}
{"op_code":4,"worker_id":"25872c28-f220-4e47-a5ce-5f8efe55004b-139958852952064","study_id":0,"datetime_start":"2026-05-18T00:15:41.203289"}
{"op_code":5,"worker_id":"25872c28-f220-4e47-a5ce-5f8efe55004b-139958852952064","trial_id":12,"param_name":"learning_rate","param_value_internal":0.001123237468938401,"distribution":"{\"name\": \"FloatDistribution\", \"attributes\": {\"step\": null, \"low\": 0.0001, \"high\": 0.05, \"log\": true}}"}
{"op_code":5,"worker_id":"25872c28-f220-4e47-a5ce-5f8efe55004b-139958852952064","trial_id":12,"param_name":"transfer_lr","param_value_internal":29.966997674151873,"distribution":"{\"name\": \"FloatDistribution\", \"attributes\": {\"step\": null, \"low\": 0.007, \"high\": 40.0, \"log\": true}}"}
{"op_code":5,"worker_id":"25872c28-f220-4e47-a5ce-5f8efe55004b-139958852952064","trial_id":12,"param_name":"transfer_every","param_value_internal":5.0,"distribution":"{\"name\": \"IntDistribution\", \"attributes\": {\"log\": true, \"step\": 1, \"low\": 1, \"high\": 1000}}"}
{"op_code":5,"worker_id":"25872c28-f220-4e47-a5ce-5f8efe55004b-139958852952064","trial_id":12,"param_name":"rank_exp","param_value_internal":6.0,"distribution":"{\"name\": \"IntDistribution\", \"attributes\": {\"log\": false, \"step\": 1, \"low\": 0, \"high\": 6}}"}
{"op_code":5,"worker_id":"25872c28-f220-4e47-a5ce-5f8efe55004b-139958852952064","trial_id":12,"param_name":"fast_lr","param_value_internal":0.024933939904598124,"distribution":"{\"name\": \"FloatDistribution\", \"attributes\": {\"step\": null, \"low\": 0.01, \"high\": 20.0, \"log\": true}}"}
{"op_code":5,"worker_id":"25872c28-f220-4e47-a5ce-5f8efe55004b-139958852952064","trial_id":12,"param_name":"tau_sec","param_value_internal":0.0,"distribution":"{\"name\": \"FloatDistribution\", \"attributes\": {\"step\": null, \"low\": 0.0, \"high\": 0.0, \"log\": false}}"}
{"op_code":5,"worker_id":"25872c28-f220-4e47-a5ce-5f8efe55004b-139958852952064","trial_id":12,"param_name":"ab_dw_min","param_value_internal":0.0041142560004678395,"distribution":"{\"name\": \"FloatDistribution\", \"attributes\": {\"step\": null, \"low\": 6e-06, \"high\": 0.01, \"log\": true}}"}
{"op_code":5,"worker_id":"25872c28-f220-4e47-a5ce-5f8efe55004b-139958852952064","trial_id":12,"param_name":"ab_desired_bl","param_value_internal":31.0,"distribution":"{\"name\": \"IntDistribution\", \"attributes\": {\"log\": false, \"step\": 1, \"low\": 31, \"high\": 31}}"}
{"op_code":5,"worker_id":"25872c28-f220-4e47-a5ce-5f8efe55004b-139958852952064","trial_id":12,"param_name":"ab_multilevel","param_value_internal":6.0,"distribution":"{\"name\": \"IntDistribution\", \"attributes\": {\"log\": false, \"step\": 1, \"low\": 6, \"high\": 14}}"}
{"op_code":5,"worker_id":"25872c28-f220-4e47-a5ce-5f8efe55004b-139958852952064","trial_id":12,"param_name":"a_reset_std","param_value_internal":1e-30,"distribution":"{\"name\": \"FloatDistribution\", \"attributes\": {\"step\": null, \"low\": 1e-30, \"high\": 1e-30, \"log\": false}}"}
{"op_code":5,"worker_id":"25872c28-f220-4e47-a5ce-5f8efe55004b-139958852952064","trial_id":12,"param_name":"b_reset_std","param_value_internal":1e+30,"distribution":"{\"name\": \"FloatDistribution\", \"attributes\": {\"step\": null, \"low\": 1e+30, \"high\": 1e+30, \"log\": false}}"}
{"op_code":5,"worker_id":"25872c28-f220-4e47-a5ce-5f8efe55004b-139958852952064","trial_id":12,"param_name":"c_dw_min","param_value_internal":0.004445971457421798,"distribution":"{\"name\": \"FloatDistribution\", \"attributes\": {\"step\": null, \"low\": 0.001, \"high\": 0.04, \"log\": true}}"}
{"op_code":5,"worker_id":"25872c28-f220-4e47-a5ce-5f8efe55004b-139958852952064","trial_id":12,"param_name":"c_desired_bl","param_value_internal":31.0,"distribution":"{\"name\": \"IntDistribution\", \"attributes\": {\"log\": false, \"step\": 1, \"low\": 31, \"high\": 31}}"}
{"op_code":5,"worker_id":"25872c28-f220-4e47-a5ce-5f8efe55004b-139958852952064","trial_id":12,"param_name":"out_noise","param_value_internal":0.0,"distribution":"{\"name\": \"FloatDistribution\", \"attributes\": {\"step\": null, \"low\": 0.0, \"high\": 0.0, \"log\": false}}"}
{"op_code":5,"worker_id":"25872c28-f220-4e47-a5ce-5f8efe55004b-139958852952064","trial_id":12,"param_name":"ab_weight_scaling_omega","param_value_internal":0.0,"distribution":"{\"name\": \"FloatDistribution\", \"attributes\": {\"step\": null, \"low\": 0.0, \"high\": 0.0, \"log\": false}}"}
{"op_code":5,"worker_id":"25872c28-f220-4e47-a5ce-5f8efe55004b-139958852952064","trial_id":12,"param_name":"min_lr_rate","param_value_internal":0.0,"distribution":"{\"name\": \"FloatDistribution\", \"attributes\": {\"step\": null, \"low\": 0.0, \"high\": 0.0, \"log\": false}}"}
{"op_code":8,"worker_id":"25872c28-f220-4e47-a5ce-5f8efe55004b-139958852952064","trial_id":12,"user_attr":{"grad_accum_steps":1}}
{"op_code":7,"worker_id":"25872c28-f220-4e47-a5ce-5f8efe55004b-139958852952064","trial_id":12,"step":1,"intermediate_value":68.7229575758539}
{"op_code":8,"worker_id":"25872c28-f220-4e47-a5ce-5f8efe55004b-139958852952064","trial_id":12,"user_attr":{"train_loss_epoch_1":2.5093061522093567}}
{"op_code":7,"worker_id":"25872c28-f220-4e47-a5ce-5f8efe55004b-139958852952064","trial_id":12,"step":2,"intermediate_value":68.7229575758539}
{"op_code":8,"worker_id":"25872c28-f220-4e47-a5ce-5f8efe55004b-139958852952064","trial_id":12,"user_attr":{"train_loss_epoch_2":2.1287225175356155}}
{"op_code":7,"worker_id":"25872c28-f220-4e47-a5ce-5f8efe55004b-139958852952064","trial_id":12,"step":3,"intermediate_value":68.7229575758539}
{"op_code":8,"worker_id":"25872c28-f220-4e47-a5ce-5f8efe55004b-139958852952064","trial_id":12,"user_attr":{"train_loss_epoch_3":2.4226910918062616}}
{"op_code":6,"worker_id":"25872c28-f220-4e47-a5ce-5f8efe55004b-139958852952064","trial_id":12,"state":1,"values":[68.7229575758539],"datetime_complete":"2026-05-18T02:17:00.547583"}
{"op_code":4,"worker_id":"25872c28-f220-4e47-a5ce-5f8efe55004b-139958852952064","study_id":0,"datetime_start":"2026-05-18T02:17:00.549080"}
{"op_code":5,"worker_id":"25872c28-f220-4e47-a5ce-5f8efe55004b-139958852952064","trial_id":13,"param_name":"learning_rate","param_value_internal":0.039834989867805204,"distribution":"{\"name\": \"FloatDistribution\", \"attributes\": {\"step\": null, \"low\": 0.0001, \"high\": 0.05, \"log\": true}}"}
{"op_code":5,"worker_id":"25872c28-f220-4e47-a5ce-5f8efe55004b-139958852952064","trial_id":13,"param_name":"transfer_lr","param_value_internal":0.1750262121231899,"distribution":"{\"name\": \"FloatDistribution\", \"attributes\": {\"step\": null, \"low\": 0.007, \"high\": 40.0, \"log\": true}}"}
{"op_code":5,"worker_id":"25872c28-f220-4e47-a5ce-5f8efe55004b-139958852952064","trial_id":13,"param_name":"transfer_every","param_value_internal":153.0,"distribution":"{\"name\": \"IntDistribution\", \"attributes\": {\"log\": true, \"step\": 1, \"low\": 1, \"high\": 1000}}"}
{"op_code":5,"worker_id":"25872c28-f220-4e47-a5ce-5f8efe55004b-139958852952064","trial_id":13,"param_name":"rank_exp","param_value_internal":3.0,"distribution":"{\"name\": \"IntDistribution\", \"attributes\": {\"log\": false, \"step\": 1, \"low\": 0, \"high\": 6}}"}
{"op_code":5,"worker_id":"25872c28-f220-4e47-a5ce-5f8efe55004b-139958852952064","trial_id":13,"param_name":"fast_lr","param_value_internal":0.35788711873869306,"distribution":"{\"name\": \"FloatDistribution\", \"attributes\": {\"step\": null, \"low\": 0.01, \"high\": 20.0, \"log\": true}}"}
{"op_code":5,"worker_id":"25872c28-f220-4e47-a5ce-5f8efe55004b-139958852952064","trial_id":13,"param_name":"tau_sec","param_value_internal":0.0,"distribution":"{\"name\": \"FloatDistribution\", \"attributes\": {\"step\": null, \"low\": 0.0, \"high\": 0.0, \"log\": false}}"}
{"op_code":5,"worker_id":"25872c28-f220-4e47-a5ce-5f8efe55004b-139958852952064","trial_id":13,"param_name":"ab_dw_min","param_value_internal":0.009761000416125902,"distribution":"{\"name\": \"FloatDistribution\", \"attributes\": {\"step\": null, \"low\": 6e-06, \"high\": 0.01, \"log\": true}}"}
{"op_code":5,"worker_id":"25872c28-f220-4e47-a5ce-5f8efe55004b-139958852952064","trial_id":13,"param_name":"ab_desired_bl","param_value_internal":31.0,"distribution":"{\"name\": \"IntDistribution\", \"attributes\": {\"log\": false, \"step\": 1, \"low\": 31, \"high\": 31}}"}
{"op_code":5,"worker_id":"25872c28-f220-4e47-a5ce-5f8efe55004b-139958852952064","trial_id":13,"param_name":"ab_multilevel","param_value_internal":11.0,"distribution":"{\"name\": \"IntDistribution\", \"attributes\": {\"log\": false, \"step\": 1, \"low\": 6, \"high\": 14}}"}
{"op_code":5,"worker_id":"25872c28-f220-4e47-a5ce-5f8efe55004b-139958852952064","trial_id":13,"param_name":"a_reset_std","param_value_internal":1e-30,"distribution":"{\"name\": \"FloatDistribution\", \"attributes\": {\"step\": null, \"low\": 1e-30, \"high\": 1e-30, \"log\": false}}"}
{"op_code":5,"worker_id":"25872c28-f220-4e47-a5ce-5f8efe55004b-139958852952064","trial_id":13,"param_name":"b_reset_std","param_value_internal":1e+30,"distribution":"{\"name\": \"FloatDistribution\", \"attributes\": {\"step\": null, \"low\": 1e+30, \"high\": 1e+30, \"log\": false}}"}
{"op_code":5,"worker_id":"25872c28-f220-4e47-a5ce-5f8efe55004b-139958852952064","trial_id":13,"param_name":"c_dw_min","param_value_internal":0.0013397302810885642,"distribution":"{\"name\": \"FloatDistribution\", \"attributes\": {\"step\": null, \"low\": 0.001, \"high\": 0.04, \"log\": true}}"}
{"op_code":5,"worker_id":"25872c28-f220-4e47-a5ce-5f8efe55004b-139958852952064","trial_id":13,"param_name":"c_desired_bl","param_value_internal":31.0,"distribution":"{\"name\": \"IntDistribution\", \"attributes\": {\"log\": false, \"step\": 1, \"low\": 31, \"high\": 31}}"}
{"op_code":5,"worker_id":"25872c28-f220-4e47-a5ce-5f8efe55004b-139958852952064","trial_id":13,"param_name":"out_noise","param_value_internal":0.0,"distribution":"{\"name\": \"FloatDistribution\", \"attributes\": {\"step\": null, \"low\": 0.0, \"high\": 0.0, \"log\": false}}"}
{"op_code":5,"worker_id":"25872c28-f220-4e47-a5ce-5f8efe55004b-139958852952064","trial_id":13,"param_name":"ab_weight_scaling_omega","param_value_internal":0.0,"distribution":"{\"name\": \"FloatDistribution\", \"attributes\": {\"step\": null, \"low\": 0.0, \"high\": 0.0, \"log\": false}}"}
{"op_code":5,"worker_id":"25872c28-f220-4e47-a5ce-5f8efe55004b-139958852952064","trial_id":13,"param_name":"min_lr_rate","param_value_internal":0.0,"distribution":"{\"name\": \"FloatDistribution\", \"attributes\": {\"step\": null, \"low\": 0.0, \"high\": 0.0, \"log\": false}}"}
{"op_code":8,"worker_id":"25872c28-f220-4e47-a5ce-5f8efe55004b-139958852952064","trial_id":13,"user_attr":{"grad_accum_steps":1}}
{"op_code":8,"worker_id":"25872c28-f220-4e47-a5ce-5f8efe55004b-139958852952064","trial_id":13,"user_attr":{"error":"NVML_SUCCESS == r INTERNAL ASSERT FAILED at \"../c10/cuda/CUDACachingAllocator.cpp\":844, please report a bug to PyTorch. "}}
{"op_code":6,"worker_id":"25872c28-f220-4e47-a5ce-5f8efe55004b-139958852952064","trial_id":13,"state":3,"values":null,"datetime_complete":"2026-05-18T02:17:12.096199"}
{"op_code":0,"worker_id":"7c8472ae-6d0e-4670-ab47-49e0a4684291-139908275929088","study_name":"bert_squad_lrtt_bs48_adam_gauss_b_zero_nowd_nomom_nonest_onehot_constantstepideal_cconstantstepideal_perfect_noos_abml_split-reset_std_qkvo_5ep","directions":[2]}
{"op_code":4,"worker_id":"7c8472ae-6d0e-4670-ab47-49e0a4684291-139908275929088","study_id":0,"datetime_start":null,"state":4,"value":null,"values":null,"distributions":{},"params":{},"user_attrs":{},"system_attrs":{"fixed_params":{"learning_rate":0.039834989867805204,"transfer_lr":0.1750262121231899,"transfer_every":153,"rank_exp":3,"fast_lr":0.35788711873869306,"tau_sec":0.0,"ab_dw_min":0.009761000416125902,"ab_desired_bl":31,"ab_multilevel":11,"a_reset_std":1e-30,"b_reset_std":1e+30,"c_dw_min":0.0013397302810885642,"c_desired_bl":31,"out_noise":0.0,"ab_weight_scaling_omega":0.0,"min_lr_rate":0.0}},"intermediate_values":{}}
{"op_code":6,"worker_id":"7c8472ae-6d0e-4670-ab47-49e0a4684291-139908275929088","trial_id":14,"state":0,"values":null,"datetime_start":"2026-05-18T02:17:22.349000"}
{"op_code":5,"worker_id":"7c8472ae-6d0e-4670-ab47-49e0a4684291-139908275929088","trial_id":14,"param_name":"learning_rate","param_value_internal":0.039834989867805204,"distribution":"{\"name\": \"FloatDistribution\", \"attributes\": {\"step\": null, \"low\": 0.0001, \"high\": 0.05, \"log\": true}}"}
{"op_code":5,"worker_id":"7c8472ae-6d0e-4670-ab47-49e0a4684291-139908275929088","trial_id":14,"param_name":"transfer_lr","param_value_internal":0.1750262121231899,"distribution":"{\"name\": \"FloatDistribution\", \"attributes\": {\"step\": null, \"low\": 0.007, \"high\": 40.0, \"log\": true}}"}
{"op_code":5,"worker_id":"7c8472ae-6d0e-4670-ab47-49e0a4684291-139908275929088","trial_id":14,"param_name":"transfer_every","param_value_internal":153.0,"distribution":"{\"name\": \"IntDistribution\", \"attributes\": {\"log\": true, \"step\": 1, \"low\": 1, \"high\": 1000}}"}
{"op_code":5,"worker_id":"7c8472ae-6d0e-4670-ab47-49e0a4684291-139908275929088","trial_id":14,"param_name":"rank_exp","param_value_internal":3.0,"distribution":"{\"name\": \"IntDistribution\", \"attributes\": {\"log\": false, \"step\": 1, \"low\": 0, \"high\": 6}}"}
{"op_code":5,"worker_id":"7c8472ae-6d0e-4670-ab47-49e0a4684291-139908275929088","trial_id":14,"param_name":"fast_lr","param_value_internal":0.35788711873869306,"distribution":"{\"name\": \"FloatDistribution\", \"attributes\": {\"step\": null, \"low\": 0.01, \"high\": 20.0, \"log\": true}}"}
{"op_code":5,"worker_id":"7c8472ae-6d0e-4670-ab47-49e0a4684291-139908275929088","trial_id":14,"param_name":"tau_sec","param_value_internal":0.0,"distribution":"{\"name\": \"FloatDistribution\", \"attributes\": {\"step\": null, \"low\": 0.0, \"high\": 0.0, \"log\": false}}"}
{"op_code":5,"worker_id":"7c8472ae-6d0e-4670-ab47-49e0a4684291-139908275929088","trial_id":14,"param_name":"ab_dw_min","param_value_internal":0.009761000416125902,"distribution":"{\"name\": \"FloatDistribution\", \"attributes\": {\"step\": null, \"low\": 6e-06, \"high\": 0.01, \"log\": true}}"}
{"op_code":5,"worker_id":"7c8472ae-6d0e-4670-ab47-49e0a4684291-139908275929088","trial_id":14,"param_name":"ab_desired_bl","param_value_internal":31.0,"distribution":"{\"name\": \"IntDistribution\", \"attributes\": {\"log\": false, \"step\": 1, \"low\": 31, \"high\": 31}}"}
{"op_code":5,"worker_id":"7c8472ae-6d0e-4670-ab47-49e0a4684291-139908275929088","trial_id":14,"param_name":"ab_multilevel","param_value_internal":11.0,"distribution":"{\"name\": \"IntDistribution\", \"attributes\": {\"log\": false, \"step\": 1, \"low\": 6, \"high\": 14}}"}
{"op_code":5,"worker_id":"7c8472ae-6d0e-4670-ab47-49e0a4684291-139908275929088","trial_id":14,"param_name":"a_reset_std","param_value_internal":1e-30,"distribution":"{\"name\": \"FloatDistribution\", \"attributes\": {\"step\": null, \"low\": 1e-30, \"high\": 1e-30, \"log\": false}}"}
{"op_code":5,"worker_id":"7c8472ae-6d0e-4670-ab47-49e0a4684291-139908275929088","trial_id":14,"param_name":"b_reset_std","param_value_internal":1e+30,"distribution":"{\"name\": \"FloatDistribution\", \"attributes\": {\"step\": null, \"low\": 1e+30, \"high\": 1e+30, \"log\": false}}"}
{"op_code":5,"worker_id":"7c8472ae-6d0e-4670-ab47-49e0a4684291-139908275929088","trial_id":14,"param_name":"c_dw_min","param_value_internal":0.0013397302810885642,"distribution":"{\"name\": \"FloatDistribution\", \"attributes\": {\"step\": null, \"low\": 0.001, \"high\": 0.04, \"log\": true}}"}
{"op_code":5,"worker_id":"7c8472ae-6d0e-4670-ab47-49e0a4684291-139908275929088","trial_id":14,"param_name":"c_desired_bl","param_value_internal":31.0,"distribution":"{\"name\": \"IntDistribution\", \"attributes\": {\"log\": false, \"step\": 1, \"low\": 31, \"high\": 31}}"}
{"op_code":5,"worker_id":"7c8472ae-6d0e-4670-ab47-49e0a4684291-139908275929088","trial_id":14,"param_name":"out_noise","param_value_internal":0.0,"distribution":"{\"name\": \"FloatDistribution\", \"attributes\": {\"step\": null, \"low\": 0.0, \"high\": 0.0, \"log\": false}}"}
{"op_code":5,"worker_id":"7c8472ae-6d0e-4670-ab47-49e0a4684291-139908275929088","trial_id":14,"param_name":"ab_weight_scaling_omega","param_value_internal":0.0,"distribution":"{\"name\": \"FloatDistribution\", \"attributes\": {\"step\": null, \"low\": 0.0, \"high\": 0.0, \"log\": false}}"}
{"op_code":5,"worker_id":"7c8472ae-6d0e-4670-ab47-49e0a4684291-139908275929088","trial_id":14,"param_name":"min_lr_rate","param_value_internal":0.0,"distribution":"{\"name\": \"FloatDistribution\", \"attributes\": {\"step\": null, \"low\": 0.0, \"high\": 0.0, \"log\": false}}"}
{"op_code":8,"worker_id":"7c8472ae-6d0e-4670-ab47-49e0a4684291-139908275929088","trial_id":14,"user_attr":{"grad_accum_steps":2}}
{"op_code":7,"worker_id":"7c8472ae-6d0e-4670-ab47-49e0a4684291-139908275929088","trial_id":14,"step":1,"intermediate_value":9.048830415628725}
{"op_code":8,"worker_id":"7c8472ae-6d0e-4670-ab47-49e0a4684291-139908275929088","trial_id":14,"user_attr":{"train_loss_epoch_1":4.445103536359208}}
{"op_code":7,"worker_id":"7c8472ae-6d0e-4670-ab47-49e0a4684291-139908275929088","trial_id":14,"step":2,"intermediate_value":9.06602627822484}
{"op_code":8,"worker_id":"7c8472ae-6d0e-4670-ab47-49e0a4684291-139908275929088","trial_id":14,"user_attr":{"train_loss_epoch_2":4.715645546834299}}
{"op_code":6,"worker_id":"7c8472ae-6d0e-4670-ab47-49e0a4684291-139908275929088","trial_id":14,"state":1,"values":[9.06602627822484],"datetime_complete":"2026-05-18T03:28:34.033467"}
{"op_code":0,"worker_id":"24698932-59a4-4e40-ac32-e68de571214e-140473588568064","study_name":"bert_squad_lrtt_bs48_adam_gauss_b_zero_nowd_nomom_nonest_onehot_constantstepideal_cconstantstepideal_perfect_noos_abml_split-reset_std_qkvo_5ep","directions":[2]}
{"op_code":4,"worker_id":"24698932-59a4-4e40-ac32-e68de571214e-140473588568064","study_id":0,"datetime_start":"2026-05-18T03:28:44.309845"}
{"op_code":5,"worker_id":"24698932-59a4-4e40-ac32-e68de571214e-140473588568064","trial_id":15,"param_name":"learning_rate","param_value_internal":0.0001055804237316947,"distribution":"{\"name\": \"FloatDistribution\", \"attributes\": {\"step\": null, \"low\": 0.0001, \"high\": 0.05, \"log\": true}}"}
{"op_code":5,"worker_id":"24698932-59a4-4e40-ac32-e68de571214e-140473588568064","trial_id":15,"param_name":"transfer_lr","param_value_internal":0.0619589903530364,"distribution":"{\"name\": \"FloatDistribution\", \"attributes\": {\"step\": null, \"low\": 0.007, \"high\": 40.0, \"log\": true}}"}
{"op_code":5,"worker_id":"24698932-59a4-4e40-ac32-e68de571214e-140473588568064","trial_id":15,"param_name":"transfer_every","param_value_internal":24.0,"distribution":"{\"name\": \"IntDistribution\", \"attributes\": {\"log\": true, \"step\": 1, \"low\": 1, \"high\": 1000}}"}
{"op_code":5,"worker_id":"24698932-59a4-4e40-ac32-e68de571214e-140473588568064","trial_id":15,"param_name":"rank_exp","param_value_internal":6.0,"distribution":"{\"name\": \"IntDistribution\", \"attributes\": {\"log\": false, \"step\": 1, \"low\": 0, \"high\": 6}}"}
{"op_code":5,"worker_id":"24698932-59a4-4e40-ac32-e68de571214e-140473588568064","trial_id":15,"param_name":"fast_lr","param_value_internal":0.7919941337106349,"distribution":"{\"name\": \"FloatDistribution\", \"attributes\": {\"step\": null, \"low\": 0.01, \"high\": 20.0, \"log\": true}}"}
{"op_code":5,"worker_id":"24698932-59a4-4e40-ac32-e68de571214e-140473588568064","trial_id":15,"param_name":"tau_sec","param_value_internal":0.0,"distribution":"{\"name\": \"FloatDistribution\", \"attributes\": {\"step\": null, \"low\": 0.0, \"high\": 0.0, \"log\": false}}"}
{"op_code":5,"worker_id":"24698932-59a4-4e40-ac32-e68de571214e-140473588568064","trial_id":15,"param_name":"ab_dw_min","param_value_internal":0.00015275928321600908,"distribution":"{\"name\": \"FloatDistribution\", \"attributes\": {\"step\": null, \"low\": 6e-06, \"high\": 0.01, \"log\": true}}"}
{"op_code":5,"worker_id":"24698932-59a4-4e40-ac32-e68de571214e-140473588568064","trial_id":15,"param_name":"ab_desired_bl","param_value_internal":31.0,"distribution":"{\"name\": \"IntDistribution\", \"attributes\": {\"log\": false, \"step\": 1, \"low\": 31, \"high\": 31}}"}
{"op_code":5,"worker_id":"24698932-59a4-4e40-ac32-e68de571214e-140473588568064","trial_id":15,"param_name":"ab_multilevel","param_value_internal":8.0,"distribution":"{\"name\": \"IntDistribution\", \"attributes\": {\"log\": false, \"step\": 1, \"low\": 6, \"high\": 14}}"}
{"op_code":5,"worker_id":"24698932-59a4-4e40-ac32-e68de571214e-140473588568064","trial_id":15,"param_name":"a_reset_std","param_value_internal":1e-30,"distribution":"{\"name\": \"FloatDistribution\", \"attributes\": {\"step\": null, \"low\": 1e-30, \"high\": 1e-30, \"log\": false}}"}
{"op_code":5,"worker_id":"24698932-59a4-4e40-ac32-e68de571214e-140473588568064","trial_id":15,"param_name":"b_reset_std","param_value_internal":1e+30,"distribution":"{\"name\": \"FloatDistribution\", \"attributes\": {\"step\": null, \"low\": 1e+30, \"high\": 1e+30, \"log\": false}}"}
{"op_code":5,"worker_id":"24698932-59a4-4e40-ac32-e68de571214e-140473588568064","trial_id":15,"param_name":"c_dw_min","param_value_internal":0.00761101378113532,"distribution":"{\"name\": \"FloatDistribution\", \"attributes\": {\"step\": null, \"low\": 0.001, \"high\": 0.04, \"log\": true}}"}
{"op_code":5,"worker_id":"24698932-59a4-4e40-ac32-e68de571214e-140473588568064","trial_id":15,"param_name":"c_desired_bl","param_value_internal":31.0,"distribution":"{\"name\": \"IntDistribution\", \"attributes\": {\"log\": false, \"step\": 1, \"low\": 31, \"high\": 31}}"}
{"op_code":5,"worker_id":"24698932-59a4-4e40-ac32-e68de571214e-140473588568064","trial_id":15,"param_name":"out_noise","param_value_internal":0.0,"distribution":"{\"name\": \"FloatDistribution\", \"attributes\": {\"step\": null, \"low\": 0.0, \"high\": 0.0, \"log\": false}}"}
{"op_code":5,"worker_id":"24698932-59a4-4e40-ac32-e68de571214e-140473588568064","trial_id":15,"param_name":"ab_weight_scaling_omega","param_value_internal":0.0,"distribution":"{\"name\": \"FloatDistribution\", \"attributes\": {\"step\": null, \"low\": 0.0, \"high\": 0.0, \"log\": false}}"}
{"op_code":5,"worker_id":"24698932-59a4-4e40-ac32-e68de571214e-140473588568064","trial_id":15,"param_name":"min_lr_rate","param_value_internal":0.0,"distribution":"{\"name\": \"FloatDistribution\", \"attributes\": {\"step\": null, \"low\": 0.0, \"high\": 0.0, \"log\": false}}"}
{"op_code":8,"worker_id":"24698932-59a4-4e40-ac32-e68de571214e-140473588568064","trial_id":15,"user_attr":{"grad_accum_steps":1}}
{"op_code":7,"worker_id":"24698932-59a4-4e40-ac32-e68de571214e-140473588568064","trial_id":15,"step":1,"intermediate_value":39.8090244199545}
{"op_code":8,"worker_id":"24698932-59a4-4e40-ac32-e68de571214e-140473588568064","trial_id":15,"user_attr":{"train_loss_epoch_1":3.815239871937408}}
{"op_code":7,"worker_id":"24698932-59a4-4e40-ac32-e68de571214e-140473588568064","trial_id":15,"step":2,"intermediate_value":50.572667338123196}
{"op_code":8,"worker_id":"24698932-59a4-4e40-ac32-e68de571214e-140473588568064","trial_id":15,"user_attr":{"train_loss_epoch_2":2.6787333104022473}}
{"op_code":6,"worker_id":"24698932-59a4-4e40-ac32-e68de571214e-140473588568064","trial_id":15,"state":3,"values":null,"datetime_complete":"2026-05-18T05:03:51.959683"}
