{"op_code":0,"worker_id":"b5129abe-90d4-4ce5-93d3-cf7230aa611d-139970650570752","study_name":"bert_squad_lrtt_bs48_adam_gauss_b_zero_nowd_nomom_nonest_onehot_constantstep6t1cgamma_cconstantstepideal_perfect_noos_no-stlr_abml_split-reset_std_qkvo_5ep","directions":[2]}
{"op_code":4,"worker_id":"b5129abe-90d4-4ce5-93d3-cf7230aa611d-139970650570752","study_id":0,"datetime_start":null,"state":4,"value":null,"values":null,"distributions":{},"params":{},"user_attrs":{},"system_attrs":{"fixed_params":{"learning_rate":0.0017187987718613358,"transfer_lr":1.3107060661255622e-05,"transfer_every":5,"rank_exp":6,"fast_lr":0.5368862483687079,"ab_dw_min":0.0057079587483767616,"ab_multilevel":9,"a_reset_std":1e-30,"b_reset_std":4.085026435861048e+29,"c_dw_min":0.0016427225251239763,"ab_weight_scaling_omega":0.0,"min_lr_rate":0.0,"out_noise":0.0,"ab_desired_bl":31,"c_desired_bl":31,"tau_sec":0.0}},"intermediate_values":{}}
{"op_code":0,"worker_id":"7c9a19aa-2e69-4ab3-bd29-c56770699189-139901831118848","study_name":"bert_squad_lrtt_bs48_adam_gauss_b_zero_nowd_nomom_nonest_onehot_constantstep6t1cgamma_cconstantstepideal_perfect_noos_no-stlr_abml_split-reset_std_qkvo_5ep","directions":[2]}
{"op_code":6,"worker_id":"7c9a19aa-2e69-4ab3-bd29-c56770699189-139901831118848","trial_id":0,"state":0,"values":null,"datetime_start":"2026-05-27T08:01:53.933807"}
{"op_code":5,"worker_id":"7c9a19aa-2e69-4ab3-bd29-c56770699189-139901831118848","trial_id":0,"param_name":"learning_rate","param_value_internal":0.0017187987718613358,"distribution":"{\"name\": \"FloatDistribution\", \"attributes\": {\"step\": null, \"low\": 0.0009, \"high\": 0.005, \"log\": true}}"}
{"op_code":5,"worker_id":"7c9a19aa-2e69-4ab3-bd29-c56770699189-139901831118848","trial_id":0,"param_name":"transfer_lr","param_value_internal":1.3107060661255622e-05,"distribution":"{\"name\": \"FloatDistribution\", \"attributes\": {\"step\": null, \"low\": 0.003, \"high\": 0.3, \"log\": true}}"}
{"op_code":5,"worker_id":"7c9a19aa-2e69-4ab3-bd29-c56770699189-139901831118848","trial_id":0,"param_name":"transfer_every","param_value_internal":5.0,"distribution":"{\"name\": \"IntDistribution\", \"attributes\": {\"log\": true, \"step\": 1, \"low\": 1, \"high\": 90}}"}
{"op_code":5,"worker_id":"7c9a19aa-2e69-4ab3-bd29-c56770699189-139901831118848","trial_id":0,"param_name":"rank_exp","param_value_internal":6.0,"distribution":"{\"name\": \"IntDistribution\", \"attributes\": {\"log\": false, \"step\": 1, \"low\": 0, \"high\": 6}}"}
{"op_code":5,"worker_id":"7c9a19aa-2e69-4ab3-bd29-c56770699189-139901831118848","trial_id":0,"param_name":"fast_lr","param_value_internal":0.5368862483687079,"distribution":"{\"name\": \"FloatDistribution\", \"attributes\": {\"step\": null, \"low\": 0.9, \"high\": 30.0, \"log\": true}}"}
{"op_code":5,"worker_id":"7c9a19aa-2e69-4ab3-bd29-c56770699189-139901831118848","trial_id":0,"param_name":"tau_sec","param_value_internal":0.0,"distribution":"{\"name\": \"FloatDistribution\", \"attributes\": {\"step\": null, \"low\": 0.0, \"high\": 0.0, \"log\": false}}"}
{"op_code":5,"worker_id":"7c9a19aa-2e69-4ab3-bd29-c56770699189-139901831118848","trial_id":0,"param_name":"ab_dw_min","param_value_internal":0.0057079587483767616,"distribution":"{\"name\": \"FloatDistribution\", \"attributes\": {\"step\": null, \"low\": 0.0009, \"high\": 0.008, \"log\": true}}"}
{"op_code":5,"worker_id":"7c9a19aa-2e69-4ab3-bd29-c56770699189-139901831118848","trial_id":0,"param_name":"ab_desired_bl","param_value_internal":31.0,"distribution":"{\"name\": \"IntDistribution\", \"attributes\": {\"log\": false, \"step\": 1, \"low\": 31, \"high\": 31}}"}
{"op_code":5,"worker_id":"7c9a19aa-2e69-4ab3-bd29-c56770699189-139901831118848","trial_id":0,"param_name":"ab_multilevel","param_value_internal":9.0,"distribution":"{\"name\": \"IntDistribution\", \"attributes\": {\"log\": false, \"step\": 1, \"low\": 6, \"high\": 14}}"}
{"op_code":5,"worker_id":"7c9a19aa-2e69-4ab3-bd29-c56770699189-139901831118848","trial_id":0,"param_name":"a_reset_std","param_value_internal":1e-30,"distribution":"{\"name\": \"FloatDistribution\", \"attributes\": {\"step\": null, \"low\": 1e-30, \"high\": 1e-30, \"log\": true}}"}
{"op_code":5,"worker_id":"7c9a19aa-2e69-4ab3-bd29-c56770699189-139901831118848","trial_id":0,"param_name":"b_reset_std","param_value_internal":4.085026435861048e+29,"distribution":"{\"name\": \"FloatDistribution\", \"attributes\": {\"step\": null, \"low\": 1e-30, \"high\": 1e-30, \"log\": true}}"}
{"op_code":5,"worker_id":"7c9a19aa-2e69-4ab3-bd29-c56770699189-139901831118848","trial_id":0,"param_name":"c_dw_min","param_value_internal":0.0016427225251239763,"distribution":"{\"name\": \"FloatDistribution\", \"attributes\": {\"step\": null, \"low\": 0.001, \"high\": 0.04, \"log\": true}}"}
{"op_code":5,"worker_id":"7c9a19aa-2e69-4ab3-bd29-c56770699189-139901831118848","trial_id":0,"param_name":"c_desired_bl","param_value_internal":31.0,"distribution":"{\"name\": \"IntDistribution\", \"attributes\": {\"log\": false, \"step\": 1, \"low\": 31, \"high\": 31}}"}
{"op_code":5,"worker_id":"7c9a19aa-2e69-4ab3-bd29-c56770699189-139901831118848","trial_id":0,"param_name":"out_noise","param_value_internal":0.0,"distribution":"{\"name\": \"FloatDistribution\", \"attributes\": {\"step\": null, \"low\": 0.0, \"high\": 0.0, \"log\": false}}"}
{"op_code":5,"worker_id":"7c9a19aa-2e69-4ab3-bd29-c56770699189-139901831118848","trial_id":0,"param_name":"ab_weight_scaling_omega","param_value_internal":0.0,"distribution":"{\"name\": \"FloatDistribution\", \"attributes\": {\"step\": null, \"low\": 0.0, \"high\": 0.0, \"log\": false}}"}
{"op_code":5,"worker_id":"7c9a19aa-2e69-4ab3-bd29-c56770699189-139901831118848","trial_id":0,"param_name":"min_lr_rate","param_value_internal":0.0,"distribution":"{\"name\": \"FloatDistribution\", \"attributes\": {\"step\": null, \"low\": 0.0, \"high\": 0.0, \"log\": false}}"}
{"op_code":8,"worker_id":"7c9a19aa-2e69-4ab3-bd29-c56770699189-139901831118848","trial_id":0,"user_attr":{"grad_accum_steps":1}}
{"op_code":7,"worker_id":"7c9a19aa-2e69-4ab3-bd29-c56770699189-139901831118848","trial_id":0,"step":1,"intermediate_value":75.13261218418681}
{"op_code":8,"worker_id":"7c9a19aa-2e69-4ab3-bd29-c56770699189-139901831118848","trial_id":0,"user_attr":{"train_loss_epoch_1":2.254692475324078}}
{"op_code":7,"worker_id":"7c9a19aa-2e69-4ab3-bd29-c56770699189-139901831118848","trial_id":0,"step":2,"intermediate_value":77.62150420065328}
{"op_code":8,"worker_id":"7c9a19aa-2e69-4ab3-bd29-c56770699189-139901831118848","trial_id":0,"user_attr":{"train_loss_epoch_2":1.5954300612615053}}
{"op_code":7,"worker_id":"7c9a19aa-2e69-4ab3-bd29-c56770699189-139901831118848","trial_id":0,"step":3,"intermediate_value":78.49952861735458}
{"op_code":8,"worker_id":"7c9a19aa-2e69-4ab3-bd29-c56770699189-139901831118848","trial_id":0,"user_attr":{"train_loss_epoch_3":1.4940648596461226}}
{"op_code":7,"worker_id":"7c9a19aa-2e69-4ab3-bd29-c56770699189-139901831118848","trial_id":0,"step":4,"intermediate_value":79.91591435150568}
{"op_code":8,"worker_id":"7c9a19aa-2e69-4ab3-bd29-c56770699189-139901831118848","trial_id":0,"user_attr":{"train_loss_epoch_4":1.4379407113806666}}
{"op_code":7,"worker_id":"7c9a19aa-2e69-4ab3-bd29-c56770699189-139901831118848","trial_id":0,"step":5,"intermediate_value":80.60405035868253}
{"op_code":8,"worker_id":"7c9a19aa-2e69-4ab3-bd29-c56770699189-139901831118848","trial_id":0,"user_attr":{"train_loss_epoch_5":1.389376958275875}}
{"op_code":6,"worker_id":"7c9a19aa-2e69-4ab3-bd29-c56770699189-139901831118848","trial_id":0,"state":1,"values":[80.60405035868253],"datetime_complete":"2026-05-27T09:40:40.078961"}
