{"op_code": 0, "worker_id": "6f895077-3704-45dd-8dba-8a2d852dc4ee-140612997558272", "study_name": "bert_squad_lrtt_bs48_adam_hybrid_nowd_nomom_nonest_set_linearstep_fwinj_perfect_noos_fica_qkvo_5ep", "directions": [2]}
{"op_code": 4, "worker_id": "6f895077-3704-45dd-8dba-8a2d852dc4ee-140612997558272", "study_id": 0, "datetime_start": ""}
{"op_code": 5, "worker_id": "6f895077-3704-45dd-8dba-8a2d852dc4ee-140612997558272", "trial_id": 0, "param_name": "learning_rate", "param_value_internal": 0.005293052575077726, "distribution": ""}
{"op_code": 5, "worker_id": "6f895077-3704-45dd-8dba-8a2d852dc4ee-140612997558272", "trial_id": 0, "param_name": "transfer_lr", "param_value_internal": 1.417412811464136, "distribution": ""}
{"op_code": 5, "worker_id": "6f895077-3704-45dd-8dba-8a2d852dc4ee-140612997558272", "trial_id": 0, "param_name": "transfer_every", "param_value_internal": 1, "distribution": ""}
{"op_code": 5, "worker_id": "6f895077-3704-45dd-8dba-8a2d852dc4ee-140612997558272", "trial_id": 0, "param_name": "rank_exp", "param_value_internal": 4, "distribution": ""}
{"op_code": 5, "worker_id": "6f895077-3704-45dd-8dba-8a2d852dc4ee-140612997558272", "trial_id": 0, "param_name": "fast_lr", "param_value_internal": 11.428507925525787, "distribution": ""}
{"op_code": 5, "worker_id": "6f895077-3704-45dd-8dba-8a2d852dc4ee-140612997558272", "trial_id": 0, "param_name": "tau_sec", "param_value_internal": 0.0, "distribution": ""}
{"op_code": 5, "worker_id": "6f895077-3704-45dd-8dba-8a2d852dc4ee-140612997558272", "trial_id": 0, "param_name": "ab_dw_min", "param_value_internal": 0.013679234045096049, "distribution": ""}
{"op_code": 5, "worker_id": "6f895077-3704-45dd-8dba-8a2d852dc4ee-140612997558272", "trial_id": 0, "param_name": "ab_desired_bl", "param_value_internal": 31, "distribution": ""}
{"op_code": 5, "worker_id": "6f895077-3704-45dd-8dba-8a2d852dc4ee-140612997558272", "trial_id": 0, "param_name": "out_noise", "param_value_internal": 0.0, "distribution": ""}
{"op_code": 5, "worker_id": "6f895077-3704-45dd-8dba-8a2d852dc4ee-140612997558272", "trial_id": 0, "param_name": "ab_weight_scaling_omega", "param_value_internal": 0.0, "distribution": ""}
{"op_code": 5, "worker_id": "6f895077-3704-45dd-8dba-8a2d852dc4ee-140612997558272", "trial_id": 0, "param_name": "min_lr_rate", "param_value_internal": 0.0, "distribution": ""}
{"op_code": 6, "worker_id": "6f895077-3704-45dd-8dba-8a2d852dc4ee-140612997558272", "trial_id": 0, "state": 4, "values": null, "datetime_complete": ""}
{"op_code": 4, "worker_id": "6f895077-3704-45dd-8dba-8a2d852dc4ee-140612997558272", "study_id": 0, "datetime_start": ""}
{"op_code": 5, "worker_id": "6f895077-3704-45dd-8dba-8a2d852dc4ee-140612997558272", "trial_id": 1, "param_name": "learning_rate", "param_value_internal": 0.005578950981119392, "distribution": ""}
{"op_code": 5, "worker_id": "6f895077-3704-45dd-8dba-8a2d852dc4ee-140612997558272", "trial_id": 1, "param_name": "transfer_lr", "param_value_internal": 0.7416435274715589, "distribution": ""}
{"op_code": 5, "worker_id": "6f895077-3704-45dd-8dba-8a2d852dc4ee-140612997558272", "trial_id": 1, "param_name": "transfer_every", "param_value_internal": 1, "distribution": ""}
{"op_code": 5, "worker_id": "6f895077-3704-45dd-8dba-8a2d852dc4ee-140612997558272", "trial_id": 1, "param_name": "rank_exp", "param_value_internal": 6, "distribution": ""}
{"op_code": 5, "worker_id": "6f895077-3704-45dd-8dba-8a2d852dc4ee-140612997558272", "trial_id": 1, "param_name": "fast_lr", "param_value_internal": 0.6703912048313401, "distribution": ""}
{"op_code": 5, "worker_id": "6f895077-3704-45dd-8dba-8a2d852dc4ee-140612997558272", "trial_id": 1, "param_name": "tau_sec", "param_value_internal": 0.0, "distribution": ""}
{"op_code": 5, "worker_id": "6f895077-3704-45dd-8dba-8a2d852dc4ee-140612997558272", "trial_id": 1, "param_name": "ab_dw_min", "param_value_internal": 0.0048902648151211, "distribution": ""}
{"op_code": 5, "worker_id": "6f895077-3704-45dd-8dba-8a2d852dc4ee-140612997558272", "trial_id": 1, "param_name": "ab_desired_bl", "param_value_internal": 31, "distribution": ""}
{"op_code": 5, "worker_id": "6f895077-3704-45dd-8dba-8a2d852dc4ee-140612997558272", "trial_id": 1, "param_name": "out_noise", "param_value_internal": 0.0, "distribution": ""}
{"op_code": 5, "worker_id": "6f895077-3704-45dd-8dba-8a2d852dc4ee-140612997558272", "trial_id": 1, "param_name": "ab_weight_scaling_omega", "param_value_internal": 0.0, "distribution": ""}
{"op_code": 5, "worker_id": "6f895077-3704-45dd-8dba-8a2d852dc4ee-140612997558272", "trial_id": 1, "param_name": "min_lr_rate", "param_value_internal": 0.0, "distribution": ""}
{"op_code": 6, "worker_id": "6f895077-3704-45dd-8dba-8a2d852dc4ee-140612997558272", "trial_id": 1, "state": 4, "values": null, "datetime_complete": ""}
{"op_code": 4, "worker_id": "6f895077-3704-45dd-8dba-8a2d852dc4ee-140612997558272", "study_id": 0, "datetime_start": ""}
{"op_code": 5, "worker_id": "6f895077-3704-45dd-8dba-8a2d852dc4ee-140612997558272", "trial_id": 2, "param_name": "learning_rate", "param_value_internal": 0.004401311953489164, "distribution": ""}
{"op_code": 5, "worker_id": "6f895077-3704-45dd-8dba-8a2d852dc4ee-140612997558272", "trial_id": 2, "param_name": "transfer_lr", "param_value_internal": 1.3309230707403643, "distribution": ""}
{"op_code": 5, "worker_id": "6f895077-3704-45dd-8dba-8a2d852dc4ee-140612997558272", "trial_id": 2, "param_name": "transfer_every", "param_value_internal": 1, "distribution": ""}
{"op_code": 5, "worker_id": "6f895077-3704-45dd-8dba-8a2d852dc4ee-140612997558272", "trial_id": 2, "param_name": "rank_exp", "param_value_internal": 4, "distribution": ""}
{"op_code": 5, "worker_id": "6f895077-3704-45dd-8dba-8a2d852dc4ee-140612997558272", "trial_id": 2, "param_name": "fast_lr", "param_value_internal": 0.09647968937079265, "distribution": ""}
{"op_code": 5, "worker_id": "6f895077-3704-45dd-8dba-8a2d852dc4ee-140612997558272", "trial_id": 2, "param_name": "tau_sec", "param_value_internal": 0.0, "distribution": ""}
{"op_code": 5, "worker_id": "6f895077-3704-45dd-8dba-8a2d852dc4ee-140612997558272", "trial_id": 2, "param_name": "ab_dw_min", "param_value_internal": 0.012764766984360952, "distribution": ""}
{"op_code": 5, "worker_id": "6f895077-3704-45dd-8dba-8a2d852dc4ee-140612997558272", "trial_id": 2, "param_name": "ab_desired_bl", "param_value_internal": 31, "distribution": ""}
{"op_code": 5, "worker_id": "6f895077-3704-45dd-8dba-8a2d852dc4ee-140612997558272", "trial_id": 2, "param_name": "out_noise", "param_value_internal": 0.0, "distribution": ""}
{"op_code": 5, "worker_id": "6f895077-3704-45dd-8dba-8a2d852dc4ee-140612997558272", "trial_id": 2, "param_name": "ab_weight_scaling_omega", "param_value_internal": 0.0, "distribution": ""}
{"op_code": 5, "worker_id": "6f895077-3704-45dd-8dba-8a2d852dc4ee-140612997558272", "trial_id": 2, "param_name": "min_lr_rate", "param_value_internal": 0.0, "distribution": ""}
{"op_code": 6, "worker_id": "6f895077-3704-45dd-8dba-8a2d852dc4ee-140612997558272", "trial_id": 2, "state": 4, "values": null, "datetime_complete": ""}
{"op_code": 4, "worker_id": "6f895077-3704-45dd-8dba-8a2d852dc4ee-140612997558272", "study_id": 0, "datetime_start": ""}
{"op_code": 5, "worker_id": "6f895077-3704-45dd-8dba-8a2d852dc4ee-140612997558272", "trial_id": 3, "param_name": "learning_rate", "param_value_internal": 0.005448521491097044, "distribution": ""}
{"op_code": 5, "worker_id": "6f895077-3704-45dd-8dba-8a2d852dc4ee-140612997558272", "trial_id": 3, "param_name": "transfer_lr", "param_value_internal": 1.0105929880947833, "distribution": ""}
{"op_code": 5, "worker_id": "6f895077-3704-45dd-8dba-8a2d852dc4ee-140612997558272", "trial_id": 3, "param_name": "transfer_every", "param_value_internal": 1, "distribution": ""}
{"op_code": 5, "worker_id": "6f895077-3704-45dd-8dba-8a2d852dc4ee-140612997558272", "trial_id": 3, "param_name": "rank_exp", "param_value_internal": 4, "distribution": ""}
{"op_code": 5, "worker_id": "6f895077-3704-45dd-8dba-8a2d852dc4ee-140612997558272", "trial_id": 3, "param_name": "fast_lr", "param_value_internal": 0.010515474834519338, "distribution": ""}
{"op_code": 5, "worker_id": "6f895077-3704-45dd-8dba-8a2d852dc4ee-140612997558272", "trial_id": 3, "param_name": "tau_sec", "param_value_internal": 0.0, "distribution": ""}
{"op_code": 5, "worker_id": "6f895077-3704-45dd-8dba-8a2d852dc4ee-140612997558272", "trial_id": 3, "param_name": "ab_dw_min", "param_value_internal": 0.016443133549950393, "distribution": ""}
{"op_code": 5, "worker_id": "6f895077-3704-45dd-8dba-8a2d852dc4ee-140612997558272", "trial_id": 3, "param_name": "ab_desired_bl", "param_value_internal": 31, "distribution": ""}
{"op_code": 5, "worker_id": "6f895077-3704-45dd-8dba-8a2d852dc4ee-140612997558272", "trial_id": 3, "param_name": "out_noise", "param_value_internal": 0.0, "distribution": ""}
{"op_code": 5, "worker_id": "6f895077-3704-45dd-8dba-8a2d852dc4ee-140612997558272", "trial_id": 3, "param_name": "ab_weight_scaling_omega", "param_value_internal": 0.0, "distribution": ""}
{"op_code": 5, "worker_id": "6f895077-3704-45dd-8dba-8a2d852dc4ee-140612997558272", "trial_id": 3, "param_name": "min_lr_rate", "param_value_internal": 0.0, "distribution": ""}
{"op_code": 6, "worker_id": "6f895077-3704-45dd-8dba-8a2d852dc4ee-140612997558272", "trial_id": 3, "state": 4, "values": null, "datetime_complete": ""}
{"op_code": 4, "worker_id": "6f895077-3704-45dd-8dba-8a2d852dc4ee-140612997558272", "study_id": 0, "datetime_start": ""}
{"op_code": 5, "worker_id": "6f895077-3704-45dd-8dba-8a2d852dc4ee-140612997558272", "trial_id": 4, "param_name": "learning_rate", "param_value_internal": 0.003662177749971769, "distribution": ""}
{"op_code": 5, "worker_id": "6f895077-3704-45dd-8dba-8a2d852dc4ee-140612997558272", "trial_id": 4, "param_name": "transfer_lr", "param_value_internal": 1.213840555054148, "distribution": ""}
{"op_code": 5, "worker_id": "6f895077-3704-45dd-8dba-8a2d852dc4ee-140612997558272", "trial_id": 4, "param_name": "transfer_every", "param_value_internal": 1, "distribution": ""}
{"op_code": 5, "worker_id": "6f895077-3704-45dd-8dba-8a2d852dc4ee-140612997558272", "trial_id": 4, "param_name": "rank_exp", "param_value_internal": 6, "distribution": ""}
{"op_code": 5, "worker_id": "6f895077-3704-45dd-8dba-8a2d852dc4ee-140612997558272", "trial_id": 4, "param_name": "fast_lr", "param_value_internal": 0.1255406650787153, "distribution": ""}
{"op_code": 5, "worker_id": "6f895077-3704-45dd-8dba-8a2d852dc4ee-140612997558272", "trial_id": 4, "param_name": "tau_sec", "param_value_internal": 0.0, "distribution": ""}
{"op_code": 5, "worker_id": "6f895077-3704-45dd-8dba-8a2d852dc4ee-140612997558272", "trial_id": 4, "param_name": "ab_dw_min", "param_value_internal": 2.0507734581732785e-05, "distribution": ""}
{"op_code": 5, "worker_id": "6f895077-3704-45dd-8dba-8a2d852dc4ee-140612997558272", "trial_id": 4, "param_name": "ab_desired_bl", "param_value_internal": 31, "distribution": ""}
{"op_code": 5, "worker_id": "6f895077-3704-45dd-8dba-8a2d852dc4ee-140612997558272", "trial_id": 4, "param_name": "out_noise", "param_value_internal": 0.0, "distribution": ""}
{"op_code": 5, "worker_id": "6f895077-3704-45dd-8dba-8a2d852dc4ee-140612997558272", "trial_id": 4, "param_name": "ab_weight_scaling_omega", "param_value_internal": 0.0, "distribution": ""}
{"op_code": 5, "worker_id": "6f895077-3704-45dd-8dba-8a2d852dc4ee-140612997558272", "trial_id": 4, "param_name": "min_lr_rate", "param_value_internal": 0.0, "distribution": ""}
{"op_code": 6, "worker_id": "6f895077-3704-45dd-8dba-8a2d852dc4ee-140612997558272", "trial_id": 4, "state": 4, "values": null, "datetime_complete": ""}
{"op_code": 4, "worker_id": "6f895077-3704-45dd-8dba-8a2d852dc4ee-140612997558272", "study_id": 0, "datetime_start": ""}
{"op_code": 5, "worker_id": "6f895077-3704-45dd-8dba-8a2d852dc4ee-140612997558272", "trial_id": 5, "param_name": "learning_rate", "param_value_internal": 0.0027814387774008536, "distribution": ""}
{"op_code": 5, "worker_id": "6f895077-3704-45dd-8dba-8a2d852dc4ee-140612997558272", "trial_id": 5, "param_name": "transfer_lr", "param_value_internal": 0.3, "distribution": ""}
{"op_code": 5, "worker_id": "6f895077-3704-45dd-8dba-8a2d852dc4ee-140612997558272", "trial_id": 5, "param_name": "transfer_every", "param_value_internal": 1, "distribution": ""}
{"op_code": 5, "worker_id": "6f895077-3704-45dd-8dba-8a2d852dc4ee-140612997558272", "trial_id": 5, "param_name": "rank_exp", "param_value_internal": 6, "distribution": ""}
{"op_code": 5, "worker_id": "6f895077-3704-45dd-8dba-8a2d852dc4ee-140612997558272", "trial_id": 5, "param_name": "fast_lr", "param_value_internal": 0.9010780391150033, "distribution": ""}
{"op_code": 5, "worker_id": "6f895077-3704-45dd-8dba-8a2d852dc4ee-140612997558272", "trial_id": 5, "param_name": "tau_sec", "param_value_internal": 0.0, "distribution": ""}
{"op_code": 5, "worker_id": "6f895077-3704-45dd-8dba-8a2d852dc4ee-140612997558272", "trial_id": 5, "param_name": "ab_dw_min", "param_value_internal": 0.013842904592022255, "distribution": ""}
{"op_code": 5, "worker_id": "6f895077-3704-45dd-8dba-8a2d852dc4ee-140612997558272", "trial_id": 5, "param_name": "ab_desired_bl", "param_value_internal": 31, "distribution": ""}
{"op_code": 5, "worker_id": "6f895077-3704-45dd-8dba-8a2d852dc4ee-140612997558272", "trial_id": 5, "param_name": "out_noise", "param_value_internal": 0.0, "distribution": ""}
{"op_code": 5, "worker_id": "6f895077-3704-45dd-8dba-8a2d852dc4ee-140612997558272", "trial_id": 5, "param_name": "ab_weight_scaling_omega", "param_value_internal": 0.0, "distribution": ""}
{"op_code": 5, "worker_id": "6f895077-3704-45dd-8dba-8a2d852dc4ee-140612997558272", "trial_id": 5, "param_name": "min_lr_rate", "param_value_internal": 0.0, "distribution": ""}
{"op_code": 6, "worker_id": "6f895077-3704-45dd-8dba-8a2d852dc4ee-140612997558272", "trial_id": 5, "state": 4, "values": null, "datetime_complete": ""}
{"op_code": 4, "worker_id": "6f895077-3704-45dd-8dba-8a2d852dc4ee-140612997558272", "study_id": 0, "datetime_start": ""}
{"op_code": 5, "worker_id": "6f895077-3704-45dd-8dba-8a2d852dc4ee-140612997558272", "trial_id": 6, "param_name": "learning_rate", "param_value_internal": 0.0025451576652573897, "distribution": ""}
{"op_code": 5, "worker_id": "6f895077-3704-45dd-8dba-8a2d852dc4ee-140612997558272", "trial_id": 6, "param_name": "transfer_lr", "param_value_internal": 0.309510939260539, "distribution": ""}
{"op_code": 5, "worker_id": "6f895077-3704-45dd-8dba-8a2d852dc4ee-140612997558272", "trial_id": 6, "param_name": "transfer_every", "param_value_internal": 1, "distribution": ""}
{"op_code": 5, "worker_id": "6f895077-3704-45dd-8dba-8a2d852dc4ee-140612997558272", "trial_id": 6, "param_name": "rank_exp", "param_value_internal": 6, "distribution": ""}
{"op_code": 5, "worker_id": "6f895077-3704-45dd-8dba-8a2d852dc4ee-140612997558272", "trial_id": 6, "param_name": "fast_lr", "param_value_internal": 0.9235230648024898, "distribution": ""}
{"op_code": 5, "worker_id": "6f895077-3704-45dd-8dba-8a2d852dc4ee-140612997558272", "trial_id": 6, "param_name": "tau_sec", "param_value_internal": 0.0, "distribution": ""}
{"op_code": 5, "worker_id": "6f895077-3704-45dd-8dba-8a2d852dc4ee-140612997558272", "trial_id": 6, "param_name": "ab_dw_min", "param_value_internal": 0.04683898062044975, "distribution": ""}
{"op_code": 5, "worker_id": "6f895077-3704-45dd-8dba-8a2d852dc4ee-140612997558272", "trial_id": 6, "param_name": "ab_desired_bl", "param_value_internal": 31, "distribution": ""}
{"op_code": 5, "worker_id": "6f895077-3704-45dd-8dba-8a2d852dc4ee-140612997558272", "trial_id": 6, "param_name": "out_noise", "param_value_internal": 0.0, "distribution": ""}
{"op_code": 5, "worker_id": "6f895077-3704-45dd-8dba-8a2d852dc4ee-140612997558272", "trial_id": 6, "param_name": "ab_weight_scaling_omega", "param_value_internal": 0.0, "distribution": ""}
{"op_code": 5, "worker_id": "6f895077-3704-45dd-8dba-8a2d852dc4ee-140612997558272", "trial_id": 6, "param_name": "min_lr_rate", "param_value_internal": 0.0, "distribution": ""}
{"op_code": 6, "worker_id": "6f895077-3704-45dd-8dba-8a2d852dc4ee-140612997558272", "trial_id": 6, "state": 4, "values": null, "datetime_complete": ""}
{"op_code": 4, "worker_id": "6f895077-3704-45dd-8dba-8a2d852dc4ee-140612997558272", "study_id": 0, "datetime_start": ""}
{"op_code": 5, "worker_id": "6f895077-3704-45dd-8dba-8a2d852dc4ee-140612997558272", "trial_id": 7, "param_name": "learning_rate", "param_value_internal": 0.002357614029639829, "distribution": ""}
{"op_code": 5, "worker_id": "6f895077-3704-45dd-8dba-8a2d852dc4ee-140612997558272", "trial_id": 7, "param_name": "transfer_lr", "param_value_internal": 0.3187376241639454, "distribution": ""}
{"op_code": 5, "worker_id": "6f895077-3704-45dd-8dba-8a2d852dc4ee-140612997558272", "trial_id": 7, "param_name": "transfer_every", "param_value_internal": 600, "distribution": ""}
{"op_code": 5, "worker_id": "6f895077-3704-45dd-8dba-8a2d852dc4ee-140612997558272", "trial_id": 7, "param_name": "rank_exp", "param_value_internal": 0, "distribution": ""}
{"op_code": 5, "worker_id": "6f895077-3704-45dd-8dba-8a2d852dc4ee-140612997558272", "trial_id": 7, "param_name": "fast_lr", "param_value_internal": 1.0, "distribution": ""}
{"op_code": 5, "worker_id": "6f895077-3704-45dd-8dba-8a2d852dc4ee-140612997558272", "trial_id": 7, "param_name": "tau_sec", "param_value_internal": 0.0, "distribution": ""}
{"op_code": 5, "worker_id": "6f895077-3704-45dd-8dba-8a2d852dc4ee-140612997558272", "trial_id": 7, "param_name": "ab_dw_min", "param_value_internal": 0.18088597080151037, "distribution": ""}
{"op_code": 5, "worker_id": "6f895077-3704-45dd-8dba-8a2d852dc4ee-140612997558272", "trial_id": 7, "param_name": "ab_desired_bl", "param_value_internal": 31, "distribution": ""}
{"op_code": 5, "worker_id": "6f895077-3704-45dd-8dba-8a2d852dc4ee-140612997558272", "trial_id": 7, "param_name": "out_noise", "param_value_internal": 0.0, "distribution": ""}
{"op_code": 5, "worker_id": "6f895077-3704-45dd-8dba-8a2d852dc4ee-140612997558272", "trial_id": 7, "param_name": "ab_weight_scaling_omega", "param_value_internal": 0.0, "distribution": ""}
{"op_code": 5, "worker_id": "6f895077-3704-45dd-8dba-8a2d852dc4ee-140612997558272", "trial_id": 7, "param_name": "min_lr_rate", "param_value_internal": 0.0, "distribution": ""}
{"op_code": 6, "worker_id": "6f895077-3704-45dd-8dba-8a2d852dc4ee-140612997558272", "trial_id": 7, "state": 4, "values": null, "datetime_complete": ""}
{"op_code": 4, "worker_id": "6f895077-3704-45dd-8dba-8a2d852dc4ee-140612997558272", "study_id": 0, "datetime_start": ""}
{"op_code": 5, "worker_id": "6f895077-3704-45dd-8dba-8a2d852dc4ee-140612997558272", "trial_id": 8, "param_name": "learning_rate", "param_value_internal": 0.0024980095631658675, "distribution": ""}
{"op_code": 5, "worker_id": "6f895077-3704-45dd-8dba-8a2d852dc4ee-140612997558272", "trial_id": 8, "param_name": "transfer_lr", "param_value_internal": 0.31867893828306976, "distribution": ""}
{"op_code": 5, "worker_id": "6f895077-3704-45dd-8dba-8a2d852dc4ee-140612997558272", "trial_id": 8, "param_name": "transfer_every", "param_value_internal": 600, "distribution": ""}
{"op_code": 5, "worker_id": "6f895077-3704-45dd-8dba-8a2d852dc4ee-140612997558272", "trial_id": 8, "param_name": "rank_exp", "param_value_internal": 0, "distribution": ""}
{"op_code": 5, "worker_id": "6f895077-3704-45dd-8dba-8a2d852dc4ee-140612997558272", "trial_id": 8, "param_name": "fast_lr", "param_value_internal": 1.0, "distribution": ""}
{"op_code": 5, "worker_id": "6f895077-3704-45dd-8dba-8a2d852dc4ee-140612997558272", "trial_id": 8, "param_name": "tau_sec", "param_value_internal": 0.0, "distribution": ""}
{"op_code": 5, "worker_id": "6f895077-3704-45dd-8dba-8a2d852dc4ee-140612997558272", "trial_id": 8, "param_name": "ab_dw_min", "param_value_internal": 0.1969873060271888, "distribution": ""}
{"op_code": 5, "worker_id": "6f895077-3704-45dd-8dba-8a2d852dc4ee-140612997558272", "trial_id": 8, "param_name": "ab_desired_bl", "param_value_internal": 31, "distribution": ""}
{"op_code": 5, "worker_id": "6f895077-3704-45dd-8dba-8a2d852dc4ee-140612997558272", "trial_id": 8, "param_name": "out_noise", "param_value_internal": 0.0, "distribution": ""}
{"op_code": 5, "worker_id": "6f895077-3704-45dd-8dba-8a2d852dc4ee-140612997558272", "trial_id": 8, "param_name": "ab_weight_scaling_omega", "param_value_internal": 0.0, "distribution": ""}
{"op_code": 5, "worker_id": "6f895077-3704-45dd-8dba-8a2d852dc4ee-140612997558272", "trial_id": 8, "param_name": "min_lr_rate", "param_value_internal": 0.0, "distribution": ""}
{"op_code": 6, "worker_id": "6f895077-3704-45dd-8dba-8a2d852dc4ee-140612997558272", "trial_id": 8, "state": 4, "values": null, "datetime_complete": ""}
{"op_code": 4, "worker_id": "6f895077-3704-45dd-8dba-8a2d852dc4ee-140612997558272", "study_id": 0, "datetime_start": ""}
{"op_code": 5, "worker_id": "6f895077-3704-45dd-8dba-8a2d852dc4ee-140612997558272", "trial_id": 9, "param_name": "learning_rate", "param_value_internal": 0.0018287501210048761, "distribution": ""}
{"op_code": 5, "worker_id": "6f895077-3704-45dd-8dba-8a2d852dc4ee-140612997558272", "trial_id": 9, "param_name": "transfer_lr", "param_value_internal": 0.9156382225885964, "distribution": ""}
{"op_code": 5, "worker_id": "6f895077-3704-45dd-8dba-8a2d852dc4ee-140612997558272", "trial_id": 9, "param_name": "transfer_every", "param_value_internal": 1, "distribution": ""}
{"op_code": 5, "worker_id": "6f895077-3704-45dd-8dba-8a2d852dc4ee-140612997558272", "trial_id": 9, "param_name": "rank_exp", "param_value_internal": 6, "distribution": ""}
{"op_code": 5, "worker_id": "6f895077-3704-45dd-8dba-8a2d852dc4ee-140612997558272", "trial_id": 9, "param_name": "fast_lr", "param_value_internal": 0.04203008401968198, "distribution": ""}
{"op_code": 5, "worker_id": "6f895077-3704-45dd-8dba-8a2d852dc4ee-140612997558272", "trial_id": 9, "param_name": "tau_sec", "param_value_internal": 0.0, "distribution": ""}
{"op_code": 5, "worker_id": "6f895077-3704-45dd-8dba-8a2d852dc4ee-140612997558272", "trial_id": 9, "param_name": "ab_dw_min", "param_value_internal": 0.007850487464435677, "distribution": ""}
{"op_code": 5, "worker_id": "6f895077-3704-45dd-8dba-8a2d852dc4ee-140612997558272", "trial_id": 9, "param_name": "ab_desired_bl", "param_value_internal": 31, "distribution": ""}
{"op_code": 5, "worker_id": "6f895077-3704-45dd-8dba-8a2d852dc4ee-140612997558272", "trial_id": 9, "param_name": "out_noise", "param_value_internal": 0.0, "distribution": ""}
{"op_code": 5, "worker_id": "6f895077-3704-45dd-8dba-8a2d852dc4ee-140612997558272", "trial_id": 9, "param_name": "ab_weight_scaling_omega", "param_value_internal": 0.0, "distribution": ""}
{"op_code": 5, "worker_id": "6f895077-3704-45dd-8dba-8a2d852dc4ee-140612997558272", "trial_id": 9, "param_name": "min_lr_rate", "param_value_internal": 0.0, "distribution": ""}
{"op_code": 6, "worker_id": "6f895077-3704-45dd-8dba-8a2d852dc4ee-140612997558272", "trial_id": 9, "state": 4, "values": null, "datetime_complete": ""}
