============================================================
Sixt1c-LoRA Bayesian Optimization - SQuAD
============================================================
Strategy: SAFE MODE (Empirically Validated)
Trials: 30
Epochs: 15
Batch Size: 256
Results dir: /data/results/sixt1c_lora_squad/sixt1c_lora_classifier_only_20260209_192302

Search Space (Empirically Tested):
  learning_rate: [0.0001, 0.01] (log)
  lora_alpha: [0.05, 10.0] (log)
  Max LR×Alpha: 0.100000 ✅ (safe: < 0.0001)

Empirical Validation:
  Alpha 0.001~0.030 tested stable at LR=0.001
  Best learning: Alpha=0.01 (F1 +3.41%)
  All combinations expected stable

Fixed Parameters:
  rank: 8
  reinit_gain: 0.1
  transfer_every: 1000000 (no transfer)
  forward_inject: True

Default starting point:
  lr: 0.001
  lora_alpha: 0.01
  lr×alpha: 0.000010 ✅

Device: cuda

Running target: all

============================================================
Starting Sixt1c-LoRA sweep for: all
Target modules: all (except qa_outputs)
============================================================
Train batches: 346, Eval features: 2023
Some weights of MobileBertForQuestionAnswering were not initialized from the model checkpoint at google/mobilebert-uncased and are newly initialized: ['qa_outputs.bias', 'qa_outputs.weight']
You should probably TRAIN this model on a down-stream task to be able to use it for predictions and inference.
[I 2026-02-09 19:23:46,286] A new study created in memory with name: sixt1c_lora_all
Initial evaluation (computed once): {'f1': np.float64(5.517144950045955), 'em': np.float64(0.05)}
  0%|                                                                                                                                                                                                                          | 0/30 [00:00<?, ?it/s]/data/venvs/aihwkit_gpu/lib/python3.10/site-packages/optuna/trial/_trial.py:658: UserWarning: Fixed parameter 'lora_alpha' with value 0.01 is out of range for distribution FloatDistribution(high=10.0, log=True, low=0.05, step=None).
  optuna_warn(
wandb: WARNING Using a boolean value for 'reinit' is deprecated. Use 'return_previous' or 'finish_previous' instead.
wandb: Tracking run with wandb version 0.24.1
wandb: W&B syncing is set to `offline` in this directory. Run `wandb online` or set WANDB_MODE=online to enable cloud syncing.
wandb: Run data is saved locally in /data/LRTT_transformer/LRTT_glue/wandb/offline-run-20260209_192346-e8ftidcu
Some weights of MobileBertForQuestionAnswering were not initialized from the model checkpoint at google/mobilebert-uncased and are newly initialized: ['qa_outputs.bias', 'qa_outputs.weight']
You should probably TRAIN this model on a down-stream task to be able to use it for predictions and inference.

Trial 0:   0%|                                                                                                                                                                                                                | 0/346 [00:00<?, ?it/s][A
                                                                                                                                                                                                                                                      [Awandb: 
wandb: Run history:
wandb:   epoch ▁
wandb: eval/em ▁
wandb: eval/f1 ▁
wandb: 
wandb: Run summary:
wandb:   epoch 0
wandb:   error CUDA out of memory. ...
wandb: eval/em 0.05
wandb: eval/f1 5.51714
wandb: 
wandb: You can sync this run to the cloud by running:
wandb: wandb sync /data/LRTT_transformer/LRTT_glue/wandb/offline-run-20260209_192346-e8ftidcu
wandb: Find logs at: ./wandb/offline-run-20260209_192346-e8ftidcu/logs
                                                                                                                                                                                                                                                        0%|                                                                                                                                                                                                                          | 0/30 [00:30<?, ?it/s]                                                                                                                                                                                                                                                        0%|                                                                                                                                                                                                                          | 0/30 [00:30<?, ?it/s]  0%|                                                                                                                                                                                                                          | 0/30 [00:30<?, ?it/s]
Trial 0 failed: CUDA out of memory. Tried to allocate 576.00 MiB. GPU 
[W 2026-02-09 19:24:16,675] Trial 0 failed with parameters: {'learning_rate': 0.001, 'lora_alpha': 0.01} because of the following error: OutOfMemoryError('CUDA out of memory. Tried to allocate 576.00 MiB. GPU ').
Traceback (most recent call last):
  File "/data/venvs/aihwkit_gpu/lib/python3.10/site-packages/optuna/study/_optimize.py", line 206, in _run_trial
    value_or_values = func(trial)
  File "/data/LRTT_transformer/LRTT_glue/sweep_sixt1c_lora_squad_adam.py", line 686, in objective
    return run_trial(trial, train_loader, None, device, results_dir, target_modules,
  File "/data/LRTT_transformer/LRTT_glue/sweep_sixt1c_lora_squad_adam.py", line 598, in run_trial
    train_loss = train_epoch(model, optimizer, scheduler, train_loader, device, trial.number)
  File "/data/LRTT_transformer/LRTT_glue/sweep_sixt1c_lora_squad_adam.py", line 515, in train_epoch
    outputs = model(input_ids=input_ids, attention_mask=attention_mask,
  File "/data/venvs/aihwkit_gpu/lib/python3.10/site-packages/torch/nn/modules/module.py", line 1532, in _wrapped_call_impl
    return self._call_impl(*args, **kwargs)
  File "/data/venvs/aihwkit_gpu/lib/python3.10/site-packages/torch/nn/modules/module.py", line 1541, in _call_impl
    return forward_call(*args, **kwargs)
  File "/data/venvs/aihwkit_gpu/lib/python3.10/site-packages/transformers/models/mobilebert/modeling_mobilebert.py", line 1392, in forward
    outputs = self.mobilebert(
  File "/data/venvs/aihwkit_gpu/lib/python3.10/site-packages/torch/nn/modules/module.py", line 1532, in _wrapped_call_impl
    return self._call_impl(*args, **kwargs)
  File "/data/venvs/aihwkit_gpu/lib/python3.10/site-packages/torch/nn/modules/module.py", line 1541, in _call_impl
    return forward_call(*args, **kwargs)
  File "/data/venvs/aihwkit_gpu/lib/python3.10/site-packages/transformers/models/mobilebert/modeling_mobilebert.py", line 898, in forward
    encoder_outputs = self.encoder(
  File "/data/venvs/aihwkit_gpu/lib/python3.10/site-packages/torch/nn/modules/module.py", line 1532, in _wrapped_call_impl
    return self._call_impl(*args, **kwargs)
  File "/data/venvs/aihwkit_gpu/lib/python3.10/site-packages/torch/nn/modules/module.py", line 1541, in _call_impl
    return forward_call(*args, **kwargs)
  File "/data/venvs/aihwkit_gpu/lib/python3.10/site-packages/transformers/models/mobilebert/modeling_mobilebert.py", line 580, in forward
    layer_outputs = layer_module(
  File "/data/venvs/aihwkit_gpu/lib/python3.10/site-packages/torch/nn/modules/module.py", line 1532, in _wrapped_call_impl
    return self._call_impl(*args, **kwargs)
  File "/data/venvs/aihwkit_gpu/lib/python3.10/site-packages/torch/nn/modules/module.py", line 1541, in _call_impl
    return forward_call(*args, **kwargs)
  File "/data/venvs/aihwkit_gpu/lib/python3.10/site-packages/transformers/models/mobilebert/modeling_mobilebert.py", line 523, in forward
    self_attention_outputs = self.attention(
  File "/data/venvs/aihwkit_gpu/lib/python3.10/site-packages/torch/nn/modules/module.py", line 1532, in _wrapped_call_impl
    return self._call_impl(*args, **kwargs)
  File "/data/venvs/aihwkit_gpu/lib/python3.10/site-packages/torch/nn/modules/module.py", line 1541, in _call_impl
    return forward_call(*args, **kwargs)
  File "/data/venvs/aihwkit_gpu/lib/python3.10/site-packages/transformers/models/mobilebert/modeling_mobilebert.py", line 357, in forward
    self_outputs = self.self(
  File "/data/venvs/aihwkit_gpu/lib/python3.10/site-packages/torch/nn/modules/module.py", line 1532, in _wrapped_call_impl
    return self._call_impl(*args, **kwargs)
  File "/data/venvs/aihwkit_gpu/lib/python3.10/site-packages/torch/nn/modules/module.py", line 1541, in _call_impl
    return forward_call(*args, **kwargs)
  File "/data/venvs/aihwkit_gpu/lib/python3.10/site-packages/transformers/models/mobilebert/modeling_mobilebert.py", line 293, in forward
    attention_probs = self.dropout(attention_probs)
  File "/data/venvs/aihwkit_gpu/lib/python3.10/site-packages/torch/nn/modules/module.py", line 1532, in _wrapped_call_impl
    return self._call_impl(*args, **kwargs)
  File "/data/venvs/aihwkit_gpu/lib/python3.10/site-packages/torch/nn/modules/module.py", line 1541, in _call_impl
    return forward_call(*args, **kwargs)
  File "/data/venvs/aihwkit_gpu/lib/python3.10/site-packages/torch/nn/modules/dropout.py", line 59, in forward
    return F.dropout(input, self.p, self.training, self.inplace)
  File "/data/venvs/aihwkit_gpu/lib/python3.10/site-packages/torch/nn/functional.py", line 1295, in dropout
    return _VF.dropout_(input, p, training) if inplace else _VF.dropout(input, p, training)
torch.cuda.OutOfMemoryError: CUDA out of memory. Tried to allocate 576.00 MiB. GPU 
[W 2026-02-09 19:24:16,690] Trial 0 failed with value None.
Failed to complete all: CUDA out of memory. Tried to allocate 576.00 MiB. GPU 

============================================================
ALL SWEEPS COMPLETE
============================================================
Summary saved to: /data/results/sixt1c_lora_squad/sixt1c_lora_classifier_only_20260209_192302/all_targets_summary_classifier_only.json
  all: FAILED - CUDA out of memory. Tried to allocate 576.00 MiB. GPU 
