============================================================
Sixt1c-LoRA Bayesian Optimization - GLUE
============================================================
Architecture: Standardized Config (PEFT LoRA)
Mode: sixt1c_lora (6T1C analog adapters)
Trials: 30
Epochs: 3
Results dir: /data/results/sixt1c_lora_glue/sixt1c_lora_bias_frozen_20260210_171335

Search Space:
  learning_rate: [0.0001, 0.01] (log)
  lora_alpha: [0.05, 10.0] (log)

Fixed Parameters:
  rank: 8
  architecture: Standardized Config
  base_layer: SoftBounds (frozen, analog)
  lora_A/B: 6T1C sixt1c (trainable, analog)
  noise_management: ABS_MAX
  bound_management: ITERATIVE
  optimizer: AnalogSGD

Default starting point:
  lr: 0.001
  lora_alpha: 0.01

Device: cuda

Running task: sst2

============================================================
Task: SST2
============================================================

============================================================
Starting Sixt1c-LoRA (6T1C analog adapters) sweep for: SST2 - QKV
Target modules: ['query', 'key', 'value']
============================================================
Map:   0%|                                                                                                                                                                                                            | 0/1821 [00:00<?, ? examples/s]Map:  55%|████████████████████████████████████████████████████████████████████████████████████████████████████████▉                                                                                      | 1000/1821 [00:00<00:00, 8696.34 examples/s]Map: 100%|██████████████████████████████████████████████████████████████████████████████████████████████████████████████████████████████████████████████████████████████████████████████████████████████| 1821/1821 [00:00<00:00, 11173.96 examples/s]
Train batches: 1053, Eval batches: 14
huggingface/tokenizers: The current process just got forked, after parallelism has already been used. Disabling parallelism to avoid deadlocks...
To disable this warning, you can either:
	- Avoid using `tokenizers` before the fork if possible
	- Explicitly set the environment variable TOKENIZERS_PARALLELISM=(true | false)
Some weights of MobileBertForSequenceClassification were not initialized from the model checkpoint at google/mobilebert-uncased and are newly initialized: ['classifier.bias', 'classifier.weight']
You should probably TRAIN this model on a down-stream task to be able to use it for predictions and inference.
