{"op_code":0,"worker_id":"a422ec44-52f6-4679-8fe3-4265284d44b6-140737350539072","study_name":"mobilebert_qqp_lrtt_bs128_adam_hybrid_nowd_nomom_nonest_set_noio_notrans_qkvo_10ep","directions":[2]}
{"op_code":4,"worker_id":"a422ec44-52f6-4679-8fe3-4265284d44b6-140737350539072","study_id":0,"datetime_start":"2026-02-23T17:55:49.942366"}
{"op_code":5,"worker_id":"a422ec44-52f6-4679-8fe3-4265284d44b6-140737350539072","trial_id":0,"param_name":"learning_rate","param_value_internal":3.222012983425931e-05,"distribution":"{\"name\": \"FloatDistribution\", \"attributes\": {\"step\": null, \"low\": 1e-05, \"high\": 0.1, \"log\": true}}"}
{"op_code":5,"worker_id":"a422ec44-52f6-4679-8fe3-4265284d44b6-140737350539072","trial_id":0,"param_name":"out_noise","param_value_internal":0.0,"distribution":"{\"name\": \"FloatDistribution\", \"attributes\": {\"step\": null, \"low\": 0.0, \"high\": 0.0, \"log\": false}}"}
{"op_code":5,"worker_id":"a422ec44-52f6-4679-8fe3-4265284d44b6-140737350539072","trial_id":0,"param_name":"ab_weight_scaling_omega","param_value_internal":0.0,"distribution":"{\"name\": \"FloatDistribution\", \"attributes\": {\"step\": null, \"low\": 0.0, \"high\": 0.0, \"log\": false}}"}
{"op_code":5,"worker_id":"a422ec44-52f6-4679-8fe3-4265284d44b6-140737350539072","trial_id":0,"param_name":"min_lr_rate","param_value_internal":0.0,"distribution":"{\"name\": \"FloatDistribution\", \"attributes\": {\"step\": null, \"low\": 0.0, \"high\": 0.0, \"log\": false}}"}
{"op_code":7,"worker_id":"a422ec44-52f6-4679-8fe3-4265284d44b6-140737350539072","trial_id":0,"step":1,"intermediate_value":53.81903642773208}
{"op_code":8,"worker_id":"a422ec44-52f6-4679-8fe3-4265284d44b6-140737350539072","trial_id":0,"user_attr":{"train_loss_epoch_1":89554.34464639885}}
{"op_code":8,"worker_id":"a422ec44-52f6-4679-8fe3-4265284d44b6-140737350539072","trial_id":0,"user_attr":{"val_loss_epoch_1":49641.63301028481}}
{"op_code":7,"worker_id":"a422ec44-52f6-4679-8fe3-4265284d44b6-140737350539072","trial_id":0,"step":2,"intermediate_value":53.81903642773208}
{"op_code":8,"worker_id":"a422ec44-52f6-4679-8fe3-4265284d44b6-140737350539072","trial_id":0,"user_attr":{"train_loss_epoch_2":16764.41164322785}}
{"op_code":8,"worker_id":"a422ec44-52f6-4679-8fe3-4265284d44b6-140737350539072","trial_id":0,"user_attr":{"val_loss_epoch_2":8886.175929588608}}
{"op_code":7,"worker_id":"a422ec44-52f6-4679-8fe3-4265284d44b6-140737350539072","trial_id":0,"step":3,"intermediate_value":53.81903642773208}
{"op_code":8,"worker_id":"a422ec44-52f6-4679-8fe3-4265284d44b6-140737350539072","trial_id":0,"user_attr":{"train_loss_epoch_3":13723.206274525699}}
{"op_code":8,"worker_id":"a422ec44-52f6-4679-8fe3-4265284d44b6-140737350539072","trial_id":0,"user_attr":{"val_loss_epoch_3":9233.105196795887}}
{"op_code":7,"worker_id":"a422ec44-52f6-4679-8fe3-4265284d44b6-140737350539072","trial_id":0,"step":4,"intermediate_value":53.81903642773208}
{"op_code":8,"worker_id":"a422ec44-52f6-4679-8fe3-4265284d44b6-140737350539072","trial_id":0,"user_attr":{"train_loss_epoch_4":8787.397179806521}}
{"op_code":8,"worker_id":"a422ec44-52f6-4679-8fe3-4265284d44b6-140737350539072","trial_id":0,"user_attr":{"val_loss_epoch_4":20416.98789804193}}
{"op_code":6,"worker_id":"a422ec44-52f6-4679-8fe3-4265284d44b6-140737350539072","trial_id":0,"state":1,"values":[53.81903642773208],"datetime_complete":"2026-02-23T18:34:35.746065"}
{"op_code":4,"worker_id":"a422ec44-52f6-4679-8fe3-4265284d44b6-140737350539072","study_id":0,"datetime_start":"2026-02-23T18:34:35.755600"}
{"op_code":5,"worker_id":"a422ec44-52f6-4679-8fe3-4265284d44b6-140737350539072","trial_id":1,"param_name":"learning_rate","param_value_internal":5.522905282710772e-05,"distribution":"{\"name\": \"FloatDistribution\", \"attributes\": {\"step\": null, \"low\": 1e-05, \"high\": 0.1, \"log\": true}}"}
{"op_code":5,"worker_id":"a422ec44-52f6-4679-8fe3-4265284d44b6-140737350539072","trial_id":1,"param_name":"out_noise","param_value_internal":0.0,"distribution":"{\"name\": \"FloatDistribution\", \"attributes\": {\"step\": null, \"low\": 0.0, \"high\": 0.0, \"log\": false}}"}
{"op_code":5,"worker_id":"a422ec44-52f6-4679-8fe3-4265284d44b6-140737350539072","trial_id":1,"param_name":"ab_weight_scaling_omega","param_value_internal":0.0,"distribution":"{\"name\": \"FloatDistribution\", \"attributes\": {\"step\": null, \"low\": 0.0, \"high\": 0.0, \"log\": false}}"}
{"op_code":5,"worker_id":"a422ec44-52f6-4679-8fe3-4265284d44b6-140737350539072","trial_id":1,"param_name":"min_lr_rate","param_value_internal":0.0,"distribution":"{\"name\": \"FloatDistribution\", \"attributes\": {\"step\": null, \"low\": 0.0, \"high\": 0.0, \"log\": false}}"}
{"op_code":7,"worker_id":"a422ec44-52f6-4679-8fe3-4265284d44b6-140737350539072","trial_id":1,"step":1,"intermediate_value":0.0}
{"op_code":8,"worker_id":"a422ec44-52f6-4679-8fe3-4265284d44b6-140737350539072","trial_id":1,"user_attr":{"train_loss_epoch_1":77471.77109961522}}
{"op_code":8,"worker_id":"a422ec44-52f6-4679-8fe3-4265284d44b6-140737350539072","trial_id":1,"user_attr":{"val_loss_epoch_1":27703.943062697785}}
{"op_code":7,"worker_id":"a422ec44-52f6-4679-8fe3-4265284d44b6-140737350539072","trial_id":1,"step":2,"intermediate_value":0.0}
{"op_code":8,"worker_id":"a422ec44-52f6-4679-8fe3-4265284d44b6-140737350539072","trial_id":1,"user_attr":{"train_loss_epoch_2":20751.040231764422}}
{"op_code":8,"worker_id":"a422ec44-52f6-4679-8fe3-4265284d44b6-140737350539072","trial_id":1,"user_attr":{"val_loss_epoch_2":12534.708891663371}}
{"op_code":7,"worker_id":"a422ec44-52f6-4679-8fe3-4265284d44b6-140737350539072","trial_id":1,"step":3,"intermediate_value":54.03339368336351}
{"op_code":8,"worker_id":"a422ec44-52f6-4679-8fe3-4265284d44b6-140737350539072","trial_id":1,"user_attr":{"train_loss_epoch_3":11357.218027925977}}
{"op_code":8,"worker_id":"a422ec44-52f6-4679-8fe3-4265284d44b6-140737350539072","trial_id":1,"user_attr":{"val_loss_epoch_3":1987.9391394506526}}
{"op_code":7,"worker_id":"a422ec44-52f6-4679-8fe3-4265284d44b6-140737350539072","trial_id":1,"step":4,"intermediate_value":54.03339368336351}
{"op_code":8,"worker_id":"a422ec44-52f6-4679-8fe3-4265284d44b6-140737350539072","trial_id":1,"user_attr":{"train_loss_epoch_4":547.0497680913802}}
{"op_code":8,"worker_id":"a422ec44-52f6-4679-8fe3-4265284d44b6-140737350539072","trial_id":1,"user_attr":{"val_loss_epoch_4":0.7198921932449823}}
{"op_code":7,"worker_id":"a422ec44-52f6-4679-8fe3-4265284d44b6-140737350539072","trial_id":1,"step":5,"intermediate_value":54.03339368336351}
{"op_code":8,"worker_id":"a422ec44-52f6-4679-8fe3-4265284d44b6-140737350539072","trial_id":1,"user_attr":{"train_loss_epoch_5":1.375756186747945}}
{"op_code":8,"worker_id":"a422ec44-52f6-4679-8fe3-4265284d44b6-140737350539072","trial_id":1,"user_attr":{"val_loss_epoch_5":0.6376817935629736}}
{"op_code":7,"worker_id":"a422ec44-52f6-4679-8fe3-4265284d44b6-140737350539072","trial_id":1,"step":6,"intermediate_value":54.03339368336351}
{"op_code":8,"worker_id":"a422ec44-52f6-4679-8fe3-4265284d44b6-140737350539072","trial_id":1,"user_attr":{"train_loss_epoch_6":0.947670893133672}}
{"op_code":8,"worker_id":"a422ec44-52f6-4679-8fe3-4265284d44b6-140737350539072","trial_id":1,"user_attr":{"val_loss_epoch_6":0.6023662773114217}}
{"op_code":7,"worker_id":"a422ec44-52f6-4679-8fe3-4265284d44b6-140737350539072","trial_id":1,"step":7,"intermediate_value":56.33454545454546}
{"op_code":8,"worker_id":"a422ec44-52f6-4679-8fe3-4265284d44b6-140737350539072","trial_id":1,"user_attr":{"train_loss_epoch_7":0.8812277315474714}}
{"op_code":8,"worker_id":"a422ec44-52f6-4679-8fe3-4265284d44b6-140737350539072","trial_id":1,"user_attr":{"val_loss_epoch_7":0.5896061873888667}}
{"op_code":7,"worker_id":"a422ec44-52f6-4679-8fe3-4265284d44b6-140737350539072","trial_id":1,"step":8,"intermediate_value":59.4396993508712}
{"op_code":8,"worker_id":"a422ec44-52f6-4679-8fe3-4265284d44b6-140737350539072","trial_id":1,"user_attr":{"train_loss_epoch_8":1.0078128934682276}}
{"op_code":8,"worker_id":"a422ec44-52f6-4679-8fe3-4265284d44b6-140737350539072","trial_id":1,"user_attr":{"val_loss_epoch_8":0.5650592308632935}}
{"op_code":7,"worker_id":"a422ec44-52f6-4679-8fe3-4265284d44b6-140737350539072","trial_id":1,"step":9,"intermediate_value":59.4396993508712}
{"op_code":8,"worker_id":"a422ec44-52f6-4679-8fe3-4265284d44b6-140737350539072","trial_id":1,"user_attr":{"train_loss_epoch_9":0.7695564406672037}}
{"op_code":8,"worker_id":"a422ec44-52f6-4679-8fe3-4265284d44b6-140737350539072","trial_id":1,"user_attr":{"val_loss_epoch_9":0.5571301681331441}}
{"op_code":7,"worker_id":"a422ec44-52f6-4679-8fe3-4265284d44b6-140737350539072","trial_id":1,"step":10,"intermediate_value":59.4396993508712}
{"op_code":8,"worker_id":"a422ec44-52f6-4679-8fe3-4265284d44b6-140737350539072","trial_id":1,"user_attr":{"train_loss_epoch_10":0.7571839887283237}}
{"op_code":8,"worker_id":"a422ec44-52f6-4679-8fe3-4265284d44b6-140737350539072","trial_id":1,"user_attr":{"val_loss_epoch_10":0.5475383280198786}}
{"op_code":6,"worker_id":"a422ec44-52f6-4679-8fe3-4265284d44b6-140737350539072","trial_id":1,"state":1,"values":[59.4396993508712],"datetime_complete":"2026-02-23T20:06:29.187044"}
{"op_code":4,"worker_id":"a422ec44-52f6-4679-8fe3-4265284d44b6-140737350539072","study_id":0,"datetime_start":"2026-02-23T20:06:29.196794"}
{"op_code":5,"worker_id":"a422ec44-52f6-4679-8fe3-4265284d44b6-140737350539072","trial_id":2,"param_name":"learning_rate","param_value_internal":0.0001204384856555166,"distribution":"{\"name\": \"FloatDistribution\", \"attributes\": {\"step\": null, \"low\": 1e-05, \"high\": 0.1, \"log\": true}}"}
{"op_code":5,"worker_id":"a422ec44-52f6-4679-8fe3-4265284d44b6-140737350539072","trial_id":2,"param_name":"out_noise","param_value_internal":0.0,"distribution":"{\"name\": \"FloatDistribution\", \"attributes\": {\"step\": null, \"low\": 0.0, \"high\": 0.0, \"log\": false}}"}
{"op_code":5,"worker_id":"a422ec44-52f6-4679-8fe3-4265284d44b6-140737350539072","trial_id":2,"param_name":"ab_weight_scaling_omega","param_value_internal":0.0,"distribution":"{\"name\": \"FloatDistribution\", \"attributes\": {\"step\": null, \"low\": 0.0, \"high\": 0.0, \"log\": false}}"}
{"op_code":5,"worker_id":"a422ec44-52f6-4679-8fe3-4265284d44b6-140737350539072","trial_id":2,"param_name":"min_lr_rate","param_value_internal":0.0,"distribution":"{\"name\": \"FloatDistribution\", \"attributes\": {\"step\": null, \"low\": 0.0, \"high\": 0.0, \"log\": false}}"}
{"op_code":7,"worker_id":"a422ec44-52f6-4679-8fe3-4265284d44b6-140737350539072","trial_id":2,"step":1,"intermediate_value":0.0}
{"op_code":8,"worker_id":"a422ec44-52f6-4679-8fe3-4265284d44b6-140737350539072","trial_id":2,"user_attr":{"train_loss_epoch_1":51697.25564348702}}
{"op_code":8,"worker_id":"a422ec44-52f6-4679-8fe3-4265284d44b6-140737350539072","trial_id":2,"user_attr":{"val_loss_epoch_1":11410.15215832674}}
{"op_code":7,"worker_id":"a422ec44-52f6-4679-8fe3-4265284d44b6-140737350539072","trial_id":2,"step":2,"intermediate_value":53.81903642773208}
{"op_code":8,"worker_id":"a422ec44-52f6-4679-8fe3-4265284d44b6-140737350539072","trial_id":2,"user_attr":{"train_loss_epoch_2":11762.402325029403}}
{"op_code":8,"worker_id":"a422ec44-52f6-4679-8fe3-4265284d44b6-140737350539072","trial_id":2,"user_attr":{"val_loss_epoch_2":10589.370667276504}}
{"op_code":7,"worker_id":"a422ec44-52f6-4679-8fe3-4265284d44b6-140737350539072","trial_id":2,"step":3,"intermediate_value":54.76466843898603}
{"op_code":8,"worker_id":"a422ec44-52f6-4679-8fe3-4265284d44b6-140737350539072","trial_id":2,"user_attr":{"train_loss_epoch_3":1912.9621860340703}}
{"op_code":8,"worker_id":"a422ec44-52f6-4679-8fe3-4265284d44b6-140737350539072","trial_id":2,"user_attr":{"val_loss_epoch_3":0.6297016873767104}}
{"op_code":7,"worker_id":"a422ec44-52f6-4679-8fe3-4265284d44b6-140737350539072","trial_id":2,"step":4,"intermediate_value":63.15078668377338}
{"op_code":8,"worker_id":"a422ec44-52f6-4679-8fe3-4265284d44b6-140737350539072","trial_id":2,"user_attr":{"train_loss_epoch_4":2.3301122153346236}}
{"op_code":8,"worker_id":"a422ec44-52f6-4679-8fe3-4265284d44b6-140737350539072","trial_id":2,"user_attr":{"val_loss_epoch_4":0.5442940805909}}
{"op_code":7,"worker_id":"a422ec44-52f6-4679-8fe3-4265284d44b6-140737350539072","trial_id":2,"step":5,"intermediate_value":65.68224050968941}
{"op_code":8,"worker_id":"a422ec44-52f6-4679-8fe3-4265284d44b6-140737350539072","trial_id":2,"user_attr":{"train_loss_epoch_5":1.053098078506579}}
{"op_code":8,"worker_id":"a422ec44-52f6-4679-8fe3-4265284d44b6-140737350539072","trial_id":2,"user_attr":{"val_loss_epoch_5":0.5085029294596443}}
{"op_code":7,"worker_id":"a422ec44-52f6-4679-8fe3-4265284d44b6-140737350539072","trial_id":2,"step":6,"intermediate_value":68.21539044252258}
{"op_code":8,"worker_id":"a422ec44-52f6-4679-8fe3-4265284d44b6-140737350539072","trial_id":2,"user_attr":{"train_loss_epoch_6":1.8603829257281952}}
{"op_code":8,"worker_id":"a422ec44-52f6-4679-8fe3-4265284d44b6-140737350539072","trial_id":2,"user_attr":{"val_loss_epoch_6":0.49121013528938534}}
{"op_code":7,"worker_id":"a422ec44-52f6-4679-8fe3-4265284d44b6-140737350539072","trial_id":2,"step":7,"intermediate_value":68.36990797348606}
{"op_code":8,"worker_id":"a422ec44-52f6-4679-8fe3-4265284d44b6-140737350539072","trial_id":2,"user_attr":{"train_loss_epoch_7":0.6740584818779312}}
{"op_code":8,"worker_id":"a422ec44-52f6-4679-8fe3-4265284d44b6-140737350539072","trial_id":2,"user_attr":{"val_loss_epoch_7":0.7993536297279068}}
{"op_code":7,"worker_id":"a422ec44-52f6-4679-8fe3-4265284d44b6-140737350539072","trial_id":2,"step":8,"intermediate_value":68.77734210441038}
{"op_code":8,"worker_id":"a422ec44-52f6-4679-8fe3-4265284d44b6-140737350539072","trial_id":2,"user_attr":{"train_loss_epoch_8":0.5198612248985607}}
{"op_code":8,"worker_id":"a422ec44-52f6-4679-8fe3-4265284d44b6-140737350539072","trial_id":2,"user_attr":{"val_loss_epoch_8":0.4708932845652858}}
{"op_code":7,"worker_id":"a422ec44-52f6-4679-8fe3-4265284d44b6-140737350539072","trial_id":2,"step":9,"intermediate_value":69.59129630220464}
{"op_code":8,"worker_id":"a422ec44-52f6-4679-8fe3-4265284d44b6-140737350539072","trial_id":2,"user_attr":{"train_loss_epoch_9":0.6839087853077805}}
{"op_code":8,"worker_id":"a422ec44-52f6-4679-8fe3-4265284d44b6-140737350539072","trial_id":2,"user_attr":{"val_loss_epoch_9":0.47591464032855213}}
{"op_code":7,"worker_id":"a422ec44-52f6-4679-8fe3-4265284d44b6-140737350539072","trial_id":2,"step":10,"intermediate_value":69.955919395466}
{"op_code":8,"worker_id":"a422ec44-52f6-4679-8fe3-4265284d44b6-140737350539072","trial_id":2,"user_attr":{"train_loss_epoch_10":0.5113472076649822}}
{"op_code":8,"worker_id":"a422ec44-52f6-4679-8fe3-4265284d44b6-140737350539072","trial_id":2,"user_attr":{"val_loss_epoch_10":0.4732938718192185}}
{"op_code":6,"worker_id":"a422ec44-52f6-4679-8fe3-4265284d44b6-140737350539072","trial_id":2,"state":1,"values":[69.955919395466],"datetime_complete":"2026-02-23T22:52:43.721834"}
{"op_code":4,"worker_id":"a422ec44-52f6-4679-8fe3-4265284d44b6-140737350539072","study_id":0,"datetime_start":"2026-02-23T22:52:43.730792"}
{"op_code":5,"worker_id":"a422ec44-52f6-4679-8fe3-4265284d44b6-140737350539072","trial_id":3,"param_name":"learning_rate","param_value_internal":1.3442457449788647e-05,"distribution":"{\"name\": \"FloatDistribution\", \"attributes\": {\"step\": null, \"low\": 1e-05, \"high\": 0.1, \"log\": true}}"}
{"op_code":5,"worker_id":"a422ec44-52f6-4679-8fe3-4265284d44b6-140737350539072","trial_id":3,"param_name":"out_noise","param_value_internal":0.0,"distribution":"{\"name\": \"FloatDistribution\", \"attributes\": {\"step\": null, \"low\": 0.0, \"high\": 0.0, \"log\": false}}"}
{"op_code":5,"worker_id":"a422ec44-52f6-4679-8fe3-4265284d44b6-140737350539072","trial_id":3,"param_name":"ab_weight_scaling_omega","param_value_internal":0.0,"distribution":"{\"name\": \"FloatDistribution\", \"attributes\": {\"step\": null, \"low\": 0.0, \"high\": 0.0, \"log\": false}}"}
{"op_code":5,"worker_id":"a422ec44-52f6-4679-8fe3-4265284d44b6-140737350539072","trial_id":3,"param_name":"min_lr_rate","param_value_internal":0.0,"distribution":"{\"name\": \"FloatDistribution\", \"attributes\": {\"step\": null, \"low\": 0.0, \"high\": 0.0, \"log\": false}}"}
{"op_code":7,"worker_id":"a422ec44-52f6-4679-8fe3-4265284d44b6-140737350539072","trial_id":3,"step":1,"intermediate_value":53.81903642773208}
{"op_code":8,"worker_id":"a422ec44-52f6-4679-8fe3-4265284d44b6-140737350539072","trial_id":3,"user_attr":{"train_loss_epoch_1":120325.1875754835}}
{"op_code":8,"worker_id":"a422ec44-52f6-4679-8fe3-4265284d44b6-140737350539072","trial_id":3,"user_attr":{"val_loss_epoch_1":2244.7423203866692}}
{"op_code":7,"worker_id":"a422ec44-52f6-4679-8fe3-4265284d44b6-140737350539072","trial_id":3,"step":2,"intermediate_value":53.81903642773208}
{"op_code":8,"worker_id":"a422ec44-52f6-4679-8fe3-4265284d44b6-140737350539072","trial_id":3,"user_attr":{"train_loss_epoch_2":3099.6428193458987}}
{"op_code":8,"worker_id":"a422ec44-52f6-4679-8fe3-4265284d44b6-140737350539072","trial_id":3,"user_attr":{"val_loss_epoch_2":1626.5483707476267}}
{"op_code":7,"worker_id":"a422ec44-52f6-4679-8fe3-4265284d44b6-140737350539072","trial_id":3,"step":3,"intermediate_value":53.81903642773208}
{"op_code":8,"worker_id":"a422ec44-52f6-4679-8fe3-4265284d44b6-140737350539072","trial_id":3,"user_attr":{"train_loss_epoch_3":2638.6977624078054}}
{"op_code":8,"worker_id":"a422ec44-52f6-4679-8fe3-4265284d44b6-140737350539072","trial_id":3,"user_attr":{"val_loss_epoch_3":3181.0857057209255}}
{"op_code":7,"worker_id":"a422ec44-52f6-4679-8fe3-4265284d44b6-140737350539072","trial_id":3,"step":4,"intermediate_value":53.81903642773208}
{"op_code":8,"worker_id":"a422ec44-52f6-4679-8fe3-4265284d44b6-140737350539072","trial_id":3,"user_attr":{"train_loss_epoch_4":2206.165509696582}}
{"op_code":8,"worker_id":"a422ec44-52f6-4679-8fe3-4265284d44b6-140737350539072","trial_id":3,"user_attr":{"val_loss_epoch_4":2954.592138362836}}
{"op_code":6,"worker_id":"a422ec44-52f6-4679-8fe3-4265284d44b6-140737350539072","trial_id":3,"state":1,"values":[53.81903642773208],"datetime_complete":"2026-02-24T01:27:38.876509"}
{"op_code":4,"worker_id":"a422ec44-52f6-4679-8fe3-4265284d44b6-140737350539072","study_id":0,"datetime_start":"2026-02-24T01:27:38.882946"}
{"op_code":5,"worker_id":"a422ec44-52f6-4679-8fe3-4265284d44b6-140737350539072","trial_id":4,"param_name":"learning_rate","param_value_internal":0.00029397479935415054,"distribution":"{\"name\": \"FloatDistribution\", \"attributes\": {\"step\": null, \"low\": 1e-05, \"high\": 0.1, \"log\": true}}"}
{"op_code":5,"worker_id":"a422ec44-52f6-4679-8fe3-4265284d44b6-140737350539072","trial_id":4,"param_name":"out_noise","param_value_internal":0.0,"distribution":"{\"name\": \"FloatDistribution\", \"attributes\": {\"step\": null, \"low\": 0.0, \"high\": 0.0, \"log\": false}}"}
{"op_code":5,"worker_id":"a422ec44-52f6-4679-8fe3-4265284d44b6-140737350539072","trial_id":4,"param_name":"ab_weight_scaling_omega","param_value_internal":0.0,"distribution":"{\"name\": \"FloatDistribution\", \"attributes\": {\"step\": null, \"low\": 0.0, \"high\": 0.0, \"log\": false}}"}
{"op_code":5,"worker_id":"a422ec44-52f6-4679-8fe3-4265284d44b6-140737350539072","trial_id":4,"param_name":"min_lr_rate","param_value_internal":0.0,"distribution":"{\"name\": \"FloatDistribution\", \"attributes\": {\"step\": null, \"low\": 0.0, \"high\": 0.0, \"log\": false}}"}
{"op_code":7,"worker_id":"a422ec44-52f6-4679-8fe3-4265284d44b6-140737350539072","trial_id":4,"step":1,"intermediate_value":55.88959693498573}
{"op_code":8,"worker_id":"a422ec44-52f6-4679-8fe3-4265284d44b6-140737350539072","trial_id":4,"user_attr":{"train_loss_epoch_1":66883.5530320799}}
{"op_code":8,"worker_id":"a422ec44-52f6-4679-8fe3-4265284d44b6-140737350539072","trial_id":4,"user_attr":{"val_loss_epoch_1":0.5419077712901031}}
{"op_code":7,"worker_id":"a422ec44-52f6-4679-8fe3-4265284d44b6-140737350539072","trial_id":4,"step":2,"intermediate_value":70.79848366327697}
{"op_code":8,"worker_id":"a422ec44-52f6-4679-8fe3-4265284d44b6-140737350539072","trial_id":4,"user_attr":{"train_loss_epoch_2":0.6180466800833772}}
{"op_code":8,"worker_id":"a422ec44-52f6-4679-8fe3-4265284d44b6-140737350539072","trial_id":4,"user_attr":{"val_loss_epoch_2":0.4806138077114202}}
{"op_code":7,"worker_id":"a422ec44-52f6-4679-8fe3-4265284d44b6-140737350539072","trial_id":4,"step":3,"intermediate_value":70.79848366327697}
{"op_code":8,"worker_id":"a422ec44-52f6-4679-8fe3-4265284d44b6-140737350539072","trial_id":4,"user_attr":{"train_loss_epoch_3":0.5198267545030858}}
{"op_code":8,"worker_id":"a422ec44-52f6-4679-8fe3-4265284d44b6-140737350539072","trial_id":4,"user_attr":{"val_loss_epoch_3":0.4465714781721936}}
{"op_code":7,"worker_id":"a422ec44-52f6-4679-8fe3-4265284d44b6-140737350539072","trial_id":4,"step":4,"intermediate_value":72.64978691401353}
{"op_code":8,"worker_id":"a422ec44-52f6-4679-8fe3-4265284d44b6-140737350539072","trial_id":4,"user_attr":{"train_loss_epoch_4":1.9467940525588459}}
{"op_code":8,"worker_id":"a422ec44-52f6-4679-8fe3-4265284d44b6-140737350539072","trial_id":4,"user_attr":{"val_loss_epoch_4":0.4396473318338394}}
{"op_code":7,"worker_id":"a422ec44-52f6-4679-8fe3-4265284d44b6-140737350539072","trial_id":4,"step":5,"intermediate_value":73.61102640726962}
{"op_code":8,"worker_id":"a422ec44-52f6-4679-8fe3-4265284d44b6-140737350539072","trial_id":4,"user_attr":{"train_loss_epoch_5":0.4854666245600056}}
{"op_code":8,"worker_id":"a422ec44-52f6-4679-8fe3-4265284d44b6-140737350539072","trial_id":4,"user_attr":{"val_loss_epoch_5":0.43620562364783466}}
{"op_code":7,"worker_id":"a422ec44-52f6-4679-8fe3-4265284d44b6-140737350539072","trial_id":4,"step":6,"intermediate_value":74.62074373435473}
{"op_code":8,"worker_id":"a422ec44-52f6-4679-8fe3-4265284d44b6-140737350539072","trial_id":4,"user_attr":{"train_loss_epoch_6":0.453889606894635}}
{"op_code":8,"worker_id":"a422ec44-52f6-4679-8fe3-4265284d44b6-140737350539072","trial_id":4,"user_attr":{"val_loss_epoch_6":0.43311910123764713}}
{"op_code":7,"worker_id":"a422ec44-52f6-4679-8fe3-4265284d44b6-140737350539072","trial_id":4,"step":7,"intermediate_value":74.62074373435473}
{"op_code":8,"worker_id":"a422ec44-52f6-4679-8fe3-4265284d44b6-140737350539072","trial_id":4,"user_attr":{"train_loss_epoch_7":0.4557180979429648}}
{"op_code":8,"worker_id":"a422ec44-52f6-4679-8fe3-4265284d44b6-140737350539072","trial_id":4,"user_attr":{"val_loss_epoch_7":0.4657345357574994}}
{"op_code":7,"worker_id":"a422ec44-52f6-4679-8fe3-4265284d44b6-140737350539072","trial_id":4,"step":8,"intermediate_value":75.17427545904897}
{"op_code":8,"worker_id":"a422ec44-52f6-4679-8fe3-4265284d44b6-140737350539072","trial_id":4,"user_attr":{"train_loss_epoch_8":1.2040348251101587}}
{"op_code":8,"worker_id":"a422ec44-52f6-4679-8fe3-4265284d44b6-140737350539072","trial_id":4,"user_attr":{"val_loss_epoch_8":0.4321417897185193}}
{"op_code":7,"worker_id":"a422ec44-52f6-4679-8fe3-4265284d44b6-140737350539072","trial_id":4,"step":9,"intermediate_value":75.17427545904897}
{"op_code":8,"worker_id":"a422ec44-52f6-4679-8fe3-4265284d44b6-140737350539072","trial_id":4,"user_attr":{"train_loss_epoch_9":0.44048717765794687}}
{"op_code":8,"worker_id":"a422ec44-52f6-4679-8fe3-4265284d44b6-140737350539072","trial_id":4,"user_attr":{"val_loss_epoch_9":0.4204697403349454}}
{"op_code":7,"worker_id":"a422ec44-52f6-4679-8fe3-4265284d44b6-140737350539072","trial_id":4,"step":10,"intermediate_value":75.17427545904897}
{"op_code":8,"worker_id":"a422ec44-52f6-4679-8fe3-4265284d44b6-140737350539072","trial_id":4,"user_attr":{"train_loss_epoch_10":0.4532290040146831}}
{"op_code":8,"worker_id":"a422ec44-52f6-4679-8fe3-4265284d44b6-140737350539072","trial_id":4,"user_attr":{"val_loss_epoch_10":0.4179078359392625}}
{"op_code":6,"worker_id":"a422ec44-52f6-4679-8fe3-4265284d44b6-140737350539072","trial_id":4,"state":1,"values":[75.17427545904897],"datetime_complete":"2026-02-24T08:18:31.379070"}
{"op_code":4,"worker_id":"a422ec44-52f6-4679-8fe3-4265284d44b6-140737350539072","study_id":0,"datetime_start":"2026-02-24T08:18:31.386443"}
{"op_code":5,"worker_id":"a422ec44-52f6-4679-8fe3-4265284d44b6-140737350539072","trial_id":5,"param_name":"learning_rate","param_value_internal":3.1347471319437624e-05,"distribution":"{\"name\": \"FloatDistribution\", \"attributes\": {\"step\": null, \"low\": 1e-05, \"high\": 0.1, \"log\": true}}"}
{"op_code":5,"worker_id":"a422ec44-52f6-4679-8fe3-4265284d44b6-140737350539072","trial_id":5,"param_name":"out_noise","param_value_internal":0.0,"distribution":"{\"name\": \"FloatDistribution\", \"attributes\": {\"step\": null, \"low\": 0.0, \"high\": 0.0, \"log\": false}}"}
{"op_code":5,"worker_id":"a422ec44-52f6-4679-8fe3-4265284d44b6-140737350539072","trial_id":5,"param_name":"ab_weight_scaling_omega","param_value_internal":0.0,"distribution":"{\"name\": \"FloatDistribution\", \"attributes\": {\"step\": null, \"low\": 0.0, \"high\": 0.0, \"log\": false}}"}
{"op_code":5,"worker_id":"a422ec44-52f6-4679-8fe3-4265284d44b6-140737350539072","trial_id":5,"param_name":"min_lr_rate","param_value_internal":0.0,"distribution":"{\"name\": \"FloatDistribution\", \"attributes\": {\"step\": null, \"low\": 0.0, \"high\": 0.0, \"log\": false}}"}
{"op_code":7,"worker_id":"a422ec44-52f6-4679-8fe3-4265284d44b6-140737350539072","trial_id":5,"step":1,"intermediate_value":53.81903642773208}
{"op_code":8,"worker_id":"a422ec44-52f6-4679-8fe3-4265284d44b6-140737350539072","trial_id":5,"user_attr":{"train_loss_epoch_1":93703.4976994276}}
{"op_code":8,"worker_id":"a422ec44-52f6-4679-8fe3-4265284d44b6-140737350539072","trial_id":5,"user_attr":{"val_loss_epoch_1":37268.1211431962}}
{"op_code":7,"worker_id":"a422ec44-52f6-4679-8fe3-4265284d44b6-140737350539072","trial_id":5,"step":2,"intermediate_value":53.81903642773208}
{"op_code":8,"worker_id":"a422ec44-52f6-4679-8fe3-4265284d44b6-140737350539072","trial_id":5,"user_attr":{"train_loss_epoch_2":20121.804845680454}}
{"op_code":8,"worker_id":"a422ec44-52f6-4679-8fe3-4265284d44b6-140737350539072","trial_id":5,"user_attr":{"val_loss_epoch_2":15168.967674545094}}
{"op_code":7,"worker_id":"a422ec44-52f6-4679-8fe3-4265284d44b6-140737350539072","trial_id":5,"step":3,"intermediate_value":53.81903642773208}
{"op_code":8,"worker_id":"a422ec44-52f6-4679-8fe3-4265284d44b6-140737350539072","trial_id":5,"user_attr":{"train_loss_epoch_3":15587.270566035273}}
{"op_code":8,"worker_id":"a422ec44-52f6-4679-8fe3-4265284d44b6-140737350539072","trial_id":5,"user_attr":{"val_loss_epoch_3":8188.482650563687}}
{"op_code":7,"worker_id":"a422ec44-52f6-4679-8fe3-4265284d44b6-140737350539072","trial_id":5,"step":4,"intermediate_value":53.81903642773208}
{"op_code":8,"worker_id":"a422ec44-52f6-4679-8fe3-4265284d44b6-140737350539072","trial_id":5,"user_attr":{"train_loss_epoch_4":9582.36183598559}}
{"op_code":8,"worker_id":"a422ec44-52f6-4679-8fe3-4265284d44b6-140737350539072","trial_id":5,"user_attr":{"val_loss_epoch_4":7418.228670144383}}
{"op_code":7,"worker_id":"a422ec44-52f6-4679-8fe3-4265284d44b6-140737350539072","trial_id":5,"step":5,"intermediate_value":53.81903642773208}
{"op_code":8,"worker_id":"a422ec44-52f6-4679-8fe3-4265284d44b6-140737350539072","trial_id":5,"user_attr":{"train_loss_epoch_5":3730.1937176640336}}
{"op_code":8,"worker_id":"a422ec44-52f6-4679-8fe3-4265284d44b6-140737350539072","trial_id":5,"user_attr":{"val_loss_epoch_5":1281.5054556931123}}
{"op_code":7,"worker_id":"a422ec44-52f6-4679-8fe3-4265284d44b6-140737350539072","trial_id":5,"step":6,"intermediate_value":53.81903642773208}
{"op_code":8,"worker_id":"a422ec44-52f6-4679-8fe3-4265284d44b6-140737350539072","trial_id":5,"user_attr":{"train_loss_epoch_6":364.97376419023607}}
{"op_code":8,"worker_id":"a422ec44-52f6-4679-8fe3-4265284d44b6-140737350539072","trial_id":5,"user_attr":{"val_loss_epoch_6":14.049540308457386}}
{"op_code":7,"worker_id":"a422ec44-52f6-4679-8fe3-4265284d44b6-140737350539072","trial_id":5,"step":7,"intermediate_value":53.81903642773208}
{"op_code":8,"worker_id":"a422ec44-52f6-4679-8fe3-4265284d44b6-140737350539072","trial_id":5,"user_attr":{"train_loss_epoch_7":25.307877724538837}}
{"op_code":8,"worker_id":"a422ec44-52f6-4679-8fe3-4265284d44b6-140737350539072","trial_id":5,"user_attr":{"val_loss_epoch_7":19.25917481772507}}
{"op_code":7,"worker_id":"a422ec44-52f6-4679-8fe3-4265284d44b6-140737350539072","trial_id":5,"step":8,"intermediate_value":53.81903642773208}
{"op_code":8,"worker_id":"a422ec44-52f6-4679-8fe3-4265284d44b6-140737350539072","trial_id":5,"user_attr":{"train_loss_epoch_8":8.455251842244511}}
{"op_code":8,"worker_id":"a422ec44-52f6-4679-8fe3-4265284d44b6-140737350539072","trial_id":5,"user_attr":{"val_loss_epoch_8":2.313923616952534}}
{"op_code":7,"worker_id":"a422ec44-52f6-4679-8fe3-4265284d44b6-140737350539072","trial_id":5,"step":9,"intermediate_value":55.34433693796244}
{"op_code":8,"worker_id":"a422ec44-52f6-4679-8fe3-4265284d44b6-140737350539072","trial_id":5,"user_attr":{"train_loss_epoch_9":3.4982430170297705}}
{"op_code":8,"worker_id":"a422ec44-52f6-4679-8fe3-4265284d44b6-140737350539072","trial_id":5,"user_attr":{"val_loss_epoch_9":1.1082967964908745}}
{"op_code":7,"worker_id":"a422ec44-52f6-4679-8fe3-4265284d44b6-140737350539072","trial_id":5,"step":10,"intermediate_value":55.34433693796244}
{"op_code":8,"worker_id":"a422ec44-52f6-4679-8fe3-4265284d44b6-140737350539072","trial_id":5,"user_attr":{"train_loss_epoch_10":1.5282136115481055}}
{"op_code":8,"worker_id":"a422ec44-52f6-4679-8fe3-4265284d44b6-140737350539072","trial_id":5,"user_attr":{"val_loss_epoch_10":0.6664632981336569}}
{"op_code":6,"worker_id":"a422ec44-52f6-4679-8fe3-4265284d44b6-140737350539072","trial_id":5,"state":1,"values":[55.34433693796244],"datetime_complete":"2026-02-24T15:15:42.005454"}
{"op_code":4,"worker_id":"a422ec44-52f6-4679-8fe3-4265284d44b6-140737350539072","study_id":0,"datetime_start":"2026-02-24T15:15:42.012937"}
{"op_code":5,"worker_id":"a422ec44-52f6-4679-8fe3-4265284d44b6-140737350539072","trial_id":6,"param_name":"learning_rate","param_value_internal":0.0001229534950395065,"distribution":"{\"name\": \"FloatDistribution\", \"attributes\": {\"step\": null, \"low\": 1e-05, \"high\": 0.1, \"log\": true}}"}
{"op_code":5,"worker_id":"a422ec44-52f6-4679-8fe3-4265284d44b6-140737350539072","trial_id":6,"param_name":"out_noise","param_value_internal":0.0,"distribution":"{\"name\": \"FloatDistribution\", \"attributes\": {\"step\": null, \"low\": 0.0, \"high\": 0.0, \"log\": false}}"}
{"op_code":5,"worker_id":"a422ec44-52f6-4679-8fe3-4265284d44b6-140737350539072","trial_id":6,"param_name":"ab_weight_scaling_omega","param_value_internal":0.0,"distribution":"{\"name\": \"FloatDistribution\", \"attributes\": {\"step\": null, \"low\": 0.0, \"high\": 0.0, \"log\": false}}"}
{"op_code":5,"worker_id":"a422ec44-52f6-4679-8fe3-4265284d44b6-140737350539072","trial_id":6,"param_name":"min_lr_rate","param_value_internal":0.0,"distribution":"{\"name\": \"FloatDistribution\", \"attributes\": {\"step\": null, \"low\": 0.0, \"high\": 0.0, \"log\": false}}"}
{"op_code":7,"worker_id":"a422ec44-52f6-4679-8fe3-4265284d44b6-140737350539072","trial_id":6,"step":1,"intermediate_value":53.81903642773208}
{"op_code":8,"worker_id":"a422ec44-52f6-4679-8fe3-4265284d44b6-140737350539072","trial_id":6,"user_attr":{"train_loss_epoch_1":78992.02660523105}}
{"op_code":8,"worker_id":"a422ec44-52f6-4679-8fe3-4265284d44b6-140737350539072","trial_id":6,"user_attr":{"val_loss_epoch_1":42976.356556566454}}
{"op_code":7,"worker_id":"a422ec44-52f6-4679-8fe3-4265284d44b6-140737350539072","trial_id":6,"step":2,"intermediate_value":62.250205310703535}
{"op_code":8,"worker_id":"a422ec44-52f6-4679-8fe3-4265284d44b6-140737350539072","trial_id":6,"user_attr":{"train_loss_epoch_2":11939.890366437012}}
{"op_code":8,"worker_id":"a422ec44-52f6-4679-8fe3-4265284d44b6-140737350539072","trial_id":6,"user_attr":{"val_loss_epoch_2":0.6720818647100956}}
{"op_code":7,"worker_id":"a422ec44-52f6-4679-8fe3-4265284d44b6-140737350539072","trial_id":6,"step":3,"intermediate_value":64.66778446263602}
{"op_code":8,"worker_id":"a422ec44-52f6-4679-8fe3-4265284d44b6-140737350539072","trial_id":6,"user_attr":{"train_loss_epoch_3":1.09923024353451}}
{"op_code":8,"worker_id":"a422ec44-52f6-4679-8fe3-4265284d44b6-140737350539072","trial_id":6,"user_attr":{"val_loss_epoch_3":0.5187485691490052}}
{"op_code":7,"worker_id":"a422ec44-52f6-4679-8fe3-4265284d44b6-140737350539072","trial_id":6,"step":4,"intermediate_value":67.8028266987068}
{"op_code":8,"worker_id":"a422ec44-52f6-4679-8fe3-4265284d44b6-140737350539072","trial_id":6,"user_attr":{"train_loss_epoch_4":1.1402408965783684}}
{"op_code":8,"worker_id":"a422ec44-52f6-4679-8fe3-4265284d44b6-140737350539072","trial_id":6,"user_attr":{"val_loss_epoch_4":0.49708472494083117}}
{"op_code":7,"worker_id":"a422ec44-52f6-4679-8fe3-4265284d44b6-140737350539072","trial_id":6,"step":5,"intermediate_value":68.69772230086218}
{"op_code":8,"worker_id":"a422ec44-52f6-4679-8fe3-4265284d44b6-140737350539072","trial_id":6,"user_attr":{"train_loss_epoch_5":1.2710004122564167}}
{"op_code":8,"worker_id":"a422ec44-52f6-4679-8fe3-4265284d44b6-140737350539072","trial_id":6,"user_attr":{"val_loss_epoch_5":0.4931132731181157}}
{"op_code":7,"worker_id":"a422ec44-52f6-4679-8fe3-4265284d44b6-140737350539072","trial_id":6,"step":6,"intermediate_value":70.94431713341865}
{"op_code":8,"worker_id":"a422ec44-52f6-4679-8fe3-4265284d44b6-140737350539072","trial_id":6,"user_attr":{"train_loss_epoch_6":0.907320229249482}}
{"op_code":8,"worker_id":"a422ec44-52f6-4679-8fe3-4265284d44b6-140737350539072","trial_id":6,"user_attr":{"val_loss_epoch_6":0.48685799840884875}}
{"op_code":7,"worker_id":"a422ec44-52f6-4679-8fe3-4265284d44b6-140737350539072","trial_id":6,"step":7,"intermediate_value":70.94431713341865}
{"op_code":8,"worker_id":"a422ec44-52f6-4679-8fe3-4265284d44b6-140737350539072","trial_id":6,"user_attr":{"train_loss_epoch_7":0.6006180074195647}}
{"op_code":8,"worker_id":"a422ec44-52f6-4679-8fe3-4265284d44b6-140737350539072","trial_id":6,"user_attr":{"val_loss_epoch_7":0.46582968457590174}}
{"op_code":7,"worker_id":"a422ec44-52f6-4679-8fe3-4265284d44b6-140737350539072","trial_id":6,"step":8,"intermediate_value":70.94431713341865}
{"op_code":8,"worker_id":"a422ec44-52f6-4679-8fe3-4265284d44b6-140737350539072","trial_id":6,"user_attr":{"train_loss_epoch_8":0.4998381715549619}}
{"op_code":8,"worker_id":"a422ec44-52f6-4679-8fe3-4265284d44b6-140737350539072","trial_id":6,"user_attr":{"val_loss_epoch_8":0.4637392085941532}}
{"op_code":7,"worker_id":"a422ec44-52f6-4679-8fe3-4265284d44b6-140737350539072","trial_id":6,"step":9,"intermediate_value":71.499399501124}
{"op_code":8,"worker_id":"a422ec44-52f6-4679-8fe3-4265284d44b6-140737350539072","trial_id":6,"user_attr":{"train_loss_epoch_9":0.6572009345154254}}
{"op_code":8,"worker_id":"a422ec44-52f6-4679-8fe3-4265284d44b6-140737350539072","trial_id":6,"user_attr":{"val_loss_epoch_9":0.4613677302870569}}
{"op_code":7,"worker_id":"a422ec44-52f6-4679-8fe3-4265284d44b6-140737350539072","trial_id":6,"step":10,"intermediate_value":71.499399501124}
{"op_code":8,"worker_id":"a422ec44-52f6-4679-8fe3-4265284d44b6-140737350539072","trial_id":6,"user_attr":{"train_loss_epoch_10":0.5061118879705678}}
{"op_code":8,"worker_id":"a422ec44-52f6-4679-8fe3-4265284d44b6-140737350539072","trial_id":6,"user_attr":{"val_loss_epoch_10":0.46244564218611656}}
{"op_code":6,"worker_id":"a422ec44-52f6-4679-8fe3-4265284d44b6-140737350539072","trial_id":6,"state":1,"values":[71.499399501124],"datetime_complete":"2026-02-24T22:09:20.706034"}
{"op_code":4,"worker_id":"a422ec44-52f6-4679-8fe3-4265284d44b6-140737350539072","study_id":0,"datetime_start":"2026-02-24T22:09:20.714660"}
{"op_code":5,"worker_id":"a422ec44-52f6-4679-8fe3-4265284d44b6-140737350539072","trial_id":7,"param_name":"learning_rate","param_value_internal":0.001137151415287745,"distribution":"{\"name\": \"FloatDistribution\", \"attributes\": {\"step\": null, \"low\": 1e-05, \"high\": 0.1, \"log\": true}}"}
{"op_code":5,"worker_id":"a422ec44-52f6-4679-8fe3-4265284d44b6-140737350539072","trial_id":7,"param_name":"out_noise","param_value_internal":0.0,"distribution":"{\"name\": \"FloatDistribution\", \"attributes\": {\"step\": null, \"low\": 0.0, \"high\": 0.0, \"log\": false}}"}
{"op_code":5,"worker_id":"a422ec44-52f6-4679-8fe3-4265284d44b6-140737350539072","trial_id":7,"param_name":"ab_weight_scaling_omega","param_value_internal":0.0,"distribution":"{\"name\": \"FloatDistribution\", \"attributes\": {\"step\": null, \"low\": 0.0, \"high\": 0.0, \"log\": false}}"}
{"op_code":5,"worker_id":"a422ec44-52f6-4679-8fe3-4265284d44b6-140737350539072","trial_id":7,"param_name":"min_lr_rate","param_value_internal":0.0,"distribution":"{\"name\": \"FloatDistribution\", \"attributes\": {\"step\": null, \"low\": 0.0, \"high\": 0.0, \"log\": false}}"}
{"op_code":7,"worker_id":"a422ec44-52f6-4679-8fe3-4265284d44b6-140737350539072","trial_id":7,"step":1,"intermediate_value":69.55040871934605}
{"op_code":8,"worker_id":"a422ec44-52f6-4679-8fe3-4265284d44b6-140737350539072","trial_id":7,"user_attr":{"train_loss_epoch_1":49077.548052277314}}
{"op_code":8,"worker_id":"a422ec44-52f6-4679-8fe3-4265284d44b6-140737350539072","trial_id":7,"user_attr":{"val_loss_epoch_1":0.44165933848936345}}
{"op_code":7,"worker_id":"a422ec44-52f6-4679-8fe3-4265284d44b6-140737350539072","trial_id":7,"step":2,"intermediate_value":75.0219773779523}
{"op_code":8,"worker_id":"a422ec44-52f6-4679-8fe3-4265284d44b6-140737350539072","trial_id":7,"user_attr":{"train_loss_epoch_2":0.5111077827674337}}
{"op_code":8,"worker_id":"a422ec44-52f6-4679-8fe3-4265284d44b6-140737350539072","trial_id":7,"user_attr":{"val_loss_epoch_2":0.43828021933006334}}
{"op_code":7,"worker_id":"a422ec44-52f6-4679-8fe3-4265284d44b6-140737350539072","trial_id":7,"step":3,"intermediate_value":75.58509465461304}
{"op_code":8,"worker_id":"a422ec44-52f6-4679-8fe3-4265284d44b6-140737350539072","trial_id":7,"user_attr":{"train_loss_epoch_3":1.4743550906309644}}
{"op_code":8,"worker_id":"a422ec44-52f6-4679-8fe3-4265284d44b6-140737350539072","trial_id":7,"user_attr":{"val_loss_epoch_3":0.4004513134684744}}
{"op_code":7,"worker_id":"a422ec44-52f6-4679-8fe3-4265284d44b6-140737350539072","trial_id":7,"step":4,"intermediate_value":75.58509465461304}
{"op_code":8,"worker_id":"a422ec44-52f6-4679-8fe3-4265284d44b6-140737350539072","trial_id":7,"user_attr":{"train_loss_epoch_4":0.6828359306864952}}
{"op_code":8,"worker_id":"a422ec44-52f6-4679-8fe3-4265284d44b6-140737350539072","trial_id":7,"user_attr":{"val_loss_epoch_4":0.39115732191484187}}
{"op_code":7,"worker_id":"a422ec44-52f6-4679-8fe3-4265284d44b6-140737350539072","trial_id":7,"step":5,"intermediate_value":75.58509465461304}
{"op_code":8,"worker_id":"a422ec44-52f6-4679-8fe3-4265284d44b6-140737350539072","trial_id":7,"user_attr":{"train_loss_epoch_5":0.6613793502464456}}
{"op_code":8,"worker_id":"a422ec44-52f6-4679-8fe3-4265284d44b6-140737350539072","trial_id":7,"user_attr":{"val_loss_epoch_5":0.3873910458782051}}
{"op_code":7,"worker_id":"a422ec44-52f6-4679-8fe3-4265284d44b6-140737350539072","trial_id":7,"step":6,"intermediate_value":76.81246255242661}
{"op_code":8,"worker_id":"a422ec44-52f6-4679-8fe3-4265284d44b6-140737350539072","trial_id":7,"user_attr":{"train_loss_epoch_6":0.411645537283569}}
{"op_code":8,"worker_id":"a422ec44-52f6-4679-8fe3-4265284d44b6-140737350539072","trial_id":7,"user_attr":{"val_loss_epoch_6":0.40153963109360463}}
{"op_code":7,"worker_id":"a422ec44-52f6-4679-8fe3-4265284d44b6-140737350539072","trial_id":7,"step":7,"intermediate_value":76.81246255242661}
{"op_code":8,"worker_id":"a422ec44-52f6-4679-8fe3-4265284d44b6-140737350539072","trial_id":7,"user_attr":{"train_loss_epoch_7":1.7480108350085575}}
{"op_code":8,"worker_id":"a422ec44-52f6-4679-8fe3-4265284d44b6-140737350539072","trial_id":7,"user_attr":{"val_loss_epoch_7":0.3793542073874534}}
{"op_code":7,"worker_id":"a422ec44-52f6-4679-8fe3-4265284d44b6-140737350539072","trial_id":7,"step":8,"intermediate_value":76.81246255242661}
{"op_code":8,"worker_id":"a422ec44-52f6-4679-8fe3-4265284d44b6-140737350539072","trial_id":7,"user_attr":{"train_loss_epoch_8":0.4019702378761336}}
{"op_code":8,"worker_id":"a422ec44-52f6-4679-8fe3-4265284d44b6-140737350539072","trial_id":7,"user_attr":{"val_loss_epoch_8":0.37638293093518366}}
{"op_code":7,"worker_id":"a422ec44-52f6-4679-8fe3-4265284d44b6-140737350539072","trial_id":7,"step":9,"intermediate_value":76.81246255242661}
{"op_code":8,"worker_id":"a422ec44-52f6-4679-8fe3-4265284d44b6-140737350539072","trial_id":7,"user_attr":{"train_loss_epoch_9":0.424179844073414}}
{"op_code":8,"worker_id":"a422ec44-52f6-4679-8fe3-4265284d44b6-140737350539072","trial_id":7,"user_attr":{"val_loss_epoch_9":0.37834567736975755}}
{"op_code":6,"worker_id":"a422ec44-52f6-4679-8fe3-4265284d44b6-140737350539072","trial_id":7,"state":1,"values":[76.81246255242661],"datetime_complete":"2026-02-25T06:03:43.314335"}
{"op_code":4,"worker_id":"a422ec44-52f6-4679-8fe3-4265284d44b6-140737350539072","study_id":0,"datetime_start":"2026-02-25T06:03:43.322832"}
{"op_code":5,"worker_id":"a422ec44-52f6-4679-8fe3-4265284d44b6-140737350539072","trial_id":8,"param_name":"learning_rate","param_value_internal":0.01967382514937946,"distribution":"{\"name\": \"FloatDistribution\", \"attributes\": {\"step\": null, \"low\": 1e-05, \"high\": 0.1, \"log\": true}}"}
{"op_code":5,"worker_id":"a422ec44-52f6-4679-8fe3-4265284d44b6-140737350539072","trial_id":8,"param_name":"out_noise","param_value_internal":0.0,"distribution":"{\"name\": \"FloatDistribution\", \"attributes\": {\"step\": null, \"low\": 0.0, \"high\": 0.0, \"log\": false}}"}
{"op_code":5,"worker_id":"a422ec44-52f6-4679-8fe3-4265284d44b6-140737350539072","trial_id":8,"param_name":"ab_weight_scaling_omega","param_value_internal":0.0,"distribution":"{\"name\": \"FloatDistribution\", \"attributes\": {\"step\": null, \"low\": 0.0, \"high\": 0.0, \"log\": false}}"}
{"op_code":5,"worker_id":"a422ec44-52f6-4679-8fe3-4265284d44b6-140737350539072","trial_id":8,"param_name":"min_lr_rate","param_value_internal":0.0,"distribution":"{\"name\": \"FloatDistribution\", \"attributes\": {\"step\": null, \"low\": 0.0, \"high\": 0.0, \"log\": false}}"}
{"op_code":7,"worker_id":"a422ec44-52f6-4679-8fe3-4265284d44b6-140737350539072","trial_id":8,"step":1,"intermediate_value":57.56810927176899}
{"op_code":8,"worker_id":"a422ec44-52f6-4679-8fe3-4265284d44b6-140737350539072","trial_id":8,"user_attr":{"train_loss_epoch_1":24624.14762126484}}
{"op_code":8,"worker_id":"a422ec44-52f6-4679-8fe3-4265284d44b6-140737350539072","trial_id":8,"user_attr":{"val_loss_epoch_1":0.5453196137766295}}
{"op_code":7,"worker_id":"a422ec44-52f6-4679-8fe3-4265284d44b6-140737350539072","trial_id":8,"step":2,"intermediate_value":66.55681938981608}
{"op_code":8,"worker_id":"a422ec44-52f6-4679-8fe3-4265284d44b6-140737350539072","trial_id":8,"user_attr":{"train_loss_epoch_2":0.7375986122913105}}
{"op_code":8,"worker_id":"a422ec44-52f6-4679-8fe3-4265284d44b6-140737350539072","trial_id":8,"user_attr":{"val_loss_epoch_2":0.5962833260433583}}
{"op_code":7,"worker_id":"a422ec44-52f6-4679-8fe3-4265284d44b6-140737350539072","trial_id":8,"step":3,"intermediate_value":66.55681938981608}
{"op_code":8,"worker_id":"a422ec44-52f6-4679-8fe3-4265284d44b6-140737350539072","trial_id":8,"user_attr":{"train_loss_epoch_3":1.1662350706638185}}
{"op_code":8,"worker_id":"a422ec44-52f6-4679-8fe3-4265284d44b6-140737350539072","trial_id":8,"user_attr":{"val_loss_epoch_3":0.4788404580535768}}
{"op_code":7,"worker_id":"a422ec44-52f6-4679-8fe3-4265284d44b6-140737350539072","trial_id":8,"step":4,"intermediate_value":66.55681938981608}
{"op_code":8,"worker_id":"a422ec44-52f6-4679-8fe3-4265284d44b6-140737350539072","trial_id":8,"user_attr":{"train_loss_epoch_4":0.7248363816692005}}
{"op_code":8,"worker_id":"a422ec44-52f6-4679-8fe3-4265284d44b6-140737350539072","trial_id":8,"user_attr":{"val_loss_epoch_4":0.47360825180252897}}
{"op_code":7,"worker_id":"a422ec44-52f6-4679-8fe3-4265284d44b6-140737350539072","trial_id":8,"step":5,"intermediate_value":68.05798293410096}
{"op_code":8,"worker_id":"a422ec44-52f6-4679-8fe3-4265284d44b6-140737350539072","trial_id":8,"user_attr":{"train_loss_epoch_5":0.7993282278134208}}
{"op_code":8,"worker_id":"a422ec44-52f6-4679-8fe3-4265284d44b6-140737350539072","trial_id":8,"user_attr":{"val_loss_epoch_5":0.4584592526094823}}
{"op_code":7,"worker_id":"a422ec44-52f6-4679-8fe3-4265284d44b6-140737350539072","trial_id":8,"step":6,"intermediate_value":72.41484776866398}
{"op_code":8,"worker_id":"a422ec44-52f6-4679-8fe3-4265284d44b6-140737350539072","trial_id":8,"user_attr":{"train_loss_epoch_6":0.536529127252886}}
{"op_code":8,"worker_id":"a422ec44-52f6-4679-8fe3-4265284d44b6-140737350539072","trial_id":8,"user_attr":{"val_loss_epoch_6":0.5001427519925034}}
{"op_code":7,"worker_id":"a422ec44-52f6-4679-8fe3-4265284d44b6-140737350539072","trial_id":8,"step":7,"intermediate_value":72.41484776866398}
{"op_code":8,"worker_id":"a422ec44-52f6-4679-8fe3-4265284d44b6-140737350539072","trial_id":8,"user_attr":{"train_loss_epoch_7":0.5264863550998441}}
{"op_code":8,"worker_id":"a422ec44-52f6-4679-8fe3-4265284d44b6-140737350539072","trial_id":8,"user_attr":{"val_loss_epoch_7":0.5062261265289935}}
{"op_code":7,"worker_id":"a422ec44-52f6-4679-8fe3-4265284d44b6-140737350539072","trial_id":8,"step":8,"intermediate_value":72.88315251278215}
{"op_code":8,"worker_id":"a422ec44-52f6-4679-8fe3-4265284d44b6-140737350539072","trial_id":8,"user_attr":{"train_loss_epoch_8":0.5432543045213178}}
{"op_code":8,"worker_id":"a422ec44-52f6-4679-8fe3-4265284d44b6-140737350539072","trial_id":8,"user_attr":{"val_loss_epoch_8":0.44237155571014064}}
{"op_code":7,"worker_id":"a422ec44-52f6-4679-8fe3-4265284d44b6-140737350539072","trial_id":8,"step":9,"intermediate_value":73.76425855513308}
{"op_code":8,"worker_id":"a422ec44-52f6-4679-8fe3-4265284d44b6-140737350539072","trial_id":8,"user_attr":{"train_loss_epoch_9":0.44779329549624725}}
{"op_code":8,"worker_id":"a422ec44-52f6-4679-8fe3-4265284d44b6-140737350539072","trial_id":8,"user_attr":{"val_loss_epoch_9":0.44449367817444135}}
{"op_code":7,"worker_id":"a422ec44-52f6-4679-8fe3-4265284d44b6-140737350539072","trial_id":8,"step":10,"intermediate_value":74.811918725194}
{"op_code":8,"worker_id":"a422ec44-52f6-4679-8fe3-4265284d44b6-140737350539072","trial_id":8,"user_attr":{"train_loss_epoch_10":0.45452436971446386}}
{"op_code":8,"worker_id":"a422ec44-52f6-4679-8fe3-4265284d44b6-140737350539072","trial_id":8,"user_attr":{"val_loss_epoch_10":0.4338171531127978}}
{"op_code":6,"worker_id":"a422ec44-52f6-4679-8fe3-4265284d44b6-140737350539072","trial_id":8,"state":1,"values":[74.811918725194],"datetime_complete":"2026-02-25T12:31:57.267565"}
{"op_code":4,"worker_id":"a422ec44-52f6-4679-8fe3-4265284d44b6-140737350539072","study_id":0,"datetime_start":"2026-02-25T12:31:57.276763"}
{"op_code":5,"worker_id":"a422ec44-52f6-4679-8fe3-4265284d44b6-140737350539072","trial_id":9,"param_name":"learning_rate","param_value_internal":0.0007769554364952226,"distribution":"{\"name\": \"FloatDistribution\", \"attributes\": {\"step\": null, \"low\": 1e-05, \"high\": 0.1, \"log\": true}}"}
{"op_code":5,"worker_id":"a422ec44-52f6-4679-8fe3-4265284d44b6-140737350539072","trial_id":9,"param_name":"out_noise","param_value_internal":0.0,"distribution":"{\"name\": \"FloatDistribution\", \"attributes\": {\"step\": null, \"low\": 0.0, \"high\": 0.0, \"log\": false}}"}
{"op_code":5,"worker_id":"a422ec44-52f6-4679-8fe3-4265284d44b6-140737350539072","trial_id":9,"param_name":"ab_weight_scaling_omega","param_value_internal":0.0,"distribution":"{\"name\": \"FloatDistribution\", \"attributes\": {\"step\": null, \"low\": 0.0, \"high\": 0.0, \"log\": false}}"}
{"op_code":5,"worker_id":"a422ec44-52f6-4679-8fe3-4265284d44b6-140737350539072","trial_id":9,"param_name":"min_lr_rate","param_value_internal":0.0,"distribution":"{\"name\": \"FloatDistribution\", \"attributes\": {\"step\": null, \"low\": 0.0, \"high\": 0.0, \"log\": false}}"}
{"op_code":7,"worker_id":"a422ec44-52f6-4679-8fe3-4265284d44b6-140737350539072","trial_id":9,"step":1,"intermediate_value":65.6266810112964}
{"op_code":8,"worker_id":"a422ec44-52f6-4679-8fe3-4265284d44b6-140737350539072","trial_id":9,"user_attr":{"train_loss_epoch_1":45420.37603263149}}
{"op_code":8,"worker_id":"a422ec44-52f6-4679-8fe3-4265284d44b6-140737350539072","trial_id":9,"user_attr":{"val_loss_epoch_1":0.461650651844242}}
{"op_code":7,"worker_id":"a422ec44-52f6-4679-8fe3-4265284d44b6-140737350539072","trial_id":9,"step":2,"intermediate_value":74.0099289179736}
{"op_code":8,"worker_id":"a422ec44-52f6-4679-8fe3-4265284d44b6-140737350539072","trial_id":9,"user_attr":{"train_loss_epoch_2":1.398847363697908}}
{"op_code":8,"worker_id":"a422ec44-52f6-4679-8fe3-4265284d44b6-140737350539072","trial_id":9,"user_attr":{"val_loss_epoch_2":0.4702459641649753}}
{"op_code":7,"worker_id":"a422ec44-52f6-4679-8fe3-4265284d44b6-140737350539072","trial_id":9,"step":3,"intermediate_value":75.51825380349358}
{"op_code":8,"worker_id":"a422ec44-52f6-4679-8fe3-4265284d44b6-140737350539072","trial_id":9,"user_attr":{"train_loss_epoch_3":0.456355716397634}}
{"op_code":8,"worker_id":"a422ec44-52f6-4679-8fe3-4265284d44b6-140737350539072","trial_id":9,"user_attr":{"val_loss_epoch_3":0.4256162151128431}}
{"op_code":7,"worker_id":"a422ec44-52f6-4679-8fe3-4265284d44b6-140737350539072","trial_id":9,"step":4,"intermediate_value":75.51825380349358}
{"op_code":8,"worker_id":"a422ec44-52f6-4679-8fe3-4265284d44b6-140737350539072","trial_id":9,"user_attr":{"train_loss_epoch_4":0.436637896186149}}
{"op_code":8,"worker_id":"a422ec44-52f6-4679-8fe3-4265284d44b6-140737350539072","trial_id":9,"user_attr":{"val_loss_epoch_4":0.40068251422688933}}
{"op_code":7,"worker_id":"a422ec44-52f6-4679-8fe3-4265284d44b6-140737350539072","trial_id":9,"step":5,"intermediate_value":75.51825380349358}
{"op_code":8,"worker_id":"a422ec44-52f6-4679-8fe3-4265284d44b6-140737350539072","trial_id":9,"user_attr":{"train_loss_epoch_5":0.4332553308864651}}
{"op_code":8,"worker_id":"a422ec44-52f6-4679-8fe3-4265284d44b6-140737350539072","trial_id":9,"user_attr":{"val_loss_epoch_5":0.3990258244396765}}
{"op_code":7,"worker_id":"a422ec44-52f6-4679-8fe3-4265284d44b6-140737350539072","trial_id":9,"step":6,"intermediate_value":75.51825380349358}
{"op_code":8,"worker_id":"a422ec44-52f6-4679-8fe3-4265284d44b6-140737350539072","trial_id":9,"user_attr":{"train_loss_epoch_6":0.4201052071886334}}
{"op_code":8,"worker_id":"a422ec44-52f6-4679-8fe3-4265284d44b6-140737350539072","trial_id":9,"user_attr":{"val_loss_epoch_6":0.39302718771409384}}
{"op_code":6,"worker_id":"a422ec44-52f6-4679-8fe3-4265284d44b6-140737350539072","trial_id":9,"state":1,"values":[75.51825380349358],"datetime_complete":"2026-02-25T16:38:42.404924"}
{"op_code":4,"worker_id":"a422ec44-52f6-4679-8fe3-4265284d44b6-140737350539072","study_id":0,"datetime_start":"2026-02-25T16:38:42.414049"}
{"op_code":5,"worker_id":"a422ec44-52f6-4679-8fe3-4265284d44b6-140737350539072","trial_id":10,"param_name":"learning_rate","param_value_internal":0.004460899252431943,"distribution":"{\"name\": \"FloatDistribution\", \"attributes\": {\"step\": null, \"low\": 1e-05, \"high\": 0.1, \"log\": true}}"}
{"op_code":5,"worker_id":"a422ec44-52f6-4679-8fe3-4265284d44b6-140737350539072","trial_id":10,"param_name":"out_noise","param_value_internal":0.0,"distribution":"{\"name\": \"FloatDistribution\", \"attributes\": {\"step\": null, \"low\": 0.0, \"high\": 0.0, \"log\": false}}"}
{"op_code":5,"worker_id":"a422ec44-52f6-4679-8fe3-4265284d44b6-140737350539072","trial_id":10,"param_name":"ab_weight_scaling_omega","param_value_internal":0.0,"distribution":"{\"name\": \"FloatDistribution\", \"attributes\": {\"step\": null, \"low\": 0.0, \"high\": 0.0, \"log\": false}}"}
{"op_code":5,"worker_id":"a422ec44-52f6-4679-8fe3-4265284d44b6-140737350539072","trial_id":10,"param_name":"min_lr_rate","param_value_internal":0.0,"distribution":"{\"name\": \"FloatDistribution\", \"attributes\": {\"step\": null, \"low\": 0.0, \"high\": 0.0, \"log\": false}}"}
{"op_code":7,"worker_id":"a422ec44-52f6-4679-8fe3-4265284d44b6-140737350539072","trial_id":10,"step":1,"intermediate_value":72.77942381642816}
{"op_code":8,"worker_id":"a422ec44-52f6-4679-8fe3-4265284d44b6-140737350539072","trial_id":10,"user_attr":{"train_loss_epoch_1":27399.668763053982}}
{"op_code":8,"worker_id":"a422ec44-52f6-4679-8fe3-4265284d44b6-140737350539072","trial_id":10,"user_attr":{"val_loss_epoch_1":0.4337069669479056}}
{"op_code":7,"worker_id":"a422ec44-52f6-4679-8fe3-4265284d44b6-140737350539072","trial_id":10,"step":2,"intermediate_value":72.77942381642816}
{"op_code":8,"worker_id":"a422ec44-52f6-4679-8fe3-4265284d44b6-140737350539072","trial_id":10,"user_attr":{"train_loss_epoch_2":0.8633526539848675}}
{"op_code":8,"worker_id":"a422ec44-52f6-4679-8fe3-4265284d44b6-140737350539072","trial_id":10,"user_attr":{"val_loss_epoch_2":0.4182373638017268}}
{"op_code":7,"worker_id":"a422ec44-52f6-4679-8fe3-4265284d44b6-140737350539072","trial_id":10,"step":3,"intermediate_value":72.77942381642816}
{"op_code":8,"worker_id":"a422ec44-52f6-4679-8fe3-4265284d44b6-140737350539072","trial_id":10,"user_attr":{"train_loss_epoch_3":1.0505418929360175}}
{"op_code":8,"worker_id":"a422ec44-52f6-4679-8fe3-4265284d44b6-140737350539072","trial_id":10,"user_attr":{"val_loss_epoch_3":0.4110787375063836}}
{"op_code":6,"worker_id":"a422ec44-52f6-4679-8fe3-4265284d44b6-140737350539072","trial_id":10,"state":3,"values":null,"datetime_complete":"2026-02-25T18:58:15.307745"}
