{"op_code":0,"worker_id":"62cdf017-b7f1-46ef-8b09-b42d0bbf4b84-139875069005824","study_name":"bert_squad_digital_lora_bs48_adam_nowd_nomom_nonest_r32a64_ffn_5ep","directions":[2]}
{"op_code":4,"worker_id":"62cdf017-b7f1-46ef-8b09-b42d0bbf4b84-139875069005824","study_id":0,"datetime_start":"2026-04-22T19:52:14.562100"}
{"op_code":5,"worker_id":"62cdf017-b7f1-46ef-8b09-b42d0bbf4b84-139875069005824","trial_id":0,"param_name":"learning_rate","param_value_internal":0.0001329291894316216,"distribution":"{\"name\": \"FloatDistribution\", \"attributes\": {\"step\": null, \"low\": 1e-05, \"high\": 0.01, \"log\": true}}"}
{"op_code":8,"worker_id":"62cdf017-b7f1-46ef-8b09-b42d0bbf4b84-139875069005824","trial_id":0,"user_attr":{"lora_layers_replaced":24}}
{"op_code":8,"worker_id":"62cdf017-b7f1-46ef-8b09-b42d0bbf4b84-139875069005824","trial_id":0,"user_attr":{"trainable_params":2989058}}
{"op_code":8,"worker_id":"62cdf017-b7f1-46ef-8b09-b42d0bbf4b84-139875069005824","trial_id":0,"user_attr":{"total_params":111842306}}
{"op_code":8,"worker_id":"62cdf017-b7f1-46ef-8b09-b42d0bbf4b84-139875069005824","trial_id":0,"user_attr":{"train_loss_epoch_1":2.0101822960990554}}
{"op_code":8,"worker_id":"62cdf017-b7f1-46ef-8b09-b42d0bbf4b84-139875069005824","trial_id":0,"user_attr":{"em_epoch_1":71.2488174077578}}
{"op_code":7,"worker_id":"62cdf017-b7f1-46ef-8b09-b42d0bbf4b84-139875069005824","trial_id":0,"step":1,"intermediate_value":80.19899408720603}
{"op_code":8,"worker_id":"62cdf017-b7f1-46ef-8b09-b42d0bbf4b84-139875069005824","trial_id":0,"user_attr":{"train_loss_epoch_2":1.2358593002244387}}
{"op_code":8,"worker_id":"62cdf017-b7f1-46ef-8b09-b42d0bbf4b84-139875069005824","trial_id":0,"user_attr":{"em_epoch_2":75.61967833491012}}
{"op_code":7,"worker_id":"62cdf017-b7f1-46ef-8b09-b42d0bbf4b84-139875069005824","trial_id":0,"step":2,"intermediate_value":83.74745623378952}
{"op_code":8,"worker_id":"62cdf017-b7f1-46ef-8b09-b42d0bbf4b84-139875069005824","trial_id":0,"user_attr":{"train_loss_epoch_3":1.0910039875888566}}
{"op_code":8,"worker_id":"62cdf017-b7f1-46ef-8b09-b42d0bbf4b84-139875069005824","trial_id":0,"user_attr":{"em_epoch_3":76.74550614947965}}
{"op_code":7,"worker_id":"62cdf017-b7f1-46ef-8b09-b42d0bbf4b84-139875069005824","trial_id":0,"step":3,"intermediate_value":84.8024082259211}
{"op_code":8,"worker_id":"62cdf017-b7f1-46ef-8b09-b42d0bbf4b84-139875069005824","trial_id":0,"user_attr":{"train_loss_epoch_4":1.0014453872271023}}
{"op_code":8,"worker_id":"62cdf017-b7f1-46ef-8b09-b42d0bbf4b84-139875069005824","trial_id":0,"user_attr":{"em_epoch_4":77.62535477767265}}
{"op_code":7,"worker_id":"62cdf017-b7f1-46ef-8b09-b42d0bbf4b84-139875069005824","trial_id":0,"step":4,"intermediate_value":85.4054451788482}
{"op_code":8,"worker_id":"62cdf017-b7f1-46ef-8b09-b42d0bbf4b84-139875069005824","trial_id":0,"user_attr":{"train_loss_epoch_5":0.9419920400875371}}
{"op_code":8,"worker_id":"62cdf017-b7f1-46ef-8b09-b42d0bbf4b84-139875069005824","trial_id":0,"user_attr":{"em_epoch_5":78.02270577105014}}
{"op_code":7,"worker_id":"62cdf017-b7f1-46ef-8b09-b42d0bbf4b84-139875069005824","trial_id":0,"step":5,"intermediate_value":85.75045355232847}
{"op_code":6,"worker_id":"62cdf017-b7f1-46ef-8b09-b42d0bbf4b84-139875069005824","trial_id":0,"state":1,"values":[85.75045355232847],"datetime_complete":"2026-04-22T20:11:39.220179"}
{"op_code":4,"worker_id":"62cdf017-b7f1-46ef-8b09-b42d0bbf4b84-139875069005824","study_id":0,"datetime_start":"2026-04-22T20:11:39.336330"}
{"op_code":5,"worker_id":"62cdf017-b7f1-46ef-8b09-b42d0bbf4b84-139875069005824","trial_id":1,"param_name":"learning_rate","param_value_internal":0.0071144760093434225,"distribution":"{\"name\": \"FloatDistribution\", \"attributes\": {\"step\": null, \"low\": 1e-05, \"high\": 0.01, \"log\": true}}"}
{"op_code":8,"worker_id":"62cdf017-b7f1-46ef-8b09-b42d0bbf4b84-139875069005824","trial_id":1,"user_attr":{"lora_layers_replaced":24}}
{"op_code":8,"worker_id":"62cdf017-b7f1-46ef-8b09-b42d0bbf4b84-139875069005824","trial_id":1,"user_attr":{"trainable_params":2989058}}
{"op_code":8,"worker_id":"62cdf017-b7f1-46ef-8b09-b42d0bbf4b84-139875069005824","trial_id":1,"user_attr":{"total_params":111842306}}
{"op_code":8,"worker_id":"62cdf017-b7f1-46ef-8b09-b42d0bbf4b84-139875069005824","trial_id":1,"user_attr":{"train_loss_epoch_1":NaN}}
{"op_code":8,"worker_id":"62cdf017-b7f1-46ef-8b09-b42d0bbf4b84-139875069005824","trial_id":1,"user_attr":{"em_epoch_1":0.6338694418164617}}
{"op_code":7,"worker_id":"62cdf017-b7f1-46ef-8b09-b42d0bbf4b84-139875069005824","trial_id":1,"step":1,"intermediate_value":2.300263637268742}
{"op_code":8,"worker_id":"62cdf017-b7f1-46ef-8b09-b42d0bbf4b84-139875069005824","trial_id":1,"user_attr":{"train_loss_epoch_2":NaN}}
{"op_code":8,"worker_id":"62cdf017-b7f1-46ef-8b09-b42d0bbf4b84-139875069005824","trial_id":1,"user_attr":{"em_epoch_2":0.6338694418164617}}
{"op_code":7,"worker_id":"62cdf017-b7f1-46ef-8b09-b42d0bbf4b84-139875069005824","trial_id":1,"step":2,"intermediate_value":2.300263637268742}
{"op_code":8,"worker_id":"62cdf017-b7f1-46ef-8b09-b42d0bbf4b84-139875069005824","trial_id":1,"user_attr":{"train_loss_epoch_3":NaN}}
{"op_code":8,"worker_id":"62cdf017-b7f1-46ef-8b09-b42d0bbf4b84-139875069005824","trial_id":1,"user_attr":{"em_epoch_3":0.6338694418164617}}
{"op_code":7,"worker_id":"62cdf017-b7f1-46ef-8b09-b42d0bbf4b84-139875069005824","trial_id":1,"step":3,"intermediate_value":2.300263637268742}
{"op_code":8,"worker_id":"62cdf017-b7f1-46ef-8b09-b42d0bbf4b84-139875069005824","trial_id":1,"user_attr":{"train_loss_epoch_4":NaN}}
{"op_code":8,"worker_id":"62cdf017-b7f1-46ef-8b09-b42d0bbf4b84-139875069005824","trial_id":1,"user_attr":{"em_epoch_4":0.6338694418164617}}
{"op_code":7,"worker_id":"62cdf017-b7f1-46ef-8b09-b42d0bbf4b84-139875069005824","trial_id":1,"step":4,"intermediate_value":2.300263637268742}
{"op_code":8,"worker_id":"62cdf017-b7f1-46ef-8b09-b42d0bbf4b84-139875069005824","trial_id":1,"user_attr":{"train_loss_epoch_5":NaN}}
{"op_code":8,"worker_id":"62cdf017-b7f1-46ef-8b09-b42d0bbf4b84-139875069005824","trial_id":1,"user_attr":{"em_epoch_5":0.6338694418164617}}
{"op_code":7,"worker_id":"62cdf017-b7f1-46ef-8b09-b42d0bbf4b84-139875069005824","trial_id":1,"step":5,"intermediate_value":2.300263637268742}
{"op_code":6,"worker_id":"62cdf017-b7f1-46ef-8b09-b42d0bbf4b84-139875069005824","trial_id":1,"state":1,"values":[2.300263637268742],"datetime_complete":"2026-04-22T20:30:41.337810"}
{"op_code":4,"worker_id":"62cdf017-b7f1-46ef-8b09-b42d0bbf4b84-139875069005824","study_id":0,"datetime_start":"2026-04-22T20:30:41.486863"}
{"op_code":5,"worker_id":"62cdf017-b7f1-46ef-8b09-b42d0bbf4b84-139875069005824","trial_id":2,"param_name":"learning_rate","param_value_internal":0.001570297088405539,"distribution":"{\"name\": \"FloatDistribution\", \"attributes\": {\"step\": null, \"low\": 1e-05, \"high\": 0.01, \"log\": true}}"}
{"op_code":8,"worker_id":"62cdf017-b7f1-46ef-8b09-b42d0bbf4b84-139875069005824","trial_id":2,"user_attr":{"lora_layers_replaced":24}}
{"op_code":8,"worker_id":"62cdf017-b7f1-46ef-8b09-b42d0bbf4b84-139875069005824","trial_id":2,"user_attr":{"trainable_params":2989058}}
{"op_code":8,"worker_id":"62cdf017-b7f1-46ef-8b09-b42d0bbf4b84-139875069005824","trial_id":2,"user_attr":{"total_params":111842306}}
{"op_code":8,"worker_id":"62cdf017-b7f1-46ef-8b09-b42d0bbf4b84-139875069005824","trial_id":2,"user_attr":{"train_loss_epoch_1":5.176202769137333}}
{"op_code":8,"worker_id":"62cdf017-b7f1-46ef-8b09-b42d0bbf4b84-139875069005824","trial_id":2,"user_attr":{"em_epoch_1":0.6338694418164617}}
{"op_code":7,"worker_id":"62cdf017-b7f1-46ef-8b09-b42d0bbf4b84-139875069005824","trial_id":2,"step":1,"intermediate_value":2.300263637268742}
{"op_code":8,"worker_id":"62cdf017-b7f1-46ef-8b09-b42d0bbf4b84-139875069005824","trial_id":2,"user_attr":{"train_loss_epoch_2":5.857090022182723}}
{"op_code":8,"worker_id":"62cdf017-b7f1-46ef-8b09-b42d0bbf4b84-139875069005824","trial_id":2,"user_attr":{"em_epoch_2":0.6338694418164617}}
{"op_code":7,"worker_id":"62cdf017-b7f1-46ef-8b09-b42d0bbf4b84-139875069005824","trial_id":2,"step":2,"intermediate_value":2.300263637268742}
{"op_code":8,"worker_id":"62cdf017-b7f1-46ef-8b09-b42d0bbf4b84-139875069005824","trial_id":2,"user_attr":{"train_loss_epoch_3":5.858812222571231}}
{"op_code":8,"worker_id":"62cdf017-b7f1-46ef-8b09-b42d0bbf4b84-139875069005824","trial_id":2,"user_attr":{"em_epoch_3":0.6338694418164617}}
{"op_code":7,"worker_id":"62cdf017-b7f1-46ef-8b09-b42d0bbf4b84-139875069005824","trial_id":2,"step":3,"intermediate_value":2.300263637268742}
{"op_code":8,"worker_id":"62cdf017-b7f1-46ef-8b09-b42d0bbf4b84-139875069005824","trial_id":2,"user_attr":{"train_loss_epoch_4":5.853645493990683}}
{"op_code":8,"worker_id":"62cdf017-b7f1-46ef-8b09-b42d0bbf4b84-139875069005824","trial_id":2,"user_attr":{"em_epoch_4":0.6338694418164617}}
{"op_code":7,"worker_id":"62cdf017-b7f1-46ef-8b09-b42d0bbf4b84-139875069005824","trial_id":2,"step":4,"intermediate_value":2.300263637268742}
{"op_code":8,"worker_id":"62cdf017-b7f1-46ef-8b09-b42d0bbf4b84-139875069005824","trial_id":2,"user_attr":{"train_loss_epoch_5":5.859298447347915}}
{"op_code":8,"worker_id":"62cdf017-b7f1-46ef-8b09-b42d0bbf4b84-139875069005824","trial_id":2,"user_attr":{"em_epoch_5":0.6338694418164617}}
{"op_code":7,"worker_id":"62cdf017-b7f1-46ef-8b09-b42d0bbf4b84-139875069005824","trial_id":2,"step":5,"intermediate_value":2.300263637268742}
{"op_code":6,"worker_id":"62cdf017-b7f1-46ef-8b09-b42d0bbf4b84-139875069005824","trial_id":2,"state":1,"values":[2.300263637268742],"datetime_complete":"2026-04-22T20:49:57.601167"}
{"op_code":4,"worker_id":"62cdf017-b7f1-46ef-8b09-b42d0bbf4b84-139875069005824","study_id":0,"datetime_start":"2026-04-22T20:49:57.716603"}
{"op_code":5,"worker_id":"62cdf017-b7f1-46ef-8b09-b42d0bbf4b84-139875069005824","trial_id":3,"param_name":"learning_rate","param_value_internal":2.480774677703777e-05,"distribution":"{\"name\": \"FloatDistribution\", \"attributes\": {\"step\": null, \"low\": 1e-05, \"high\": 0.01, \"log\": true}}"}
{"op_code":8,"worker_id":"62cdf017-b7f1-46ef-8b09-b42d0bbf4b84-139875069005824","trial_id":3,"user_attr":{"lora_layers_replaced":24}}
{"op_code":8,"worker_id":"62cdf017-b7f1-46ef-8b09-b42d0bbf4b84-139875069005824","trial_id":3,"user_attr":{"trainable_params":2989058}}
{"op_code":8,"worker_id":"62cdf017-b7f1-46ef-8b09-b42d0bbf4b84-139875069005824","trial_id":3,"user_attr":{"total_params":111842306}}
{"op_code":8,"worker_id":"62cdf017-b7f1-46ef-8b09-b42d0bbf4b84-139875069005824","trial_id":3,"user_attr":{"train_loss_epoch_1":2.74648519744718}}
{"op_code":8,"worker_id":"62cdf017-b7f1-46ef-8b09-b42d0bbf4b84-139875069005824","trial_id":3,"user_attr":{"em_epoch_1":60.0}}
{"op_code":7,"worker_id":"62cdf017-b7f1-46ef-8b09-b42d0bbf4b84-139875069005824","trial_id":3,"step":1,"intermediate_value":70.36318349403697}
{"op_code":8,"worker_id":"62cdf017-b7f1-46ef-8b09-b42d0bbf4b84-139875069005824","trial_id":3,"user_attr":{"train_loss_epoch_2":1.6843745096589169}}
{"op_code":8,"worker_id":"62cdf017-b7f1-46ef-8b09-b42d0bbf4b84-139875069005824","trial_id":3,"user_attr":{"em_epoch_2":64.52223273415326}}
{"op_code":7,"worker_id":"62cdf017-b7f1-46ef-8b09-b42d0bbf4b84-139875069005824","trial_id":3,"step":2,"intermediate_value":74.86607527170841}
{"op_code":8,"worker_id":"62cdf017-b7f1-46ef-8b09-b42d0bbf4b84-139875069005824","trial_id":3,"user_attr":{"train_loss_epoch_3":1.5367479708136582}}
{"op_code":8,"worker_id":"62cdf017-b7f1-46ef-8b09-b42d0bbf4b84-139875069005824","trial_id":3,"user_attr":{"em_epoch_3":67.03878902554399}}
{"op_code":7,"worker_id":"62cdf017-b7f1-46ef-8b09-b42d0bbf4b84-139875069005824","trial_id":3,"step":3,"intermediate_value":77.06763472795939}
{"op_code":8,"worker_id":"62cdf017-b7f1-46ef-8b09-b42d0bbf4b84-139875069005824","trial_id":3,"user_attr":{"train_loss_epoch_4":1.459816537704571}}
{"op_code":8,"worker_id":"62cdf017-b7f1-46ef-8b09-b42d0bbf4b84-139875069005824","trial_id":3,"user_attr":{"em_epoch_4":68.42005676442763}}
{"op_code":7,"worker_id":"62cdf017-b7f1-46ef-8b09-b42d0bbf4b84-139875069005824","trial_id":3,"step":4,"intermediate_value":78.15495176808659}
{"op_code":8,"worker_id":"62cdf017-b7f1-46ef-8b09-b42d0bbf4b84-139875069005824","trial_id":3,"user_attr":{"train_loss_epoch_5":1.42336254087567}}
{"op_code":8,"worker_id":"62cdf017-b7f1-46ef-8b09-b42d0bbf4b84-139875069005824","trial_id":3,"user_attr":{"em_epoch_5":68.7038789025544}}
{"op_code":7,"worker_id":"62cdf017-b7f1-46ef-8b09-b42d0bbf4b84-139875069005824","trial_id":3,"step":5,"intermediate_value":78.40523364820798}
{"op_code":6,"worker_id":"62cdf017-b7f1-46ef-8b09-b42d0bbf4b84-139875069005824","trial_id":3,"state":1,"values":[78.40523364820798],"datetime_complete":"2026-04-22T21:09:20.049636"}
{"op_code":4,"worker_id":"62cdf017-b7f1-46ef-8b09-b42d0bbf4b84-139875069005824","study_id":0,"datetime_start":"2026-04-22T21:09:20.163723"}
{"op_code":5,"worker_id":"62cdf017-b7f1-46ef-8b09-b42d0bbf4b84-139875069005824","trial_id":4,"param_name":"learning_rate","param_value_internal":7.571789807951388e-05,"distribution":"{\"name\": \"FloatDistribution\", \"attributes\": {\"step\": null, \"low\": 1e-05, \"high\": 0.01, \"log\": true}}"}
{"op_code":8,"worker_id":"62cdf017-b7f1-46ef-8b09-b42d0bbf4b84-139875069005824","trial_id":4,"user_attr":{"lora_layers_replaced":24}}
{"op_code":8,"worker_id":"62cdf017-b7f1-46ef-8b09-b42d0bbf4b84-139875069005824","trial_id":4,"user_attr":{"trainable_params":2989058}}
{"op_code":8,"worker_id":"62cdf017-b7f1-46ef-8b09-b42d0bbf4b84-139875069005824","trial_id":4,"user_attr":{"total_params":111842306}}
{"op_code":8,"worker_id":"62cdf017-b7f1-46ef-8b09-b42d0bbf4b84-139875069005824","trial_id":4,"user_attr":{"train_loss_epoch_1":2.198593164201028}}
{"op_code":8,"worker_id":"62cdf017-b7f1-46ef-8b09-b42d0bbf4b84-139875069005824","trial_id":4,"user_attr":{"em_epoch_1":67.49290444654683}}
{"op_code":7,"worker_id":"62cdf017-b7f1-46ef-8b09-b42d0bbf4b84-139875069005824","trial_id":4,"step":1,"intermediate_value":77.58535734560509}
{"op_code":8,"worker_id":"62cdf017-b7f1-46ef-8b09-b42d0bbf4b84-139875069005824","trial_id":4,"user_attr":{"train_loss_epoch_2":1.3686948777537358}}
{"op_code":8,"worker_id":"62cdf017-b7f1-46ef-8b09-b42d0bbf4b84-139875069005824","trial_id":4,"user_attr":{"em_epoch_2":72.03405865657521}}
{"op_code":7,"worker_id":"62cdf017-b7f1-46ef-8b09-b42d0bbf4b84-139875069005824","trial_id":4,"step":2,"intermediate_value":80.93251836493204}
{"op_code":8,"worker_id":"62cdf017-b7f1-46ef-8b09-b42d0bbf4b84-139875069005824","trial_id":4,"user_attr":{"train_loss_epoch_3":1.227569855067142}}
{"op_code":8,"worker_id":"62cdf017-b7f1-46ef-8b09-b42d0bbf4b84-139875069005824","trial_id":4,"user_attr":{"em_epoch_3":74.720908230842}}
{"op_code":7,"worker_id":"62cdf017-b7f1-46ef-8b09-b42d0bbf4b84-139875069005824","trial_id":4,"step":3,"intermediate_value":83.10280388349531}
{"op_code":8,"worker_id":"62cdf017-b7f1-46ef-8b09-b42d0bbf4b84-139875069005824","trial_id":4,"user_attr":{"train_loss_epoch_4":1.1492864053746872}}
{"op_code":8,"worker_id":"62cdf017-b7f1-46ef-8b09-b42d0bbf4b84-139875069005824","trial_id":4,"user_attr":{"em_epoch_4":75.98864711447493}}
{"op_code":7,"worker_id":"62cdf017-b7f1-46ef-8b09-b42d0bbf4b84-139875069005824","trial_id":4,"step":4,"intermediate_value":84.1188701057864}
{"op_code":8,"worker_id":"62cdf017-b7f1-46ef-8b09-b42d0bbf4b84-139875069005824","trial_id":4,"user_attr":{"train_loss_epoch_5":1.0995830117525447}}
{"op_code":8,"worker_id":"62cdf017-b7f1-46ef-8b09-b42d0bbf4b84-139875069005824","trial_id":4,"user_attr":{"em_epoch_5":76.25354777672659}}
{"op_code":7,"worker_id":"62cdf017-b7f1-46ef-8b09-b42d0bbf4b84-139875069005824","trial_id":4,"step":5,"intermediate_value":84.22161390479928}
{"op_code":6,"worker_id":"62cdf017-b7f1-46ef-8b09-b42d0bbf4b84-139875069005824","trial_id":4,"state":1,"values":[84.22161390479928],"datetime_complete":"2026-04-22T21:28:42.590080"}
{"op_code":4,"worker_id":"62cdf017-b7f1-46ef-8b09-b42d0bbf4b84-139875069005824","study_id":0,"datetime_start":"2026-04-22T21:28:42.712779"}
{"op_code":5,"worker_id":"62cdf017-b7f1-46ef-8b09-b42d0bbf4b84-139875069005824","trial_id":5,"param_name":"learning_rate","param_value_internal":0.0003105109516983296,"distribution":"{\"name\": \"FloatDistribution\", \"attributes\": {\"step\": null, \"low\": 1e-05, \"high\": 0.01, \"log\": true}}"}
{"op_code":8,"worker_id":"62cdf017-b7f1-46ef-8b09-b42d0bbf4b84-139875069005824","trial_id":5,"user_attr":{"lora_layers_replaced":24}}
{"op_code":8,"worker_id":"62cdf017-b7f1-46ef-8b09-b42d0bbf4b84-139875069005824","trial_id":5,"user_attr":{"trainable_params":2989058}}
{"op_code":8,"worker_id":"62cdf017-b7f1-46ef-8b09-b42d0bbf4b84-139875069005824","trial_id":5,"user_attr":{"total_params":111842306}}
{"op_code":8,"worker_id":"62cdf017-b7f1-46ef-8b09-b42d0bbf4b84-139875069005824","trial_id":5,"user_attr":{"train_loss_epoch_1":1.7788925141176881}}
{"op_code":8,"worker_id":"62cdf017-b7f1-46ef-8b09-b42d0bbf4b84-139875069005824","trial_id":5,"user_attr":{"em_epoch_1":73.03689687795648}}
{"op_code":7,"worker_id":"62cdf017-b7f1-46ef-8b09-b42d0bbf4b84-139875069005824","trial_id":5,"step":1,"intermediate_value":82.16960822113334}
{"op_code":8,"worker_id":"62cdf017-b7f1-46ef-8b09-b42d0bbf4b84-139875069005824","trial_id":5,"user_attr":{"train_loss_epoch_2":1.1044447076999075}}
{"op_code":8,"worker_id":"62cdf017-b7f1-46ef-8b09-b42d0bbf4b84-139875069005824","trial_id":5,"user_attr":{"em_epoch_2":77.46452223273415}}
{"op_code":7,"worker_id":"62cdf017-b7f1-46ef-8b09-b42d0bbf4b84-139875069005824","trial_id":5,"step":2,"intermediate_value":85.3085799734272}
{"op_code":8,"worker_id":"62cdf017-b7f1-46ef-8b09-b42d0bbf4b84-139875069005824","trial_id":5,"user_attr":{"train_loss_epoch_3":0.9372924453520839}}
{"op_code":8,"worker_id":"62cdf017-b7f1-46ef-8b09-b42d0bbf4b84-139875069005824","trial_id":5,"user_attr":{"em_epoch_3":79.2620624408704}}
{"op_code":7,"worker_id":"62cdf017-b7f1-46ef-8b09-b42d0bbf4b84-139875069005824","trial_id":5,"step":3,"intermediate_value":86.54777106326307}
{"op_code":8,"worker_id":"62cdf017-b7f1-46ef-8b09-b42d0bbf4b84-139875069005824","trial_id":5,"user_attr":{"train_loss_epoch_4":0.8103397992729817}}
{"op_code":8,"worker_id":"62cdf017-b7f1-46ef-8b09-b42d0bbf4b84-139875069005824","trial_id":5,"user_attr":{"em_epoch_4":79.67833491012298}}
{"op_code":7,"worker_id":"62cdf017-b7f1-46ef-8b09-b42d0bbf4b84-139875069005824","trial_id":5,"step":4,"intermediate_value":87.07250671785876}
{"op_code":8,"worker_id":"62cdf017-b7f1-46ef-8b09-b42d0bbf4b84-139875069005824","trial_id":5,"user_attr":{"train_loss_epoch_5":0.7114046446676177}}
{"op_code":8,"worker_id":"62cdf017-b7f1-46ef-8b09-b42d0bbf4b84-139875069005824","trial_id":5,"user_attr":{"em_epoch_5":79.64049195837275}}
{"op_code":7,"worker_id":"62cdf017-b7f1-46ef-8b09-b42d0bbf4b84-139875069005824","trial_id":5,"step":5,"intermediate_value":87.13588614703609}
{"op_code":6,"worker_id":"62cdf017-b7f1-46ef-8b09-b42d0bbf4b84-139875069005824","trial_id":5,"state":1,"values":[87.13588614703609],"datetime_complete":"2026-04-22T21:48:03.144312"}
{"op_code":4,"worker_id":"62cdf017-b7f1-46ef-8b09-b42d0bbf4b84-139875069005824","study_id":0,"datetime_start":"2026-04-22T21:48:03.256912"}
{"op_code":5,"worker_id":"62cdf017-b7f1-46ef-8b09-b42d0bbf4b84-139875069005824","trial_id":6,"param_name":"learning_rate","param_value_internal":0.0008306050731972224,"distribution":"{\"name\": \"FloatDistribution\", \"attributes\": {\"step\": null, \"low\": 1e-05, \"high\": 0.01, \"log\": true}}"}
{"op_code":8,"worker_id":"62cdf017-b7f1-46ef-8b09-b42d0bbf4b84-139875069005824","trial_id":6,"user_attr":{"lora_layers_replaced":24}}
{"op_code":8,"worker_id":"62cdf017-b7f1-46ef-8b09-b42d0bbf4b84-139875069005824","trial_id":6,"user_attr":{"trainable_params":2989058}}
{"op_code":8,"worker_id":"62cdf017-b7f1-46ef-8b09-b42d0bbf4b84-139875069005824","trial_id":6,"user_attr":{"total_params":111842306}}
{"op_code":8,"worker_id":"62cdf017-b7f1-46ef-8b09-b42d0bbf4b84-139875069005824","trial_id":6,"user_attr":{"train_loss_epoch_1":1.6816485335833335}}
{"op_code":8,"worker_id":"62cdf017-b7f1-46ef-8b09-b42d0bbf4b84-139875069005824","trial_id":6,"user_attr":{"em_epoch_1":71.59886471144749}}
{"op_code":7,"worker_id":"62cdf017-b7f1-46ef-8b09-b42d0bbf4b84-139875069005824","trial_id":6,"step":1,"intermediate_value":80.94248824743356}
{"op_code":8,"worker_id":"62cdf017-b7f1-46ef-8b09-b42d0bbf4b84-139875069005824","trial_id":6,"user_attr":{"train_loss_epoch_2":1.1360164595167166}}
{"op_code":8,"worker_id":"62cdf017-b7f1-46ef-8b09-b42d0bbf4b84-139875069005824","trial_id":6,"user_attr":{"em_epoch_2":76.23462630085146}}
{"op_code":7,"worker_id":"62cdf017-b7f1-46ef-8b09-b42d0bbf4b84-139875069005824","trial_id":6,"step":2,"intermediate_value":84.17738195876477}
{"op_code":8,"worker_id":"62cdf017-b7f1-46ef-8b09-b42d0bbf4b84-139875069005824","trial_id":6,"user_attr":{"train_loss_epoch_3":0.9416230856241572}}
{"op_code":8,"worker_id":"62cdf017-b7f1-46ef-8b09-b42d0bbf4b84-139875069005824","trial_id":6,"user_attr":{"em_epoch_3":77.19962157048249}}
{"op_code":7,"worker_id":"62cdf017-b7f1-46ef-8b09-b42d0bbf4b84-139875069005824","trial_id":6,"step":3,"intermediate_value":85.21016438619145}
{"op_code":8,"worker_id":"62cdf017-b7f1-46ef-8b09-b42d0bbf4b84-139875069005824","trial_id":6,"user_attr":{"train_loss_epoch_4":0.757987701327497}}
{"op_code":8,"worker_id":"62cdf017-b7f1-46ef-8b09-b42d0bbf4b84-139875069005824","trial_id":6,"user_attr":{"em_epoch_4":79.12961210974456}}
{"op_code":7,"worker_id":"62cdf017-b7f1-46ef-8b09-b42d0bbf4b84-139875069005824","trial_id":6,"step":4,"intermediate_value":86.59886852085215}
{"op_code":8,"worker_id":"62cdf017-b7f1-46ef-8b09-b42d0bbf4b84-139875069005824","trial_id":6,"user_attr":{"train_loss_epoch_5":0.5897276432129749}}
{"op_code":8,"worker_id":"62cdf017-b7f1-46ef-8b09-b42d0bbf4b84-139875069005824","trial_id":6,"user_attr":{"em_epoch_5":79.31882686849575}}
{"op_code":7,"worker_id":"62cdf017-b7f1-46ef-8b09-b42d0bbf4b84-139875069005824","trial_id":6,"step":5,"intermediate_value":86.82849500620522}
{"op_code":6,"worker_id":"62cdf017-b7f1-46ef-8b09-b42d0bbf4b84-139875069005824","trial_id":6,"state":1,"values":[86.82849500620522],"datetime_complete":"2026-04-22T22:07:24.506071"}
{"op_code":4,"worker_id":"62cdf017-b7f1-46ef-8b09-b42d0bbf4b84-139875069005824","study_id":0,"datetime_start":"2026-04-22T22:07:24.619931"}
{"op_code":5,"worker_id":"62cdf017-b7f1-46ef-8b09-b42d0bbf4b84-139875069005824","trial_id":7,"param_name":"learning_rate","param_value_internal":1.394940263335956e-05,"distribution":"{\"name\": \"FloatDistribution\", \"attributes\": {\"step\": null, \"low\": 1e-05, \"high\": 0.01, \"log\": true}}"}
{"op_code":8,"worker_id":"62cdf017-b7f1-46ef-8b09-b42d0bbf4b84-139875069005824","trial_id":7,"user_attr":{"lora_layers_replaced":24}}
{"op_code":8,"worker_id":"62cdf017-b7f1-46ef-8b09-b42d0bbf4b84-139875069005824","trial_id":7,"user_attr":{"trainable_params":2989058}}
{"op_code":8,"worker_id":"62cdf017-b7f1-46ef-8b09-b42d0bbf4b84-139875069005824","trial_id":7,"user_attr":{"total_params":111842306}}
{"op_code":8,"worker_id":"62cdf017-b7f1-46ef-8b09-b42d0bbf4b84-139875069005824","trial_id":7,"user_attr":{"train_loss_epoch_1":3.148139594757783}}
{"op_code":8,"worker_id":"62cdf017-b7f1-46ef-8b09-b42d0bbf4b84-139875069005824","trial_id":7,"user_attr":{"em_epoch_1":50.30274361400189}}
{"op_code":7,"worker_id":"62cdf017-b7f1-46ef-8b09-b42d0bbf4b84-139875069005824","trial_id":7,"step":1,"intermediate_value":60.60075224845317}
{"op_code":8,"worker_id":"62cdf017-b7f1-46ef-8b09-b42d0bbf4b84-139875069005824","trial_id":7,"user_attr":{"train_loss_epoch_2":1.9378840012925105}}
{"op_code":8,"worker_id":"62cdf017-b7f1-46ef-8b09-b42d0bbf4b84-139875069005824","trial_id":7,"user_attr":{"em_epoch_2":60.397350993377486}}
{"op_code":7,"worker_id":"62cdf017-b7f1-46ef-8b09-b42d0bbf4b84-139875069005824","trial_id":7,"step":2,"intermediate_value":70.45804616618621}
{"op_code":6,"worker_id":"62cdf017-b7f1-46ef-8b09-b42d0bbf4b84-139875069005824","trial_id":7,"state":2,"values":[70.45804616618621],"datetime_complete":"2026-04-22T22:15:09.078334"}
{"op_code":4,"worker_id":"62cdf017-b7f1-46ef-8b09-b42d0bbf4b84-139875069005824","study_id":0,"datetime_start":"2026-04-22T22:15:09.194612"}
{"op_code":5,"worker_id":"62cdf017-b7f1-46ef-8b09-b42d0bbf4b84-139875069005824","trial_id":8,"param_name":"learning_rate","param_value_internal":0.0004195963720721671,"distribution":"{\"name\": \"FloatDistribution\", \"attributes\": {\"step\": null, \"low\": 1e-05, \"high\": 0.01, \"log\": true}}"}
{"op_code":8,"worker_id":"62cdf017-b7f1-46ef-8b09-b42d0bbf4b84-139875069005824","trial_id":8,"user_attr":{"lora_layers_replaced":24}}
{"op_code":8,"worker_id":"62cdf017-b7f1-46ef-8b09-b42d0bbf4b84-139875069005824","trial_id":8,"user_attr":{"trainable_params":2989058}}
{"op_code":8,"worker_id":"62cdf017-b7f1-46ef-8b09-b42d0bbf4b84-139875069005824","trial_id":8,"user_attr":{"total_params":111842306}}
{"op_code":8,"worker_id":"62cdf017-b7f1-46ef-8b09-b42d0bbf4b84-139875069005824","trial_id":8,"user_attr":{"train_loss_epoch_1":1.7213117294841342}}
{"op_code":8,"worker_id":"62cdf017-b7f1-46ef-8b09-b42d0bbf4b84-139875069005824","trial_id":8,"user_attr":{"em_epoch_1":72.55439924314096}}
{"op_code":7,"worker_id":"62cdf017-b7f1-46ef-8b09-b42d0bbf4b84-139875069005824","trial_id":8,"step":1,"intermediate_value":81.50860014079598}
{"op_code":8,"worker_id":"62cdf017-b7f1-46ef-8b09-b42d0bbf4b84-139875069005824","trial_id":8,"user_attr":{"train_loss_epoch_2":1.0855810995670514}}
{"op_code":8,"worker_id":"62cdf017-b7f1-46ef-8b09-b42d0bbf4b84-139875069005824","trial_id":8,"user_attr":{"em_epoch_2":77.01986754966887}}
{"op_code":7,"worker_id":"62cdf017-b7f1-46ef-8b09-b42d0bbf4b84-139875069005824","trial_id":8,"step":2,"intermediate_value":84.97025955534521}
{"op_code":8,"worker_id":"62cdf017-b7f1-46ef-8b09-b42d0bbf4b84-139875069005824","trial_id":8,"user_attr":{"train_loss_epoch_3":0.9060429820684883}}
{"op_code":8,"worker_id":"62cdf017-b7f1-46ef-8b09-b42d0bbf4b84-139875069005824","trial_id":8,"user_attr":{"em_epoch_3":78.35383159886472}}
{"op_code":7,"worker_id":"62cdf017-b7f1-46ef-8b09-b42d0bbf4b84-139875069005824","trial_id":8,"step":3,"intermediate_value":86.26223460676152}
{"op_code":8,"worker_id":"62cdf017-b7f1-46ef-8b09-b42d0bbf4b84-139875069005824","trial_id":8,"user_attr":{"train_loss_epoch_4":0.7562437293652273}}
{"op_code":8,"worker_id":"62cdf017-b7f1-46ef-8b09-b42d0bbf4b84-139875069005824","trial_id":8,"user_attr":{"em_epoch_4":79.40397350993378}}
{"op_code":7,"worker_id":"62cdf017-b7f1-46ef-8b09-b42d0bbf4b84-139875069005824","trial_id":8,"step":4,"intermediate_value":86.80731289567157}
{"op_code":8,"worker_id":"62cdf017-b7f1-46ef-8b09-b42d0bbf4b84-139875069005824","trial_id":8,"user_attr":{"train_loss_epoch_5":0.6408751347039127}}
{"op_code":8,"worker_id":"62cdf017-b7f1-46ef-8b09-b42d0bbf4b84-139875069005824","trial_id":8,"user_attr":{"em_epoch_5":79.75402081362347}}
{"op_code":7,"worker_id":"62cdf017-b7f1-46ef-8b09-b42d0bbf4b84-139875069005824","trial_id":8,"step":5,"intermediate_value":87.20862694181587}
{"op_code":6,"worker_id":"62cdf017-b7f1-46ef-8b09-b42d0bbf4b84-139875069005824","trial_id":8,"state":1,"values":[87.20862694181587],"datetime_complete":"2026-04-22T22:34:27.862115"}
{"op_code":4,"worker_id":"62cdf017-b7f1-46ef-8b09-b42d0bbf4b84-139875069005824","study_id":0,"datetime_start":"2026-04-22T22:34:27.975238"}
{"op_code":5,"worker_id":"62cdf017-b7f1-46ef-8b09-b42d0bbf4b84-139875069005824","trial_id":9,"param_name":"learning_rate","param_value_internal":0.007573772188483932,"distribution":"{\"name\": \"FloatDistribution\", \"attributes\": {\"step\": null, \"low\": 1e-05, \"high\": 0.01, \"log\": true}}"}
{"op_code":8,"worker_id":"62cdf017-b7f1-46ef-8b09-b42d0bbf4b84-139875069005824","trial_id":9,"user_attr":{"lora_layers_replaced":24}}
{"op_code":8,"worker_id":"62cdf017-b7f1-46ef-8b09-b42d0bbf4b84-139875069005824","trial_id":9,"user_attr":{"trainable_params":2989058}}
{"op_code":8,"worker_id":"62cdf017-b7f1-46ef-8b09-b42d0bbf4b84-139875069005824","trial_id":9,"user_attr":{"total_params":111842306}}
{"op_code":8,"worker_id":"62cdf017-b7f1-46ef-8b09-b42d0bbf4b84-139875069005824","trial_id":9,"user_attr":{"train_loss_epoch_1":NaN}}
{"op_code":8,"worker_id":"62cdf017-b7f1-46ef-8b09-b42d0bbf4b84-139875069005824","trial_id":9,"user_attr":{"em_epoch_1":0.6338694418164617}}
{"op_code":7,"worker_id":"62cdf017-b7f1-46ef-8b09-b42d0bbf4b84-139875069005824","trial_id":9,"step":1,"intermediate_value":2.300263637268742}
{"op_code":8,"worker_id":"62cdf017-b7f1-46ef-8b09-b42d0bbf4b84-139875069005824","trial_id":9,"user_attr":{"train_loss_epoch_2":NaN}}
{"op_code":8,"worker_id":"62cdf017-b7f1-46ef-8b09-b42d0bbf4b84-139875069005824","trial_id":9,"user_attr":{"em_epoch_2":0.6338694418164617}}
{"op_code":7,"worker_id":"62cdf017-b7f1-46ef-8b09-b42d0bbf4b84-139875069005824","trial_id":9,"step":2,"intermediate_value":2.300263637268742}
{"op_code":6,"worker_id":"62cdf017-b7f1-46ef-8b09-b42d0bbf4b84-139875069005824","trial_id":9,"state":2,"values":[2.300263637268742],"datetime_complete":"2026-04-22T22:42:05.324803"}
{"op_code":4,"worker_id":"62cdf017-b7f1-46ef-8b09-b42d0bbf4b84-139875069005824","study_id":0,"datetime_start":"2026-04-22T22:42:05.441547"}
{"op_code":5,"worker_id":"62cdf017-b7f1-46ef-8b09-b42d0bbf4b84-139875069005824","trial_id":10,"param_name":"learning_rate","param_value_internal":0.0011746931059660698,"distribution":"{\"name\": \"FloatDistribution\", \"attributes\": {\"step\": null, \"low\": 1e-05, \"high\": 0.01, \"log\": true}}"}
{"op_code":8,"worker_id":"62cdf017-b7f1-46ef-8b09-b42d0bbf4b84-139875069005824","trial_id":10,"user_attr":{"lora_layers_replaced":24}}
{"op_code":8,"worker_id":"62cdf017-b7f1-46ef-8b09-b42d0bbf4b84-139875069005824","trial_id":10,"user_attr":{"trainable_params":2989058}}
{"op_code":8,"worker_id":"62cdf017-b7f1-46ef-8b09-b42d0bbf4b84-139875069005824","trial_id":10,"user_attr":{"total_params":111842306}}
{"op_code":8,"worker_id":"62cdf017-b7f1-46ef-8b09-b42d0bbf4b84-139875069005824","trial_id":10,"user_attr":{"train_loss_epoch_1":5.388094025317247}}
{"op_code":8,"worker_id":"62cdf017-b7f1-46ef-8b09-b42d0bbf4b84-139875069005824","trial_id":10,"user_attr":{"em_epoch_1":0.22705771050141912}}
{"op_code":7,"worker_id":"62cdf017-b7f1-46ef-8b09-b42d0bbf4b84-139875069005824","trial_id":10,"step":1,"intermediate_value":1.0152267067363643}
{"op_code":8,"worker_id":"62cdf017-b7f1-46ef-8b09-b42d0bbf4b84-139875069005824","trial_id":10,"user_attr":{"train_loss_epoch_2":5.856594769806073}}
{"op_code":8,"worker_id":"62cdf017-b7f1-46ef-8b09-b42d0bbf4b84-139875069005824","trial_id":10,"user_attr":{"em_epoch_2":0.6338694418164617}}
{"op_code":7,"worker_id":"62cdf017-b7f1-46ef-8b09-b42d0bbf4b84-139875069005824","trial_id":10,"step":2,"intermediate_value":2.300263637268742}
{"op_code":6,"worker_id":"62cdf017-b7f1-46ef-8b09-b42d0bbf4b84-139875069005824","trial_id":10,"state":2,"values":[2.300263637268742],"datetime_complete":"2026-04-22T22:49:46.396133"}
{"op_code":4,"worker_id":"62cdf017-b7f1-46ef-8b09-b42d0bbf4b84-139875069005824","study_id":0,"datetime_start":"2026-04-22T22:49:46.513328"}
{"op_code":5,"worker_id":"62cdf017-b7f1-46ef-8b09-b42d0bbf4b84-139875069005824","trial_id":11,"param_name":"learning_rate","param_value_internal":0.000304742414561939,"distribution":"{\"name\": \"FloatDistribution\", \"attributes\": {\"step\": null, \"low\": 1e-05, \"high\": 0.01, \"log\": true}}"}
{"op_code":8,"worker_id":"62cdf017-b7f1-46ef-8b09-b42d0bbf4b84-139875069005824","trial_id":11,"user_attr":{"lora_layers_replaced":24}}
{"op_code":8,"worker_id":"62cdf017-b7f1-46ef-8b09-b42d0bbf4b84-139875069005824","trial_id":11,"user_attr":{"trainable_params":2989058}}
{"op_code":8,"worker_id":"62cdf017-b7f1-46ef-8b09-b42d0bbf4b84-139875069005824","trial_id":11,"user_attr":{"total_params":111842306}}
{"op_code":8,"worker_id":"62cdf017-b7f1-46ef-8b09-b42d0bbf4b84-139875069005824","trial_id":11,"user_attr":{"train_loss_epoch_1":1.7843952280719106}}
{"op_code":8,"worker_id":"62cdf017-b7f1-46ef-8b09-b42d0bbf4b84-139875069005824","trial_id":11,"user_attr":{"em_epoch_1":73.69914853358561}}
{"op_code":7,"worker_id":"62cdf017-b7f1-46ef-8b09-b42d0bbf4b84-139875069005824","trial_id":11,"step":1,"intermediate_value":81.95673999732921}
{"op_code":8,"worker_id":"62cdf017-b7f1-46ef-8b09-b42d0bbf4b84-139875069005824","trial_id":11,"user_attr":{"train_loss_epoch_2":1.1123932595498516}}
{"op_code":8,"worker_id":"62cdf017-b7f1-46ef-8b09-b42d0bbf4b84-139875069005824","trial_id":11,"user_attr":{"em_epoch_2":76.67928098391674}}
{"op_code":7,"worker_id":"62cdf017-b7f1-46ef-8b09-b42d0bbf4b84-139875069005824","trial_id":11,"step":2,"intermediate_value":84.68950232241475}
{"op_code":8,"worker_id":"62cdf017-b7f1-46ef-8b09-b42d0bbf4b84-139875069005824","trial_id":11,"user_attr":{"train_loss_epoch_3":0.9413730036275497}}
{"op_code":8,"worker_id":"62cdf017-b7f1-46ef-8b09-b42d0bbf4b84-139875069005824","trial_id":11,"user_attr":{"em_epoch_3":78.59981078524125}}
{"op_code":7,"worker_id":"62cdf017-b7f1-46ef-8b09-b42d0bbf4b84-139875069005824","trial_id":11,"step":3,"intermediate_value":86.13205879162705}
{"op_code":8,"worker_id":"62cdf017-b7f1-46ef-8b09-b42d0bbf4b84-139875069005824","trial_id":11,"user_attr":{"train_loss_epoch_4":0.8140907132205601}}
{"op_code":8,"worker_id":"62cdf017-b7f1-46ef-8b09-b42d0bbf4b84-139875069005824","trial_id":11,"user_attr":{"em_epoch_4":79.68779564806054}}
{"op_code":7,"worker_id":"62cdf017-b7f1-46ef-8b09-b42d0bbf4b84-139875069005824","trial_id":11,"step":4,"intermediate_value":87.03206385625995}
{"op_code":8,"worker_id":"62cdf017-b7f1-46ef-8b09-b42d0bbf4b84-139875069005824","trial_id":11,"user_attr":{"train_loss_epoch_5":0.7157638178123691}}
{"op_code":8,"worker_id":"62cdf017-b7f1-46ef-8b09-b42d0bbf4b84-139875069005824","trial_id":11,"user_attr":{"em_epoch_5":79.61210974456007}}
{"op_code":7,"worker_id":"62cdf017-b7f1-46ef-8b09-b42d0bbf4b84-139875069005824","trial_id":11,"step":5,"intermediate_value":87.04559393248712}
{"op_code":6,"worker_id":"62cdf017-b7f1-46ef-8b09-b42d0bbf4b84-139875069005824","trial_id":11,"state":1,"values":[87.04559393248712],"datetime_complete":"2026-04-22T23:09:08.175283"}
