{"op_code":0,"worker_id":"f099b077-0530-4639-82d3-990e36369050-140401766633472","study_name":"bert_squad_digital_lora_bs48_adam_nowd_nomom_nonest_r32a64_all_5ep","directions":[2]}
{"op_code":4,"worker_id":"f099b077-0530-4639-82d3-990e36369050-140401766633472","study_id":0,"datetime_start":"2026-04-22T19:52:12.981628"}
{"op_code":5,"worker_id":"f099b077-0530-4639-82d3-990e36369050-140401766633472","trial_id":0,"param_name":"learning_rate","param_value_internal":0.0001329291894316216,"distribution":"{\"name\": \"FloatDistribution\", \"attributes\": {\"step\": null, \"low\": 1e-05, \"high\": 0.01, \"log\": true}}"}
{"op_code":8,"worker_id":"f099b077-0530-4639-82d3-990e36369050-140401766633472","trial_id":0,"user_attr":{"lora_layers_replaced":72}}
{"op_code":8,"worker_id":"f099b077-0530-4639-82d3-990e36369050-140401766633472","trial_id":0,"user_attr":{"trainable_params":5348354}}
{"op_code":8,"worker_id":"f099b077-0530-4639-82d3-990e36369050-140401766633472","trial_id":0,"user_attr":{"total_params":114201602}}
{"op_code":8,"worker_id":"f099b077-0530-4639-82d3-990e36369050-140401766633472","trial_id":0,"user_attr":{"train_loss_epoch_1":1.794639568374086}}
{"op_code":8,"worker_id":"f099b077-0530-4639-82d3-990e36369050-140401766633472","trial_id":0,"user_attr":{"em_epoch_1":74.78713339640493}}
{"op_code":7,"worker_id":"f099b077-0530-4639-82d3-990e36369050-140401766633472","trial_id":0,"step":1,"intermediate_value":83.20756537215453}
{"op_code":8,"worker_id":"f099b077-0530-4639-82d3-990e36369050-140401766633472","trial_id":0,"user_attr":{"train_loss_epoch_2":1.076718741929951}}
{"op_code":8,"worker_id":"f099b077-0530-4639-82d3-990e36369050-140401766633472","trial_id":0,"user_attr":{"em_epoch_2":77.918637653737}}
{"op_code":7,"worker_id":"f099b077-0530-4639-82d3-990e36369050-140401766633472","trial_id":0,"step":2,"intermediate_value":85.58630697996244}
{"op_code":8,"worker_id":"f099b077-0530-4639-82d3-990e36369050-140401766633472","trial_id":0,"user_attr":{"train_loss_epoch_3":0.930270357442096}}
{"op_code":8,"worker_id":"f099b077-0530-4639-82d3-990e36369050-140401766633472","trial_id":0,"user_attr":{"em_epoch_3":77.76726584673605}}
{"op_code":7,"worker_id":"f099b077-0530-4639-82d3-990e36369050-140401766633472","trial_id":0,"step":3,"intermediate_value":85.67655694577186}
{"op_code":8,"worker_id":"f099b077-0530-4639-82d3-990e36369050-140401766633472","trial_id":0,"user_attr":{"train_loss_epoch_4":0.8294157197320364}}
{"op_code":8,"worker_id":"f099b077-0530-4639-82d3-990e36369050-140401766633472","trial_id":0,"user_attr":{"em_epoch_4":79.47019867549669}}
{"op_code":7,"worker_id":"f099b077-0530-4639-82d3-990e36369050-140401766633472","trial_id":0,"step":4,"intermediate_value":86.95378010525084}
{"op_code":8,"worker_id":"f099b077-0530-4639-82d3-990e36369050-140401766633472","trial_id":0,"user_attr":{"train_loss_epoch_5":0.7575302470344192}}
{"op_code":8,"worker_id":"f099b077-0530-4639-82d3-990e36369050-140401766633472","trial_id":0,"user_attr":{"em_epoch_5":79.97161778618732}}
{"op_code":7,"worker_id":"f099b077-0530-4639-82d3-990e36369050-140401766633472","trial_id":0,"step":5,"intermediate_value":87.4019353264654}
{"op_code":6,"worker_id":"f099b077-0530-4639-82d3-990e36369050-140401766633472","trial_id":0,"state":1,"values":[87.4019353264654],"datetime_complete":"2026-04-22T20:16:00.844064"}
{"op_code":4,"worker_id":"f099b077-0530-4639-82d3-990e36369050-140401766633472","study_id":0,"datetime_start":"2026-04-22T20:16:00.956815"}
{"op_code":5,"worker_id":"f099b077-0530-4639-82d3-990e36369050-140401766633472","trial_id":1,"param_name":"learning_rate","param_value_internal":0.0071144760093434225,"distribution":"{\"name\": \"FloatDistribution\", \"attributes\": {\"step\": null, \"low\": 1e-05, \"high\": 0.01, \"log\": true}}"}
{"op_code":8,"worker_id":"f099b077-0530-4639-82d3-990e36369050-140401766633472","trial_id":1,"user_attr":{"lora_layers_replaced":72}}
{"op_code":8,"worker_id":"f099b077-0530-4639-82d3-990e36369050-140401766633472","trial_id":1,"user_attr":{"trainable_params":5348354}}
{"op_code":8,"worker_id":"f099b077-0530-4639-82d3-990e36369050-140401766633472","trial_id":1,"user_attr":{"total_params":114201602}}
{"op_code":8,"worker_id":"f099b077-0530-4639-82d3-990e36369050-140401766633472","trial_id":1,"user_attr":{"train_loss_epoch_1":5.773939183087853}}
{"op_code":8,"worker_id":"f099b077-0530-4639-82d3-990e36369050-140401766633472","trial_id":1,"user_attr":{"em_epoch_1":0.6338694418164617}}
{"op_code":7,"worker_id":"f099b077-0530-4639-82d3-990e36369050-140401766633472","trial_id":1,"step":1,"intermediate_value":2.300263637268742}
{"op_code":8,"worker_id":"f099b077-0530-4639-82d3-990e36369050-140401766633472","trial_id":1,"user_attr":{"train_loss_epoch_2":5.857665883816354}}
{"op_code":8,"worker_id":"f099b077-0530-4639-82d3-990e36369050-140401766633472","trial_id":1,"user_attr":{"em_epoch_2":0.6338694418164617}}
{"op_code":7,"worker_id":"f099b077-0530-4639-82d3-990e36369050-140401766633472","trial_id":1,"step":2,"intermediate_value":2.300263637268742}
{"op_code":8,"worker_id":"f099b077-0530-4639-82d3-990e36369050-140401766633472","trial_id":1,"user_attr":{"train_loss_epoch_3":5.857276573026083}}
{"op_code":8,"worker_id":"f099b077-0530-4639-82d3-990e36369050-140401766633472","trial_id":1,"user_attr":{"em_epoch_3":0.6338694418164617}}
{"op_code":7,"worker_id":"f099b077-0530-4639-82d3-990e36369050-140401766633472","trial_id":1,"step":3,"intermediate_value":2.300263637268742}
{"op_code":8,"worker_id":"f099b077-0530-4639-82d3-990e36369050-140401766633472","trial_id":1,"user_attr":{"train_loss_epoch_4":5.854901953441341}}
{"op_code":8,"worker_id":"f099b077-0530-4639-82d3-990e36369050-140401766633472","trial_id":1,"user_attr":{"em_epoch_4":0.6338694418164617}}
{"op_code":7,"worker_id":"f099b077-0530-4639-82d3-990e36369050-140401766633472","trial_id":1,"step":4,"intermediate_value":2.300263637268742}
{"op_code":8,"worker_id":"f099b077-0530-4639-82d3-990e36369050-140401766633472","trial_id":1,"user_attr":{"train_loss_epoch_5":5.860801489760236}}
{"op_code":8,"worker_id":"f099b077-0530-4639-82d3-990e36369050-140401766633472","trial_id":1,"user_attr":{"em_epoch_5":0.6338694418164617}}
{"op_code":7,"worker_id":"f099b077-0530-4639-82d3-990e36369050-140401766633472","trial_id":1,"step":5,"intermediate_value":2.300263637268742}
{"op_code":6,"worker_id":"f099b077-0530-4639-82d3-990e36369050-140401766633472","trial_id":1,"state":1,"values":[2.300263637268742],"datetime_complete":"2026-04-22T20:39:23.690841"}
{"op_code":4,"worker_id":"f099b077-0530-4639-82d3-990e36369050-140401766633472","study_id":0,"datetime_start":"2026-04-22T20:39:23.845718"}
{"op_code":5,"worker_id":"f099b077-0530-4639-82d3-990e36369050-140401766633472","trial_id":2,"param_name":"learning_rate","param_value_internal":0.001570297088405539,"distribution":"{\"name\": \"FloatDistribution\", \"attributes\": {\"step\": null, \"low\": 1e-05, \"high\": 0.01, \"log\": true}}"}
{"op_code":8,"worker_id":"f099b077-0530-4639-82d3-990e36369050-140401766633472","trial_id":2,"user_attr":{"lora_layers_replaced":72}}
{"op_code":8,"worker_id":"f099b077-0530-4639-82d3-990e36369050-140401766633472","trial_id":2,"user_attr":{"trainable_params":5348354}}
{"op_code":8,"worker_id":"f099b077-0530-4639-82d3-990e36369050-140401766633472","trial_id":2,"user_attr":{"total_params":114201602}}
{"op_code":8,"worker_id":"f099b077-0530-4639-82d3-990e36369050-140401766633472","trial_id":2,"user_attr":{"train_loss_epoch_1":5.525183451143383}}
{"op_code":8,"worker_id":"f099b077-0530-4639-82d3-990e36369050-140401766633472","trial_id":2,"user_attr":{"em_epoch_1":0.6338694418164617}}
{"op_code":7,"worker_id":"f099b077-0530-4639-82d3-990e36369050-140401766633472","trial_id":2,"step":1,"intermediate_value":2.300263637268742}
{"op_code":8,"worker_id":"f099b077-0530-4639-82d3-990e36369050-140401766633472","trial_id":2,"user_attr":{"train_loss_epoch_2":5.855703580541016}}
{"op_code":8,"worker_id":"f099b077-0530-4639-82d3-990e36369050-140401766633472","trial_id":2,"user_attr":{"em_epoch_2":0.6338694418164617}}
{"op_code":7,"worker_id":"f099b077-0530-4639-82d3-990e36369050-140401766633472","trial_id":2,"step":2,"intermediate_value":2.300263637268742}
{"op_code":8,"worker_id":"f099b077-0530-4639-82d3-990e36369050-140401766633472","trial_id":2,"user_attr":{"train_loss_epoch_3":NaN}}
{"op_code":8,"worker_id":"f099b077-0530-4639-82d3-990e36369050-140401766633472","trial_id":2,"user_attr":{"em_epoch_3":0.21759697256385999}}
{"op_code":7,"worker_id":"f099b077-0530-4639-82d3-990e36369050-140401766633472","trial_id":2,"step":3,"intermediate_value":1.2390516324944243}
{"op_code":8,"worker_id":"f099b077-0530-4639-82d3-990e36369050-140401766633472","trial_id":2,"user_attr":{"train_loss_epoch_4":NaN}}
{"op_code":8,"worker_id":"f099b077-0530-4639-82d3-990e36369050-140401766633472","trial_id":2,"user_attr":{"em_epoch_4":0.21759697256385999}}
{"op_code":7,"worker_id":"f099b077-0530-4639-82d3-990e36369050-140401766633472","trial_id":2,"step":4,"intermediate_value":1.2390516324944243}
{"op_code":8,"worker_id":"f099b077-0530-4639-82d3-990e36369050-140401766633472","trial_id":2,"user_attr":{"train_loss_epoch_5":NaN}}
{"op_code":8,"worker_id":"f099b077-0530-4639-82d3-990e36369050-140401766633472","trial_id":2,"user_attr":{"em_epoch_5":0.21759697256385999}}
{"op_code":7,"worker_id":"f099b077-0530-4639-82d3-990e36369050-140401766633472","trial_id":2,"step":5,"intermediate_value":1.2390516324944243}
{"op_code":6,"worker_id":"f099b077-0530-4639-82d3-990e36369050-140401766633472","trial_id":2,"state":1,"values":[2.300263637268742],"datetime_complete":"2026-04-22T21:02:53.753857"}
{"op_code":4,"worker_id":"f099b077-0530-4639-82d3-990e36369050-140401766633472","study_id":0,"datetime_start":"2026-04-22T21:02:53.869823"}
{"op_code":5,"worker_id":"f099b077-0530-4639-82d3-990e36369050-140401766633472","trial_id":3,"param_name":"learning_rate","param_value_internal":2.480774677703777e-05,"distribution":"{\"name\": \"FloatDistribution\", \"attributes\": {\"step\": null, \"low\": 1e-05, \"high\": 0.01, \"log\": true}}"}
{"op_code":8,"worker_id":"f099b077-0530-4639-82d3-990e36369050-140401766633472","trial_id":3,"user_attr":{"lora_layers_replaced":72}}
{"op_code":8,"worker_id":"f099b077-0530-4639-82d3-990e36369050-140401766633472","trial_id":3,"user_attr":{"trainable_params":5348354}}
{"op_code":8,"worker_id":"f099b077-0530-4639-82d3-990e36369050-140401766633472","trial_id":3,"user_attr":{"total_params":114201602}}
{"op_code":8,"worker_id":"f099b077-0530-4639-82d3-990e36369050-140401766633472","trial_id":3,"user_attr":{"train_loss_epoch_1":2.467281750288759}}
{"op_code":8,"worker_id":"f099b077-0530-4639-82d3-990e36369050-140401766633472","trial_id":3,"user_attr":{"em_epoch_1":65.4872280037843}}
{"op_code":7,"worker_id":"f099b077-0530-4639-82d3-990e36369050-140401766633472","trial_id":3,"step":1,"intermediate_value":75.66760918297854}
{"op_code":8,"worker_id":"f099b077-0530-4639-82d3-990e36369050-140401766633472","trial_id":3,"user_attr":{"train_loss_epoch_2":1.4518183890073926}}
{"op_code":8,"worker_id":"f099b077-0530-4639-82d3-990e36369050-140401766633472","trial_id":3,"user_attr":{"em_epoch_2":70.35950804162725}}
{"op_code":7,"worker_id":"f099b077-0530-4639-82d3-990e36369050-140401766633472","trial_id":3,"step":2,"intermediate_value":79.5627750313144}
{"op_code":8,"worker_id":"f099b077-0530-4639-82d3-990e36369050-140401766633472","trial_id":3,"user_attr":{"train_loss_epoch_3":1.3108998395886202}}
{"op_code":8,"worker_id":"f099b077-0530-4639-82d3-990e36369050-140401766633472","trial_id":3,"user_attr":{"em_epoch_3":72.69631031220435}}
{"op_code":7,"worker_id":"f099b077-0530-4639-82d3-990e36369050-140401766633472","trial_id":3,"step":3,"intermediate_value":81.64677846515733}
{"op_code":8,"worker_id":"f099b077-0530-4639-82d3-990e36369050-140401766633472","trial_id":3,"user_attr":{"train_loss_epoch_4":1.2397337689955383}}
{"op_code":8,"worker_id":"f099b077-0530-4639-82d3-990e36369050-140401766633472","trial_id":3,"user_attr":{"em_epoch_4":73.4247871333964}}
{"op_code":7,"worker_id":"f099b077-0530-4639-82d3-990e36369050-140401766633472","trial_id":3,"step":4,"intermediate_value":82.29908219472577}
{"op_code":8,"worker_id":"f099b077-0530-4639-82d3-990e36369050-140401766633472","trial_id":3,"user_attr":{"train_loss_epoch_5":1.2041096039257722}}
{"op_code":8,"worker_id":"f099b077-0530-4639-82d3-990e36369050-140401766633472","trial_id":3,"user_attr":{"em_epoch_5":73.73699148533585}}
{"op_code":7,"worker_id":"f099b077-0530-4639-82d3-990e36369050-140401766633472","trial_id":3,"step":5,"intermediate_value":82.5171931674731}
{"op_code":6,"worker_id":"f099b077-0530-4639-82d3-990e36369050-140401766633472","trial_id":3,"state":1,"values":[82.5171931674731],"datetime_complete":"2026-04-22T21:26:39.844665"}
{"op_code":4,"worker_id":"f099b077-0530-4639-82d3-990e36369050-140401766633472","study_id":0,"datetime_start":"2026-04-22T21:26:39.960589"}
{"op_code":5,"worker_id":"f099b077-0530-4639-82d3-990e36369050-140401766633472","trial_id":4,"param_name":"learning_rate","param_value_internal":7.571789807951388e-05,"distribution":"{\"name\": \"FloatDistribution\", \"attributes\": {\"step\": null, \"low\": 1e-05, \"high\": 0.01, \"log\": true}}"}
{"op_code":8,"worker_id":"f099b077-0530-4639-82d3-990e36369050-140401766633472","trial_id":4,"user_attr":{"lora_layers_replaced":72}}
{"op_code":8,"worker_id":"f099b077-0530-4639-82d3-990e36369050-140401766633472","trial_id":4,"user_attr":{"trainable_params":5348354}}
{"op_code":8,"worker_id":"f099b077-0530-4639-82d3-990e36369050-140401766633472","trial_id":4,"user_attr":{"total_params":114201602}}
{"op_code":8,"worker_id":"f099b077-0530-4639-82d3-990e36369050-140401766633472","trial_id":4,"user_attr":{"train_loss_epoch_1":1.964446104768169}}
{"op_code":8,"worker_id":"f099b077-0530-4639-82d3-990e36369050-140401766633472","trial_id":4,"user_attr":{"em_epoch_1":71.67455061494796}}
{"op_code":7,"worker_id":"f099b077-0530-4639-82d3-990e36369050-140401766633472","trial_id":4,"step":1,"intermediate_value":81.15450323949823}
{"op_code":8,"worker_id":"f099b077-0530-4639-82d3-990e36369050-140401766633472","trial_id":4,"user_attr":{"train_loss_epoch_2":1.1830775580755095}}
{"op_code":8,"worker_id":"f099b077-0530-4639-82d3-990e36369050-140401766633472","trial_id":4,"user_attr":{"em_epoch_2":76.16840113528855}}
{"op_code":7,"worker_id":"f099b077-0530-4639-82d3-990e36369050-140401766633472","trial_id":4,"step":2,"intermediate_value":84.37720556093831}
{"op_code":8,"worker_id":"f099b077-0530-4639-82d3-990e36369050-140401766633472","trial_id":4,"user_attr":{"train_loss_epoch_3":1.0477782560719384}}
{"op_code":8,"worker_id":"f099b077-0530-4639-82d3-990e36369050-140401766633472","trial_id":4,"user_attr":{"em_epoch_3":77.90917691579943}}
{"op_code":7,"worker_id":"f099b077-0530-4639-82d3-990e36369050-140401766633472","trial_id":4,"step":3,"intermediate_value":85.54424856100044}
{"op_code":8,"worker_id":"f099b077-0530-4639-82d3-990e36369050-140401766633472","trial_id":4,"user_attr":{"train_loss_epoch_4":0.9639429316288087}}
{"op_code":8,"worker_id":"f099b077-0530-4639-82d3-990e36369050-140401766633472","trial_id":4,"user_attr":{"em_epoch_4":78.4957426679281}}
{"op_code":7,"worker_id":"f099b077-0530-4639-82d3-990e36369050-140401766633472","trial_id":4,"step":4,"intermediate_value":86.07649605246073}
{"op_code":8,"worker_id":"f099b077-0530-4639-82d3-990e36369050-140401766633472","trial_id":4,"user_attr":{"train_loss_epoch_5":0.9100162521287355}}
{"op_code":8,"worker_id":"f099b077-0530-4639-82d3-990e36369050-140401766633472","trial_id":4,"user_attr":{"em_epoch_5":78.79848628193}}
{"op_code":7,"worker_id":"f099b077-0530-4639-82d3-990e36369050-140401766633472","trial_id":4,"step":5,"intermediate_value":86.26544801641431}
{"op_code":6,"worker_id":"f099b077-0530-4639-82d3-990e36369050-140401766633472","trial_id":4,"state":1,"values":[86.26544801641431],"datetime_complete":"2026-04-22T21:50:25.571567"}
{"op_code":4,"worker_id":"f099b077-0530-4639-82d3-990e36369050-140401766633472","study_id":0,"datetime_start":"2026-04-22T21:50:25.687771"}
{"op_code":5,"worker_id":"f099b077-0530-4639-82d3-990e36369050-140401766633472","trial_id":5,"param_name":"learning_rate","param_value_internal":0.0003105109516983296,"distribution":"{\"name\": \"FloatDistribution\", \"attributes\": {\"step\": null, \"low\": 1e-05, \"high\": 0.01, \"log\": true}}"}
{"op_code":8,"worker_id":"f099b077-0530-4639-82d3-990e36369050-140401766633472","trial_id":5,"user_attr":{"lora_layers_replaced":72}}
{"op_code":8,"worker_id":"f099b077-0530-4639-82d3-990e36369050-140401766633472","trial_id":5,"user_attr":{"trainable_params":5348354}}
{"op_code":8,"worker_id":"f099b077-0530-4639-82d3-990e36369050-140401766633472","trial_id":5,"user_attr":{"total_params":114201602}}
{"op_code":8,"worker_id":"f099b077-0530-4639-82d3-990e36369050-140401766633472","trial_id":5,"user_attr":{"train_loss_epoch_1":1.619335596962027}}
{"op_code":8,"worker_id":"f099b077-0530-4639-82d3-990e36369050-140401766633472","trial_id":5,"user_attr":{"em_epoch_1":76.31031220435194}}
{"op_code":7,"worker_id":"f099b077-0530-4639-82d3-990e36369050-140401766633472","trial_id":5,"step":1,"intermediate_value":84.73033239955359}
{"op_code":8,"worker_id":"f099b077-0530-4639-82d3-990e36369050-140401766633472","trial_id":5,"user_attr":{"train_loss_epoch_2":0.9922087076718246}}
{"op_code":8,"worker_id":"f099b077-0530-4639-82d3-990e36369050-140401766633472","trial_id":5,"user_attr":{"em_epoch_2":79.49858088930937}}
{"op_code":7,"worker_id":"f099b077-0530-4639-82d3-990e36369050-140401766633472","trial_id":5,"step":2,"intermediate_value":86.91655824258356}
{"op_code":8,"worker_id":"f099b077-0530-4639-82d3-990e36369050-140401766633472","trial_id":5,"user_attr":{"train_loss_epoch_3":0.8049041567617639}}
{"op_code":8,"worker_id":"f099b077-0530-4639-82d3-990e36369050-140401766633472","trial_id":5,"user_attr":{"em_epoch_3":80.27436140018922}}
{"op_code":7,"worker_id":"f099b077-0530-4639-82d3-990e36369050-140401766633472","trial_id":5,"step":3,"intermediate_value":87.63782180837086}
{"op_code":8,"worker_id":"f099b077-0530-4639-82d3-990e36369050-140401766633472","trial_id":5,"user_attr":{"train_loss_epoch_4":0.6527029956905499}}
{"op_code":8,"worker_id":"f099b077-0530-4639-82d3-990e36369050-140401766633472","trial_id":5,"user_attr":{"em_epoch_4":80.0473036896878}}
{"op_code":7,"worker_id":"f099b077-0530-4639-82d3-990e36369050-140401766633472","trial_id":5,"step":4,"intermediate_value":87.84957450938865}
{"op_code":8,"worker_id":"f099b077-0530-4639-82d3-990e36369050-140401766633472","trial_id":5,"user_attr":{"train_loss_epoch_5":0.5335584176911248}}
{"op_code":8,"worker_id":"f099b077-0530-4639-82d3-990e36369050-140401766633472","trial_id":5,"user_attr":{"em_epoch_5":80.53926206244087}}
{"op_code":7,"worker_id":"f099b077-0530-4639-82d3-990e36369050-140401766633472","trial_id":5,"step":5,"intermediate_value":88.10396888269882}
{"op_code":6,"worker_id":"f099b077-0530-4639-82d3-990e36369050-140401766633472","trial_id":5,"state":1,"values":[88.10396888269882],"datetime_complete":"2026-04-22T22:14:08.943968"}
{"op_code":4,"worker_id":"f099b077-0530-4639-82d3-990e36369050-140401766633472","study_id":0,"datetime_start":"2026-04-22T22:14:09.062940"}
{"op_code":5,"worker_id":"f099b077-0530-4639-82d3-990e36369050-140401766633472","trial_id":6,"param_name":"learning_rate","param_value_internal":0.0008306050731972224,"distribution":"{\"name\": \"FloatDistribution\", \"attributes\": {\"step\": null, \"low\": 1e-05, \"high\": 0.01, \"log\": true}}"}
{"op_code":8,"worker_id":"f099b077-0530-4639-82d3-990e36369050-140401766633472","trial_id":6,"user_attr":{"lora_layers_replaced":72}}
{"op_code":8,"worker_id":"f099b077-0530-4639-82d3-990e36369050-140401766633472","trial_id":6,"user_attr":{"trainable_params":5348354}}
{"op_code":8,"worker_id":"f099b077-0530-4639-82d3-990e36369050-140401766633472","trial_id":6,"user_attr":{"total_params":114201602}}
{"op_code":8,"worker_id":"f099b077-0530-4639-82d3-990e36369050-140401766633472","trial_id":6,"user_attr":{"train_loss_epoch_1":5.090174407623001}}
{"op_code":8,"worker_id":"f099b077-0530-4639-82d3-990e36369050-140401766633472","trial_id":6,"user_attr":{"em_epoch_1":0.6338694418164617}}
{"op_code":7,"worker_id":"f099b077-0530-4639-82d3-990e36369050-140401766633472","trial_id":6,"step":1,"intermediate_value":2.300263637268742}
{"op_code":8,"worker_id":"f099b077-0530-4639-82d3-990e36369050-140401766633472","trial_id":6,"user_attr":{"train_loss_epoch_2":5.858404698669103}}
{"op_code":8,"worker_id":"f099b077-0530-4639-82d3-990e36369050-140401766633472","trial_id":6,"user_attr":{"em_epoch_2":0.6338694418164617}}
{"op_code":7,"worker_id":"f099b077-0530-4639-82d3-990e36369050-140401766633472","trial_id":6,"step":2,"intermediate_value":2.300263637268742}
{"op_code":6,"worker_id":"f099b077-0530-4639-82d3-990e36369050-140401766633472","trial_id":6,"state":2,"values":[2.300263637268742],"datetime_complete":"2026-04-22T22:23:36.534715"}
{"op_code":4,"worker_id":"f099b077-0530-4639-82d3-990e36369050-140401766633472","study_id":0,"datetime_start":"2026-04-22T22:23:36.723981"}
{"op_code":5,"worker_id":"f099b077-0530-4639-82d3-990e36369050-140401766633472","trial_id":7,"param_name":"learning_rate","param_value_internal":1.394940263335956e-05,"distribution":"{\"name\": \"FloatDistribution\", \"attributes\": {\"step\": null, \"low\": 1e-05, \"high\": 0.01, \"log\": true}}"}
{"op_code":8,"worker_id":"f099b077-0530-4639-82d3-990e36369050-140401766633472","trial_id":7,"user_attr":{"lora_layers_replaced":72}}
{"op_code":8,"worker_id":"f099b077-0530-4639-82d3-990e36369050-140401766633472","trial_id":7,"user_attr":{"trainable_params":5348354}}
{"op_code":8,"worker_id":"f099b077-0530-4639-82d3-990e36369050-140401766633472","trial_id":7,"user_attr":{"total_params":114201602}}
{"op_code":8,"worker_id":"f099b077-0530-4639-82d3-990e36369050-140401766633472","trial_id":7,"user_attr":{"train_loss_epoch_1":2.852561319552786}}
{"op_code":8,"worker_id":"f099b077-0530-4639-82d3-990e36369050-140401766633472","trial_id":7,"user_attr":{"em_epoch_1":57.95648060548723}}
{"op_code":7,"worker_id":"f099b077-0530-4639-82d3-990e36369050-140401766633472","trial_id":7,"step":1,"intermediate_value":68.12120863339482}
{"op_code":8,"worker_id":"f099b077-0530-4639-82d3-990e36369050-140401766633472","trial_id":7,"user_attr":{"train_loss_epoch_2":1.656890484052622}}
{"op_code":8,"worker_id":"f099b077-0530-4639-82d3-990e36369050-140401766633472","trial_id":7,"user_attr":{"em_epoch_2":65.67644276253547}}
{"op_code":7,"worker_id":"f099b077-0530-4639-82d3-990e36369050-140401766633472","trial_id":7,"step":2,"intermediate_value":75.65059302834678}
{"op_code":6,"worker_id":"f099b077-0530-4639-82d3-990e36369050-140401766633472","trial_id":7,"state":2,"values":[75.65059302834678],"datetime_complete":"2026-04-22T22:33:06.308515"}
{"op_code":4,"worker_id":"f099b077-0530-4639-82d3-990e36369050-140401766633472","study_id":0,"datetime_start":"2026-04-22T22:33:06.428956"}
{"op_code":5,"worker_id":"f099b077-0530-4639-82d3-990e36369050-140401766633472","trial_id":8,"param_name":"learning_rate","param_value_internal":0.0004195963720721671,"distribution":"{\"name\": \"FloatDistribution\", \"attributes\": {\"step\": null, \"low\": 1e-05, \"high\": 0.01, \"log\": true}}"}
{"op_code":8,"worker_id":"f099b077-0530-4639-82d3-990e36369050-140401766633472","trial_id":8,"user_attr":{"lora_layers_replaced":72}}
{"op_code":8,"worker_id":"f099b077-0530-4639-82d3-990e36369050-140401766633472","trial_id":8,"user_attr":{"trainable_params":5348354}}
{"op_code":8,"worker_id":"f099b077-0530-4639-82d3-990e36369050-140401766633472","trial_id":8,"user_attr":{"total_params":114201602}}
{"op_code":8,"worker_id":"f099b077-0530-4639-82d3-990e36369050-140401766633472","trial_id":8,"user_attr":{"train_loss_epoch_1":1.5887086788490212}}
{"op_code":8,"worker_id":"f099b077-0530-4639-82d3-990e36369050-140401766633472","trial_id":8,"user_attr":{"em_epoch_1":75.04257332071901}}
{"op_code":7,"worker_id":"f099b077-0530-4639-82d3-990e36369050-140401766633472","trial_id":8,"step":1,"intermediate_value":83.89416089373498}
{"op_code":8,"worker_id":"f099b077-0530-4639-82d3-990e36369050-140401766633472","trial_id":8,"user_attr":{"train_loss_epoch_2":0.9942488552432073}}
{"op_code":8,"worker_id":"f099b077-0530-4639-82d3-990e36369050-140401766633472","trial_id":8,"user_attr":{"em_epoch_2":77.89025543992432}}
{"op_code":7,"worker_id":"f099b077-0530-4639-82d3-990e36369050-140401766633472","trial_id":8,"step":2,"intermediate_value":86.1951586508582}
{"op_code":8,"worker_id":"f099b077-0530-4639-82d3-990e36369050-140401766633472","trial_id":8,"user_attr":{"train_loss_epoch_3":0.7956012266115121}}
{"op_code":8,"worker_id":"f099b077-0530-4639-82d3-990e36369050-140401766633472","trial_id":8,"user_attr":{"em_epoch_3":79.7918637653737}}
{"op_code":7,"worker_id":"f099b077-0530-4639-82d3-990e36369050-140401766633472","trial_id":8,"step":3,"intermediate_value":87.48890376836407}
{"op_code":8,"worker_id":"f099b077-0530-4639-82d3-990e36369050-140401766633472","trial_id":8,"user_attr":{"train_loss_epoch_4":0.6221430897712708}}
{"op_code":8,"worker_id":"f099b077-0530-4639-82d3-990e36369050-140401766633472","trial_id":8,"user_attr":{"em_epoch_4":79.56480605487228}}
{"op_code":7,"worker_id":"f099b077-0530-4639-82d3-990e36369050-140401766633472","trial_id":8,"step":4,"intermediate_value":87.62097950904398}
{"op_code":8,"worker_id":"f099b077-0530-4639-82d3-990e36369050-140401766633472","trial_id":8,"user_attr":{"train_loss_epoch_5":0.48312416962653315}}
{"op_code":8,"worker_id":"f099b077-0530-4639-82d3-990e36369050-140401766633472","trial_id":8,"user_attr":{"em_epoch_5":80.74739829706716}}
{"op_code":7,"worker_id":"f099b077-0530-4639-82d3-990e36369050-140401766633472","trial_id":8,"step":5,"intermediate_value":88.25569283421643}
{"op_code":6,"worker_id":"f099b077-0530-4639-82d3-990e36369050-140401766633472","trial_id":8,"state":1,"values":[88.25569283421643],"datetime_complete":"2026-04-22T22:56:51.681339"}
{"op_code":4,"worker_id":"f099b077-0530-4639-82d3-990e36369050-140401766633472","study_id":0,"datetime_start":"2026-04-22T22:56:51.830770"}
{"op_code":5,"worker_id":"f099b077-0530-4639-82d3-990e36369050-140401766633472","trial_id":9,"param_name":"learning_rate","param_value_internal":0.007573772188483932,"distribution":"{\"name\": \"FloatDistribution\", \"attributes\": {\"step\": null, \"low\": 1e-05, \"high\": 0.01, \"log\": true}}"}
{"op_code":8,"worker_id":"f099b077-0530-4639-82d3-990e36369050-140401766633472","trial_id":9,"user_attr":{"lora_layers_replaced":72}}
{"op_code":8,"worker_id":"f099b077-0530-4639-82d3-990e36369050-140401766633472","trial_id":9,"user_attr":{"trainable_params":5348354}}
{"op_code":8,"worker_id":"f099b077-0530-4639-82d3-990e36369050-140401766633472","trial_id":9,"user_attr":{"total_params":114201602}}
{"op_code":8,"worker_id":"f099b077-0530-4639-82d3-990e36369050-140401766633472","trial_id":9,"user_attr":{"train_loss_epoch_1":NaN}}
{"op_code":8,"worker_id":"f099b077-0530-4639-82d3-990e36369050-140401766633472","trial_id":9,"user_attr":{"em_epoch_1":0.21759697256385999}}
{"op_code":7,"worker_id":"f099b077-0530-4639-82d3-990e36369050-140401766633472","trial_id":9,"step":1,"intermediate_value":1.2390516324944243}
{"op_code":8,"worker_id":"f099b077-0530-4639-82d3-990e36369050-140401766633472","trial_id":9,"user_attr":{"train_loss_epoch_2":NaN}}
{"op_code":8,"worker_id":"f099b077-0530-4639-82d3-990e36369050-140401766633472","trial_id":9,"user_attr":{"em_epoch_2":0.21759697256385999}}
{"op_code":7,"worker_id":"f099b077-0530-4639-82d3-990e36369050-140401766633472","trial_id":9,"step":2,"intermediate_value":1.2390516324944243}
{"op_code":6,"worker_id":"f099b077-0530-4639-82d3-990e36369050-140401766633472","trial_id":9,"state":2,"values":[1.2390516324944243],"datetime_complete":"2026-04-22T23:06:10.300423"}
{"op_code":4,"worker_id":"f099b077-0530-4639-82d3-990e36369050-140401766633472","study_id":0,"datetime_start":"2026-04-22T23:06:10.432824"}
{"op_code":5,"worker_id":"f099b077-0530-4639-82d3-990e36369050-140401766633472","trial_id":10,"param_name":"learning_rate","param_value_internal":0.0011746931059660698,"distribution":"{\"name\": \"FloatDistribution\", \"attributes\": {\"step\": null, \"low\": 1e-05, \"high\": 0.01, \"log\": true}}"}
{"op_code":8,"worker_id":"f099b077-0530-4639-82d3-990e36369050-140401766633472","trial_id":10,"user_attr":{"lora_layers_replaced":72}}
{"op_code":8,"worker_id":"f099b077-0530-4639-82d3-990e36369050-140401766633472","trial_id":10,"user_attr":{"trainable_params":5348354}}
{"op_code":8,"worker_id":"f099b077-0530-4639-82d3-990e36369050-140401766633472","trial_id":10,"user_attr":{"total_params":114201602}}
{"op_code":8,"worker_id":"f099b077-0530-4639-82d3-990e36369050-140401766633472","trial_id":10,"user_attr":{"train_loss_epoch_1":5.395288397690791}}
{"op_code":8,"worker_id":"f099b077-0530-4639-82d3-990e36369050-140401766633472","trial_id":10,"user_attr":{"em_epoch_1":0.6338694418164617}}
{"op_code":7,"worker_id":"f099b077-0530-4639-82d3-990e36369050-140401766633472","trial_id":10,"step":1,"intermediate_value":2.300263637268742}
{"op_code":8,"worker_id":"f099b077-0530-4639-82d3-990e36369050-140401766633472","trial_id":10,"user_attr":{"train_loss_epoch_2":5.858400355445014}}
{"op_code":8,"worker_id":"f099b077-0530-4639-82d3-990e36369050-140401766633472","trial_id":10,"user_attr":{"em_epoch_2":0.6338694418164617}}
{"op_code":7,"worker_id":"f099b077-0530-4639-82d3-990e36369050-140401766633472","trial_id":10,"step":2,"intermediate_value":2.300263637268742}
{"op_code":6,"worker_id":"f099b077-0530-4639-82d3-990e36369050-140401766633472","trial_id":10,"state":2,"values":[2.300263637268742],"datetime_complete":"2026-04-22T23:15:38.393992"}
{"op_code":4,"worker_id":"f099b077-0530-4639-82d3-990e36369050-140401766633472","study_id":0,"datetime_start":"2026-04-22T23:15:38.514141"}
{"op_code":5,"worker_id":"f099b077-0530-4639-82d3-990e36369050-140401766633472","trial_id":11,"param_name":"learning_rate","param_value_internal":0.000304742414561939,"distribution":"{\"name\": \"FloatDistribution\", \"attributes\": {\"step\": null, \"low\": 1e-05, \"high\": 0.01, \"log\": true}}"}
{"op_code":8,"worker_id":"f099b077-0530-4639-82d3-990e36369050-140401766633472","trial_id":11,"user_attr":{"lora_layers_replaced":72}}
{"op_code":8,"worker_id":"f099b077-0530-4639-82d3-990e36369050-140401766633472","trial_id":11,"user_attr":{"trainable_params":5348354}}
{"op_code":8,"worker_id":"f099b077-0530-4639-82d3-990e36369050-140401766633472","trial_id":11,"user_attr":{"total_params":114201602}}
{"op_code":8,"worker_id":"f099b077-0530-4639-82d3-990e36369050-140401766633472","trial_id":11,"user_attr":{"train_loss_epoch_1":1.622139471042447}}
{"op_code":8,"worker_id":"f099b077-0530-4639-82d3-990e36369050-140401766633472","trial_id":11,"user_attr":{"em_epoch_1":72.02459791863765}}
{"op_code":7,"worker_id":"f099b077-0530-4639-82d3-990e36369050-140401766633472","trial_id":11,"step":1,"intermediate_value":80.46169078166483}
{"op_code":8,"worker_id":"f099b077-0530-4639-82d3-990e36369050-140401766633472","trial_id":11,"user_attr":{"train_loss_epoch_2":0.9958626128309142}}
{"op_code":8,"worker_id":"f099b077-0530-4639-82d3-990e36369050-140401766633472","trial_id":11,"user_attr":{"em_epoch_2":78.15515610217597}}
{"op_code":7,"worker_id":"f099b077-0530-4639-82d3-990e36369050-140401766633472","trial_id":11,"step":2,"intermediate_value":86.48550377657229}
{"op_code":8,"worker_id":"f099b077-0530-4639-82d3-990e36369050-140401766633472","trial_id":11,"user_attr":{"train_loss_epoch_3":0.8113697185587431}}
{"op_code":8,"worker_id":"f099b077-0530-4639-82d3-990e36369050-140401766633472","trial_id":11,"user_attr":{"em_epoch_3":79.62157048249763}}
{"op_code":7,"worker_id":"f099b077-0530-4639-82d3-990e36369050-140401766633472","trial_id":11,"step":3,"intermediate_value":87.33561359286193}
{"op_code":8,"worker_id":"f099b077-0530-4639-82d3-990e36369050-140401766633472","trial_id":11,"user_attr":{"train_loss_epoch_4":0.6571383019934501}}
{"op_code":8,"worker_id":"f099b077-0530-4639-82d3-990e36369050-140401766633472","trial_id":11,"user_attr":{"em_epoch_4":80.39735099337749}}
{"op_code":7,"worker_id":"f099b077-0530-4639-82d3-990e36369050-140401766633472","trial_id":11,"step":4,"intermediate_value":87.8252112178835}
{"op_code":8,"worker_id":"f099b077-0530-4639-82d3-990e36369050-140401766633472","trial_id":11,"user_attr":{"train_loss_epoch_5":0.5411036051708832}}
{"op_code":8,"worker_id":"f099b077-0530-4639-82d3-990e36369050-140401766633472","trial_id":11,"user_attr":{"em_epoch_5":80.28382213812678}}
{"op_code":7,"worker_id":"f099b077-0530-4639-82d3-990e36369050-140401766633472","trial_id":11,"step":5,"intermediate_value":87.88119403073058}
{"op_code":6,"worker_id":"f099b077-0530-4639-82d3-990e36369050-140401766633472","trial_id":11,"state":1,"values":[87.88119403073058],"datetime_complete":"2026-04-22T23:39:20.858667"}
