{"op_code":0,"worker_id":"c5e59afa-d3b8-44dc-a4c5-b16876212894-139853016129536","study_name":"bert_squad_digital_lora_bs48_adam_nowd_nomom_nonest_r32a64_qkvo_5ep","directions":[2]}
{"op_code":4,"worker_id":"c5e59afa-d3b8-44dc-a4c5-b16876212894-139853016129536","study_id":0,"datetime_start":"2026-04-22T19:52:14.367441"}
{"op_code":5,"worker_id":"c5e59afa-d3b8-44dc-a4c5-b16876212894-139853016129536","trial_id":0,"param_name":"learning_rate","param_value_internal":0.0001329291894316216,"distribution":"{\"name\": \"FloatDistribution\", \"attributes\": {\"step\": null, \"low\": 1e-05, \"high\": 0.01, \"log\": true}}"}
{"op_code":8,"worker_id":"c5e59afa-d3b8-44dc-a4c5-b16876212894-139853016129536","trial_id":0,"user_attr":{"lora_layers_replaced":48}}
{"op_code":8,"worker_id":"c5e59afa-d3b8-44dc-a4c5-b16876212894-139853016129536","trial_id":0,"user_attr":{"trainable_params":2399234}}
{"op_code":8,"worker_id":"c5e59afa-d3b8-44dc-a4c5-b16876212894-139853016129536","trial_id":0,"user_attr":{"total_params":111252482}}
{"op_code":8,"worker_id":"c5e59afa-d3b8-44dc-a4c5-b16876212894-139853016129536","trial_id":0,"user_attr":{"train_loss_epoch_1":1.9776542779229844}}
{"op_code":8,"worker_id":"c5e59afa-d3b8-44dc-a4c5-b16876212894-139853016129536","trial_id":0,"user_attr":{"em_epoch_1":72.2421948912015}}
{"op_code":7,"worker_id":"c5e59afa-d3b8-44dc-a4c5-b16876212894-139853016129536","trial_id":0,"step":1,"intermediate_value":81.08352582939078}
{"op_code":8,"worker_id":"c5e59afa-d3b8-44dc-a4c5-b16876212894-139853016129536","trial_id":0,"user_attr":{"train_loss_epoch_2":1.1956714895036487}}
{"op_code":8,"worker_id":"c5e59afa-d3b8-44dc-a4c5-b16876212894-139853016129536","trial_id":0,"user_attr":{"em_epoch_2":76.31031220435194}}
{"op_code":7,"worker_id":"c5e59afa-d3b8-44dc-a4c5-b16876212894-139853016129536","trial_id":0,"step":2,"intermediate_value":84.41301773332187}
{"op_code":8,"worker_id":"c5e59afa-d3b8-44dc-a4c5-b16876212894-139853016129536","trial_id":0,"user_attr":{"train_loss_epoch_3":1.0700307879344557}}
{"op_code":8,"worker_id":"c5e59afa-d3b8-44dc-a4c5-b16876212894-139853016129536","trial_id":0,"user_attr":{"em_epoch_3":77.26584673604542}}
{"op_code":7,"worker_id":"c5e59afa-d3b8-44dc-a4c5-b16876212894-139853016129536","trial_id":0,"step":3,"intermediate_value":85.11249804468895}
{"op_code":8,"worker_id":"c5e59afa-d3b8-44dc-a4c5-b16876212894-139853016129536","trial_id":0,"user_attr":{"train_loss_epoch_4":0.9912979743991118}}
{"op_code":8,"worker_id":"c5e59afa-d3b8-44dc-a4c5-b16876212894-139853016129536","trial_id":0,"user_attr":{"em_epoch_4":78.1456953642384}}
{"op_code":7,"worker_id":"c5e59afa-d3b8-44dc-a4c5-b16876212894-139853016129536","trial_id":0,"step":4,"intermediate_value":85.79882905708388}
{"op_code":8,"worker_id":"c5e59afa-d3b8-44dc-a4c5-b16876212894-139853016129536","trial_id":0,"user_attr":{"train_loss_epoch_5":0.9396763233957575}}
{"op_code":8,"worker_id":"c5e59afa-d3b8-44dc-a4c5-b16876212894-139853016129536","trial_id":0,"user_attr":{"em_epoch_5":78.94985808893094}}
{"op_code":7,"worker_id":"c5e59afa-d3b8-44dc-a4c5-b16876212894-139853016129536","trial_id":0,"step":5,"intermediate_value":86.47093140855789}
{"op_code":6,"worker_id":"c5e59afa-d3b8-44dc-a4c5-b16876212894-139853016129536","trial_id":0,"state":1,"values":[86.47093140855789],"datetime_complete":"2026-04-22T20:12:12.724359"}
{"op_code":4,"worker_id":"c5e59afa-d3b8-44dc-a4c5-b16876212894-139853016129536","study_id":0,"datetime_start":"2026-04-22T20:12:12.839901"}
{"op_code":5,"worker_id":"c5e59afa-d3b8-44dc-a4c5-b16876212894-139853016129536","trial_id":1,"param_name":"learning_rate","param_value_internal":0.0071144760093434225,"distribution":"{\"name\": \"FloatDistribution\", \"attributes\": {\"step\": null, \"low\": 1e-05, \"high\": 0.01, \"log\": true}}"}
{"op_code":8,"worker_id":"c5e59afa-d3b8-44dc-a4c5-b16876212894-139853016129536","trial_id":1,"user_attr":{"lora_layers_replaced":48}}
{"op_code":8,"worker_id":"c5e59afa-d3b8-44dc-a4c5-b16876212894-139853016129536","trial_id":1,"user_attr":{"trainable_params":2399234}}
{"op_code":8,"worker_id":"c5e59afa-d3b8-44dc-a4c5-b16876212894-139853016129536","trial_id":1,"user_attr":{"total_params":111252482}}
{"op_code":8,"worker_id":"c5e59afa-d3b8-44dc-a4c5-b16876212894-139853016129536","trial_id":1,"user_attr":{"train_loss_epoch_1":NaN}}
{"op_code":8,"worker_id":"c5e59afa-d3b8-44dc-a4c5-b16876212894-139853016129536","trial_id":1,"user_attr":{"em_epoch_1":0.21759697256385999}}
{"op_code":7,"worker_id":"c5e59afa-d3b8-44dc-a4c5-b16876212894-139853016129536","trial_id":1,"step":1,"intermediate_value":1.2390516324944243}
{"op_code":8,"worker_id":"c5e59afa-d3b8-44dc-a4c5-b16876212894-139853016129536","trial_id":1,"user_attr":{"train_loss_epoch_2":NaN}}
{"op_code":8,"worker_id":"c5e59afa-d3b8-44dc-a4c5-b16876212894-139853016129536","trial_id":1,"user_attr":{"em_epoch_2":0.21759697256385999}}
{"op_code":7,"worker_id":"c5e59afa-d3b8-44dc-a4c5-b16876212894-139853016129536","trial_id":1,"step":2,"intermediate_value":1.2390516324944243}
{"op_code":8,"worker_id":"c5e59afa-d3b8-44dc-a4c5-b16876212894-139853016129536","trial_id":1,"user_attr":{"train_loss_epoch_3":NaN}}
{"op_code":8,"worker_id":"c5e59afa-d3b8-44dc-a4c5-b16876212894-139853016129536","trial_id":1,"user_attr":{"em_epoch_3":0.21759697256385999}}
{"op_code":7,"worker_id":"c5e59afa-d3b8-44dc-a4c5-b16876212894-139853016129536","trial_id":1,"step":3,"intermediate_value":1.2390516324944243}
{"op_code":8,"worker_id":"c5e59afa-d3b8-44dc-a4c5-b16876212894-139853016129536","trial_id":1,"user_attr":{"train_loss_epoch_4":NaN}}
{"op_code":8,"worker_id":"c5e59afa-d3b8-44dc-a4c5-b16876212894-139853016129536","trial_id":1,"user_attr":{"em_epoch_4":0.21759697256385999}}
{"op_code":7,"worker_id":"c5e59afa-d3b8-44dc-a4c5-b16876212894-139853016129536","trial_id":1,"step":4,"intermediate_value":1.2390516324944243}
{"op_code":8,"worker_id":"c5e59afa-d3b8-44dc-a4c5-b16876212894-139853016129536","trial_id":1,"user_attr":{"train_loss_epoch_5":NaN}}
{"op_code":8,"worker_id":"c5e59afa-d3b8-44dc-a4c5-b16876212894-139853016129536","trial_id":1,"user_attr":{"em_epoch_5":0.21759697256385999}}
{"op_code":7,"worker_id":"c5e59afa-d3b8-44dc-a4c5-b16876212894-139853016129536","trial_id":1,"step":5,"intermediate_value":1.2390516324944243}
{"op_code":6,"worker_id":"c5e59afa-d3b8-44dc-a4c5-b16876212894-139853016129536","trial_id":1,"state":1,"values":[1.2390516324944243],"datetime_complete":"2026-04-22T20:31:41.669011"}
{"op_code":4,"worker_id":"c5e59afa-d3b8-44dc-a4c5-b16876212894-139853016129536","study_id":0,"datetime_start":"2026-04-22T20:31:41.785256"}
{"op_code":5,"worker_id":"c5e59afa-d3b8-44dc-a4c5-b16876212894-139853016129536","trial_id":2,"param_name":"learning_rate","param_value_internal":0.001570297088405539,"distribution":"{\"name\": \"FloatDistribution\", \"attributes\": {\"step\": null, \"low\": 1e-05, \"high\": 0.01, \"log\": true}}"}
{"op_code":8,"worker_id":"c5e59afa-d3b8-44dc-a4c5-b16876212894-139853016129536","trial_id":2,"user_attr":{"lora_layers_replaced":48}}
{"op_code":8,"worker_id":"c5e59afa-d3b8-44dc-a4c5-b16876212894-139853016129536","trial_id":2,"user_attr":{"trainable_params":2399234}}
{"op_code":8,"worker_id":"c5e59afa-d3b8-44dc-a4c5-b16876212894-139853016129536","trial_id":2,"user_attr":{"total_params":111252482}}
{"op_code":8,"worker_id":"c5e59afa-d3b8-44dc-a4c5-b16876212894-139853016129536","trial_id":2,"user_attr":{"train_loss_epoch_1":5.408267183161686}}
{"op_code":8,"worker_id":"c5e59afa-d3b8-44dc-a4c5-b16876212894-139853016129536","trial_id":2,"user_attr":{"em_epoch_1":0.6338694418164617}}
{"op_code":7,"worker_id":"c5e59afa-d3b8-44dc-a4c5-b16876212894-139853016129536","trial_id":2,"step":1,"intermediate_value":2.300263637268742}
{"op_code":8,"worker_id":"c5e59afa-d3b8-44dc-a4c5-b16876212894-139853016129536","trial_id":2,"user_attr":{"train_loss_epoch_2":5.85673564249261}}
{"op_code":8,"worker_id":"c5e59afa-d3b8-44dc-a4c5-b16876212894-139853016129536","trial_id":2,"user_attr":{"em_epoch_2":0.3500473036896878}}
{"op_code":7,"worker_id":"c5e59afa-d3b8-44dc-a4c5-b16876212894-139853016129536","trial_id":2,"step":2,"intermediate_value":4.773687260422052}
{"op_code":8,"worker_id":"c5e59afa-d3b8-44dc-a4c5-b16876212894-139853016129536","trial_id":2,"user_attr":{"train_loss_epoch_3":5.857734621508012}}
{"op_code":8,"worker_id":"c5e59afa-d3b8-44dc-a4c5-b16876212894-139853016129536","trial_id":2,"user_attr":{"em_epoch_3":0.6338694418164617}}
{"op_code":7,"worker_id":"c5e59afa-d3b8-44dc-a4c5-b16876212894-139853016129536","trial_id":2,"step":3,"intermediate_value":2.300263637268742}
{"op_code":8,"worker_id":"c5e59afa-d3b8-44dc-a4c5-b16876212894-139853016129536","trial_id":2,"user_attr":{"train_loss_epoch_4":5.8532571531569735}}
{"op_code":8,"worker_id":"c5e59afa-d3b8-44dc-a4c5-b16876212894-139853016129536","trial_id":2,"user_attr":{"em_epoch_4":0.6338694418164617}}
{"op_code":7,"worker_id":"c5e59afa-d3b8-44dc-a4c5-b16876212894-139853016129536","trial_id":2,"step":4,"intermediate_value":2.300263637268742}
{"op_code":8,"worker_id":"c5e59afa-d3b8-44dc-a4c5-b16876212894-139853016129536","trial_id":2,"user_attr":{"train_loss_epoch_5":5.859046681722005}}
{"op_code":8,"worker_id":"c5e59afa-d3b8-44dc-a4c5-b16876212894-139853016129536","trial_id":2,"user_attr":{"em_epoch_5":0.6338694418164617}}
{"op_code":7,"worker_id":"c5e59afa-d3b8-44dc-a4c5-b16876212894-139853016129536","trial_id":2,"step":5,"intermediate_value":2.300263637268742}
{"op_code":6,"worker_id":"c5e59afa-d3b8-44dc-a4c5-b16876212894-139853016129536","trial_id":2,"state":1,"values":[4.773687260422052],"datetime_complete":"2026-04-22T20:51:28.993695"}
{"op_code":4,"worker_id":"c5e59afa-d3b8-44dc-a4c5-b16876212894-139853016129536","study_id":0,"datetime_start":"2026-04-22T20:51:29.109807"}
{"op_code":5,"worker_id":"c5e59afa-d3b8-44dc-a4c5-b16876212894-139853016129536","trial_id":3,"param_name":"learning_rate","param_value_internal":2.480774677703777e-05,"distribution":"{\"name\": \"FloatDistribution\", \"attributes\": {\"step\": null, \"low\": 1e-05, \"high\": 0.01, \"log\": true}}"}
{"op_code":8,"worker_id":"c5e59afa-d3b8-44dc-a4c5-b16876212894-139853016129536","trial_id":3,"user_attr":{"lora_layers_replaced":48}}
{"op_code":8,"worker_id":"c5e59afa-d3b8-44dc-a4c5-b16876212894-139853016129536","trial_id":3,"user_attr":{"trainable_params":2399234}}
{"op_code":8,"worker_id":"c5e59afa-d3b8-44dc-a4c5-b16876212894-139853016129536","trial_id":3,"user_attr":{"total_params":111252482}}
{"op_code":8,"worker_id":"c5e59afa-d3b8-44dc-a4c5-b16876212894-139853016129536","trial_id":3,"user_attr":{"train_loss_epoch_1":2.8477646527251577}}
{"op_code":8,"worker_id":"c5e59afa-d3b8-44dc-a4c5-b16876212894-139853016129536","trial_id":3,"user_attr":{"em_epoch_1":58.902554399243144}}
{"op_code":7,"worker_id":"c5e59afa-d3b8-44dc-a4c5-b16876212894-139853016129536","trial_id":3,"step":1,"intermediate_value":69.31251821113159}
{"op_code":8,"worker_id":"c5e59afa-d3b8-44dc-a4c5-b16876212894-139853016129536","trial_id":3,"user_attr":{"train_loss_epoch_2":1.6764333173188413}}
{"op_code":8,"worker_id":"c5e59afa-d3b8-44dc-a4c5-b16876212894-139853016129536","trial_id":3,"user_attr":{"em_epoch_2":65.76158940397352}}
{"op_code":7,"worker_id":"c5e59afa-d3b8-44dc-a4c5-b16876212894-139853016129536","trial_id":3,"step":2,"intermediate_value":75.61333075037156}
{"op_code":8,"worker_id":"c5e59afa-d3b8-44dc-a4c5-b16876212894-139853016129536","trial_id":3,"user_attr":{"train_loss_epoch_3":1.5114528294501266}}
{"op_code":8,"worker_id":"c5e59afa-d3b8-44dc-a4c5-b16876212894-139853016129536","trial_id":3,"user_attr":{"em_epoch_3":68.21192052980132}}
{"op_code":7,"worker_id":"c5e59afa-d3b8-44dc-a4c5-b16876212894-139853016129536","trial_id":3,"step":3,"intermediate_value":77.88717349253005}
{"op_code":8,"worker_id":"c5e59afa-d3b8-44dc-a4c5-b16876212894-139853016129536","trial_id":3,"user_attr":{"train_loss_epoch_4":1.4353922497935412}}
{"op_code":8,"worker_id":"c5e59afa-d3b8-44dc-a4c5-b16876212894-139853016129536","trial_id":3,"user_attr":{"em_epoch_4":69.55534531693472}}
{"op_code":7,"worker_id":"c5e59afa-d3b8-44dc-a4c5-b16876212894-139853016129536","trial_id":3,"step":4,"intermediate_value":78.89019893982147}
{"op_code":8,"worker_id":"c5e59afa-d3b8-44dc-a4c5-b16876212894-139853016129536","trial_id":3,"user_attr":{"train_loss_epoch_5":1.3986948912382773}}
{"op_code":8,"worker_id":"c5e59afa-d3b8-44dc-a4c5-b16876212894-139853016129536","trial_id":3,"user_attr":{"em_epoch_5":69.81078524124882}}
{"op_code":7,"worker_id":"c5e59afa-d3b8-44dc-a4c5-b16876212894-139853016129536","trial_id":3,"step":5,"intermediate_value":79.20047625517628}
{"op_code":6,"worker_id":"c5e59afa-d3b8-44dc-a4c5-b16876212894-139853016129536","trial_id":3,"state":1,"values":[79.20047625517628],"datetime_complete":"2026-04-22T21:11:25.590493"}
{"op_code":4,"worker_id":"c5e59afa-d3b8-44dc-a4c5-b16876212894-139853016129536","study_id":0,"datetime_start":"2026-04-22T21:11:25.708977"}
{"op_code":5,"worker_id":"c5e59afa-d3b8-44dc-a4c5-b16876212894-139853016129536","trial_id":4,"param_name":"learning_rate","param_value_internal":7.571789807951388e-05,"distribution":"{\"name\": \"FloatDistribution\", \"attributes\": {\"step\": null, \"low\": 1e-05, \"high\": 0.01, \"log\": true}}"}
{"op_code":8,"worker_id":"c5e59afa-d3b8-44dc-a4c5-b16876212894-139853016129536","trial_id":4,"user_attr":{"lora_layers_replaced":48}}
{"op_code":8,"worker_id":"c5e59afa-d3b8-44dc-a4c5-b16876212894-139853016129536","trial_id":4,"user_attr":{"trainable_params":2399234}}
{"op_code":8,"worker_id":"c5e59afa-d3b8-44dc-a4c5-b16876212894-139853016129536","trial_id":4,"user_attr":{"total_params":111252482}}
{"op_code":8,"worker_id":"c5e59afa-d3b8-44dc-a4c5-b16876212894-139853016129536","trial_id":4,"user_attr":{"train_loss_epoch_1":2.195527059631296}}
{"op_code":8,"worker_id":"c5e59afa-d3b8-44dc-a4c5-b16876212894-139853016129536","trial_id":4,"user_attr":{"em_epoch_1":67.70104068117313}}
{"op_code":7,"worker_id":"c5e59afa-d3b8-44dc-a4c5-b16876212894-139853016129536","trial_id":4,"step":1,"intermediate_value":77.51234702011588}
{"op_code":8,"worker_id":"c5e59afa-d3b8-44dc-a4c5-b16876212894-139853016129536","trial_id":4,"user_attr":{"train_loss_epoch_2":1.321019402945914}}
{"op_code":8,"worker_id":"c5e59afa-d3b8-44dc-a4c5-b16876212894-139853016129536","trial_id":4,"user_attr":{"em_epoch_2":73.25449385052035}}
{"op_code":7,"worker_id":"c5e59afa-d3b8-44dc-a4c5-b16876212894-139853016129536","trial_id":4,"step":2,"intermediate_value":82.31347058933208}
{"op_code":8,"worker_id":"c5e59afa-d3b8-44dc-a4c5-b16876212894-139853016129536","trial_id":4,"user_attr":{"train_loss_epoch_3":1.193344125353547}}
{"op_code":8,"worker_id":"c5e59afa-d3b8-44dc-a4c5-b16876212894-139853016129536","trial_id":4,"user_attr":{"em_epoch_3":75.28855250709556}}
{"op_code":7,"worker_id":"c5e59afa-d3b8-44dc-a4c5-b16876212894-139853016129536","trial_id":4,"step":3,"intermediate_value":83.85929864735922}
{"op_code":8,"worker_id":"c5e59afa-d3b8-44dc-a4c5-b16876212894-139853016129536","trial_id":4,"user_attr":{"train_loss_epoch_4":1.1198945757819385}}
{"op_code":8,"worker_id":"c5e59afa-d3b8-44dc-a4c5-b16876212894-139853016129536","trial_id":4,"user_attr":{"em_epoch_4":76.13055818353831}}
{"op_code":7,"worker_id":"c5e59afa-d3b8-44dc-a4c5-b16876212894-139853016129536","trial_id":4,"step":4,"intermediate_value":84.50661722677216}
{"op_code":8,"worker_id":"c5e59afa-d3b8-44dc-a4c5-b16876212894-139853016129536","trial_id":4,"user_attr":{"train_loss_epoch_5":1.0801484972157775}}
{"op_code":8,"worker_id":"c5e59afa-d3b8-44dc-a4c5-b16876212894-139853016129536","trial_id":4,"user_attr":{"em_epoch_5":76.480605487228}}
{"op_code":7,"worker_id":"c5e59afa-d3b8-44dc-a4c5-b16876212894-139853016129536","trial_id":4,"step":5,"intermediate_value":84.72836451426218}
{"op_code":6,"worker_id":"c5e59afa-d3b8-44dc-a4c5-b16876212894-139853016129536","trial_id":4,"state":1,"values":[84.72836451426218],"datetime_complete":"2026-04-22T21:31:21.142491"}
{"op_code":4,"worker_id":"c5e59afa-d3b8-44dc-a4c5-b16876212894-139853016129536","study_id":0,"datetime_start":"2026-04-22T21:31:21.277623"}
{"op_code":5,"worker_id":"c5e59afa-d3b8-44dc-a4c5-b16876212894-139853016129536","trial_id":5,"param_name":"learning_rate","param_value_internal":0.0003105109516983296,"distribution":"{\"name\": \"FloatDistribution\", \"attributes\": {\"step\": null, \"low\": 1e-05, \"high\": 0.01, \"log\": true}}"}
{"op_code":8,"worker_id":"c5e59afa-d3b8-44dc-a4c5-b16876212894-139853016129536","trial_id":5,"user_attr":{"lora_layers_replaced":48}}
{"op_code":8,"worker_id":"c5e59afa-d3b8-44dc-a4c5-b16876212894-139853016129536","trial_id":5,"user_attr":{"trainable_params":2399234}}
{"op_code":8,"worker_id":"c5e59afa-d3b8-44dc-a4c5-b16876212894-139853016129536","trial_id":5,"user_attr":{"total_params":111252482}}
{"op_code":8,"worker_id":"c5e59afa-d3b8-44dc-a4c5-b16876212894-139853016129536","trial_id":5,"user_attr":{"train_loss_epoch_1":1.7493271511098556}}
{"op_code":8,"worker_id":"c5e59afa-d3b8-44dc-a4c5-b16876212894-139853016129536","trial_id":5,"user_attr":{"em_epoch_1":73.91674550614948}}
{"op_code":7,"worker_id":"c5e59afa-d3b8-44dc-a4c5-b16876212894-139853016129536","trial_id":5,"step":1,"intermediate_value":82.77078221948366}
{"op_code":8,"worker_id":"c5e59afa-d3b8-44dc-a4c5-b16876212894-139853016129536","trial_id":5,"user_attr":{"train_loss_epoch_2":1.086794314959508}}
{"op_code":8,"worker_id":"c5e59afa-d3b8-44dc-a4c5-b16876212894-139853016129536","trial_id":5,"user_attr":{"em_epoch_2":78.31598864711448}}
{"op_code":7,"worker_id":"c5e59afa-d3b8-44dc-a4c5-b16876212894-139853016129536","trial_id":5,"step":2,"intermediate_value":85.96100288064493}
{"op_code":8,"worker_id":"c5e59afa-d3b8-44dc-a4c5-b16876212894-139853016129536","trial_id":5,"user_attr":{"train_loss_epoch_3":0.9348094557520497}}
{"op_code":8,"worker_id":"c5e59afa-d3b8-44dc-a4c5-b16876212894-139853016129536","trial_id":5,"user_attr":{"em_epoch_3":78.94985808893094}}
{"op_code":7,"worker_id":"c5e59afa-d3b8-44dc-a4c5-b16876212894-139853016129536","trial_id":5,"step":3,"intermediate_value":86.69162777262399}
{"op_code":8,"worker_id":"c5e59afa-d3b8-44dc-a4c5-b16876212894-139853016129536","trial_id":5,"user_attr":{"train_loss_epoch_4":0.8284714769703263}}
{"op_code":8,"worker_id":"c5e59afa-d3b8-44dc-a4c5-b16876212894-139853016129536","trial_id":5,"user_attr":{"em_epoch_4":79.85808893093662}}
{"op_code":7,"worker_id":"c5e59afa-d3b8-44dc-a4c5-b16876212894-139853016129536","trial_id":5,"step":4,"intermediate_value":87.44607956604314}
{"op_code":8,"worker_id":"c5e59afa-d3b8-44dc-a4c5-b16876212894-139853016129536","trial_id":5,"user_attr":{"train_loss_epoch_5":0.7401978808528362}}
{"op_code":8,"worker_id":"c5e59afa-d3b8-44dc-a4c5-b16876212894-139853016129536","trial_id":5,"user_attr":{"em_epoch_5":80.00946073793756}}
{"op_code":7,"worker_id":"c5e59afa-d3b8-44dc-a4c5-b16876212894-139853016129536","trial_id":5,"step":5,"intermediate_value":87.6759898125935}
{"op_code":6,"worker_id":"c5e59afa-d3b8-44dc-a4c5-b16876212894-139853016129536","trial_id":5,"state":1,"values":[87.6759898125935],"datetime_complete":"2026-04-22T21:51:15.131587"}
{"op_code":4,"worker_id":"c5e59afa-d3b8-44dc-a4c5-b16876212894-139853016129536","study_id":0,"datetime_start":"2026-04-22T21:51:15.262470"}
{"op_code":5,"worker_id":"c5e59afa-d3b8-44dc-a4c5-b16876212894-139853016129536","trial_id":6,"param_name":"learning_rate","param_value_internal":0.0008306050731972224,"distribution":"{\"name\": \"FloatDistribution\", \"attributes\": {\"step\": null, \"low\": 1e-05, \"high\": 0.01, \"log\": true}}"}
{"op_code":8,"worker_id":"c5e59afa-d3b8-44dc-a4c5-b16876212894-139853016129536","trial_id":6,"user_attr":{"lora_layers_replaced":48}}
{"op_code":8,"worker_id":"c5e59afa-d3b8-44dc-a4c5-b16876212894-139853016129536","trial_id":6,"user_attr":{"trainable_params":2399234}}
{"op_code":8,"worker_id":"c5e59afa-d3b8-44dc-a4c5-b16876212894-139853016129536","trial_id":6,"user_attr":{"total_params":111252482}}
{"op_code":8,"worker_id":"c5e59afa-d3b8-44dc-a4c5-b16876212894-139853016129536","trial_id":6,"user_attr":{"train_loss_epoch_1":1.668963984163796}}
{"op_code":8,"worker_id":"c5e59afa-d3b8-44dc-a4c5-b16876212894-139853016129536","trial_id":6,"user_attr":{"em_epoch_1":72.20435193945127}}
{"op_code":7,"worker_id":"c5e59afa-d3b8-44dc-a4c5-b16876212894-139853016129536","trial_id":6,"step":1,"intermediate_value":81.97553815274084}
{"op_code":8,"worker_id":"c5e59afa-d3b8-44dc-a4c5-b16876212894-139853016129536","trial_id":6,"user_attr":{"train_loss_epoch_2":5.527603376783976}}
{"op_code":8,"worker_id":"c5e59afa-d3b8-44dc-a4c5-b16876212894-139853016129536","trial_id":6,"user_attr":{"em_epoch_2":0.6149479659413434}}
{"op_code":7,"worker_id":"c5e59afa-d3b8-44dc-a4c5-b16876212894-139853016129536","trial_id":6,"step":2,"intermediate_value":2.7401019819507253}
{"op_code":8,"worker_id":"c5e59afa-d3b8-44dc-a4c5-b16876212894-139853016129536","trial_id":6,"user_attr":{"train_loss_epoch_3":5.857724218704513}}
{"op_code":8,"worker_id":"c5e59afa-d3b8-44dc-a4c5-b16876212894-139853016129536","trial_id":6,"user_attr":{"em_epoch_3":0.6338694418164617}}
{"op_code":7,"worker_id":"c5e59afa-d3b8-44dc-a4c5-b16876212894-139853016129536","trial_id":6,"step":3,"intermediate_value":2.300263637268742}
{"op_code":8,"worker_id":"c5e59afa-d3b8-44dc-a4c5-b16876212894-139853016129536","trial_id":6,"user_attr":{"train_loss_epoch_4":5.857974828291068}}
{"op_code":8,"worker_id":"c5e59afa-d3b8-44dc-a4c5-b16876212894-139853016129536","trial_id":6,"user_attr":{"em_epoch_4":0.6338694418164617}}
{"op_code":7,"worker_id":"c5e59afa-d3b8-44dc-a4c5-b16876212894-139853016129536","trial_id":6,"step":4,"intermediate_value":2.300263637268742}
{"op_code":8,"worker_id":"c5e59afa-d3b8-44dc-a4c5-b16876212894-139853016129536","trial_id":6,"user_attr":{"train_loss_epoch_5":5.857772010193284}}
{"op_code":8,"worker_id":"c5e59afa-d3b8-44dc-a4c5-b16876212894-139853016129536","trial_id":6,"user_attr":{"em_epoch_5":0.5298013245033113}}
{"op_code":7,"worker_id":"c5e59afa-d3b8-44dc-a4c5-b16876212894-139853016129536","trial_id":6,"step":5,"intermediate_value":2.7078831434911406}
{"op_code":6,"worker_id":"c5e59afa-d3b8-44dc-a4c5-b16876212894-139853016129536","trial_id":6,"state":1,"values":[81.97553815274084],"datetime_complete":"2026-04-22T22:11:04.753711"}
{"op_code":4,"worker_id":"c5e59afa-d3b8-44dc-a4c5-b16876212894-139853016129536","study_id":0,"datetime_start":"2026-04-22T22:11:04.872273"}
{"op_code":5,"worker_id":"c5e59afa-d3b8-44dc-a4c5-b16876212894-139853016129536","trial_id":7,"param_name":"learning_rate","param_value_internal":1.394940263335956e-05,"distribution":"{\"name\": \"FloatDistribution\", \"attributes\": {\"step\": null, \"low\": 1e-05, \"high\": 0.01, \"log\": true}}"}
{"op_code":8,"worker_id":"c5e59afa-d3b8-44dc-a4c5-b16876212894-139853016129536","trial_id":7,"user_attr":{"lora_layers_replaced":48}}
{"op_code":8,"worker_id":"c5e59afa-d3b8-44dc-a4c5-b16876212894-139853016129536","trial_id":7,"user_attr":{"trainable_params":2399234}}
{"op_code":8,"worker_id":"c5e59afa-d3b8-44dc-a4c5-b16876212894-139853016129536","trial_id":7,"user_attr":{"total_params":111252482}}
{"op_code":8,"worker_id":"c5e59afa-d3b8-44dc-a4c5-b16876212894-139853016129536","trial_id":7,"user_attr":{"train_loss_epoch_1":3.294055389453402}}
{"op_code":8,"worker_id":"c5e59afa-d3b8-44dc-a4c5-b16876212894-139853016129536","trial_id":7,"user_attr":{"em_epoch_1":48.38221381267739}}
{"op_code":7,"worker_id":"c5e59afa-d3b8-44dc-a4c5-b16876212894-139853016129536","trial_id":7,"step":1,"intermediate_value":59.241656844299996}
{"op_code":8,"worker_id":"c5e59afa-d3b8-44dc-a4c5-b16876212894-139853016129536","trial_id":7,"user_attr":{"train_loss_epoch_2":1.983001088773009}}
{"op_code":8,"worker_id":"c5e59afa-d3b8-44dc-a4c5-b16876212894-139853016129536","trial_id":7,"user_attr":{"em_epoch_2":59.735099337748345}}
{"op_code":7,"worker_id":"c5e59afa-d3b8-44dc-a4c5-b16876212894-139853016129536","trial_id":7,"step":2,"intermediate_value":69.98780267752538}
{"op_code":6,"worker_id":"c5e59afa-d3b8-44dc-a4c5-b16876212894-139853016129536","trial_id":7,"state":2,"values":[69.98780267752538],"datetime_complete":"2026-04-22T22:19:03.049376"}
{"op_code":4,"worker_id":"c5e59afa-d3b8-44dc-a4c5-b16876212894-139853016129536","study_id":0,"datetime_start":"2026-04-22T22:19:03.172152"}
{"op_code":5,"worker_id":"c5e59afa-d3b8-44dc-a4c5-b16876212894-139853016129536","trial_id":8,"param_name":"learning_rate","param_value_internal":0.0004195963720721671,"distribution":"{\"name\": \"FloatDistribution\", \"attributes\": {\"step\": null, \"low\": 1e-05, \"high\": 0.01, \"log\": true}}"}
{"op_code":8,"worker_id":"c5e59afa-d3b8-44dc-a4c5-b16876212894-139853016129536","trial_id":8,"user_attr":{"lora_layers_replaced":48}}
{"op_code":8,"worker_id":"c5e59afa-d3b8-44dc-a4c5-b16876212894-139853016129536","trial_id":8,"user_attr":{"trainable_params":2399234}}
{"op_code":8,"worker_id":"c5e59afa-d3b8-44dc-a4c5-b16876212894-139853016129536","trial_id":8,"user_attr":{"total_params":111252482}}
{"op_code":8,"worker_id":"c5e59afa-d3b8-44dc-a4c5-b16876212894-139853016129536","trial_id":8,"user_attr":{"train_loss_epoch_1":1.6809363570316698}}
{"op_code":8,"worker_id":"c5e59afa-d3b8-44dc-a4c5-b16876212894-139853016129536","trial_id":8,"user_attr":{"em_epoch_1":73.8221381267739}}
{"op_code":7,"worker_id":"c5e59afa-d3b8-44dc-a4c5-b16876212894-139853016129536","trial_id":8,"step":1,"intermediate_value":82.8777071491335}
{"op_code":8,"worker_id":"c5e59afa-d3b8-44dc-a4c5-b16876212894-139853016129536","trial_id":8,"user_attr":{"train_loss_epoch_2":1.055335166848449}}
{"op_code":8,"worker_id":"c5e59afa-d3b8-44dc-a4c5-b16876212894-139853016129536","trial_id":8,"user_attr":{"em_epoch_2":77.4077578051088}}
{"op_code":7,"worker_id":"c5e59afa-d3b8-44dc-a4c5-b16876212894-139853016129536","trial_id":8,"step":2,"intermediate_value":85.69886809213983}
{"op_code":8,"worker_id":"c5e59afa-d3b8-44dc-a4c5-b16876212894-139853016129536","trial_id":8,"user_attr":{"train_loss_epoch_3":0.9015471455527515}}
{"op_code":8,"worker_id":"c5e59afa-d3b8-44dc-a4c5-b16876212894-139853016129536","trial_id":8,"user_attr":{"em_epoch_3":79.34720908230842}}
{"op_code":7,"worker_id":"c5e59afa-d3b8-44dc-a4c5-b16876212894-139853016129536","trial_id":8,"step":3,"intermediate_value":87.0969503321296}
{"op_code":8,"worker_id":"c5e59afa-d3b8-44dc-a4c5-b16876212894-139853016129536","trial_id":8,"user_attr":{"train_loss_epoch_4":0.7779783046504023}}
{"op_code":8,"worker_id":"c5e59afa-d3b8-44dc-a4c5-b16876212894-139853016129536","trial_id":8,"user_attr":{"em_epoch_4":80.3027436140019}}
{"op_code":7,"worker_id":"c5e59afa-d3b8-44dc-a4c5-b16876212894-139853016129536","trial_id":8,"step":4,"intermediate_value":87.62954261777917}
{"op_code":8,"worker_id":"c5e59afa-d3b8-44dc-a4c5-b16876212894-139853016129536","trial_id":8,"user_attr":{"train_loss_epoch_5":0.6744766499453444}}
{"op_code":8,"worker_id":"c5e59afa-d3b8-44dc-a4c5-b16876212894-139853016129536","trial_id":8,"user_attr":{"em_epoch_5":80.60548722800378}}
{"op_code":7,"worker_id":"c5e59afa-d3b8-44dc-a4c5-b16876212894-139853016129536","trial_id":8,"step":5,"intermediate_value":88.11433854856946}
{"op_code":6,"worker_id":"c5e59afa-d3b8-44dc-a4c5-b16876212894-139853016129536","trial_id":8,"state":1,"values":[88.11433854856946],"datetime_complete":"2026-04-22T22:38:56.226939"}
{"op_code":4,"worker_id":"c5e59afa-d3b8-44dc-a4c5-b16876212894-139853016129536","study_id":0,"datetime_start":"2026-04-22T22:38:56.358590"}
{"op_code":5,"worker_id":"c5e59afa-d3b8-44dc-a4c5-b16876212894-139853016129536","trial_id":9,"param_name":"learning_rate","param_value_internal":0.007573772188483932,"distribution":"{\"name\": \"FloatDistribution\", \"attributes\": {\"step\": null, \"low\": 1e-05, \"high\": 0.01, \"log\": true}}"}
{"op_code":8,"worker_id":"c5e59afa-d3b8-44dc-a4c5-b16876212894-139853016129536","trial_id":9,"user_attr":{"lora_layers_replaced":48}}
{"op_code":8,"worker_id":"c5e59afa-d3b8-44dc-a4c5-b16876212894-139853016129536","trial_id":9,"user_attr":{"trainable_params":2399234}}
{"op_code":8,"worker_id":"c5e59afa-d3b8-44dc-a4c5-b16876212894-139853016129536","trial_id":9,"user_attr":{"total_params":111252482}}
{"op_code":8,"worker_id":"c5e59afa-d3b8-44dc-a4c5-b16876212894-139853016129536","trial_id":9,"user_attr":{"train_loss_epoch_1":5.7791760818098945}}
{"op_code":8,"worker_id":"c5e59afa-d3b8-44dc-a4c5-b16876212894-139853016129536","trial_id":9,"user_attr":{"em_epoch_1":0.6338694418164617}}
{"op_code":7,"worker_id":"c5e59afa-d3b8-44dc-a4c5-b16876212894-139853016129536","trial_id":9,"step":1,"intermediate_value":2.300263637268742}
{"op_code":8,"worker_id":"c5e59afa-d3b8-44dc-a4c5-b16876212894-139853016129536","trial_id":9,"user_attr":{"train_loss_epoch_2":5.861138876214583}}
{"op_code":8,"worker_id":"c5e59afa-d3b8-44dc-a4c5-b16876212894-139853016129536","trial_id":9,"user_attr":{"em_epoch_2":0.6338694418164617}}
{"op_code":7,"worker_id":"c5e59afa-d3b8-44dc-a4c5-b16876212894-139853016129536","trial_id":9,"step":2,"intermediate_value":2.300263637268742}
{"op_code":6,"worker_id":"c5e59afa-d3b8-44dc-a4c5-b16876212894-139853016129536","trial_id":9,"state":2,"values":[2.300263637268742],"datetime_complete":"2026-04-22T22:46:51.901444"}
{"op_code":4,"worker_id":"c5e59afa-d3b8-44dc-a4c5-b16876212894-139853016129536","study_id":0,"datetime_start":"2026-04-22T22:46:52.025188"}
{"op_code":5,"worker_id":"c5e59afa-d3b8-44dc-a4c5-b16876212894-139853016129536","trial_id":10,"param_name":"learning_rate","param_value_internal":0.0011746931059660698,"distribution":"{\"name\": \"FloatDistribution\", \"attributes\": {\"step\": null, \"low\": 1e-05, \"high\": 0.01, \"log\": true}}"}
{"op_code":8,"worker_id":"c5e59afa-d3b8-44dc-a4c5-b16876212894-139853016129536","trial_id":10,"user_attr":{"lora_layers_replaced":48}}
{"op_code":8,"worker_id":"c5e59afa-d3b8-44dc-a4c5-b16876212894-139853016129536","trial_id":10,"user_attr":{"trainable_params":2399234}}
{"op_code":8,"worker_id":"c5e59afa-d3b8-44dc-a4c5-b16876212894-139853016129536","trial_id":10,"user_attr":{"total_params":111252482}}
{"op_code":8,"worker_id":"c5e59afa-d3b8-44dc-a4c5-b16876212894-139853016129536","trial_id":10,"user_attr":{"train_loss_epoch_1":5.155232637361459}}
{"op_code":8,"worker_id":"c5e59afa-d3b8-44dc-a4c5-b16876212894-139853016129536","trial_id":10,"user_attr":{"em_epoch_1":0.6338694418164617}}
{"op_code":7,"worker_id":"c5e59afa-d3b8-44dc-a4c5-b16876212894-139853016129536","trial_id":10,"step":1,"intermediate_value":2.300263637268742}
{"op_code":8,"worker_id":"c5e59afa-d3b8-44dc-a4c5-b16876212894-139853016129536","trial_id":10,"user_attr":{"train_loss_epoch_2":5.855677356306454}}
{"op_code":8,"worker_id":"c5e59afa-d3b8-44dc-a4c5-b16876212894-139853016129536","trial_id":10,"user_attr":{"em_epoch_2":0.17029328287606432}}
{"op_code":7,"worker_id":"c5e59afa-d3b8-44dc-a4c5-b16876212894-139853016129536","trial_id":10,"step":2,"intermediate_value":5.509443342041972}
{"op_code":6,"worker_id":"c5e59afa-d3b8-44dc-a4c5-b16876212894-139853016129536","trial_id":10,"state":2,"values":[5.509443342041972],"datetime_complete":"2026-04-22T22:54:46.729421"}
{"op_code":4,"worker_id":"c5e59afa-d3b8-44dc-a4c5-b16876212894-139853016129536","study_id":0,"datetime_start":"2026-04-22T22:54:46.856541"}
{"op_code":5,"worker_id":"c5e59afa-d3b8-44dc-a4c5-b16876212894-139853016129536","trial_id":11,"param_name":"learning_rate","param_value_internal":0.000304742414561939,"distribution":"{\"name\": \"FloatDistribution\", \"attributes\": {\"step\": null, \"low\": 1e-05, \"high\": 0.01, \"log\": true}}"}
{"op_code":8,"worker_id":"c5e59afa-d3b8-44dc-a4c5-b16876212894-139853016129536","trial_id":11,"user_attr":{"lora_layers_replaced":48}}
{"op_code":8,"worker_id":"c5e59afa-d3b8-44dc-a4c5-b16876212894-139853016129536","trial_id":11,"user_attr":{"trainable_params":2399234}}
{"op_code":8,"worker_id":"c5e59afa-d3b8-44dc-a4c5-b16876212894-139853016129536","trial_id":11,"user_attr":{"total_params":111252482}}
{"op_code":8,"worker_id":"c5e59afa-d3b8-44dc-a4c5-b16876212894-139853016129536","trial_id":11,"user_attr":{"train_loss_epoch_1":1.7535102115090946}}
{"op_code":8,"worker_id":"c5e59afa-d3b8-44dc-a4c5-b16876212894-139853016129536","trial_id":11,"user_attr":{"em_epoch_1":73.36802270577105}}
{"op_code":7,"worker_id":"c5e59afa-d3b8-44dc-a4c5-b16876212894-139853016129536","trial_id":11,"step":1,"intermediate_value":81.75070784322787}
{"op_code":8,"worker_id":"c5e59afa-d3b8-44dc-a4c5-b16876212894-139853016129536","trial_id":11,"user_attr":{"train_loss_epoch_2":1.085454322684425}}
{"op_code":8,"worker_id":"c5e59afa-d3b8-44dc-a4c5-b16876212894-139853016129536","trial_id":11,"user_attr":{"em_epoch_2":78.22138126773888}}
{"op_code":7,"worker_id":"c5e59afa-d3b8-44dc-a4c5-b16876212894-139853016129536","trial_id":11,"step":2,"intermediate_value":86.07786988759632}
{"op_code":8,"worker_id":"c5e59afa-d3b8-44dc-a4c5-b16876212894-139853016129536","trial_id":11,"user_attr":{"train_loss_epoch_3":0.9349167496854374}}
{"op_code":8,"worker_id":"c5e59afa-d3b8-44dc-a4c5-b16876212894-139853016129536","trial_id":11,"user_attr":{"em_epoch_3":80.0}}
{"op_code":7,"worker_id":"c5e59afa-d3b8-44dc-a4c5-b16876212894-139853016129536","trial_id":11,"step":3,"intermediate_value":87.24900225638488}
{"op_code":8,"worker_id":"c5e59afa-d3b8-44dc-a4c5-b16876212894-139853016129536","trial_id":11,"user_attr":{"train_loss_epoch_4":0.825978378261008}}
{"op_code":8,"worker_id":"c5e59afa-d3b8-44dc-a4c5-b16876212894-139853016129536","trial_id":11,"user_attr":{"em_epoch_4":81.15421002838221}}
{"op_code":7,"worker_id":"c5e59afa-d3b8-44dc-a4c5-b16876212894-139853016129536","trial_id":11,"step":4,"intermediate_value":88.07496729800538}
{"op_code":8,"worker_id":"c5e59afa-d3b8-44dc-a4c5-b16876212894-139853016129536","trial_id":11,"user_attr":{"train_loss_epoch_5":0.7438776243992937}}
{"op_code":8,"worker_id":"c5e59afa-d3b8-44dc-a4c5-b16876212894-139853016129536","trial_id":11,"user_attr":{"em_epoch_5":80.90823084200568}}
{"op_code":7,"worker_id":"c5e59afa-d3b8-44dc-a4c5-b16876212894-139853016129536","trial_id":11,"step":5,"intermediate_value":88.12372898756016}
{"op_code":6,"worker_id":"c5e59afa-d3b8-44dc-a4c5-b16876212894-139853016129536","trial_id":11,"state":1,"values":[88.12372898756016],"datetime_complete":"2026-04-22T23:14:41.523262"}
