Task: qqp, Metric: f1
BSZ: 128, max_seq: 128, epochs: 5
Train batches: 2843, Eval batches: 632
  lr=0.005 (fixed, per-task)
  transfer_every=1 (fixed, uim=True, every mini-batch)
  fast_lr=1.0 (fixed), transfer_lr=1.0 (fixed)
[I 2026-02-25 18:58:02,059] A new study created in RDB with name: mobilebert_tiki_qqp_0225_1857
  Early stop patience: 2, Pruner: Median, startup=5, warmup=2

Study: mobilebert_tiki_qqp_0225_1857, Device: cuda, New trials: 20

======================================================================
Trial 0 Starting (qqp, metric=f1)
======================================================================
  transfer_every=1, transfer_lr=7.1145e+02, fast_lr=1.0000e+00, desired_bl=31
  lr=3.15e-03, wd=0.00e+00
  momentum=0.00, nesterov=False, optimizer=AnalogSGD
  min_lr_rate=0.5000
======================================================================
Some weights of MobileBertForSequenceClassification were not initialized from the model checkpoint at google/mobilebert-uncased and are newly initialized: ['classifier.bias', 'classifier.weight']
You should probably TRAIN this model on a down-stream task to be able to use it for predictions and inference.
  [FIX] Reinitialized classifier with FIXED seed=42
  [DIGITAL] Keeping 264 non-target layers as digital (frozen)
  TikiTaka: 96, NT Analog: 0, Total analog: 96, Total params: 21,842,786
  Trainable: 13,410
  Target: qkv -> ['attention (q,k,v,W_O)']
Trial 0 Ep1:   0%|                                                                                                      | 0/2843 [00:00<?, ?it/s]                                                                                                                                                 [Trial 0] Error: local variable 'AnalogContext' referenced before assignment
[Trial 0] GPU cache cleared
[W 2026-02-25 18:58:15,516] Trial 0 failed with parameters: {'learning_rate': 0.003148911647956862, 'transfer_lr': 711.4476009343418, 'desired_bl': 31} because of the following error: UnboundLocalError("local variable 'AnalogContext' referenced before assignment").
Traceback (most recent call last):
  File "/data/venvs/lrtt/lib/python3.10/site-packages/optuna/study/_optimize.py", line 206, in _run_trial
    value_or_values = func(trial)
  File "/data/optuna_mobilebert_glue_tiki.py", line 1299, in <lambda>
    lambda trial: objective(trial, train_loader, eval_loader),
  File "/data/optuna_mobilebert_glue_tiki.py", line 962, in objective
    if isinstance(_p, AnalogContext):
UnboundLocalError: local variable 'AnalogContext' referenced before assignment
[W 2026-02-25 18:58:15,517] Trial 0 failed with value None.

======================================================================
Trial 1 Starting (qqp, metric=f1)
======================================================================
  transfer_every=1, transfer_lr=2.9375e+00, fast_lr=1.0000e+00, desired_bl=60
  lr=4.21e-04, wd=0.00e+00
  momentum=0.00, nesterov=False, optimizer=AnalogSGD
  min_lr_rate=0.5000
======================================================================
Some weights of MobileBertForSequenceClassification were not initialized from the model checkpoint at google/mobilebert-uncased and are newly initialized: ['classifier.bias', 'classifier.weight']
You should probably TRAIN this model on a down-stream task to be able to use it for predictions and inference.
  [FIX] Reinitialized classifier with FIXED seed=42
  [DIGITAL] Keeping 264 non-target layers as digital (frozen)
  TikiTaka: 96, NT Analog: 0, Total analog: 96, Total params: 21,842,786
  Trainable: 13,410
  Target: qkv -> ['attention (q,k,v,W_O)']
Trial 1 Ep1:   0%|                                                                                                      | 0/2843 [00:00<?, ?it/s]                                                                                                                                                 [Trial 1] Error: local variable 'AnalogContext' referenced before assignment
[Trial 1] GPU cache cleared
[W 2026-02-25 18:58:22,142] Trial 1 failed with parameters: {'learning_rate': 0.00042079886696066364, 'transfer_lr': 2.937538457632828, 'desired_bl': 60} because of the following error: UnboundLocalError("local variable 'AnalogContext' referenced before assignment").
Traceback (most recent call last):
  File "/data/venvs/lrtt/lib/python3.10/site-packages/optuna/study/_optimize.py", line 206, in _run_trial
    value_or_values = func(trial)
  File "/data/optuna_mobilebert_glue_tiki.py", line 1299, in <lambda>
    lambda trial: objective(trial, train_loader, eval_loader),
  File "/data/optuna_mobilebert_glue_tiki.py", line 962, in objective
    if isinstance(_p, AnalogContext):
UnboundLocalError: local variable 'AnalogContext' referenced before assignment
[W 2026-02-25 18:58:22,144] Trial 1 failed with value None.

======================================================================
Trial 2 Starting (qqp, metric=f1)
======================================================================
  transfer_every=1, transfer_lr=1.3311e+02, fast_lr=1.0000e+00, desired_bl=60
  lr=2.54e-02, wd=0.00e+00
  momentum=0.00, nesterov=False, optimizer=AnalogSGD
  min_lr_rate=0.5000
======================================================================
Some weights of MobileBertForSequenceClassification were not initialized from the model checkpoint at google/mobilebert-uncased and are newly initialized: ['classifier.bias', 'classifier.weight']
You should probably TRAIN this model on a down-stream task to be able to use it for predictions and inference.
  [FIX] Reinitialized classifier with FIXED seed=42
  [DIGITAL] Keeping 264 non-target layers as digital (frozen)
  TikiTaka: 96, NT Analog: 0, Total analog: 96, Total params: 21,842,786
  Trainable: 13,410
  Target: qkv -> ['attention (q,k,v,W_O)']
Trial 2 Ep1:   0%|                                                                                                      | 0/2843 [00:00<?, ?it/s]                                                                                                                                                 [Trial 2] Error: local variable 'AnalogContext' referenced before assignment
[Trial 2] GPU cache cleared
[W 2026-02-25 18:58:34,160] Trial 2 failed with parameters: {'learning_rate': 0.02537815508265665, 'transfer_lr': 133.1121608073688, 'desired_bl': 60} because of the following error: UnboundLocalError("local variable 'AnalogContext' referenced before assignment").
Traceback (most recent call last):
  File "/data/venvs/lrtt/lib/python3.10/site-packages/optuna/study/_optimize.py", line 206, in _run_trial
    value_or_values = func(trial)
  File "/data/optuna_mobilebert_glue_tiki.py", line 1299, in <lambda>
    lambda trial: objective(trial, train_loader, eval_loader),
  File "/data/optuna_mobilebert_glue_tiki.py", line 962, in objective
    if isinstance(_p, AnalogContext):
UnboundLocalError: local variable 'AnalogContext' referenced before assignment
[W 2026-02-25 18:58:34,162] Trial 2 failed with value None.

======================================================================
Trial 3 Starting (qqp, metric=f1)
======================================================================
  transfer_every=1, transfer_lr=4.3353e+00, fast_lr=1.0000e+00, desired_bl=60
  lr=2.14e-01, wd=0.00e+00
  momentum=0.00, nesterov=False, optimizer=AnalogSGD
  min_lr_rate=0.5000
======================================================================
Some weights of MobileBertForSequenceClassification were not initialized from the model checkpoint at google/mobilebert-uncased and are newly initialized: ['classifier.bias', 'classifier.weight']
You should probably TRAIN this model on a down-stream task to be able to use it for predictions and inference.
  [FIX] Reinitialized classifier with FIXED seed=42
  [DIGITAL] Keeping 264 non-target layers as digital (frozen)
  TikiTaka: 96, NT Analog: 0, Total analog: 96, Total params: 21,842,786
  Trainable: 13,410
  Target: qkv -> ['attention (q,k,v,W_O)']
Trial 3 Ep1:   0%|                                                                                                      | 0/2843 [00:00<?, ?it/s]                                                                                                                                                 [Trial 3] Error: local variable 'AnalogContext' referenced before assignment
[Trial 3] GPU cache cleared
[W 2026-02-25 18:58:44,040] Trial 3 failed with parameters: {'learning_rate': 0.21368329072358744, 'transfer_lr': 4.335281794951563, 'desired_bl': 60} because of the following error: UnboundLocalError("local variable 'AnalogContext' referenced before assignment").
Traceback (most recent call last):
  File "/data/venvs/lrtt/lib/python3.10/site-packages/optuna/study/_optimize.py", line 206, in _run_trial
    value_or_values = func(trial)
  File "/data/optuna_mobilebert_glue_tiki.py", line 1299, in <lambda>
    lambda trial: objective(trial, train_loader, eval_loader),
  File "/data/optuna_mobilebert_glue_tiki.py", line 962, in objective
    if isinstance(_p, AnalogContext):
UnboundLocalError: local variable 'AnalogContext' referenced before assignment
[W 2026-02-25 18:58:44,042] Trial 3 failed with value None.

======================================================================
Trial 4 Starting (qqp, metric=f1)
======================================================================
  transfer_every=1, transfer_lr=3.7521e+01, fast_lr=1.0000e+00, desired_bl=31
  lr=1.65e-03, wd=0.00e+00
  momentum=0.00, nesterov=False, optimizer=AnalogSGD
  min_lr_rate=0.5000
======================================================================
Some weights of MobileBertForSequenceClassification were not initialized from the model checkpoint at google/mobilebert-uncased and are newly initialized: ['classifier.bias', 'classifier.weight']
You should probably TRAIN this model on a down-stream task to be able to use it for predictions and inference.
  [FIX] Reinitialized classifier with FIXED seed=42
  [DIGITAL] Keeping 264 non-target layers as digital (frozen)
  TikiTaka: 96, NT Analog: 0, Total analog: 96, Total params: 21,842,786
  Trainable: 13,410
  Target: qkv -> ['attention (q,k,v,W_O)']
Trial 4 Ep1:   0%|                                                                                                      | 0/2843 [00:00<?, ?it/s]                                                                                                                                                 [Trial 4] Error: local variable 'AnalogContext' referenced before assignment
[Trial 4] GPU cache cleared
[W 2026-02-25 18:58:54,429] Trial 4 failed with parameters: {'learning_rate': 0.0016480446427978971, 'transfer_lr': 37.52055855124281, 'desired_bl': 31} because of the following error: UnboundLocalError("local variable 'AnalogContext' referenced before assignment").
Traceback (most recent call last):
  File "/data/venvs/lrtt/lib/python3.10/site-packages/optuna/study/_optimize.py", line 206, in _run_trial
    value_or_values = func(trial)
  File "/data/optuna_mobilebert_glue_tiki.py", line 1299, in <lambda>
    lambda trial: objective(trial, train_loader, eval_loader),
  File "/data/optuna_mobilebert_glue_tiki.py", line 962, in objective
    if isinstance(_p, AnalogContext):
UnboundLocalError: local variable 'AnalogContext' referenced before assignment
[W 2026-02-25 18:58:54,430] Trial 4 failed with value None.

======================================================================
Trial 5 Starting (qqp, metric=f1)
======================================================================
  transfer_every=1, transfer_lr=2.6211e+00, fast_lr=1.0000e+00, desired_bl=60
  lr=2.80e-02, wd=0.00e+00
  momentum=0.00, nesterov=False, optimizer=AnalogSGD
  min_lr_rate=0.5000
======================================================================
Some weights of MobileBertForSequenceClassification were not initialized from the model checkpoint at google/mobilebert-uncased and are newly initialized: ['classifier.bias', 'classifier.weight']
You should probably TRAIN this model on a down-stream task to be able to use it for predictions and inference.
  [FIX] Reinitialized classifier with FIXED seed=42
