[I 2026-02-15 09:48:21,998] A new study created in memory with name: lrtt_te50_la0.01

================================================================================
LRTT Sweep: te=[50, 100, 500, 1000], lora_alpha=[0.01, 0.1, 0.5, 1.0]
Total combinations: 16, Trials per comb: 6
================================================================================


################################################################################
# SWEEP: transfer_every=50, lora_alpha=0.01
################################################################################

======================================================================
Trial 0 | te=50, lora_alpha=0.01, lr=0.08404, t_lr=0.71145
======================================================================

  [T0] Test: [   0/78]  Time: 0.438 (0.438)  Loss:  2.3502 (2.3502)  Acc@1: 10.1562 (10.1562)  Acc@5: 52.3438 (52.3438)
  [T0] Test: [  50/78]  Time: 0.134 (0.140)  Loss:  2.3866 (2.3584)  Acc@1: 15.6250 (12.2243)  Acc@5: 45.3125 (49.2494)
  [T0] Test: [  78/78]  Time: 0.060 (0.137)  Loss:  2.4888 (2.3568)  Acc@1:  0.0000 (12.5900)  Acc@5: 31.2500 (49.3900)
  [T0] Test (C-only): [   0/78]  Time: 0.170 (0.170)  Loss:  2.3502 (2.3502)  Acc@1: 10.1562 (10.1562)  Acc@5: 52.3438 (52.3438)
  [T0] Test (C-only): [  50/78]  Time: 0.135 (0.135)  Loss:  2.3866 (2.3584)  Acc@1: 15.6250 (12.2243)  Acc@5: 45.3125 (49.2494)
  [T0] Test (C-only): [  78/78]  Time: 0.060 (0.134)  Loss:  2.4888 (2.3568)  Acc@1:  0.0000 (12.5900)  Acc@5: 31.2500 (49.3900)
  [T0] C-only validation: Acc@1=12.59  Acc@5=49.39  Loss=2.3568
  [T0] Test: [   0/78]  Time: 0.173 (0.173)  Loss:  1.9854 (1.9854)  Acc@1: 36.7188 (36.7188)  Acc@5: 75.0000 (75.0000)
  [T0] Test: [  50/78]  Time: 0.134 (0.133)  Loss:  1.9511 (2.0200)  Acc@1: 29.6875 (27.3897)  Acc@5: 83.5938 (78.4314)
  [T0] Test: [  78/78]  Time: 0.061 (0.133)  Loss:  1.9437 (2.0193)  Acc@1: 18.7500 (27.3100)  Acc@5: 68.7500 (78.0600)
  [T0] Test (C-only): [   0/78]  Time: 0.169 (0.169)  Loss:  1.9854 (1.9854)  Acc@1: 36.7188 (36.7188)  Acc@5: 75.0000 (75.0000)
  [T0] Test (C-only): [  50/78]  Time: 0.135 (0.137)  Loss:  1.9511 (2.0200)  Acc@1: 29.6875 (27.3897)  Acc@5: 83.5938 (78.4314)
  [T0] Test (C-only): [  78/78]  Time: 0.059 (0.135)  Loss:  1.9437 (2.0193)  Acc@1: 18.7500 (27.3100)  Acc@5: 68.7500 (78.0600)
  [T0] C-only validation: Acc@1=27.31  Acc@5=78.06  Loss=2.0193
  [T0] Test: [   0/78]  Time: 0.170 (0.170)  Loss:  1.7063 (1.7063)  Acc@1: 36.7188 (36.7188)  Acc@5: 85.9375 (85.9375)
  [T0] Test: [  50/78]  Time: 0.138 (0.132)  Loss:  1.7641 (1.7243)  Acc@1: 34.3750 (35.9681)  Acc@5: 89.8438 (87.4387)
  [T0] Test: [  78/78]  Time: 0.059 (0.132)  Loss:  1.5777 (1.7244)  Acc@1: 31.2500 (35.5900)  Acc@5: 87.5000 (87.2700)
  [T0] Test (C-only): [   0/78]  Time: 0.164 (0.164)  Loss:  1.7063 (1.7063)  Acc@1: 36.7188 (36.7188)  Acc@5: 85.9375 (85.9375)
  [T0] Test (C-only): [  50/78]  Time: 0.136 (0.135)  Loss:  1.7641 (1.7243)  Acc@1: 34.3750 (35.9681)  Acc@5: 89.8438 (87.4387)
  [T0] Test (C-only): [  78/78]  Time: 0.059 (0.134)  Loss:  1.5777 (1.7244)  Acc@1: 31.2500 (35.5900)  Acc@5: 87.5000 (87.2700)
  [T0] C-only validation: Acc@1=35.59  Acc@5=87.27  Loss=1.7244
  [T0] Test: [   0/78]  Time: 0.167 (0.167)  Loss:  1.6299 (1.6299)  Acc@1: 42.9688 (42.9688)  Acc@5: 89.8438 (89.8438)
  [T0] Test: [  50/78]  Time: 0.133 (0.131)  Loss:  1.7368 (1.6618)  Acc@1: 35.9375 (37.7604)  Acc@5: 89.0625 (88.9093)
  [T0] Test: [  78/78]  Time: 0.059 (0.132)  Loss:  1.6240 (1.6622)  Acc@1: 37.5000 (37.6200)  Acc@5: 87.5000 (88.9000)
  [T0] Test (C-only): [   0/78]  Time: 0.164 (0.164)  Loss:  1.6299 (1.6299)  Acc@1: 42.9688 (42.9688)  Acc@5: 89.8438 (89.8438)
  [T0] Test (C-only): [  50/78]  Time: 0.135 (0.135)  Loss:  1.7368 (1.6618)  Acc@1: 35.9375 (37.7604)  Acc@5: 89.0625 (88.9093)
  [T0] Test (C-only): [  78/78]  Time: 0.059 (0.134)  Loss:  1.6240 (1.6622)  Acc@1: 37.5000 (37.6200)  Acc@5: 87.5000 (88.9000)
  [T0] C-only validation: Acc@1=37.62  Acc@5=88.90  Loss=1.6622
  [T0] Test: [   0/78]  Time: 0.173 (0.173)  Loss:  1.5157 (1.5157)  Acc@1: 39.8438 (39.8438)  Acc@5: 92.1875 (92.1875)
  [T0] Test: [  50/78]  Time: 0.099 (0.132)  Loss:  1.6133 (1.5212)  Acc@1: 39.8438 (44.4853)  Acc@5: 91.4062 (91.7586)
  [T0] Test: [  78/78]  Time: 0.059 (0.131)  Loss:  1.5161 (1.5219)  Acc@1: 43.7500 (44.0100)  Acc@5: 87.5000 (91.5700)
  [T0] Test (C-only): [   0/78]  Time: 0.157 (0.157)  Loss:  1.5157 (1.5157)  Acc@1: 39.8438 (39.8438)  Acc@5: 92.1875 (92.1875)
  [T0] Test (C-only): [  50/78]  Time: 0.133 (0.135)  Loss:  1.6133 (1.5212)  Acc@1: 39.8438 (44.4853)  Acc@5: 91.4062 (91.7586)
  [T0] Test (C-only): [  78/78]  Time: 0.060 (0.134)  Loss:  1.5161 (1.5219)  Acc@1: 43.7500 (44.0100)  Acc@5: 87.5000 (91.5700)
  [T0] C-only validation: Acc@1=44.01  Acc@5=91.57  Loss=1.5219
  [T0] Test: [   0/78]  Time: 0.167 (0.167)  Loss:  1.4923 (1.4923)  Acc@1: 45.3125 (45.3125)  Acc@5: 90.6250 (90.6250)
  [T0] Test: [  50/78]  Time: 0.132 (0.133)  Loss:  1.5841 (1.4937)  Acc@1: 42.1875 (46.3082)  Acc@5: 90.6250 (91.6667)
  [T0] Test: [  78/78]  Time: 0.057 (0.132)  Loss:  1.4518 (1.4976)  Acc@1: 43.7500 (45.6700)  Acc@5: 87.5000 (91.6000)
  [T0] Test (C-only): [   0/78]  Time: 0.158 (0.158)  Loss:  1.4923 (1.4923)  Acc@1: 45.3125 (45.3125)  Acc@5: 90.6250 (90.6250)
  [T0] Test (C-only): [  50/78]  Time: 0.132 (0.129)  Loss:  1.5841 (1.4937)  Acc@1: 42.1875 (46.3082)  Acc@5: 90.6250 (91.6667)
  [T0] Test (C-only): [  78/78]  Time: 0.057 (0.129)  Loss:  1.4518 (1.4976)  Acc@1: 43.7500 (45.6700)  Acc@5: 87.5000 (91.6000)
  [T0] C-only validation: Acc@1=45.67  Acc@5=91.60  Loss=1.4976
  [T0] Test: [   0/78]  Time: 0.156 (0.156)  Loss:  1.3966 (1.3966)  Acc@1: 49.2188 (49.2188)  Acc@5: 90.6250 (90.6250)
  [T0] Test: [  50/78]  Time: 0.132 (0.133)  Loss:  1.5055 (1.4201)  Acc@1: 46.8750 (47.9626)  Acc@5: 91.4062 (92.7390)
  [T0] Test: [  78/78]  Time: 0.057 (0.132)  Loss:  1.3270 (1.4227)  Acc@1: 37.5000 (47.8300)  Acc@5: 93.7500 (92.8900)
  [T0] Test (C-only): [   0/78]  Time: 0.161 (0.161)  Loss:  1.3966 (1.3966)  Acc@1: 49.2188 (49.2188)  Acc@5: 90.6250 (90.6250)
  [T0] Test (C-only): [  50/78]  Time: 0.134 (0.133)  Loss:  1.5055 (1.4201)  Acc@1: 46.8750 (47.9626)  Acc@5: 91.4062 (92.7390)
  [T0] Test (C-only): [  78/78]  Time: 0.057 (0.130)  Loss:  1.3270 (1.4227)  Acc@1: 37.5000 (47.8300)  Acc@5: 93.7500 (92.8900)
  [T0] C-only validation: Acc@1=47.83  Acc@5=92.89  Loss=1.4227
  [T0] Test: [   0/78]  Time: 0.164 (0.164)  Loss:  1.4032 (1.4032)  Acc@1: 47.6562 (47.6562)  Acc@5: 92.1875 (92.1875)
  [T0] Test: [  50/78]  Time: 0.135 (0.132)  Loss:  1.4866 (1.3699)  Acc@1: 46.8750 (50.4596)  Acc@5: 92.1875 (93.3211)
  [T0] Test: [  78/78]  Time: 0.057 (0.132)  Loss:  1.4144 (1.3749)  Acc@1: 56.2500 (50.0700)  Acc@5: 87.5000 (93.2100)
  [T0] Test (C-only): [   0/78]  Time: 0.157 (0.157)  Loss:  1.4032 (1.4032)  Acc@1: 47.6562 (47.6562)  Acc@5: 92.1875 (92.1875)
  [T0] Test (C-only): [  50/78]  Time: 0.132 (0.133)  Loss:  1.4866 (1.3699)  Acc@1: 46.8750 (50.4596)  Acc@5: 92.1875 (93.3211)
  [T0] Test (C-only): [  78/78]  Time: 0.063 (0.131)  Loss:  1.4144 (1.3749)  Acc@1: 56.2500 (50.0700)  Acc@5: 87.5000 (93.2100)
  [T0] C-only validation: Acc@1=50.07  Acc@5=93.21  Loss=1.3749
  [T0] Test: [   0/78]  Time: 0.155 (0.155)  Loss:  1.4123 (1.4123)  Acc@1: 47.6562 (47.6562)  Acc@5: 90.6250 (90.6250)
  [T0] Test: [  50/78]  Time: 0.132 (0.133)  Loss:  1.4834 (1.4005)  Acc@1: 42.1875 (48.1158)  Acc@5: 91.4062 (93.1832)
  [T0] Test: [  78/78]  Time: 0.058 (0.132)  Loss:  1.2912 (1.4039)  Acc@1: 43.7500 (47.8200)  Acc@5: 87.5000 (93.3300)
  [T0] Test (C-only): [   0/78]  Time: 0.155 (0.155)  Loss:  1.4123 (1.4123)  Acc@1: 47.6562 (47.6562)  Acc@5: 90.6250 (90.6250)
  [T0] Test (C-only): [  50/78]  Time: 0.133 (0.132)  Loss:  1.4834 (1.4005)  Acc@1: 42.1875 (48.1158)  Acc@5: 91.4062 (93.1832)
  [T0] Test (C-only): [  78/78]  Time: 0.056 (0.131)  Loss:  1.2912 (1.4039)  Acc@1: 43.7500 (47.8200)  Acc@5: 87.5000 (93.3300)
  [T0] C-only validation: Acc@1=47.82  Acc@5=93.33  Loss=1.4039
  [T0] Test: [   0/78]  Time: 0.160 (0.160)  Loss:  1.3742 (1.3742)  Acc@1: 50.7812 (50.7812)  Acc@5: 90.6250 (90.6250)
  [T0] Test: [  50/78]  Time: 0.132 (0.133)  Loss:  1.4002 (1.3408)  Acc@1: 51.5625 (51.1336)  Acc@5: 93.7500 (94.1176)
  [T0] Test: [  78/78]  Time: 0.057 (0.131)  Loss:  1.2889 (1.3451)  Acc@1: 50.0000 (50.6300)  Acc@5: 93.7500 (94.1800)
  [T0] Test (C-only): [   0/78]  Time: 0.159 (0.159)  Loss:  1.3742 (1.3742)  Acc@1: 50.7812 (50.7812)  Acc@5: 90.6250 (90.6250)
  [T0] Test (C-only): [  50/78]  Time: 0.132 (0.133)  Loss:  1.4002 (1.3408)  Acc@1: 51.5625 (51.1336)  Acc@5: 93.7500 (94.1176)
  [T0] Test (C-only): [  78/78]  Time: 0.057 (0.131)  Loss:  1.2889 (1.3451)  Acc@1: 50.0000 (50.6300)  Acc@5: 93.7500 (94.1800)
  [T0] C-only validation: Acc@1=50.63  Acc@5=94.18  Loss=1.3451
  [T0] Test: [   0/78]  Time: 0.155 (0.155)  Loss:  1.2806 (1.2806)  Acc@1: 56.2500 (56.2500)  Acc@5: 92.1875 (92.1875)
  [T0] Test: [  50/78]  Time: 0.131 (0.132)  Loss:  1.3913 (1.3373)  Acc@1: 50.7812 (52.2978)  Acc@5: 92.9688 (93.7653)
  [T0] Test: [  78/78]  Time: 0.057 (0.131)  Loss:  1.1077 (1.3354)  Acc@1: 50.0000 (51.8300)  Acc@5: 100.0000 (93.7400)
  [T0] Test (C-only): [   0/78]  Time: 0.152 (0.152)  Loss:  1.2806 (1.2806)  Acc@1: 56.2500 (56.2500)  Acc@5: 92.1875 (92.1875)
  [T0] Test (C-only): [  50/78]  Time: 0.131 (0.132)  Loss:  1.3913 (1.3373)  Acc@1: 50.7812 (52.2978)  Acc@5: 92.9688 (93.7653)
  [T0] Test (C-only): [  78/78]  Time: 0.056 (0.131)  Loss:  1.1077 (1.3354)  Acc@1: 50.0000 (51.8300)  Acc@5: 100.0000 (93.7400)
  [T0] C-only validation: Acc@1=51.83  Acc@5=93.74  Loss=1.3354
  [T0] Test: [   0/78]  Time: 0.159 (0.159)  Loss:  1.2079 (1.2079)  Acc@1: 57.8125 (57.8125)  Acc@5: 92.9688 (92.9688)
  [T0] Test: [  50/78]  Time: 0.134 (0.134)  Loss:  1.3420 (1.2834)  Acc@1: 51.5625 (54.7794)  Acc@5: 92.9688 (94.3627)
  [T0] Test: [  78/78]  Time: 0.059 (0.133)  Loss:  1.0851 (1.2839)  Acc@1: 43.7500 (54.2800)  Acc@5: 100.0000 (94.5100)
  [T0] Test (C-only): [   0/78]  Time: 0.155 (0.155)  Loss:  1.2079 (1.2079)  Acc@1: 57.8125 (57.8125)  Acc@5: 92.9688 (92.9688)
  [T0] Test (C-only): [  50/78]  Time: 0.134 (0.135)  Loss:  1.3420 (1.2834)  Acc@1: 51.5625 (54.7794)  Acc@5: 92.9688 (94.3627)
  [T0] Test (C-only): [  78/78]  Time: 0.059 (0.134)  Loss:  1.0851 (1.2839)  Acc@1: 43.7500 (54.2800)  Acc@5: 100.0000 (94.5100)
  [T0] C-only validation: Acc@1=54.28  Acc@5=94.51  Loss=1.2839
  [T0] Test: [   0/78]  Time: 0.155 (0.155)  Loss:  1.2776 (1.2776)  Acc@1: 52.3438 (52.3438)  Acc@5: 91.4062 (91.4062)
  [T0] Test: [  50/78]  Time: 0.134 (0.135)  Loss:  1.3298 (1.2788)  Acc@1: 54.6875 (53.9828)  Acc@5: 92.9688 (94.2708)
  [T0] Test: [  78/78]  Time: 0.058 (0.133)  Loss:  0.9757 (1.2796)  Acc@1: 62.5000 (53.5400)  Acc@5: 100.0000 (94.3500)
  [T0] Test (C-only): [   0/78]  Time: 0.155 (0.155)  Loss:  1.2776 (1.2776)  Acc@1: 52.3438 (52.3438)  Acc@5: 91.4062 (91.4062)
  [T0] Test (C-only): [  50/78]  Time: 0.134 (0.134)  Loss:  1.3298 (1.2788)  Acc@1: 54.6875 (53.9828)  Acc@5: 92.9688 (94.2708)
  [T0] Test (C-only): [  78/78]  Time: 0.058 (0.133)  Loss:  0.9757 (1.2796)  Acc@1: 62.5000 (53.5400)  Acc@5: 100.0000 (94.3500)
  [T0] C-only validation: Acc@1=53.54  Acc@5=94.35  Loss=1.2796
  [T0] Test: [   0/78]  Time: 0.158 (0.158)  Loss:  1.2199 (1.2199)  Acc@1: 59.3750 (59.3750)  Acc@5: 92.9688 (92.9688)
  [T0] Test: [  50/78]  Time: 0.135 (0.135)  Loss:  1.3622 (1.2398)  Acc@1: 51.5625 (55.5913)  Acc@5: 92.1875 (94.8836)
  [T0] Test: [  78/78]  Time: 0.059 (0.134)  Loss:  1.1756 (1.2417)  Acc@1: 56.2500 (55.2600)  Acc@5: 100.0000 (94.8500)
  [T0] Test (C-only): [   0/78]  Time: 0.155 (0.155)  Loss:  1.2199 (1.2199)  Acc@1: 59.3750 (59.3750)  Acc@5: 92.9688 (92.9688)
  [T0] Test (C-only): [  50/78]  Time: 0.136 (0.135)  Loss:  1.3622 (1.2398)  Acc@1: 51.5625 (55.5913)  Acc@5: 92.1875 (94.8836)
  [T0] Test (C-only): [  78/78]  Time: 0.059 (0.134)  Loss:  1.1756 (1.2417)  Acc@1: 56.2500 (55.2600)  Acc@5: 100.0000 (94.8500)
  [T0] C-only validation: Acc@1=55.26  Acc@5=94.85  Loss=1.2417
  [T0] Test: [   0/78]  Time: 0.158 (0.158)  Loss:  1.2702 (1.2702)  Acc@1: 62.5000 (62.5000)  Acc@5: 93.7500 (93.7500)
  [T0] Test: [  50/78]  Time: 0.133 (0.134)  Loss:  1.3779 (1.2678)  Acc@1: 52.3438 (53.8143)  Acc@5: 93.7500 (95.0061)
  [T0] Test: [  78/78]  Time: 0.060 (0.133)  Loss:  1.3056 (1.2683)  Acc@1: 31.2500 (53.2900)  Acc@5: 100.0000 (94.9100)
  [T0] Test (C-only): [   0/78]  Time: 0.159 (0.159)  Loss:  1.2702 (1.2702)  Acc@1: 62.5000 (62.5000)  Acc@5: 93.7500 (93.7500)
  [T0] Test (C-only): [  50/78]  Time: 0.134 (0.134)  Loss:  1.3779 (1.2678)  Acc@1: 52.3438 (53.8143)  Acc@5: 93.7500 (95.0061)
  [T0] Test (C-only): [  78/78]  Time: 0.059 (0.133)  Loss:  1.3056 (1.2683)  Acc@1: 31.2500 (53.2900)  Acc@5: 100.0000 (94.9100)
  [T0] C-only validation: Acc@1=53.29  Acc@5=94.91  Loss=1.2683
  [T0] Test: [   0/78]  Time: 0.159 (0.159)  Loss:  1.1965 (1.1965)  Acc@1: 60.1562 (60.1562)  Acc@5: 93.7500 (93.7500)
  [T0] Test: [  50/78]  Time: 0.134 (0.135)  Loss:  1.3092 (1.2077)  Acc@1: 55.4688 (57.2151)  Acc@5: 95.3125 (95.1287)
  [T0] Test: [  78/78]  Time: 0.059 (0.134)  Loss:  1.1157 (1.2117)  Acc@1: 43.7500 (56.8900)  Acc@5: 100.0000 (95.0200)
  [T0] Test (C-only): [   0/78]  Time: 0.158 (0.158)  Loss:  1.1965 (1.1965)  Acc@1: 60.1562 (60.1562)  Acc@5: 93.7500 (93.7500)
  [T0] Test (C-only): [  50/78]  Time: 0.135 (0.135)  Loss:  1.3092 (1.2077)  Acc@1: 55.4688 (57.2151)  Acc@5: 95.3125 (95.1287)
  [T0] Test (C-only): [  78/78]  Time: 0.059 (0.134)  Loss:  1.1157 (1.2117)  Acc@1: 43.7500 (56.8900)  Acc@5: 100.0000 (95.0200)
  [T0] C-only validation: Acc@1=56.89  Acc@5=95.02  Loss=1.2117
  [T0] Test: [   0/78]  Time: 0.170 (0.170)  Loss:  1.1671 (1.1671)  Acc@1: 60.1562 (60.1562)  Acc@5: 94.5312 (94.5312)
  [T0] Test: [  50/78]  Time: 0.134 (0.135)  Loss:  1.2771 (1.1966)  Acc@1: 57.0312 (57.7359)  Acc@5: 95.3125 (95.4350)
  [T0] Test: [  78/78]  Time: 0.059 (0.134)  Loss:  1.0208 (1.2024)  Acc@1: 56.2500 (56.8300)  Acc@5: 100.0000 (95.3200)
  [T0] Test (C-only): [   0/78]  Time: 0.163 (0.163)  Loss:  1.1671 (1.1671)  Acc@1: 60.1562 (60.1562)  Acc@5: 94.5312 (94.5312)
  [T0] Test (C-only): [  50/78]  Time: 0.135 (0.136)  Loss:  1.2771 (1.1966)  Acc@1: 57.0312 (57.7359)  Acc@5: 95.3125 (95.4350)
  [T0] Test (C-only): [  78/78]  Time: 0.059 (0.134)  Loss:  1.0208 (1.2024)  Acc@1: 56.2500 (56.8300)  Acc@5: 100.0000 (95.3200)
  [T0] C-only validation: Acc@1=56.83  Acc@5=95.32  Loss=1.2024
  [T0] Test: [   0/78]  Time: 0.161 (0.161)  Loss:  1.2660 (1.2660)  Acc@1: 55.4688 (55.4688)  Acc@5: 92.9688 (92.9688)
  [T0] Test: [  50/78]  Time: 0.134 (0.131)  Loss:  1.4138 (1.2445)  Acc@1: 50.0000 (54.9939)  Acc@5: 90.6250 (95.1746)
  [T0] Test: [  78/78]  Time: 0.059 (0.131)  Loss:  1.0708 (1.2486)  Acc@1: 56.2500 (54.2000)  Acc@5: 100.0000 (94.9600)
  [T0] Test (C-only): [   0/78]  Time: 0.155 (0.155)  Loss:  1.2660 (1.2660)  Acc@1: 55.4688 (55.4688)  Acc@5: 92.9688 (92.9688)
  [T0] Test (C-only): [  50/78]  Time: 0.135 (0.135)  Loss:  1.4138 (1.2445)  Acc@1: 50.0000 (54.9939)  Acc@5: 90.6250 (95.1746)
  [T0] Test (C-only): [  78/78]  Time: 0.061 (0.133)  Loss:  1.0708 (1.2486)  Acc@1: 56.2500 (54.2000)  Acc@5: 100.0000 (94.9600)
  [T0] C-only validation: Acc@1=54.20  Acc@5=94.96  Loss=1.2486
  [T0] Test: [   0/78]  Time: 0.175 (0.175)  Loss:  1.1670 (1.1670)  Acc@1: 66.4062 (66.4062)  Acc@5: 92.9688 (92.9688)
  [T0] Test: [  50/78]  Time: 0.133 (0.135)  Loss:  1.3311 (1.1868)  Acc@1: 53.9062 (57.8891)  Acc@5: 94.5312 (95.2819)
  [T0] Test: [  78/78]  Time: 0.059 (0.134)  Loss:  1.1234 (1.1896)  Acc@1: 62.5000 (57.4000)  Acc@5: 93.7500 (95.2900)
  [T0] Test (C-only): [   0/78]  Time: 0.157 (0.157)  Loss:  1.1670 (1.1670)  Acc@1: 66.4062 (66.4062)  Acc@5: 92.9688 (92.9688)
  [T0] Test (C-only): [  50/78]  Time: 0.134 (0.131)  Loss:  1.3311 (1.1868)  Acc@1: 53.9062 (57.8891)  Acc@5: 94.5312 (95.2819)
  [T0] Test (C-only): [  78/78]  Time: 0.058 (0.131)  Loss:  1.1234 (1.1896)  Acc@1: 62.5000 (57.4000)  Acc@5: 93.7500 (95.2900)
  [T0] C-only validation: Acc@1=57.40  Acc@5=95.29  Loss=1.1896
  [T0] Test: [   0/78]  Time: 0.158 (0.158)  Loss:  1.1469 (1.1469)  Acc@1: 61.7188 (61.7188)  Acc@5: 94.5312 (94.5312)
  [T0] Test: [  50/78]  Time: 0.137 (0.134)  Loss:  1.3113 (1.1613)  Acc@1: 52.3438 (58.0116)  Acc@5: 96.0938 (95.6189)
  [T0] Test: [  78/78]  Time: 0.060 (0.133)  Loss:  0.9927 (1.1709)  Acc@1: 50.0000 (57.4600)  Acc@5: 93.7500 (95.5000)
  [T0] Test (C-only): [   0/78]  Time: 0.156 (0.156)  Loss:  1.1469 (1.1469)  Acc@1: 61.7188 (61.7188)  Acc@5: 94.5312 (94.5312)
  [T0] Test (C-only): [  50/78]  Time: 0.134 (0.135)  Loss:  1.3113 (1.1613)  Acc@1: 52.3438 (58.0116)  Acc@5: 96.0938 (95.6189)
  [T0] Test (C-only): [  78/78]  Time: 0.040 (0.133)  Loss:  0.9927 (1.1709)  Acc@1: 50.0000 (57.4600)  Acc@5: 93.7500 (95.5000)
  [T0] C-only validation: Acc@1=57.46  Acc@5=95.50  Loss=1.1709
  [T0] Test: [   0/78]  Time: 0.159 (0.159)  Loss:  1.1807 (1.1807)  Acc@1: 58.5938 (58.5938)  Acc@5: 93.7500 (93.7500)
  [T0] Test: [  50/78]  Time: 0.134 (0.135)  Loss:  1.3343 (1.1736)  Acc@1: 54.6875 (57.3070)  Acc@5: 94.5312 (95.5116)
  [T0] Test: [  78/78]  Time: 0.059 (0.134)  Loss:  1.1458 (1.1792)  Acc@1: 62.5000 (57.5700)  Acc@5: 93.7500 (95.6100)
  [T0] Test (C-only): [   0/78]  Time: 0.165 (0.165)  Loss:  1.1807 (1.1807)  Acc@1: 58.5938 (58.5938)  Acc@5: 93.7500 (93.7500)
  [T0] Test (C-only): [  50/78]  Time: 0.134 (0.135)  Loss:  1.3343 (1.1736)  Acc@1: 54.6875 (57.3070)  Acc@5: 94.5312 (95.5116)
  [T0] Test (C-only): [  78/78]  Time: 0.059 (0.134)  Loss:  1.1458 (1.1792)  Acc@1: 62.5000 (57.5700)  Acc@5: 93.7500 (95.6100)
  [T0] C-only validation: Acc@1=57.57  Acc@5=95.61  Loss=1.1792
  [T0] Test: [   0/78]  Time: 0.160 (0.160)  Loss:  1.2222 (1.2222)  Acc@1: 61.7188 (61.7188)  Acc@5: 92.9688 (92.9688)
  [T0] Test: [  50/78]  Time: 0.136 (0.135)  Loss:  1.3485 (1.1795)  Acc@1: 57.8125 (58.1495)  Acc@5: 93.7500 (95.5423)
  [T0] Test: [  78/78]  Time: 0.059 (0.134)  Loss:  1.1684 (1.1880)  Acc@1: 62.5000 (57.6700)  Acc@5: 93.7500 (95.4900)
  [T0] Test (C-only): [   0/78]  Time: 0.163 (0.163)  Loss:  1.2222 (1.2222)  Acc@1: 61.7188 (61.7188)  Acc@5: 92.9688 (92.9688)
  [T0] Test (C-only): [  50/78]  Time: 0.134 (0.136)  Loss:  1.3485 (1.1795)  Acc@1: 57.8125 (58.1495)  Acc@5: 93.7500 (95.5423)
  [T0] Test (C-only): [  78/78]  Time: 0.059 (0.134)  Loss:  1.1684 (1.1880)  Acc@1: 62.5000 (57.6700)  Acc@5: 93.7500 (95.4900)
  [T0] C-only validation: Acc@1=57.67  Acc@5=95.49  Loss=1.1880
  [T0] Test: [   0/78]  Time: 0.164 (0.164)  Loss:  1.1960 (1.1960)  Acc@1: 55.4688 (55.4688)  Acc@5: 93.7500 (93.7500)
  [T0] Test: [  50/78]  Time: 0.134 (0.136)  Loss:  1.3128 (1.1987)  Acc@1: 52.3438 (57.1385)  Acc@5: 94.5312 (95.2972)
  [T0] Test: [  78/78]  Time: 0.059 (0.134)  Loss:  1.1690 (1.2130)  Acc@1: 56.2500 (56.2600)  Acc@5: 100.0000 (95.3000)
  [T0] Test (C-only): [   0/78]  Time: 0.170 (0.170)  Loss:  1.1960 (1.1960)  Acc@1: 55.4688 (55.4688)  Acc@5: 93.7500 (93.7500)
  [T0] Test (C-only): [  50/78]  Time: 0.134 (0.135)  Loss:  1.3128 (1.1987)  Acc@1: 52.3438 (57.1385)  Acc@5: 94.5312 (95.2972)
  [T0] Test (C-only): [  78/78]  Time: 0.059 (0.134)  Loss:  1.1690 (1.2130)  Acc@1: 56.2500 (56.2600)  Acc@5: 100.0000 (95.3000)
  [T0] C-only validation: Acc@1=56.26  Acc@5=95.30  Loss=1.2130
  [T0] Test: [   0/78]  Time: 0.172 (0.172)  Loss:  1.1344 (1.1344)  Acc@1: 60.1562 (60.1562)  Acc@5: 93.7500 (93.7500)
  [T0] Test: [  50/78]  Time: 0.135 (0.136)  Loss:  1.2821 (1.1461)  Acc@1: 53.1250 (58.7469)  Acc@5: 92.9688 (95.6189)
  [T0] Test: [  78/78]  Time: 0.060 (0.134)  Loss:  1.2037 (1.1544)  Acc@1: 50.0000 (58.6000)  Acc@5: 100.0000 (95.6200)
  [T0] Test (C-only): [   0/78]  Time: 0.166 (0.166)  Loss:  1.1344 (1.1344)  Acc@1: 60.1562 (60.1562)  Acc@5: 93.7500 (93.7500)
  [T0] Test (C-only): [  50/78]  Time: 0.135 (0.135)  Loss:  1.2821 (1.1461)  Acc@1: 53.1250 (58.7469)  Acc@5: 92.9688 (95.6189)
  [T0] Test (C-only): [  78/78]  Time: 0.059 (0.134)  Loss:  1.2037 (1.1544)  Acc@1: 50.0000 (58.6000)  Acc@5: 100.0000 (95.6200)
  [T0] C-only validation: Acc@1=58.60  Acc@5=95.62  Loss=1.1544
  [T0] Test: [   0/78]  Time: 0.162 (0.162)  Loss:  1.0957 (1.0957)  Acc@1: 60.1562 (60.1562)  Acc@5: 93.7500 (93.7500)
  [T0] Test: [  50/78]  Time: 0.134 (0.133)  Loss:  1.2665 (1.1380)  Acc@1: 57.8125 (59.1912)  Acc@5: 96.8750 (95.8946)
  [T0] Test: [  78/78]  Time: 0.058 (0.132)  Loss:  1.3271 (1.1463)  Acc@1: 56.2500 (58.8900)  Acc@5: 87.5000 (95.8000)
  [T0] Test (C-only): [   0/78]  Time: 0.173 (0.173)  Loss:  1.0957 (1.0957)  Acc@1: 60.1562 (60.1562)  Acc@5: 93.7500 (93.7500)
  [T0] Test (C-only): [  50/78]  Time: 0.131 (0.134)  Loss:  1.2665 (1.1380)  Acc@1: 57.8125 (59.1912)  Acc@5: 96.8750 (95.8946)
  [T0] Test (C-only): [  78/78]  Time: 0.059 (0.133)  Loss:  1.3271 (1.1463)  Acc@1: 56.2500 (58.8900)  Acc@5: 87.5000 (95.8000)
  [T0] C-only validation: Acc@1=58.89  Acc@5=95.80  Loss=1.1463
  [T0] Test: [   0/78]  Time: 0.169 (0.169)  Loss:  1.1290 (1.1290)  Acc@1: 64.8438 (64.8438)  Acc@5: 93.7500 (93.7500)
  [T0] Test: [  50/78]  Time: 0.131 (0.132)  Loss:  1.2462 (1.1231)  Acc@1: 57.0312 (60.2635)  Acc@5: 96.0938 (95.8487)
  [T0] Test: [  78/78]  Time: 0.057 (0.131)  Loss:  1.3151 (1.1306)  Acc@1: 50.0000 (59.7600)  Acc@5: 93.7500 (95.8400)
  [T0] Test (C-only): [   0/78]  Time: 0.162 (0.162)  Loss:  1.1290 (1.1290)  Acc@1: 64.8438 (64.8438)  Acc@5: 93.7500 (93.7500)
  [T0] Test (C-only): [  50/78]  Time: 0.132 (0.133)  Loss:  1.2462 (1.1231)  Acc@1: 57.0312 (60.2635)  Acc@5: 96.0938 (95.8487)
  [T0] Test (C-only): [  78/78]  Time: 0.057 (0.132)  Loss:  1.3151 (1.1306)  Acc@1: 50.0000 (59.7600)  Acc@5: 93.7500 (95.8400)
  [T0] C-only validation: Acc@1=59.76  Acc@5=95.84  Loss=1.1306
  [T0] Test: [   0/78]  Time: 0.162 (0.162)  Loss:  1.1462 (1.1462)  Acc@1: 59.3750 (59.3750)  Acc@5: 94.5312 (94.5312)
  [T0] Test: [  50/78]  Time: 0.132 (0.132)  Loss:  1.2091 (1.1647)  Acc@1: 57.0312 (58.1648)  Acc@5: 94.5312 (95.7261)
  [T0] Test: [  78/78]  Time: 0.057 (0.131)  Loss:  1.1430 (1.1749)  Acc@1: 56.2500 (57.7300)  Acc@5: 100.0000 (95.6700)
  [T0] Test (C-only): [   0/78]  Time: 0.154 (0.154)  Loss:  1.1462 (1.1462)  Acc@1: 59.3750 (59.3750)  Acc@5: 94.5312 (94.5312)
  [T0] Test (C-only): [  50/78]  Time: 0.131 (0.132)  Loss:  1.2091 (1.1647)  Acc@1: 57.0312 (58.1648)  Acc@5: 94.5312 (95.7261)
  [T0] Test (C-only): [  78/78]  Time: 0.057 (0.131)  Loss:  1.1430 (1.1749)  Acc@1: 56.2500 (57.7300)  Acc@5: 100.0000 (95.6700)
  [T0] C-only validation: Acc@1=57.73  Acc@5=95.67  Loss=1.1749
  [T0] Test: [   0/78]  Time: 0.155 (0.155)  Loss:  1.0980 (1.0980)  Acc@1: 62.5000 (62.5000)  Acc@5: 92.9688 (92.9688)
  [T0] Test: [  50/78]  Time: 0.134 (0.135)  Loss:  1.1830 (1.1263)  Acc@1: 57.0312 (59.8805)  Acc@5: 94.5312 (95.8946)
  [T0] Test: [  78/78]  Time: 0.059 (0.133)  Loss:  1.1805 (1.1364)  Acc@1: 50.0000 (59.5300)  Acc@5: 100.0000 (95.8000)
  [T0] Test (C-only): [   0/78]  Time: 0.157 (0.157)  Loss:  1.0980 (1.0980)  Acc@1: 62.5000 (62.5000)  Acc@5: 92.9688 (92.9688)
  [T0] Test (C-only): [  50/78]  Time: 0.134 (0.135)  Loss:  1.1830 (1.1263)  Acc@1: 57.0312 (59.8805)  Acc@5: 94.5312 (95.8946)
  [T0] Test (C-only): [  78/78]  Time: 0.059 (0.133)  Loss:  1.1805 (1.1364)  Acc@1: 50.0000 (59.5300)  Acc@5: 100.0000 (95.8000)
  [T0] C-only validation: Acc@1=59.53  Acc@5=95.80  Loss=1.1364
  [T0] Test: [   0/78]  Time: 0.158 (0.158)  Loss:  1.0600 (1.0600)  Acc@1: 62.5000 (62.5000)  Acc@5: 93.7500 (93.7500)
  [T0] Test: [  50/78]  Time: 0.136 (0.129)  Loss:  1.1232 (1.1021)  Acc@1: 54.6875 (60.4320)  Acc@5: 95.3125 (96.1244)
  [T0] Test: [  78/78]  Time: 0.059 (0.130)  Loss:  1.1722 (1.1098)  Acc@1: 50.0000 (60.2200)  Acc@5: 100.0000 (96.0100)
  [T0] Test (C-only): [   0/78]  Time: 0.155 (0.155)  Loss:  1.0600 (1.0600)  Acc@1: 62.5000 (62.5000)  Acc@5: 93.7500 (93.7500)
  [T0] Test (C-only): [  50/78]  Time: 0.134 (0.135)  Loss:  1.1232 (1.1021)  Acc@1: 54.6875 (60.4320)  Acc@5: 95.3125 (96.1244)
  [T0] Test (C-only): [  78/78]  Time: 0.059 (0.134)  Loss:  1.1722 (1.1098)  Acc@1: 50.0000 (60.2200)  Acc@5: 100.0000 (96.0100)
  [T0] C-only validation: Acc@1=60.22  Acc@5=96.01  Loss=1.1098
  [T0] Test: [   0/78]  Time: 0.160 (0.160)  Loss:  1.1241 (1.1241)  Acc@1: 56.2500 (56.2500)  Acc@5: 93.7500 (93.7500)
