
================================================================================
  SIXT1C-LORA MODEL DIAGNOSTIC FOR SST-2
================================================================================

Device: cuda
Task: sst2
Target modules: ['query', 'key', 'value']
LoRA alpha: 0.01

Creating model...
Some weights of MobileBertForSequenceClassification were not initialized from the model checkpoint at google/mobilebert-uncased and are newly initialized: ['classifier.bias', 'classifier.weight']
You should probably TRAIN this model on a down-stream task to be able to use it for predictions and inference.

Applied PEFT LoRA (alpha=0.01) to ['query', 'key', 'value']
trainable params: 221,184 || all params: 24,804,098 || trainable%: 0.8917

[Smart Conversion] Using SingleRPUConfig for both base_layer and lora
  base_layer config: SingleRPUConfig + SoftBoundsDevice
  lora config: SingleRPUConfig + LinearStepDevice (6T1C)

================================================================================
SMART CONVERSION: Base_layer + LoRA separate conversion
================================================================================

[Step 1] Found layers:
  base_layer: 72
  lora_A/B: 144

[Step 2] Converting base_layer to SoftBounds analog (frozen)...
✓ Converted 72 base_layer to SoftBounds analog (frozen)

[Step 3] Converting lora_A/B to sixt1c analog (trainable=True)...
✓ Converted 144 lora_A/B to sixt1c analog (trainable=True)

[Step 4] Verifying architecture...
  base_layer analog: 72 (should be 72)
  lora_A/B analog: 144 (should be 144)
  Trainable analog params: 144

================================================================================
✓ SMART CONVERSION COMPLETE!
  Architecture:
    - base_layer: SoftBounds AnalogLinear (frozen)
    - lora_A/B: 6T1C AnalogLinear (trainable=True)
================================================================================


Final model structure:
trainable params: 1,170 || all params: 22,223,834 || trainable%: 0.0053

================================================================================
  1. ARCHITECTURE CHECK
================================================================================

base_layer:
  Analog (AnalogLinear): 72
  Digital (nn.Linear): 0
  Sample: base_model.model.mobilebert.encoder.layer.0.attention.self.query.base_layer

lora_A:
  Analog (AnalogLinear): 72
  Digital (nn.Linear): 0
  Sample: base_model.model.mobilebert.encoder.layer.0.attention.self.query.lora_A.default

lora_B:
  Analog (AnalogLinear): 72
  Sample: base_model.model.mobilebert.encoder.layer.0.attention.self.query.lora_B.default

Classifier:
  base_model.model.classifier: Linear

✓ base_layer converted to analog: 72 layers
✓ lora_A converted to analog: 72 layers
✓ lora_B converted to analog: 72 layers

================================================================================
  2. TRAINABILITY CHECK
================================================================================

base_layer:
  Trainable: 0
  Frozen: 144

lora_A/B:
  Trainable: 144
  Frozen: 0

classifier:
  Trainable: 2
  Frozen: 0

✓ base_layer frozen: True
✓ lora trainable: True
✓ classifier trainable: True

================================================================================
  3. BIAS MAPPING CHECK
================================================================================

Total layers with bias: 362

Sample biases (first 5 values):
  base_model.model.mobilebert.embeddings.embedding_transformation
    Shape: torch.Size([512])
    Values: [0.03249484 0.02074319 0.0408314  0.07696892 0.01543609]
  base_model.model.mobilebert.encoder.layer.0.attention.self.query.base_layer
    Shape: torch.Size([128])
    Values: [ 0.09810586 -0.20917611 -0.7534421  -0.37045792  0.15998898]
  base_model.model.mobilebert.encoder.layer.0.attention.self.key.base_layer
    Shape: torch.Size([128])
    Values: [-0.19316405 -0.40977716 -1.0446883   0.86744326 -0.4677578 ]

✓ Biases initialized (not all zeros): True

================================================================================
  4. FORWARD PASS CHECK
================================================================================

Input: This movie is great!
Input shape: torch.Size([1, 128])

✓ Forward pass successful!
  Logits shape: torch.Size([1, 2])
  Logits: tensor([[1736720.6250, 5596458.0000]], device='cuda:0')
  Prediction: 1

✓ No NaN in output: True
✓ No Inf in output: True

================================================================================
  5. BACKWARD PASS CHECK
================================================================================

Loss: 0.0
✓ Backward pass successful!

Gradients received:
  lora parameters: 0
  base_layer parameters: 0
  classifier parameters: 2

  Sample classifier gradients (mean abs):
    base_model.model.classifier.weight: 0.000000
    base_model.model.classifier.bias: 0.000000

✗ LoRA receives gradients: False
✓ base_layer no gradients (frozen): True
✓ Classifier receives gradients: True

================================================================================
  6. WEIGHT UPDATE CHECK
================================================================================

Tracking 146 trainable parameters

Training loss: 2083533.2500

Weight changes:
  LoRA updated: 0
  LoRA unchanged: 144
  base_layer updated: 0
  classifier updated: 2

  ✗ WARNING: Some LoRA weights didn't update!
    base_model.model.mobilebert.encoder.layer.0.attention.self.query.lora_A.default.analog_module.analog_ctx
    base_model.model.mobilebert.encoder.layer.0.attention.self.query.lora_B.default.analog_module.analog_ctx
    base_model.model.mobilebert.encoder.layer.0.attention.self.key.lora_A.default.analog_module.analog_ctx

✗ LoRA weights update: False
✓ base_layer weights frozen: True
✓ Classifier weights update: True

================================================================================
  DIAGNOSTIC SUMMARY
================================================================================
✓ PASS: architecture
✓ PASS: trainability
✓ PASS: bias
✓ PASS: forward
✗ FAIL: backward
✗ FAIL: updates

================================================================================
✗✗✗ SOME CHECKS FAILED!
Model has configuration or functional issues.
================================================================================

