======================================================================
SoftBounds with BIAS=True (Fixed Implementation)
rank=32, te=1, lr=0.089054, tlr=0.001277
dt_batch_sec=1.0 (lifetime ~ 46505)
======================================================================
Actual lifetime: 46505.50
tile_c.digital_bias: True
tile_c.bias shape: torch.Size([256])
[LRTT onehot] gamma=1.000 lr_remain=1.277e-03 Znorm2=2.309e+01
Epoch 1/30: 92.98% (best=92.98%)
Epoch 2/30: 95.03% (best=95.03%)
Epoch 3/30: 95.36% (best=95.36%)
Epoch 4/30: 95.60% (best=95.60%)
Epoch 5/30: 96.05% (best=96.05%)
Epoch 6/30: 96.57% (best=96.57%)
Epoch 7/30: 96.57% (best=96.57%)
Epoch 8/30: 96.66% (best=96.66%)
Epoch 9/30: 96.83% (best=96.83%)
Epoch 10/30: 96.93% (best=96.93%)
Epoch 11/30: 97.00% (best=97.00%)
Epoch 12/30: 96.91% (best=97.00%)
Epoch 13/30: 96.93% (best=97.00%)
Epoch 14/30: 96.73% (best=97.00%)
Epoch 15/30: 96.88% (best=97.00%)
Epoch 16/30: 96.86% (best=97.00%)
Epoch 17/30: 96.79% (best=97.00%)
Epoch 18/30: 96.95% (best=97.00%)
Epoch 19/30: 96.86% (best=97.00%)
Epoch 20/30: 96.68% (best=97.00%)
Epoch 21/30: 96.84% (best=97.00%)
Epoch 22/30: 96.88% (best=97.00%)
Epoch 23/30: 96.86% (best=97.00%)
Epoch 24/30: 96.82% (best=97.00%)
Epoch 25/30: 96.83% (best=97.00%)
Epoch 26/30: 96.75% (best=97.00%)
Epoch 27/30: 96.69% (best=97.00%)
Epoch 28/30: 96.64% (best=97.00%)
Epoch 29/30: 96.85% (best=97.00%)
Epoch 30/30: 96.65% (best=97.00%)

>>> BIAS=True (Fixed): best_acc=97.00%
Total time: 949.7s

이전 결과 비교:
  - BIAS=False: 96.81%
  - BIAS=True (broken): 96.70%
