======================================================================
Re-running Failed Decay Configurations
======================================================================
Lifetime: 46505 (sixt1c default)
Runs per config: 5
Total configs: 4


[rank=4, te=10] Using lr=0.493706, tlr=0.011245 (from te=100)
--------------------------------------------------
wandb: [wandb.login()] Loaded credentials for https://api.wandb.ai from /home/jovyan/.netrc.
wandb: Currently logged in as: duddns157 (spk) to https://api.wandb.ai. Use `wandb login --relogin` to force relogin
wandb: WARNING Using a boolean value for 'reinit' is deprecated. Use 'return_previous' or 'finish_previous' instead.
wandb: setting up run kxw5i0b2
wandb: Tracking run with wandb version 0.24.1
wandb: Run data is saved locally in /data/LRTT_transformer/experiments/wandb/run-20260205_140239-kxw5i0b2
wandb: Run `wandb offline` to turn off syncing.
wandb: Syncing run rerun_r4_te10_run0
wandb: ⭐️ View project at https://wandb.ai/spk/lrtt-softbounds-sweep
wandb: 🚀 View run at https://wandb.ai/spk/lrtt-softbounds-sweep/runs/kxw5i0b2
    Early stopped at epoch 20
wandb: updating run metadata
wandb: updating run metadata; uploading output.log; uploading wandb-summary.json
wandb: uploading history steps 19-20, summary, console lines 0-0
wandb: 
wandb: Run history:
wandb: best_acc ▁▅▅▅▅▅▅▇▇▇▇▇▇████████
wandb:    epoch ▁▁▂▂▂▃▃▄▄▄▅▅▅▆▆▇▇▇██
wandb:  val_acc ▂▅▅▅▆▅▅▇▆▁▆▇▇██▇█▇▇█
wandb: 
wandb: Run summary:
wandb:      best_acc 96.18
wandb: early_stopped True
wandb:         epoch 20
wandb:       val_acc 96.01
wandb: 
wandb: 🚀 View run rerun_r4_te10_run0 at: https://wandb.ai/spk/lrtt-softbounds-sweep/runs/kxw5i0b2
wandb: ⭐️ View project at: https://wandb.ai/spk/lrtt-softbounds-sweep
wandb: Synced 5 W&B file(s), 0 media file(s), 0 artifact file(s) and 0 other file(s)
wandb: Find logs at: ./wandb/run-20260205_140239-kxw5i0b2/logs
  Run 0: 96.18%
wandb: setting up run cctc2fpd
wandb: Tracking run with wandb version 0.24.1
wandb: Run data is saved locally in /data/LRTT_transformer/experiments/wandb/run-20260205_141118-cctc2fpd
wandb: Run `wandb offline` to turn off syncing.
wandb: Syncing run rerun_r4_te10_run1
wandb: ⭐️ View project at https://wandb.ai/spk/lrtt-softbounds-sweep
wandb: 🚀 View run at https://wandb.ai/spk/lrtt-softbounds-sweep/runs/cctc2fpd
    Early stopped at epoch 5 (low accuracy)
wandb: updating run metadata
wandb: uploading output.log; uploading wandb-summary.json
wandb: uploading history steps 4-5, summary, console lines 0-0
wandb: 
wandb: Run history:
wandb: best_acc ▁▁▁▁▁▁
wandb:    epoch ▁▃▅▆█
wandb:  val_acc ██▂▁▁
wandb: 
wandb: Run summary:
wandb:      best_acc 11.35
wandb: early_stopped False
wandb:         epoch 5
wandb:       val_acc 10.1
wandb: 
wandb: 🚀 View run rerun_r4_te10_run1 at: https://wandb.ai/spk/lrtt-softbounds-sweep/runs/cctc2fpd
wandb: ⭐️ View project at: https://wandb.ai/spk/lrtt-softbounds-sweep
wandb: Synced 5 W&B file(s), 0 media file(s), 0 artifact file(s) and 0 other file(s)
wandb: Find logs at: ./wandb/run-20260205_141118-cctc2fpd/logs
  Run 1: 11.35%
wandb: setting up run 390km0jb
wandb: Tracking run with wandb version 0.24.1
wandb: Run data is saved locally in /data/LRTT_transformer/experiments/wandb/run-20260205_141356-390km0jb
wandb: Run `wandb offline` to turn off syncing.
wandb: Syncing run rerun_r4_te10_run2
wandb: ⭐️ View project at https://wandb.ai/spk/lrtt-softbounds-sweep
wandb: 🚀 View run at https://wandb.ai/spk/lrtt-softbounds-sweep/runs/390km0jb
    Early stopped at epoch 5 (low accuracy)
wandb: updating run metadata
wandb: uploading output.log; uploading wandb-summary.json
wandb: uploading history steps 4-5, summary, console lines 0-0
wandb: 
wandb: Run history:
wandb: best_acc ▁▁▁▁▁▁
wandb:    epoch ▁▃▅▆█
wandb:  val_acc █▁▃▃█
wandb: 
wandb: Run summary:
wandb:      best_acc 11.35
wandb: early_stopped False
wandb:         epoch 5
wandb:       val_acc 11.35
wandb: 
wandb: 🚀 View run rerun_r4_te10_run2 at: https://wandb.ai/spk/lrtt-softbounds-sweep/runs/390km0jb
wandb: ⭐️ View project at: https://wandb.ai/spk/lrtt-softbounds-sweep
wandb: Synced 5 W&B file(s), 0 media file(s), 0 artifact file(s) and 0 other file(s)
wandb: Find logs at: ./wandb/run-20260205_141356-390km0jb/logs
  Run 2: 11.35%
wandb: setting up run akoaetgn
wandb: Tracking run with wandb version 0.24.1
wandb: Run data is saved locally in /data/LRTT_transformer/experiments/wandb/run-20260205_141624-akoaetgn
wandb: Run `wandb offline` to turn off syncing.
wandb: Syncing run rerun_r4_te10_run3
wandb: ⭐️ View project at https://wandb.ai/spk/lrtt-softbounds-sweep
wandb: 🚀 View run at https://wandb.ai/spk/lrtt-softbounds-sweep/runs/akoaetgn
    Early stopped at epoch 5 (low accuracy)
wandb: updating run metadata
wandb: uploading output.log; uploading wandb-summary.json
wandb: 
wandb: Run history:
wandb: best_acc ▁█████
wandb:    epoch ▁▃▅▆█
wandb:  val_acc ▁████
wandb: 
wandb: Run summary:
wandb:      best_acc 11.35
wandb: early_stopped False
wandb:         epoch 5
wandb:       val_acc 11.35
wandb: 
wandb: 🚀 View run rerun_r4_te10_run3 at: https://wandb.ai/spk/lrtt-softbounds-sweep/runs/akoaetgn
wandb: ⭐️ View project at: https://wandb.ai/spk/lrtt-softbounds-sweep
wandb: Synced 5 W&B file(s), 0 media file(s), 0 artifact file(s) and 0 other file(s)
wandb: Find logs at: ./wandb/run-20260205_141624-akoaetgn/logs
  Run 3: 11.35%
wandb: setting up run 05iqp237
wandb: Tracking run with wandb version 0.24.1
wandb: Run data is saved locally in /data/LRTT_transformer/experiments/wandb/run-20260205_141847-05iqp237
wandb: Run `wandb offline` to turn off syncing.
wandb: Syncing run rerun_r4_te10_run4
wandb: ⭐️ View project at https://wandb.ai/spk/lrtt-softbounds-sweep
wandb: 🚀 View run at https://wandb.ai/spk/lrtt-softbounds-sweep/runs/05iqp237
    Early stopped at epoch 5 (low accuracy)
wandb: updating run metadata
wandb: uploading output.log; uploading wandb-summary.json
wandb: uploading history steps 4-5, summary, console lines 0-0
wandb: 
wandb: Run history:
wandb: best_acc ▁▁▁▁▁▁
wandb:    epoch ▁▃▅▆█
wandb:  val_acc █▁▃▁▃
wandb: 
wandb: Run summary:
wandb:      best_acc 11.35
wandb: early_stopped False
wandb:         epoch 5
wandb:       val_acc 10.09
wandb: 
wandb: 🚀 View run rerun_r4_te10_run4 at: https://wandb.ai/spk/lrtt-softbounds-sweep/runs/05iqp237
wandb: ⭐️ View project at: https://wandb.ai/spk/lrtt-softbounds-sweep
wandb: Synced 5 W&B file(s), 0 media file(s), 0 artifact file(s) and 0 other file(s)
wandb: Find logs at: ./wandb/run-20260205_141847-05iqp237/logs
  Run 4: 11.35%
  -> Best: 96.18%, Avg: 28.32%

[rank=8, te=10] Using lr=0.493706, tlr=0.011245 (from te=100)
--------------------------------------------------
wandb: setting up run er1qg49c
wandb: Tracking run with wandb version 0.24.1
wandb: Run data is saved locally in /data/LRTT_transformer/experiments/wandb/run-20260205_142045-er1qg49c
wandb: Run `wandb offline` to turn off syncing.
wandb: Syncing run rerun_r8_te10_run0
wandb: ⭐️ View project at https://wandb.ai/spk/lrtt-softbounds-sweep
wandb: 🚀 View run at https://wandb.ai/spk/lrtt-softbounds-sweep/runs/er1qg49c
    Early stopped at epoch 5 (low accuracy)
wandb: updating run metadata
wandb: uploading wandb-summary.json
wandb: uploading history steps 4-5, summary, console lines 0-0
wandb: 
wandb: Run history:
wandb: best_acc ▁█████
wandb:    epoch ▁▃▅▆█
wandb:  val_acc ▄██▂▁
wandb: 
wandb: Run summary:
wandb:      best_acc 11.35
wandb: early_stopped False
wandb:         epoch 5
wandb:       val_acc 9.58
wandb: 
wandb: 🚀 View run rerun_r8_te10_run0 at: https://wandb.ai/spk/lrtt-softbounds-sweep/runs/er1qg49c
wandb: ⭐️ View project at: https://wandb.ai/spk/lrtt-softbounds-sweep
wandb: Synced 5 W&B file(s), 0 media file(s), 0 artifact file(s) and 0 other file(s)
wandb: Find logs at: ./wandb/run-20260205_142045-er1qg49c/logs
  Run 0: 11.35%
wandb: setting up run rmm60bam
wandb: Tracking run with wandb version 0.24.1
wandb: Run data is saved locally in /data/LRTT_transformer/experiments/wandb/run-20260205_142250-rmm60bam
wandb: Run `wandb offline` to turn off syncing.
wandb: Syncing run rerun_r8_te10_run1
wandb: ⭐️ View project at https://wandb.ai/spk/lrtt-softbounds-sweep
wandb: 🚀 View run at https://wandb.ai/spk/lrtt-softbounds-sweep/runs/rmm60bam
    Early stopped at epoch 5 (low accuracy)
wandb: updating run metadata
wandb: uploading output.log
wandb: uploading history steps 4-5, summary, console lines 0-0
wandb: 
wandb: Run history:
wandb: best_acc ▁▁▁▁▁▁
wandb:    epoch ▁▃▅▆█
wandb:  val_acc ▁▁▁▁▁
wandb: 
wandb: Run summary:
wandb:      best_acc 11.35
wandb: early_stopped False
wandb:         epoch 5
wandb:       val_acc 11.35
wandb: 
wandb: 🚀 View run rerun_r8_te10_run1 at: https://wandb.ai/spk/lrtt-softbounds-sweep/runs/rmm60bam
wandb: ⭐️ View project at: https://wandb.ai/spk/lrtt-softbounds-sweep
wandb: Synced 5 W&B file(s), 0 media file(s), 0 artifact file(s) and 0 other file(s)
wandb: Find logs at: ./wandb/run-20260205_142250-rmm60bam/logs
  Run 1: 11.35%
wandb: setting up run ae7xcau5
wandb: Tracking run with wandb version 0.24.1
wandb: Run data is saved locally in /data/LRTT_transformer/experiments/wandb/run-20260205_142444-ae7xcau5
wandb: Run `wandb offline` to turn off syncing.
wandb: Syncing run rerun_r8_te10_run2
wandb: ⭐️ View project at https://wandb.ai/spk/lrtt-softbounds-sweep
wandb: 🚀 View run at https://wandb.ai/spk/lrtt-softbounds-sweep/runs/ae7xcau5
    Early stopped at epoch 5 (low accuracy)
wandb: updating run metadata
wandb: uploading output.log; uploading wandb-summary.json
wandb: uploading history steps 4-5, summary, console lines 0-0
wandb: 
wandb: Run history:
wandb: best_acc ▁▁▁▁▁▁
wandb:    epoch ▁▃▅▆█
wandb:  val_acc ██▁██
wandb: 
wandb: Run summary:
wandb:      best_acc 11.35
wandb: early_stopped False
wandb:         epoch 5
wandb:       val_acc 11.35
wandb: 
wandb: 🚀 View run rerun_r8_te10_run2 at: https://wandb.ai/spk/lrtt-softbounds-sweep/runs/ae7xcau5
wandb: ⭐️ View project at: https://wandb.ai/spk/lrtt-softbounds-sweep
wandb: Synced 5 W&B file(s), 0 media file(s), 0 artifact file(s) and 0 other file(s)
wandb: Find logs at: ./wandb/run-20260205_142444-ae7xcau5/logs
  Run 2: 11.35%
wandb: setting up run 3ucl7w0p
wandb: Tracking run with wandb version 0.24.1
wandb: Run data is saved locally in /data/LRTT_transformer/experiments/wandb/run-20260205_142521-3ucl7w0p
wandb: Run `wandb offline` to turn off syncing.
wandb: Syncing run rerun_r8_te10_run3
wandb: ⭐️ View project at https://wandb.ai/spk/lrtt-softbounds-sweep
wandb: 🚀 View run at https://wandb.ai/spk/lrtt-softbounds-sweep/runs/3ucl7w0p
    Early stopped at epoch 5 (low accuracy)
wandb: updating run metadata
wandb: uploading output.log; uploading wandb-summary.json
wandb: uploading history steps 4-5, summary, console lines 0-0
wandb: 
wandb: Run history:
wandb: best_acc ▁▁▁▁▁▁
wandb:    epoch ▁▃▅▆█
wandb:  val_acc █▁███
wandb: 
wandb: Run summary:
wandb:      best_acc 11.35
wandb: early_stopped False
wandb:         epoch 5
wandb:       val_acc 11.35
wandb: 
wandb: 🚀 View run rerun_r8_te10_run3 at: https://wandb.ai/spk/lrtt-softbounds-sweep/runs/3ucl7w0p
wandb: ⭐️ View project at: https://wandb.ai/spk/lrtt-softbounds-sweep
wandb: Synced 5 W&B file(s), 0 media file(s), 0 artifact file(s) and 0 other file(s)
wandb: Find logs at: ./wandb/run-20260205_142521-3ucl7w0p/logs
  Run 3: 11.35%
wandb: setting up run xniedfxu
wandb: Tracking run with wandb version 0.24.1
wandb: Run data is saved locally in /data/LRTT_transformer/experiments/wandb/run-20260205_142558-xniedfxu
wandb: Run `wandb offline` to turn off syncing.
wandb: Syncing run rerun_r8_te10_run4
wandb: ⭐️ View project at https://wandb.ai/spk/lrtt-softbounds-sweep
wandb: 🚀 View run at https://wandb.ai/spk/lrtt-softbounds-sweep/runs/xniedfxu
    Early stopped at epoch 5 (low accuracy)
wandb: updating run metadata
wandb: uploading output.log; uploading wandb-summary.json; uploading config.yaml
wandb: uploading history steps 4-5, summary, console lines 0-0
wandb: 
wandb: Run history:
wandb: best_acc ▁▁▁▁▁▁
wandb:    epoch ▁▃▅▆█
wandb:  val_acc ██▁█▁
wandb: 
wandb: Run summary:
wandb:      best_acc 11.35
wandb: early_stopped False
wandb:         epoch 5
wandb:       val_acc 10.1
wandb: 
wandb: 🚀 View run rerun_r8_te10_run4 at: https://wandb.ai/spk/lrtt-softbounds-sweep/runs/xniedfxu
wandb: ⭐️ View project at: https://wandb.ai/spk/lrtt-softbounds-sweep
wandb: Synced 5 W&B file(s), 0 media file(s), 0 artifact file(s) and 0 other file(s)
wandb: Find logs at: ./wandb/run-20260205_142558-xniedfxu/logs
  Run 4: 11.35%
  -> Best: 11.35%, Avg: 11.35%

[rank=8, te=50] Using lr=0.493706, tlr=0.011245 (from te=100)
--------------------------------------------------
wandb: setting up run cgykfkn1
wandb: Tracking run with wandb version 0.24.1
wandb: Run data is saved locally in /data/LRTT_transformer/experiments/wandb/run-20260205_142634-cgykfkn1
wandb: Run `wandb offline` to turn off syncing.
wandb: Syncing run rerun_r8_te50_run0
wandb: ⭐️ View project at https://wandb.ai/spk/lrtt-softbounds-sweep
wandb: 🚀 View run at https://wandb.ai/spk/lrtt-softbounds-sweep/runs/cgykfkn1
    Early stopped at epoch 22
wandb: updating run metadata
wandb: uploading output.log; uploading wandb-summary.json
wandb: uploading history steps 20-22, summary, console lines 0-0
wandb: 
wandb: Run history:
wandb: best_acc ▁▅▆▆▇▇▇▇▇██████████████
wandb:    epoch ▁▁▂▂▂▃▃▃▄▄▄▅▅▅▆▆▆▇▇▇██
wandb:  val_acc ▁▅▆▆▇▇▆▇▇█████████████
wandb: 
wandb: Run summary:
wandb:      best_acc 95.77
wandb: early_stopped True
wandb:         epoch 22
wandb:       val_acc 95.62
wandb: 
wandb: 🚀 View run rerun_r8_te50_run0 at: https://wandb.ai/spk/lrtt-softbounds-sweep/runs/cgykfkn1
wandb: ⭐️ View project at: https://wandb.ai/spk/lrtt-softbounds-sweep
wandb: Synced 5 W&B file(s), 0 media file(s), 0 artifact file(s) and 0 other file(s)
wandb: Find logs at: ./wandb/run-20260205_142634-cgykfkn1/logs
  Run 0: 95.77%
wandb: setting up run 3cjhbq1r
wandb: Tracking run with wandb version 0.24.1
wandb: Run data is saved locally in /data/LRTT_transformer/experiments/wandb/run-20260205_142829-3cjhbq1r
wandb: Run `wandb offline` to turn off syncing.
wandb: Syncing run rerun_r8_te50_run1
wandb: ⭐️ View project at https://wandb.ai/spk/lrtt-softbounds-sweep
wandb: 🚀 View run at https://wandb.ai/spk/lrtt-softbounds-sweep/runs/3cjhbq1r
    Early stopped at epoch 7
wandb: updating run metadata
wandb: uploading output.log; uploading wandb-summary.json
wandb: uploading history steps 4-7, summary, console lines 0-0
wandb: 
wandb: Run history:
wandb: best_acc ▁███████
wandb:    epoch ▁▂▃▅▆▇█
wandb:  val_acc ▇█▁█▇▇▅
wandb: 
wandb: Run summary:
wandb:      best_acc 93.78
wandb: early_stopped True
wandb:         epoch 7
wandb:       val_acc 84.19
wandb: 
wandb: 🚀 View run rerun_r8_te50_run1 at: https://wandb.ai/spk/lrtt-softbounds-sweep/runs/3cjhbq1r
wandb: ⭐️ View project at: https://wandb.ai/spk/lrtt-softbounds-sweep
wandb: Synced 5 W&B file(s), 0 media file(s), 0 artifact file(s) and 0 other file(s)
wandb: Find logs at: ./wandb/run-20260205_142829-3cjhbq1r/logs
  Run 1: 93.78%
wandb: setting up run su6cpbhe
wandb: Tracking run with wandb version 0.24.1
wandb: Run data is saved locally in /data/LRTT_transformer/experiments/wandb/run-20260205_142915-su6cpbhe
wandb: Run `wandb offline` to turn off syncing.
wandb: Syncing run rerun_r8_te50_run2
wandb: ⭐️ View project at https://wandb.ai/spk/lrtt-softbounds-sweep
wandb: 🚀 View run at https://wandb.ai/spk/lrtt-softbounds-sweep/runs/su6cpbhe
    Early stopped at epoch 24
wandb: updating run metadata
wandb: uploading output.log; uploading wandb-summary.json
wandb: uploading history steps 21-24, summary, console lines 0-0
wandb: 
wandb: Run history:
wandb: best_acc ▁▄▇▇▇▇▇▇█████████████████
wandb:    epoch ▁▁▂▂▂▃▃▃▃▄▄▄▅▅▅▆▆▆▆▇▇▇██
wandb:  val_acc ▁▄▇▆▇▇▇▇████████████████
wandb: 
wandb: Run summary:
wandb:      best_acc 95.9
wandb: early_stopped True
wandb:         epoch 24
wandb:       val_acc 95.72
wandb: 
wandb: 🚀 View run rerun_r8_te50_run2 at: https://wandb.ai/spk/lrtt-softbounds-sweep/runs/su6cpbhe
wandb: ⭐️ View project at: https://wandb.ai/spk/lrtt-softbounds-sweep
wandb: Synced 5 W&B file(s), 0 media file(s), 0 artifact file(s) and 0 other file(s)
wandb: Find logs at: ./wandb/run-20260205_142915-su6cpbhe/logs
  Run 2: 95.90%
wandb: setting up run bonrful6
wandb: Tracking run with wandb version 0.24.1
wandb: Run data is saved locally in /data/LRTT_transformer/experiments/wandb/run-20260205_143131-bonrful6
wandb: Run `wandb offline` to turn off syncing.
wandb: Syncing run rerun_r8_te50_run3
wandb: ⭐️ View project at https://wandb.ai/spk/lrtt-softbounds-sweep
wandb: 🚀 View run at https://wandb.ai/spk/lrtt-softbounds-sweep/runs/bonrful6
    Early stopped at epoch 26
wandb: updating run metadata
wandb: uploading output.log; uploading wandb-summary.json
wandb: uploading history steps 25-26, summary, console lines 0-0
wandb: 
wandb: Run history:
wandb: best_acc ▁▄▇▇▇▇▇████████████████████
wandb:    epoch ▁▁▂▂▂▂▃▃▃▄▄▄▄▅▅▅▅▆▆▆▇▇▇▇██
wandb:  val_acc ▁▄▇▆▇▇▇███████████████████
wandb: 
wandb: Run summary:
wandb:      best_acc 96.02
wandb: early_stopped True
wandb:         epoch 26
wandb:       val_acc 95.82
wandb: 
wandb: 🚀 View run rerun_r8_te50_run3 at: https://wandb.ai/spk/lrtt-softbounds-sweep/runs/bonrful6
wandb: ⭐️ View project at: https://wandb.ai/spk/lrtt-softbounds-sweep
wandb: Synced 5 W&B file(s), 0 media file(s), 0 artifact file(s) and 0 other file(s)
wandb: Find logs at: ./wandb/run-20260205_143131-bonrful6/logs
  Run 3: 96.02%
wandb: setting up run uxgqs2tm
wandb: Tracking run with wandb version 0.24.1
wandb: Run data is saved locally in /data/LRTT_transformer/experiments/wandb/run-20260205_143353-uxgqs2tm
wandb: Run `wandb offline` to turn off syncing.
wandb: Syncing run rerun_r8_te50_run4
wandb: ⭐️ View project at https://wandb.ai/spk/lrtt-softbounds-sweep
wandb: 🚀 View run at https://wandb.ai/spk/lrtt-softbounds-sweep/runs/uxgqs2tm
    Early stopped at epoch 13
wandb: updating run metadata
wandb: uploading output.log; uploading wandb-summary.json
wandb: uploading history steps 11-13, summary, console lines 0-0
wandb: 
wandb: Run history:
wandb: best_acc ▁▄▅▆▇█████████
wandb:    epoch ▁▂▂▃▃▄▅▅▆▆▇▇█
wandb:  val_acc ▂▅▆▆▇███▁▅▅▆▇
wandb: 
wandb: Run summary:
wandb:      best_acc 95.46
wandb: early_stopped True
wandb:         epoch 13
wandb:       val_acc 93.5
wandb: 
wandb: 🚀 View run rerun_r8_te50_run4 at: https://wandb.ai/spk/lrtt-softbounds-sweep/runs/uxgqs2tm
wandb: ⭐️ View project at: https://wandb.ai/spk/lrtt-softbounds-sweep
wandb: Synced 5 W&B file(s), 0 media file(s), 0 artifact file(s) and 0 other file(s)
wandb: Find logs at: ./wandb/run-20260205_143353-uxgqs2tm/logs
  Run 4: 95.46%
  -> Best: 96.02%, Avg: 95.39%

[rank=64, te=100] Using lr=0.040615, tlr=1.692439 (from te=10)
--------------------------------------------------
wandb: setting up run kga11elv
wandb: Tracking run with wandb version 0.24.1
wandb: Run data is saved locally in /data/LRTT_transformer/experiments/wandb/run-20260205_143508-kga11elv
wandb: Run `wandb offline` to turn off syncing.
wandb: Syncing run rerun_r64_te100_run0
wandb: ⭐️ View project at https://wandb.ai/spk/lrtt-softbounds-sweep
wandb: 🚀 View run at https://wandb.ai/spk/lrtt-softbounds-sweep/runs/kga11elv
    Early stopped at epoch 5 (low accuracy)
wandb: updating run metadata
wandb: uploading output.log; uploading wandb-summary.json; uploading config.yaml
wandb: uploading history steps 4-5, summary, console lines 0-0
wandb: 
wandb: Run history:
wandb: best_acc ▁▁▁▁▁▁
wandb:    epoch ▁▃▅▆█
wandb:  val_acc ▁▁▁▁▁
wandb: 
wandb: Run summary:
wandb:      best_acc 11.35
wandb: early_stopped False
wandb:         epoch 5
wandb:       val_acc 11.35
wandb: 
wandb: 🚀 View run rerun_r64_te100_run0 at: https://wandb.ai/spk/lrtt-softbounds-sweep/runs/kga11elv
wandb: ⭐️ View project at: https://wandb.ai/spk/lrtt-softbounds-sweep
wandb: Synced 5 W&B file(s), 0 media file(s), 0 artifact file(s) and 0 other file(s)
wandb: Find logs at: ./wandb/run-20260205_143508-kga11elv/logs
  Run 0: 11.35%
wandb: setting up run 173sum08
wandb: Tracking run with wandb version 0.24.1
wandb: Run data is saved locally in /data/LRTT_transformer/experiments/wandb/run-20260205_143546-173sum08
wandb: Run `wandb offline` to turn off syncing.
wandb: Syncing run rerun_r64_te100_run1
wandb: ⭐️ View project at https://wandb.ai/spk/lrtt-softbounds-sweep
wandb: 🚀 View run at https://wandb.ai/spk/lrtt-softbounds-sweep/runs/173sum08
    Early stopped at epoch 5 (low accuracy)
wandb: updating run metadata
wandb: uploading output.log; uploading wandb-summary.json
wandb: uploading history steps 4-5, summary, console lines 0-0
wandb: 
wandb: Run history:
wandb: best_acc ▁▁▁▁▁▁
wandb:    epoch ▁▃▅▆█
wandb:  val_acc █▁███
wandb: 
wandb: Run summary:
wandb:      best_acc 11.35
wandb: early_stopped False
wandb:         epoch 5
wandb:       val_acc 11.35
wandb: 
wandb: 🚀 View run rerun_r64_te100_run1 at: https://wandb.ai/spk/lrtt-softbounds-sweep/runs/173sum08
wandb: ⭐️ View project at: https://wandb.ai/spk/lrtt-softbounds-sweep
wandb: Synced 5 W&B file(s), 0 media file(s), 0 artifact file(s) and 0 other file(s)
wandb: Find logs at: ./wandb/run-20260205_143546-173sum08/logs
  Run 1: 11.35%
wandb: setting up run 202whp0t
wandb: Tracking run with wandb version 0.24.1
wandb: Run data is saved locally in /data/LRTT_transformer/experiments/wandb/run-20260205_143621-202whp0t
wandb: Run `wandb offline` to turn off syncing.
wandb: Syncing run rerun_r64_te100_run2
wandb: ⭐️ View project at https://wandb.ai/spk/lrtt-softbounds-sweep
wandb: 🚀 View run at https://wandb.ai/spk/lrtt-softbounds-sweep/runs/202whp0t
    Early stopped at epoch 5 (low accuracy)
wandb: updating run metadata
wandb: uploading output.log; uploading wandb-summary.json; uploading config.yaml
wandb: uploading history steps 4-5, summary, console lines 0-0
wandb: 
wandb: Run history:
wandb: best_acc ▁▁▁▁▁▁
wandb:    epoch ▁▃▅▆█
wandb:  val_acc ▁▁▁▁▁
wandb: 
wandb: Run summary:
wandb:      best_acc 11.35
wandb: early_stopped False
wandb:         epoch 5
wandb:       val_acc 11.35
wandb: 
wandb: 🚀 View run rerun_r64_te100_run2 at: https://wandb.ai/spk/lrtt-softbounds-sweep/runs/202whp0t
wandb: ⭐️ View project at: https://wandb.ai/spk/lrtt-softbounds-sweep
wandb: Synced 5 W&B file(s), 0 media file(s), 0 artifact file(s) and 0 other file(s)
wandb: Find logs at: ./wandb/run-20260205_143621-202whp0t/logs
  Run 2: 11.35%
wandb: setting up run ct05pts1
wandb: Tracking run with wandb version 0.24.1
wandb: Run data is saved locally in /data/LRTT_transformer/experiments/wandb/run-20260205_143659-ct05pts1
wandb: Run `wandb offline` to turn off syncing.
wandb: Syncing run rerun_r64_te100_run3
wandb: ⭐️ View project at https://wandb.ai/spk/lrtt-softbounds-sweep
wandb: 🚀 View run at https://wandb.ai/spk/lrtt-softbounds-sweep/runs/ct05pts1
    Early stopped at epoch 5 (low accuracy)
wandb: updating run metadata
wandb: uploading output.log; uploading wandb-summary.json
wandb: uploading history steps 4-5, summary, console lines 0-0
wandb: 
wandb: Run history:
wandb: best_acc ▁▁▁▁▁▁
wandb:    epoch ▁▃▅▆█
wandb:  val_acc ▁▁▁▁▁
wandb: 
wandb: Run summary:
wandb:      best_acc 11.35
wandb: early_stopped False
wandb:         epoch 5
wandb:       val_acc 11.35
wandb: 
wandb: 🚀 View run rerun_r64_te100_run3 at: https://wandb.ai/spk/lrtt-softbounds-sweep/runs/ct05pts1
wandb: ⭐️ View project at: https://wandb.ai/spk/lrtt-softbounds-sweep
wandb: Synced 5 W&B file(s), 0 media file(s), 0 artifact file(s) and 0 other file(s)
wandb: Find logs at: ./wandb/run-20260205_143659-ct05pts1/logs
  Run 3: 11.35%
wandb: setting up run i44afyt7
wandb: Tracking run with wandb version 0.24.1
wandb: Run data is saved locally in /data/LRTT_transformer/experiments/wandb/run-20260205_143734-i44afyt7
wandb: Run `wandb offline` to turn off syncing.
wandb: Syncing run rerun_r64_te100_run4
wandb: ⭐️ View project at https://wandb.ai/spk/lrtt-softbounds-sweep
wandb: 🚀 View run at https://wandb.ai/spk/lrtt-softbounds-sweep/runs/i44afyt7
    Early stopped at epoch 5 (low accuracy)
wandb: updating run metadata
wandb: uploading output.log; uploading wandb-summary.json
wandb: uploading history steps 4-5, summary, console lines 0-0
wandb: 
wandb: Run history:
wandb: best_acc ▁▂████
wandb:    epoch ▁▃▅▆█
wandb:  val_acc ▁▂███
wandb: 
wandb: Run summary:
wandb:      best_acc 11.35
wandb: early_stopped False
wandb:         epoch 5
wandb:       val_acc 11.35
wandb: 
wandb: 🚀 View run rerun_r64_te100_run4 at: https://wandb.ai/spk/lrtt-softbounds-sweep/runs/i44afyt7
wandb: ⭐️ View project at: https://wandb.ai/spk/lrtt-softbounds-sweep
wandb: Synced 5 W&B file(s), 0 media file(s), 0 artifact file(s) and 0 other file(s)
wandb: Find logs at: ./wandb/run-20260205_143734-i44afyt7/logs
  Run 4: 11.35%
  -> Best: 11.35%, Avg: 11.35%

======================================================================
COMPLETED
======================================================================
