======================================================================
Re-running Failed Decay Configurations (v2)
Using nearby TE hyperparameters from original HYPERPARAMETERS dict
======================================================================
Lifetime: 46505 (sixt1c default)
Runs per config: 5
Total configs: 5


[rank=4, te=10] Using HP from te=1: lr=0.089054, tlr=0.001277
--------------------------------------------------
wandb: [wandb.login()] Loaded credentials for https://api.wandb.ai from /home/jovyan/.netrc.
wandb: Currently logged in as: duddns157 (spk) to https://api.wandb.ai. Use `wandb login --relogin` to force relogin
wandb: WARNING Using a boolean value for 'reinit' is deprecated. Use 'return_previous' or 'finish_previous' instead.
wandb: setting up run 5hoagdgp
wandb: Tracking run with wandb version 0.24.1
wandb: Run data is saved locally in /data/LRTT_transformer/experiments/wandb/run-20260205_151553-5hoagdgp
wandb: Run `wandb offline` to turn off syncing.
wandb: Syncing run rerun2_r4_te10_fromte=1_run0
wandb: ⭐️ View project at https://wandb.ai/spk/lrtt-softbounds-sweep
wandb: 🚀 View run at https://wandb.ai/spk/lrtt-softbounds-sweep/runs/5hoagdgp
    Early stopped at epoch 25
wandb: updating run metadata
wandb: uploading output.log; uploading config.yaml
wandb: uploading history steps 24-25, summary, console lines 0-0
wandb: 
wandb: Run history:
wandb:       best_acc ▁▃▄▅▆▇▇▇▇▇▇▇██████████████
wandb:          epoch ▁▁▂▂▂▂▃▃▃▄▄▄▅▅▅▅▆▆▆▇▇▇▇██
wandb: epochs_trained ▁
wandb:        val_acc ▁▃▄▅▆▇▇▇▇▇▇▇████▇████████
wandb: 
wandb: Run summary:
wandb:       best_acc 96.4
wandb:  early_stopped True
wandb:          epoch 25
wandb: epochs_trained 25
wandb:        val_acc 96.2
wandb: 
wandb: 🚀 View run rerun2_r4_te10_fromte=1_run0 at: https://wandb.ai/spk/lrtt-softbounds-sweep/runs/5hoagdgp
wandb: ⭐️ View project at: https://wandb.ai/spk/lrtt-softbounds-sweep
wandb: Synced 5 W&B file(s), 0 media file(s), 0 artifact file(s) and 0 other file(s)
wandb: Find logs at: ./wandb/run-20260205_151553-5hoagdgp/logs
  Run 0: 96.40%
wandb: setting up run 3zcpwzod
wandb: Tracking run with wandb version 0.24.1
wandb: Run data is saved locally in /data/LRTT_transformer/experiments/wandb/run-20260205_151812-3zcpwzod
wandb: Run `wandb offline` to turn off syncing.
wandb: Syncing run rerun2_r4_te10_fromte=1_run1
wandb: ⭐️ View project at https://wandb.ai/spk/lrtt-softbounds-sweep
wandb: 🚀 View run at https://wandb.ai/spk/lrtt-softbounds-sweep/runs/3zcpwzod
    Early stopped at epoch 29
wandb: updating run metadata
wandb: uploading config.yaml
wandb: 
wandb: Run history:
wandb:       best_acc ▁▃▄▅▆▆▆▇▇▇▇▇██████████████████
wandb:          epoch ▁▁▁▂▂▂▃▃▃▃▃▄▄▄▅▅▅▅▅▆▆▆▇▇▇▇▇██
wandb: epochs_trained ▁
wandb:        val_acc ▁▃▄▅▆▆▆▇▇▇▇▇█████████████████
wandb: 
wandb: Run summary:
wandb:       best_acc 96.58
wandb:  early_stopped True
wandb:          epoch 29
wandb: epochs_trained 29
wandb:        val_acc 96.45
wandb: 
wandb: 🚀 View run rerun2_r4_te10_fromte=1_run1 at: https://wandb.ai/spk/lrtt-softbounds-sweep/runs/3zcpwzod
wandb: ⭐️ View project at: https://wandb.ai/spk/lrtt-softbounds-sweep
wandb: Synced 5 W&B file(s), 0 media file(s), 0 artifact file(s) and 0 other file(s)
wandb: Find logs at: ./wandb/run-20260205_151812-3zcpwzod/logs
  Run 1: 96.58%
wandb: setting up run 9kw4m5k2
wandb: Tracking run with wandb version 0.24.1
wandb: Run data is saved locally in /data/LRTT_transformer/experiments/wandb/run-20260205_152048-9kw4m5k2
wandb: Run `wandb offline` to turn off syncing.
wandb: Syncing run rerun2_r4_te10_fromte=1_run2
wandb: ⭐️ View project at https://wandb.ai/spk/lrtt-softbounds-sweep
wandb: 🚀 View run at https://wandb.ai/spk/lrtt-softbounds-sweep/runs/9kw4m5k2
    Early stopped at epoch 28
wandb: updating run metadata
wandb: uploading history steps 26-28, summary, console lines 0-0
wandb: 
wandb: Run history:
wandb:       best_acc ▁▂▃▅▅▆▇▇▇▇▇▇▇▇▇▇█████████████
wandb:          epoch ▁▁▂▂▂▂▃▃▃▃▄▄▄▄▅▅▅▅▆▆▆▆▇▇▇▇██
wandb: epochs_trained ▁
wandb:        val_acc ▁▂▃▅▅▆▇▆▇▇▇▇▇▇▇▇████████████
wandb: 
wandb: Run summary:
wandb:       best_acc 96.77
wandb:  early_stopped True
wandb:          epoch 28
wandb: epochs_trained 28
wandb:        val_acc 96.61
wandb: 
wandb: 🚀 View run rerun2_r4_te10_fromte=1_run2 at: https://wandb.ai/spk/lrtt-softbounds-sweep/runs/9kw4m5k2
wandb: ⭐️ View project at: https://wandb.ai/spk/lrtt-softbounds-sweep
wandb: Synced 5 W&B file(s), 0 media file(s), 0 artifact file(s) and 0 other file(s)
wandb: Find logs at: ./wandb/run-20260205_152048-9kw4m5k2/logs
  Run 2: 96.77%
wandb: setting up run aejg6v2s
wandb: Tracking run with wandb version 0.24.1
wandb: Run data is saved locally in /data/LRTT_transformer/experiments/wandb/run-20260205_152311-aejg6v2s
wandb: Run `wandb offline` to turn off syncing.
wandb: Syncing run rerun2_r4_te10_fromte=1_run3
wandb: ⭐️ View project at https://wandb.ai/spk/lrtt-softbounds-sweep
wandb: 🚀 View run at https://wandb.ai/spk/lrtt-softbounds-sweep/runs/aejg6v2s
    Early stopped at epoch 27
wandb: updating run metadata
wandb: uploading wandb-summary.json
wandb: uploading history steps 24-27, summary, console lines 0-0
wandb: 
wandb: Run history:
wandb:       best_acc ▁▃▄▅▅▆▆▇▇▇▇▇▇▇▇█████████████
wandb:          epoch ▁▁▂▂▂▂▃▃▃▃▄▄▄▅▅▅▅▆▆▆▆▇▇▇▇██
wandb: epochs_trained ▁
wandb:        val_acc ▁▃▄▅▅▆▆▇▇▇▇▇▇▇▇████████████
wandb: 
wandb: Run summary:
wandb:       best_acc 96.6
wandb:  early_stopped True
wandb:          epoch 27
wandb: epochs_trained 27
wandb:        val_acc 96.41
wandb: 
wandb: 🚀 View run rerun2_r4_te10_fromte=1_run3 at: https://wandb.ai/spk/lrtt-softbounds-sweep/runs/aejg6v2s
wandb: ⭐️ View project at: https://wandb.ai/spk/lrtt-softbounds-sweep
wandb: Synced 5 W&B file(s), 0 media file(s), 0 artifact file(s) and 0 other file(s)
wandb: Find logs at: ./wandb/run-20260205_152311-aejg6v2s/logs
  Run 3: 96.60%
wandb: setting up run eucbv4ri
wandb: Tracking run with wandb version 0.24.1
wandb: Run data is saved locally in /data/LRTT_transformer/experiments/wandb/run-20260205_152525-eucbv4ri
wandb: Run `wandb offline` to turn off syncing.
wandb: Syncing run rerun2_r4_te10_fromte=1_run4
wandb: ⭐️ View project at https://wandb.ai/spk/lrtt-softbounds-sweep
wandb: 🚀 View run at https://wandb.ai/spk/lrtt-softbounds-sweep/runs/eucbv4ri
wandb: updating run metadata
wandb: uploading config.yaml
wandb: 
wandb: Run history:
wandb:       best_acc ▁▂▂▄▅▆▆▇▇▇▇▇▇▇▇▇███████████████
wandb:          epoch ▁▁▁▂▂▂▂▃▃▃▃▄▄▄▄▅▅▅▅▆▆▆▆▇▇▇▇███
wandb: epochs_trained ▁
wandb:        val_acc ▁▂▂▄▅▆▆▇▇▇▇▇▇▇▇▇███▇▇█████████
wandb: 
wandb: Run summary:
wandb:       best_acc 96.66
wandb:  early_stopped False
wandb:          epoch 30
wandb: epochs_trained 30
wandb:        val_acc 96.66
wandb: 
wandb: 🚀 View run rerun2_r4_te10_fromte=1_run4 at: https://wandb.ai/spk/lrtt-softbounds-sweep/runs/eucbv4ri
wandb: ⭐️ View project at: https://wandb.ai/spk/lrtt-softbounds-sweep
wandb: Synced 4 W&B file(s), 0 media file(s), 0 artifact file(s) and 0 other file(s)
wandb: Find logs at: ./wandb/run-20260205_152525-eucbv4ri/logs
  Run 4: 96.66%
  -> Best: 96.77%, Avg: 96.60%

[rank=4, te=10] Using HP from te=50: lr=0.674107, tlr=0.011775
--------------------------------------------------
wandb: setting up run yoewdyai
wandb: Tracking run with wandb version 0.24.1
wandb: Run data is saved locally in /data/LRTT_transformer/experiments/wandb/run-20260205_152807-yoewdyai
wandb: Run `wandb offline` to turn off syncing.
wandb: Syncing run rerun2_r4_te10_fromte=50_run0
wandb: ⭐️ View project at https://wandb.ai/spk/lrtt-softbounds-sweep
wandb: 🚀 View run at https://wandb.ai/spk/lrtt-softbounds-sweep/runs/yoewdyai
    Early stopped at epoch 17
wandb: updating run metadata
wandb: uploading output.log
wandb: uploading history steps 15-17, summary, console lines 0-0
wandb: 
wandb: Run history:
wandb:       best_acc ▁▁▁▃▅▅▆▆▆▆▇███████
wandb:          epoch ▁▁▂▂▃▃▄▄▅▅▅▆▆▇▇██
wandb: epochs_trained ▁
wandb:        val_acc ▄▃▄▅▆▅▇▁▆▅▇██▇█▇█
wandb: 
wandb: Run summary:
wandb:       best_acc 95.2
wandb:  early_stopped True
wandb:          epoch 17
wandb: epochs_trained 17
wandb:        val_acc 95.09
wandb: 
wandb: 🚀 View run rerun2_r4_te10_fromte=50_run0 at: https://wandb.ai/spk/lrtt-softbounds-sweep/runs/yoewdyai
wandb: ⭐️ View project at: https://wandb.ai/spk/lrtt-softbounds-sweep
wandb: Synced 5 W&B file(s), 0 media file(s), 0 artifact file(s) and 0 other file(s)
wandb: Find logs at: ./wandb/run-20260205_152807-yoewdyai/logs
  Run 0: 95.20%
wandb: setting up run cyqcxkab
wandb: Tracking run with wandb version 0.24.1
wandb: Run data is saved locally in /data/LRTT_transformer/experiments/wandb/run-20260205_152946-cyqcxkab
wandb: Run `wandb offline` to turn off syncing.
wandb: Syncing run rerun2_r4_te10_fromte=50_run1
wandb: ⭐️ View project at https://wandb.ai/spk/lrtt-softbounds-sweep
wandb: 🚀 View run at https://wandb.ai/spk/lrtt-softbounds-sweep/runs/cyqcxkab
    Early stopped at epoch 9
wandb: updating run metadata
wandb: uploading output.log; uploading wandb-summary.json; uploading config.yaml
wandb: 
wandb: Run history:
wandb:       best_acc ▁▃▄███████
wandb:          epoch ▁▂▃▄▅▅▆▇█
wandb: epochs_trained ▁
wandb:        val_acc ▃▅▅█▁▇▇▆▇
wandb: 
wandb: Run summary:
wandb:       best_acc 94.47
wandb:  early_stopped True
wandb:          epoch 9
wandb: epochs_trained 9
wandb:        val_acc 93.94
wandb: 
wandb: 🚀 View run rerun2_r4_te10_fromte=50_run1 at: https://wandb.ai/spk/lrtt-softbounds-sweep/runs/cyqcxkab
wandb: ⭐️ View project at: https://wandb.ai/spk/lrtt-softbounds-sweep
wandb: Synced 5 W&B file(s), 0 media file(s), 0 artifact file(s) and 0 other file(s)
wandb: Find logs at: ./wandb/run-20260205_152946-cyqcxkab/logs
  Run 1: 94.47%
wandb: setting up run 8fqjfrls
wandb: Tracking run with wandb version 0.24.1
wandb: Run data is saved locally in /data/LRTT_transformer/experiments/wandb/run-20260205_153034-8fqjfrls
wandb: Run `wandb offline` to turn off syncing.
wandb: Syncing run rerun2_r4_te10_fromte=50_run2
wandb: ⭐️ View project at https://wandb.ai/spk/lrtt-softbounds-sweep
wandb: 🚀 View run at https://wandb.ai/spk/lrtt-softbounds-sweep/runs/8fqjfrls
    Early stopped at epoch 5 (low accuracy)
wandb: updating run metadata
wandb: uploading wandb-summary.json
wandb: uploading history steps 4-5, summary, console lines 0-0
wandb: 
wandb: Run history:
wandb:       best_acc ▁▁▁▁▁▁
wandb:          epoch ▁▃▅▆█
wandb: epochs_trained ▁
wandb:        val_acc █▁███
wandb: 
wandb: Run summary:
wandb:       best_acc 11.35
wandb:  early_stopped True
wandb:          epoch 5
wandb: epochs_trained 5
wandb:        val_acc 11.35
wandb: 
wandb: 🚀 View run rerun2_r4_te10_fromte=50_run2 at: https://wandb.ai/spk/lrtt-softbounds-sweep/runs/8fqjfrls
wandb: ⭐️ View project at: https://wandb.ai/spk/lrtt-softbounds-sweep
wandb: Synced 5 W&B file(s), 0 media file(s), 0 artifact file(s) and 0 other file(s)
wandb: Find logs at: ./wandb/run-20260205_153034-8fqjfrls/logs
  Run 2: 11.35%
wandb: setting up run y0877b6k
wandb: Tracking run with wandb version 0.24.1
wandb: Run data is saved locally in /data/LRTT_transformer/experiments/wandb/run-20260205_153111-y0877b6k
wandb: Run `wandb offline` to turn off syncing.
wandb: Syncing run rerun2_r4_te10_fromte=50_run3
wandb: ⭐️ View project at https://wandb.ai/spk/lrtt-softbounds-sweep
wandb: 🚀 View run at https://wandb.ai/spk/lrtt-softbounds-sweep/runs/y0877b6k
    Early stopped at epoch 5 (low accuracy)
wandb: updating run metadata
wandb: uploading output.log; uploading wandb-summary.json; uploading config.yaml
wandb: uploading history steps 4-5, summary, console lines 0-0
wandb: 
wandb: Run history:
wandb:       best_acc ▁█████
wandb:          epoch ▁▃▅▆█
wandb: epochs_trained ▁
wandb:        val_acc ▂█▄▁█
wandb: 
wandb: Run summary:
wandb:       best_acc 11.35
wandb:  early_stopped True
wandb:          epoch 5
wandb: epochs_trained 5
wandb:        val_acc 11.35
wandb: 
wandb: 🚀 View run rerun2_r4_te10_fromte=50_run3 at: https://wandb.ai/spk/lrtt-softbounds-sweep/runs/y0877b6k
wandb: ⭐️ View project at: https://wandb.ai/spk/lrtt-softbounds-sweep
wandb: Synced 5 W&B file(s), 0 media file(s), 0 artifact file(s) and 0 other file(s)
wandb: Find logs at: ./wandb/run-20260205_153111-y0877b6k/logs
  Run 3: 11.35%
wandb: setting up run zrfip77x
wandb: Tracking run with wandb version 0.24.1
wandb: Run data is saved locally in /data/LRTT_transformer/experiments/wandb/run-20260205_153147-zrfip77x
wandb: Run `wandb offline` to turn off syncing.
wandb: Syncing run rerun2_r4_te10_fromte=50_run4
wandb: ⭐️ View project at https://wandb.ai/spk/lrtt-softbounds-sweep
wandb: 🚀 View run at https://wandb.ai/spk/lrtt-softbounds-sweep/runs/zrfip77x
    Early stopped at epoch 5 (low accuracy)
wandb: updating run metadata
wandb: uploading output.log; uploading wandb-summary.json
wandb: uploading history steps 4-5, summary, console lines 0-0
wandb: 
wandb: Run history:
wandb:       best_acc ▁█████
wandb:          epoch ▁▃▅▆█
wandb: epochs_trained ▁
wandb:        val_acc ▄█▁██
wandb: 
wandb: Run summary:
wandb:       best_acc 11.35
wandb:  early_stopped True
wandb:          epoch 5
wandb: epochs_trained 5
wandb:        val_acc 11.35
wandb: 
wandb: 🚀 View run rerun2_r4_te10_fromte=50_run4 at: https://wandb.ai/spk/lrtt-softbounds-sweep/runs/zrfip77x
wandb: ⭐️ View project at: https://wandb.ai/spk/lrtt-softbounds-sweep
wandb: Synced 5 W&B file(s), 0 media file(s), 0 artifact file(s) and 0 other file(s)
wandb: Find logs at: ./wandb/run-20260205_153147-zrfip77x/logs
  Run 4: 11.35%
  -> Best: 95.20%, Avg: 44.74%

[rank=8, te=10] Using HP from te=1: lr=0.089054, tlr=0.001277
--------------------------------------------------
wandb: setting up run xkazudhc
wandb: Tracking run with wandb version 0.24.1
wandb: Run data is saved locally in /data/LRTT_transformer/experiments/wandb/run-20260205_153223-xkazudhc
wandb: Run `wandb offline` to turn off syncing.
wandb: Syncing run rerun2_r8_te10_fromte=1_run0
wandb: ⭐️ View project at https://wandb.ai/spk/lrtt-softbounds-sweep
wandb: 🚀 View run at https://wandb.ai/spk/lrtt-softbounds-sweep/runs/xkazudhc
    Early stopped at epoch 15
wandb: updating run metadata
wandb: uploading output.log
wandb: uploading history steps 12-15, summary, console lines 0-0
wandb: 
wandb: Run history:
wandb:       best_acc ▁▃▅▆▆▇▇█████████
wandb:          epoch ▁▁▂▃▃▃▄▅▅▅▆▇▇▇█
wandb: epochs_trained ▁
wandb:        val_acc ▁▃▅▆▆▇▇█▇██████
wandb: 
wandb: Run summary:
wandb:       best_acc 96.77
wandb:  early_stopped True
wandb:          epoch 15
wandb: epochs_trained 15
wandb:        val_acc 96.49
wandb: 
wandb: 🚀 View run rerun2_r8_te10_fromte=1_run0 at: https://wandb.ai/spk/lrtt-softbounds-sweep/runs/xkazudhc
wandb: ⭐️ View project at: https://wandb.ai/spk/lrtt-softbounds-sweep
wandb: Synced 5 W&B file(s), 0 media file(s), 0 artifact file(s) and 0 other file(s)
wandb: Find logs at: ./wandb/run-20260205_153223-xkazudhc/logs
  Run 0: 96.77%
wandb: setting up run su23rx8o
wandb: Tracking run with wandb version 0.24.1
wandb: Run data is saved locally in /data/LRTT_transformer/experiments/wandb/run-20260205_153336-su23rx8o
wandb: Run `wandb offline` to turn off syncing.
wandb: Syncing run rerun2_r8_te10_fromte=1_run1
wandb: ⭐️ View project at https://wandb.ai/spk/lrtt-softbounds-sweep
wandb: 🚀 View run at https://wandb.ai/spk/lrtt-softbounds-sweep/runs/su23rx8o
wandb: updating run metadata
wandb: uploading history steps 29-30, summary
wandb: 
wandb: Run history:
wandb:       best_acc ▁▃▄▆▆▇▇▇▇▇█████████████████████
wandb:          epoch ▁▁▁▂▂▂▂▃▃▃▃▄▄▄▄▅▅▅▅▆▆▆▆▇▇▇▇███
wandb: epochs_trained ▁
wandb:        val_acc ▁▃▄▆▆▇▇▇▇▇████████████████████
wandb: 
wandb: Run summary:
wandb:       best_acc 96.92
wandb:  early_stopped False
wandb:          epoch 30
wandb: epochs_trained 30
wandb:        val_acc 96.87
wandb: 
wandb: 🚀 View run rerun2_r8_te10_fromte=1_run1 at: https://wandb.ai/spk/lrtt-softbounds-sweep/runs/su23rx8o
wandb: ⭐️ View project at: https://wandb.ai/spk/lrtt-softbounds-sweep
wandb: Synced 4 W&B file(s), 0 media file(s), 0 artifact file(s) and 0 other file(s)
wandb: Find logs at: ./wandb/run-20260205_153336-su23rx8o/logs
  Run 1: 96.92%
wandb: setting up run zqn0jepl
wandb: Tracking run with wandb version 0.24.1
wandb: Run data is saved locally in /data/LRTT_transformer/experiments/wandb/run-20260205_153610-zqn0jepl
wandb: Run `wandb offline` to turn off syncing.
wandb: Syncing run rerun2_r8_te10_fromte=1_run2
wandb: ⭐️ View project at https://wandb.ai/spk/lrtt-softbounds-sweep
wandb: 🚀 View run at https://wandb.ai/spk/lrtt-softbounds-sweep/runs/zqn0jepl
    Early stopped at epoch 19
wandb: updating run metadata
wandb: uploading config.yaml
wandb: 
wandb: Run history:
wandb:       best_acc ▁▃▅▆▆▇▇█████████████
wandb:          epoch ▁▁▂▂▃▃▃▄▄▅▅▅▆▆▆▇▇██
wandb: epochs_trained ▁
wandb:        val_acc ▁▃▅▆▆▇▇█▇██████████
wandb: 
wandb: Run summary:
wandb:       best_acc 96.8
wandb:  early_stopped True
wandb:          epoch 19
wandb: epochs_trained 19
wandb:        val_acc 96.8
wandb: 
wandb: 🚀 View run rerun2_r8_te10_fromte=1_run2 at: https://wandb.ai/spk/lrtt-softbounds-sweep/runs/zqn0jepl
wandb: ⭐️ View project at: https://wandb.ai/spk/lrtt-softbounds-sweep
wandb: Synced 5 W&B file(s), 0 media file(s), 0 artifact file(s) and 0 other file(s)
wandb: Find logs at: ./wandb/run-20260205_153610-zqn0jepl/logs
  Run 2: 96.80%
wandb: setting up run 3l2hz7ic
wandb: Tracking run with wandb version 0.24.1
wandb: Run data is saved locally in /data/LRTT_transformer/experiments/wandb/run-20260205_153750-3l2hz7ic
wandb: Run `wandb offline` to turn off syncing.
wandb: Syncing run rerun2_r8_te10_fromte=1_run3
wandb: ⭐️ View project at https://wandb.ai/spk/lrtt-softbounds-sweep
wandb: 🚀 View run at https://wandb.ai/spk/lrtt-softbounds-sweep/runs/3l2hz7ic
    Early stopped at epoch 20
wandb: updating run metadata
wandb: uploading config.yaml
wandb: uploading history steps 16-20, summary, console lines 0-0
wandb: 
wandb: Run history:
wandb:       best_acc ▁▃▄▅▆▆▇▇▇▇███████████
wandb:          epoch ▁▁▂▂▂▃▃▄▄▄▅▅▅▆▆▇▇▇██
wandb: epochs_trained ▁
wandb:        val_acc ▁▃▄▅▆▆▇▇▇▇██████████
wandb: 
wandb: Run summary:
wandb:       best_acc 96.97
wandb:  early_stopped True
wandb:          epoch 20
wandb: epochs_trained 20
wandb:        val_acc 96.86
wandb: 
wandb: 🚀 View run rerun2_r8_te10_fromte=1_run3 at: https://wandb.ai/spk/lrtt-softbounds-sweep/runs/3l2hz7ic
wandb: ⭐️ View project at: https://wandb.ai/spk/lrtt-softbounds-sweep
wandb: Synced 5 W&B file(s), 0 media file(s), 0 artifact file(s) and 0 other file(s)
wandb: Find logs at: ./wandb/run-20260205_153750-3l2hz7ic/logs
  Run 3: 96.97%
wandb: setting up run voohsnqk
wandb: Tracking run with wandb version 0.24.1
wandb: Run data is saved locally in /data/LRTT_transformer/experiments/wandb/run-20260205_153937-voohsnqk
wandb: Run `wandb offline` to turn off syncing.
wandb: Syncing run rerun2_r8_te10_fromte=1_run4
wandb: ⭐️ View project at https://wandb.ai/spk/lrtt-softbounds-sweep
wandb: 🚀 View run at https://wandb.ai/spk/lrtt-softbounds-sweep/runs/voohsnqk
    Early stopped at epoch 21
wandb: updating run metadata
wandb: uploading output.log
wandb: 
wandb: Run history:
wandb:       best_acc ▁▃▄▅▆▆▇▇▇▇████████████
wandb:          epoch ▁▁▂▂▂▃▃▃▄▄▅▅▅▆▆▆▇▇▇██
wandb: epochs_trained ▁
wandb:        val_acc ▁▃▄▅▆▆▇▇▇▇█▇█████████
wandb: 
wandb: Run summary:
wandb:       best_acc 97.17
wandb:  early_stopped True
wandb:          epoch 21
wandb: epochs_trained 21
wandb:        val_acc 96.93
wandb: 
wandb: 🚀 View run rerun2_r8_te10_fromte=1_run4 at: https://wandb.ai/spk/lrtt-softbounds-sweep/runs/voohsnqk
wandb: ⭐️ View project at: https://wandb.ai/spk/lrtt-softbounds-sweep
wandb: Synced 5 W&B file(s), 0 media file(s), 0 artifact file(s) and 0 other file(s)
wandb: Find logs at: ./wandb/run-20260205_153937-voohsnqk/logs
  Run 4: 97.17%
  -> Best: 97.17%, Avg: 96.93%

[rank=64, te=100] Using HP from te=50: lr=0.008838, tlr=0.008245
--------------------------------------------------
wandb: setting up run tmfu7nmt
wandb: Tracking run with wandb version 0.24.1
wandb: Run data is saved locally in /data/LRTT_transformer/experiments/wandb/run-20260205_154124-tmfu7nmt
wandb: Run `wandb offline` to turn off syncing.
wandb: Syncing run rerun2_r64_te100_fromte=50_run0
wandb: ⭐️ View project at https://wandb.ai/spk/lrtt-softbounds-sweep
wandb: 🚀 View run at https://wandb.ai/spk/lrtt-softbounds-sweep/runs/tmfu7nmt
wandb: updating run metadata
wandb: uploading history steps 29-30, summary
wandb: 
wandb: Run history:
wandb:       best_acc ▁▄▅▅▆▆▆▆▆▆▇▇▇▇▇▇▇▇▇████████████
wandb:          epoch ▁▁▁▂▂▂▂▃▃▃▃▄▄▄▄▅▅▅▅▆▆▆▆▇▇▇▇███
wandb: epochs_trained ▁
wandb:        val_acc ▂▄▅▁▆▆▆▆▆▇▇▇▇▇▇▇▇▇▇███████████
wandb: 
wandb: Run summary:
wandb:       best_acc 94.49
wandb:  early_stopped False
wandb:          epoch 30
wandb: epochs_trained 30
wandb:        val_acc 94.49
wandb: 
wandb: 🚀 View run rerun2_r64_te100_fromte=50_run0 at: https://wandb.ai/spk/lrtt-softbounds-sweep/runs/tmfu7nmt
wandb: ⭐️ View project at: https://wandb.ai/spk/lrtt-softbounds-sweep
wandb: Synced 4 W&B file(s), 0 media file(s), 0 artifact file(s) and 0 other file(s)
wandb: Find logs at: ./wandb/run-20260205_154124-tmfu7nmt/logs
  Run 0: 94.49%
wandb: setting up run iplgqdf4
wandb: Tracking run with wandb version 0.24.1
wandb: Run data is saved locally in /data/LRTT_transformer/experiments/wandb/run-20260205_154346-iplgqdf4
wandb: Run `wandb offline` to turn off syncing.
wandb: Syncing run rerun2_r64_te100_fromte=50_run1
wandb: ⭐️ View project at https://wandb.ai/spk/lrtt-softbounds-sweep
wandb: 🚀 View run at https://wandb.ai/spk/lrtt-softbounds-sweep/runs/iplgqdf4
wandb: updating run metadata
wandb: uploading wandb-summary.json; uploading config.yaml
wandb: uploading data
wandb: 
wandb: Run history:
wandb:       best_acc ▁▄▅▅▅▅▆▆▇▇▇▇▇▇▇▇▇▇▇▇███████████
wandb:          epoch ▁▁▁▂▂▂▂▃▃▃▃▄▄▄▄▅▅▅▅▆▆▆▆▇▇▇▇███
wandb: epochs_trained ▁
wandb:        val_acc ▂▄▅▄▆▁▆▆▇▆▇▇▇▇▇▇▇▇▇▇██████████
wandb: 
wandb: Run summary:
wandb:       best_acc 94.61
wandb:  early_stopped False
wandb:          epoch 30
wandb: epochs_trained 30
wandb:        val_acc 94.51
wandb: 
wandb: 🚀 View run rerun2_r64_te100_fromte=50_run1 at: https://wandb.ai/spk/lrtt-softbounds-sweep/runs/iplgqdf4
wandb: ⭐️ View project at: https://wandb.ai/spk/lrtt-softbounds-sweep
wandb: Synced 4 W&B file(s), 0 media file(s), 0 artifact file(s) and 0 other file(s)
wandb: Find logs at: ./wandb/run-20260205_154346-iplgqdf4/logs
  Run 1: 94.61%
wandb: setting up run vmyswosz
wandb: Tracking run with wandb version 0.24.1
wandb: Run data is saved locally in /data/LRTT_transformer/experiments/wandb/run-20260205_154619-vmyswosz
wandb: Run `wandb offline` to turn off syncing.
wandb: Syncing run rerun2_r64_te100_fromte=50_run2
wandb: ⭐️ View project at https://wandb.ai/spk/lrtt-softbounds-sweep
wandb: 🚀 View run at https://wandb.ai/spk/lrtt-softbounds-sweep/runs/vmyswosz
wandb: updating run metadata
wandb: uploading wandb-summary.json
wandb: uploading history steps 27-30, summary
wandb: 
wandb: Run history:
wandb:       best_acc ▁▄▅▅▆▆▆▆▆▇▇▇▇▇▇▇▇▇▇████████████
wandb:          epoch ▁▁▁▂▂▂▂▃▃▃▃▄▄▄▄▅▅▅▅▆▆▆▆▇▇▇▇███
wandb: epochs_trained ▁
wandb:        val_acc ▁▄▅▅▆▃▆▆▅▇▇▇▇▇▇▇▇▇▇███████████
wandb: 
wandb: Run summary:
wandb:       best_acc 94.61
wandb:  early_stopped False
wandb:          epoch 30
wandb: epochs_trained 30
wandb:        val_acc 94.48
wandb: 
wandb: 🚀 View run rerun2_r64_te100_fromte=50_run2 at: https://wandb.ai/spk/lrtt-softbounds-sweep/runs/vmyswosz
wandb: ⭐️ View project at: https://wandb.ai/spk/lrtt-softbounds-sweep
wandb: Synced 4 W&B file(s), 0 media file(s), 0 artifact file(s) and 0 other file(s)
wandb: Find logs at: ./wandb/run-20260205_154619-vmyswosz/logs
  Run 2: 94.61%
wandb: setting up run aaa2ey1v
wandb: Tracking run with wandb version 0.24.1
wandb: Run data is saved locally in /data/LRTT_transformer/experiments/wandb/run-20260205_154847-aaa2ey1v
wandb: Run `wandb offline` to turn off syncing.
wandb: Syncing run rerun2_r64_te100_fromte=50_run3
wandb: ⭐️ View project at https://wandb.ai/spk/lrtt-softbounds-sweep
wandb: 🚀 View run at https://wandb.ai/spk/lrtt-softbounds-sweep/runs/aaa2ey1v
wandb: updating run metadata
wandb: uploading config.yaml
wandb: uploading history steps 29-30, summary
wandb: 
wandb: Run history:
wandb:       best_acc ▁▄▅▆▆▆▆▆▆▆▇▇▇▇▇▇▇▇▇▇███████████
wandb:          epoch ▁▁▁▂▂▂▂▃▃▃▃▄▄▄▄▅▅▅▅▆▆▆▆▇▇▇▇███
wandb: epochs_trained ▁
wandb:        val_acc ▁▄▅▆▅▅▆▆▆▆▇▇▇▇▇▇▇▇▇▇██████████
wandb: 
wandb: Run summary:
wandb:       best_acc 94.48
wandb:  early_stopped False
wandb:          epoch 30
wandb: epochs_trained 30
wandb:        val_acc 94.31
wandb: 
wandb: 🚀 View run rerun2_r64_te100_fromte=50_run3 at: https://wandb.ai/spk/lrtt-softbounds-sweep/runs/aaa2ey1v
wandb: ⭐️ View project at: https://wandb.ai/spk/lrtt-softbounds-sweep
wandb: Synced 4 W&B file(s), 0 media file(s), 0 artifact file(s) and 0 other file(s)
wandb: Find logs at: ./wandb/run-20260205_154847-aaa2ey1v/logs
  Run 3: 94.48%
wandb: setting up run 5v48ww85
wandb: Tracking run with wandb version 0.24.1
wandb: Run data is saved locally in /data/LRTT_transformer/experiments/wandb/run-20260205_155123-5v48ww85
wandb: Run `wandb offline` to turn off syncing.
wandb: Syncing run rerun2_r64_te100_fromte=50_run4
wandb: ⭐️ View project at https://wandb.ai/spk/lrtt-softbounds-sweep
wandb: 🚀 View run at https://wandb.ai/spk/lrtt-softbounds-sweep/runs/5v48ww85
wandb: updating run metadata
wandb: uploading wandb-summary.json
wandb: uploading history steps 29-30, summary
wandb: 
wandb: Run history:
wandb:       best_acc ▁▄▄▄▅▅▆▆▆▆▆▇▇▇▇▇▇▇▇▇███████████
wandb:          epoch ▁▁▁▂▂▂▂▃▃▃▃▄▄▄▄▅▅▅▅▆▆▆▆▇▇▇▇███
wandb: epochs_trained ▁
wandb:        val_acc ▁▄▄▂▅▅▆▆▆▅▆▇▇▇▇▇▇▇▇▇██████████
wandb: 
wandb: Run summary:
wandb:       best_acc 94.61
wandb:  early_stopped False
wandb:          epoch 30
wandb: epochs_trained 30
wandb:        val_acc 94.61
wandb: 
wandb: 🚀 View run rerun2_r64_te100_fromte=50_run4 at: https://wandb.ai/spk/lrtt-softbounds-sweep/runs/5v48ww85
wandb: ⭐️ View project at: https://wandb.ai/spk/lrtt-softbounds-sweep
wandb: Synced 4 W&B file(s), 0 media file(s), 0 artifact file(s) and 0 other file(s)
wandb: Find logs at: ./wandb/run-20260205_155123-5v48ww85/logs
  Run 4: 94.61%
  -> Best: 94.61%, Avg: 94.56%

[rank=64, te=100] Using HP from te=500: lr=0.006316, tlr=0.533140
--------------------------------------------------
wandb: setting up run pkeatope
wandb: Tracking run with wandb version 0.24.1
wandb: Run data is saved locally in /data/LRTT_transformer/experiments/wandb/run-20260205_155402-pkeatope
wandb: Run `wandb offline` to turn off syncing.
wandb: Syncing run rerun2_r64_te100_fromte=500_run0
wandb: ⭐️ View project at https://wandb.ai/spk/lrtt-softbounds-sweep
wandb: 🚀 View run at https://wandb.ai/spk/lrtt-softbounds-sweep/runs/pkeatope
    Early stopped at epoch 24
wandb: updating run metadata
wandb: uploading output.log; uploading wandb-summary.json; uploading config.yaml
wandb: 
wandb: Run history:
wandb:       best_acc ▁▅▆▆▇▇▇▇▇▇▇▇█████████████
wandb:          epoch ▁▁▂▂▂▃▃▃▃▄▄▄▅▅▅▆▆▆▆▇▇▇██
wandb: epochs_trained ▁
wandb:        val_acc ▁▅▆▆▇▆▇▇▇▇▇▇█▇█▇████████
wandb: 
wandb: Run summary:
wandb:       best_acc 92.45
wandb:  early_stopped True
wandb:          epoch 24
wandb: epochs_trained 24
wandb:        val_acc 91.59
wandb: 
wandb: 🚀 View run rerun2_r64_te100_fromte=500_run0 at: https://wandb.ai/spk/lrtt-softbounds-sweep/runs/pkeatope
wandb: ⭐️ View project at: https://wandb.ai/spk/lrtt-softbounds-sweep
wandb: Synced 5 W&B file(s), 0 media file(s), 0 artifact file(s) and 0 other file(s)
wandb: Find logs at: ./wandb/run-20260205_155402-pkeatope/logs
  Run 0: 92.45%
wandb: setting up run bqbgd2zi
wandb: Tracking run with wandb version 0.24.1
wandb: Run data is saved locally in /data/LRTT_transformer/experiments/wandb/run-20260205_155609-bqbgd2zi
wandb: Run `wandb offline` to turn off syncing.
wandb: Syncing run rerun2_r64_te100_fromte=500_run1
wandb: ⭐️ View project at https://wandb.ai/spk/lrtt-softbounds-sweep
wandb: 🚀 View run at https://wandb.ai/spk/lrtt-softbounds-sweep/runs/bqbgd2zi
    Early stopped at epoch 24
wandb: updating run metadata
wandb: uploading wandb-summary.json; uploading config.yaml
wandb: 
wandb: Run history:
wandb:       best_acc ▁▄▅▆▆▆▇▇▇▇▇▇▇▇▇▇█████████
wandb:          epoch ▁▁▂▂▂▃▃▃▃▄▄▄▅▅▅▆▆▆▆▇▇▇██
wandb: epochs_trained ▁
wandb:        val_acc ▁▄▅▆▆▆▇▇▇▇▇▇▇▇▇▇███▇████
wandb: 
wandb: Run summary:
wandb:       best_acc 92.72
wandb:  early_stopped True
wandb:          epoch 24
wandb: epochs_trained 24
wandb:        val_acc 92.1
wandb: 
wandb: 🚀 View run rerun2_r64_te100_fromte=500_run1 at: https://wandb.ai/spk/lrtt-softbounds-sweep/runs/bqbgd2zi
wandb: ⭐️ View project at: https://wandb.ai/spk/lrtt-softbounds-sweep
wandb: Synced 5 W&B file(s), 0 media file(s), 0 artifact file(s) and 0 other file(s)
wandb: Find logs at: ./wandb/run-20260205_155609-bqbgd2zi/logs
  Run 1: 92.72%
wandb: setting up run 0ypnev58
wandb: Tracking run with wandb version 0.24.1
wandb: Run data is saved locally in /data/LRTT_transformer/experiments/wandb/run-20260205_155809-0ypnev58
wandb: Run `wandb offline` to turn off syncing.
wandb: Syncing run rerun2_r64_te100_fromte=500_run2
wandb: ⭐️ View project at https://wandb.ai/spk/lrtt-softbounds-sweep
wandb: 🚀 View run at https://wandb.ai/spk/lrtt-softbounds-sweep/runs/0ypnev58
    Early stopped at epoch 24
wandb: updating run metadata
wandb: uploading output.log; uploading config.yaml
wandb: uploading history steps 23-24, summary, console lines 0-0
wandb: 
wandb: Run history:
wandb:       best_acc ▁▄▆▆▆▆▇▇▇▇▇▇▇▇███████████
wandb:          epoch ▁▁▂▂▂▃▃▃▃▄▄▄▅▅▅▆▆▆▆▇▇▇██
wandb: epochs_trained ▁
wandb:        val_acc ▁▄▆▅▆▆▇▇▆▇▇▇▇▇██████████
wandb: 
wandb: Run summary:
wandb:       best_acc 92.79
wandb:  early_stopped True
wandb:          epoch 24
wandb: epochs_trained 24
wandb:        val_acc 92.25
wandb: 
wandb: 🚀 View run rerun2_r64_te100_fromte=500_run2 at: https://wandb.ai/spk/lrtt-softbounds-sweep/runs/0ypnev58
wandb: ⭐️ View project at: https://wandb.ai/spk/lrtt-softbounds-sweep
wandb: Synced 5 W&B file(s), 0 media file(s), 0 artifact file(s) and 0 other file(s)
wandb: Find logs at: ./wandb/run-20260205_155809-0ypnev58/logs
  Run 2: 92.79%
wandb: setting up run tnb1im02
wandb: Tracking run with wandb version 0.24.1
wandb: Run data is saved locally in /data/LRTT_transformer/experiments/wandb/run-20260205_160015-tnb1im02
wandb: Run `wandb offline` to turn off syncing.
wandb: Syncing run rerun2_r64_te100_fromte=500_run3
wandb: ⭐️ View project at https://wandb.ai/spk/lrtt-softbounds-sweep
wandb: 🚀 View run at https://wandb.ai/spk/lrtt-softbounds-sweep/runs/tnb1im02
    Early stopped at epoch 25
wandb: updating run metadata
wandb: uploading config.yaml
wandb: uploading history steps 23-25, summary, console lines 0-0
wandb: 
wandb: Run history:
wandb:       best_acc ▁▄▅▅▆▆▇▇▇▇▇▇▇▇▇███████████
wandb:          epoch ▁▁▂▂▂▂▃▃▃▄▄▄▅▅▅▅▆▆▆▇▇▇▇██
wandb: epochs_trained ▁
wandb:        val_acc ▁▄▅▅▆▆▇▆▇▇▇▇▇▇▇████████▇█
wandb: 
wandb: Run summary:
wandb:       best_acc 93.08
wandb:  early_stopped True
wandb:          epoch 25
wandb: epochs_trained 25
wandb:        val_acc 92.61
wandb: 
wandb: 🚀 View run rerun2_r64_te100_fromte=500_run3 at: https://wandb.ai/spk/lrtt-softbounds-sweep/runs/tnb1im02
wandb: ⭐️ View project at: https://wandb.ai/spk/lrtt-softbounds-sweep
wandb: Synced 5 W&B file(s), 0 media file(s), 0 artifact file(s) and 0 other file(s)
wandb: Find logs at: ./wandb/run-20260205_160015-tnb1im02/logs
  Run 3: 93.08%
wandb: setting up run q6flarkz
wandb: Tracking run with wandb version 0.24.1
wandb: Run data is saved locally in /data/LRTT_transformer/experiments/wandb/run-20260205_160224-q6flarkz
wandb: Run `wandb offline` to turn off syncing.
wandb: Syncing run rerun2_r64_te100_fromte=500_run4
wandb: ⭐️ View project at https://wandb.ai/spk/lrtt-softbounds-sweep
wandb: 🚀 View run at https://wandb.ai/spk/lrtt-softbounds-sweep/runs/q6flarkz
wandb: updating run metadata
wandb: uploading wandb-summary.json
wandb: uploading history steps 29-30, summary
wandb: 
wandb: Run history:
wandb:       best_acc ▁▄▄▆▆▆▇▇▇▇▇▇▇██████████████████
wandb:          epoch ▁▁▁▂▂▂▂▃▃▃▃▄▄▄▄▅▅▅▅▆▆▆▆▇▇▇▇███
wandb: epochs_trained ▁
wandb:        val_acc ▁▄▄▆▆▆▇▆▇▇▇▇▇██▇██████████████
wandb: 
wandb: Run summary:
wandb:       best_acc 92.6
wandb:  early_stopped False
wandb:          epoch 30
wandb: epochs_trained 30
wandb:        val_acc 91.96
wandb: 
wandb: 🚀 View run rerun2_r64_te100_fromte=500_run4 at: https://wandb.ai/spk/lrtt-softbounds-sweep/runs/q6flarkz
wandb: ⭐️ View project at: https://wandb.ai/spk/lrtt-softbounds-sweep
wandb: Synced 4 W&B file(s), 0 media file(s), 0 artifact file(s) and 0 other file(s)
wandb: Find logs at: ./wandb/run-20260205_160224-q6flarkz/logs
  Run 4: 92.60%
  -> Best: 93.08%, Avg: 92.73%

======================================================================
SUMMARY
======================================================================
✓ rank=4, te=10 (from te=1): Best=96.77%, Avg=96.60%
✓ rank=4, te=10 (from te=50): Best=95.20%, Avg=44.74%
✓ rank=8, te=10 (from te=1): Best=97.17%, Avg=96.93%
✓ rank=64, te=100 (from te=50): Best=94.61%, Avg=94.56%
✓ rank=64, te=100 (from te=500): Best=93.08%, Avg=92.73%

======================================================================
COMPLETED
======================================================================
