Hybrid Sweep: 144 configs x max 10 trials
Mode: hybrid reinit (A=0, B unchanged)
wandb: [wandb.Api()] Loaded credentials for https://api.wandb.ai from /home/jovyan/.netrc.
Already completed: 24 configs
Remaining: 120 configs

[1/144] r1_te1_lt1000 - SKIPPED (already done)

[2/144] r1_te10_lt1000 - SKIPPED (already done)

[3/144] r1_te50_lt1000 - SKIPPED (already done)

[4/144] r1_te100_lt1000 - SKIPPED (already done)

[5/144] r1_te500_lt1000 - SKIPPED (already done)

[6/144] r1_te1000_lt1000 - SKIPPED (already done)

[7/144] r4_te1_lt1000 - SKIPPED (already done)

[8/144] r4_te10_lt1000 - SKIPPED (already done)

[9/144] r4_te50_lt1000 - SKIPPED (already done)

[10/144] r4_te100_lt1000 - SKIPPED (already done)

[11/144] r4_te500_lt1000 - SKIPPED (already done)

[12/144] r4_te1000_lt1000 - SKIPPED (already done)

[13/144] r8_te1_lt1000 - SKIPPED (already done)

[14/144] r8_te10_lt1000 - SKIPPED (already done)

[15/144] r8_te50_lt1000 - SKIPPED (already done)

[16/144] r8_te100_lt1000 - SKIPPED (already done)

[17/144] r8_te500_lt1000 - SKIPPED (already done)

[18/144] r8_te1000_lt1000 - SKIPPED (already done)

[19/144] r16_te1_lt1000 - SKIPPED (already done)

[20/144] r16_te10_lt1000 - SKIPPED (already done)

[21/144] r16_te50_lt1000 - SKIPPED (already done)

[22/144] r16_te100_lt1000 - SKIPPED (already done)

[23/144] r16_te500_lt1000 - SKIPPED (already done)

[24/144] r16_te1000_lt1000 - SKIPPED (already done)

[25/144] r32_te1_lt1000
--------------------------------------------------
wandb: Currently logged in as: duddns157 (spk) to https://api.wandb.ai. Use `wandb login --relogin` to force relogin
wandb: WARNING Using a boolean value for 'reinit' is deprecated. Use 'return_previous' or 'finish_previous' instead.
wandb: setting up run dw3j73a6
wandb: Tracking run with wandb version 0.24.1
wandb: Run data is saved locally in /data/LRTT_transformer/experiments/wandb/run-20260204_064612-dw3j73a6
wandb: Run `wandb offline` to turn off syncing.
wandb: Syncing run search_r32_te1_lt1000_t0
wandb: ⭐️ View project at https://wandb.ai/spk/lrtt-hybrid-sweep
wandb: 🚀 View run at https://wandb.ai/spk/lrtt-hybrid-sweep/runs/dw3j73a6
[LRTT onehot] gamma=1.000 lr_remain=8.024e-01 Znorm2=2.286e+01
[CLIP-CHECK-ONEHOT] Transfer #1: C range before: [-0.0678, 0.0776]
[CLIP-SKIPPED-ONEHOT] Transfer #1: C already in range, no clipping needed
[LRTT onehot] gamma=1.000 lr_remain=8.024e-01 Znorm2=2.349e+01
[CLIP-CHECK-ONEHOT] Transfer #2: C range before: [-0.0866, 0.0838]
[CLIP-SKIPPED-ONEHOT] Transfer #2: C already in range, no clipping needed
[LRTT onehot] gamma=1.000 lr_remain=8.024e-01 Znorm2=2.343e+01
[CLIP-CHECK-ONEHOT] Transfer #3: C range before: [-0.1002, 0.0993]
[CLIP-SKIPPED-ONEHOT] Transfer #3: C already in range, no clipping needed
[CLIP-CHECK-ONEHOT] Transfer #4: C range before: [-0.1013, 0.1084]
[CLIP-SKIPPED-ONEHOT] Transfer #4: C already in range, no clipping needed
[CLIP-CHECK-ONEHOT] Transfer #5: C range before: [-0.1115, 0.1101]
[CLIP-SKIPPED-ONEHOT] Transfer #5: C already in range, no clipping needed
wandb: updating run metadata
wandb: uploading output.log; uploading wandb-summary.json
wandb: uploading history steps 2-3, summary
wandb: 
wandb: Run history:
wandb:       best_acc ▁██
wandb:          epoch ▁▅█
wandb: epochs_trained ▁
wandb: final_best_acc ▁
wandb:        val_acc ▅█▁
wandb: 
wandb: Run summary:
wandb:       best_acc 32.48
wandb:          epoch 3
wandb: epochs_trained 3
wandb: final_best_acc 32.48
wandb:        val_acc 25.58
wandb: 
wandb: 🚀 View run search_r32_te1_lt1000_t0 at: https://wandb.ai/spk/lrtt-hybrid-sweep/runs/dw3j73a6
wandb: ⭐️ View project at: https://wandb.ai/spk/lrtt-hybrid-sweep
wandb: Synced 5 W&B file(s), 0 media file(s), 0 artifact file(s) and 0 other file(s)
wandb: Find logs at: ./wandb/run-20260204_064612-dw3j73a6/logs
  Trial 0: lr=0.007719, tlr=0.802402 -> 32.48%
wandb: setting up run r58d6anj
wandb: Tracking run with wandb version 0.24.1
wandb: Run data is saved locally in /data/LRTT_transformer/experiments/wandb/run-20260204_070935-r58d6anj
wandb: Run `wandb offline` to turn off syncing.
wandb: Syncing run search_r32_te1_lt1000_t1
wandb: ⭐️ View project at https://wandb.ai/spk/lrtt-hybrid-sweep
wandb: 🚀 View run at https://wandb.ai/spk/lrtt-hybrid-sweep/runs/r58d6anj
[LRTT onehot] gamma=1.000 lr_remain=1.722e-01 Znorm2=2.258e+01
[CLIP-CHECK-ONEHOT] Transfer #1: C range before: [-0.0476, 0.0465]
[CLIP-SKIPPED-ONEHOT] Transfer #1: C already in range, no clipping needed
[LRTT onehot] gamma=1.000 lr_remain=1.722e-01 Znorm2=2.356e+01
[CLIP-CHECK-ONEHOT] Transfer #2: C range before: [-0.0491, 0.0509]
[CLIP-SKIPPED-ONEHOT] Transfer #2: C already in range, no clipping needed
[LRTT onehot] gamma=1.000 lr_remain=1.722e-01 Znorm2=2.290e+01
[CLIP-CHECK-ONEHOT] Transfer #3: C range before: [-0.0535, 0.0533]
[CLIP-SKIPPED-ONEHOT] Transfer #3: C already in range, no clipping needed
[CLIP-CHECK-ONEHOT] Transfer #4: C range before: [-0.0557, 0.0591]
[CLIP-SKIPPED-ONEHOT] Transfer #4: C already in range, no clipping needed
[CLIP-CHECK-ONEHOT] Transfer #5: C range before: [-0.0572, 0.0588]
[CLIP-SKIPPED-ONEHOT] Transfer #5: C already in range, no clipping needed
wandb: updating run metadata
wandb: uploading output.log; uploading wandb-summary.json
wandb: uploading history steps 3-4, summary
wandb: 
wandb: Run history:
wandb:       best_acc ▁▁▁▁
wandb:          epoch ▁▃▆█
wandb: epochs_trained ▁
wandb: final_best_acc ▁
wandb:        val_acc █▄▅▁
wandb: 
wandb: Run summary:
wandb:       best_acc 59.06
wandb:          epoch 4
wandb: epochs_trained 4
wandb: final_best_acc 59.06
wandb:        val_acc 42.02
wandb: 
wandb: 🚀 View run search_r32_te1_lt1000_t1 at: https://wandb.ai/spk/lrtt-hybrid-sweep/runs/r58d6anj
wandb: ⭐️ View project at: https://wandb.ai/spk/lrtt-hybrid-sweep
wandb: Synced 5 W&B file(s), 0 media file(s), 0 artifact file(s) and 0 other file(s)
wandb: Find logs at: ./wandb/run-20260204_070935-r58d6anj/logs
  Trial 1: lr=0.017844, tlr=0.172217 -> 59.06%
wandb: setting up run bcrr3b6z
wandb: Tracking run with wandb version 0.24.1
wandb: Run data is saved locally in /data/LRTT_transformer/experiments/wandb/run-20260204_074115-bcrr3b6z
wandb: Run `wandb offline` to turn off syncing.
wandb: Syncing run search_r32_te1_lt1000_t2
wandb: ⭐️ View project at https://wandb.ai/spk/lrtt-hybrid-sweep
wandb: 🚀 View run at https://wandb.ai/spk/lrtt-hybrid-sweep/runs/bcrr3b6z
[LRTT onehot] gamma=1.000 lr_remain=2.307e+00 Znorm2=2.242e+01
[CLIP-CHECK-ONEHOT] Transfer #1: C range before: [-0.1286, 0.1333]
[CLIP-SKIPPED-ONEHOT] Transfer #1: C already in range, no clipping needed
[LRTT onehot] gamma=1.000 lr_remain=2.307e+00 Znorm2=2.334e+01
[CLIP-CHECK-ONEHOT] Transfer #2: C range before: [-0.1827, 0.1570]
[CLIP-SKIPPED-ONEHOT] Transfer #2: C already in range, no clipping needed
[LRTT onehot] gamma=1.000 lr_remain=2.307e+00 Znorm2=2.303e+01
[CLIP-CHECK-ONEHOT] Transfer #3: C range before: [-0.1944, 0.2009]
[CLIP-SKIPPED-ONEHOT] Transfer #3: C already in range, no clipping needed
[CLIP-CHECK-ONEHOT] Transfer #4: C range before: [-0.2131, 0.2086]
[CLIP-SKIPPED-ONEHOT] Transfer #4: C already in range, no clipping needed
[CLIP-CHECK-ONEHOT] Transfer #5: C range before: [-0.2106, 0.2302]
[CLIP-SKIPPED-ONEHOT] Transfer #5: C already in range, no clipping needed
wandb: updating run metadata
wandb: uploading output.log; uploading wandb-summary.json
wandb: uploading history steps 2-3, summary
wandb: 
wandb: Run history:
wandb:       best_acc ▁▁█
wandb:          epoch ▁▅█
wandb: epochs_trained ▁
wandb: final_best_acc ▁
wandb:        val_acc ▄▁█
wandb: 
wandb: Run summary:
wandb:       best_acc 19.25
wandb:          epoch 3
wandb: epochs_trained 3
wandb: final_best_acc 19.25
wandb:        val_acc 19.25
wandb: 
wandb: 🚀 View run search_r32_te1_lt1000_t2 at: https://wandb.ai/spk/lrtt-hybrid-sweep/runs/bcrr3b6z
wandb: ⭐️ View project at: https://wandb.ai/spk/lrtt-hybrid-sweep
wandb: Synced 5 W&B file(s), 0 media file(s), 0 artifact file(s) and 0 other file(s)
wandb: Find logs at: ./wandb/run-20260204_074115-bcrr3b6z/logs
  Trial 2: lr=0.161604, tlr=2.307479 -> 19.25%
wandb: setting up run 0gdra4xw
wandb: Tracking run with wandb version 0.24.1
wandb: Run data is saved locally in /data/LRTT_transformer/experiments/wandb/run-20260204_080523-0gdra4xw
wandb: Run `wandb offline` to turn off syncing.
wandb: Syncing run search_r32_te1_lt1000_t3
wandb: ⭐️ View project at https://wandb.ai/spk/lrtt-hybrid-sweep
wandb: 🚀 View run at https://wandb.ai/spk/lrtt-hybrid-sweep/runs/0gdra4xw
[LRTT onehot] gamma=1.000 lr_remain=5.948e-02 Znorm2=2.292e+01
[CLIP-CHECK-ONEHOT] Transfer #1: C range before: [-0.0408, 0.0424]
[CLIP-SKIPPED-ONEHOT] Transfer #1: C already in range, no clipping needed
[LRTT onehot] gamma=1.000 lr_remain=5.948e-02 Znorm2=2.310e+01
[CLIP-CHECK-ONEHOT] Transfer #2: C range before: [-0.0431, 0.0432]
[CLIP-SKIPPED-ONEHOT] Transfer #2: C already in range, no clipping needed
[LRTT onehot] gamma=1.000 lr_remain=5.948e-02 Znorm2=2.324e+01
[CLIP-CHECK-ONEHOT] Transfer #3: C range before: [-0.0441, 0.0449]
[CLIP-SKIPPED-ONEHOT] Transfer #3: C already in range, no clipping needed
[CLIP-CHECK-ONEHOT] Transfer #4: C range before: [-0.0451, 0.0456]
[CLIP-SKIPPED-ONEHOT] Transfer #4: C already in range, no clipping needed
[CLIP-CHECK-ONEHOT] Transfer #5: C range before: [-0.0460, 0.0478]
[CLIP-SKIPPED-ONEHOT] Transfer #5: C already in range, no clipping needed
wandb: updating run metadata
wandb: uploading output.log; uploading wandb-summary.json
wandb: uploading history steps 3-4, summary
wandb: 
wandb: Run history:
wandb:       best_acc ▁▁▁▁
wandb:          epoch ▁▃▆█
wandb: epochs_trained ▁
wandb: final_best_acc ▁
wandb:        val_acc ██▁▁
wandb: 
wandb: Run summary:
wandb:       best_acc 74.04
wandb:          epoch 4
wandb: epochs_trained 4
wandb: final_best_acc 74.04
wandb:        val_acc 68.67
wandb: 
wandb: 🚀 View run search_r32_te1_lt1000_t3 at: https://wandb.ai/spk/lrtt-hybrid-sweep/runs/0gdra4xw
wandb: ⭐️ View project at: https://wandb.ai/spk/lrtt-hybrid-sweep
wandb: Synced 5 W&B file(s), 0 media file(s), 0 artifact file(s) and 0 other file(s)
wandb: Find logs at: ./wandb/run-20260204_080523-0gdra4xw/logs
  Trial 3: lr=0.035636, tlr=0.059479 -> 74.04%
wandb: setting up run i78uaq3q
wandb: Tracking run with wandb version 0.24.1
wandb: Run data is saved locally in /data/LRTT_transformer/experiments/wandb/run-20260204_083635-i78uaq3q
wandb: Run `wandb offline` to turn off syncing.
wandb: Syncing run search_r32_te1_lt1000_t4
wandb: ⭐️ View project at https://wandb.ai/spk/lrtt-hybrid-sweep
wandb: 🚀 View run at https://wandb.ai/spk/lrtt-hybrid-sweep/runs/i78uaq3q
[LRTT onehot] gamma=1.000 lr_remain=3.858e-02 Znorm2=2.439e+01
[CLIP-CHECK-ONEHOT] Transfer #1: C range before: [-0.0424, 0.0400]
[CLIP-SKIPPED-ONEHOT] Transfer #1: C already in range, no clipping needed
[LRTT onehot] gamma=1.000 lr_remain=3.858e-02 Znorm2=2.340e+01
[CLIP-CHECK-ONEHOT] Transfer #2: C range before: [-0.0423, 0.0423]
[CLIP-SKIPPED-ONEHOT] Transfer #2: C already in range, no clipping needed
[LRTT onehot] gamma=1.000 lr_remain=3.858e-02 Znorm2=2.270e+01
[CLIP-CHECK-ONEHOT] Transfer #3: C range before: [-0.0423, 0.0433]
[CLIP-SKIPPED-ONEHOT] Transfer #3: C already in range, no clipping needed
[CLIP-CHECK-ONEHOT] Transfer #4: C range before: [-0.0435, 0.0442]
[CLIP-SKIPPED-ONEHOT] Transfer #4: C already in range, no clipping needed
[CLIP-CHECK-ONEHOT] Transfer #5: C range before: [-0.0452, 0.0452]
[CLIP-SKIPPED-ONEHOT] Transfer #5: C already in range, no clipping needed
wandb: updating run metadata
wandb: uploading wandb-summary.json; uploading output.log
wandb: uploading history steps 3-4, summary
wandb: 
wandb: Run history:
wandb:       best_acc ▁▁▁▁
wandb:          epoch ▁▃▆█
wandb: epochs_trained ▁
wandb: final_best_acc ▁
wandb:        val_acc █▇▆▁
wandb: 
wandb: Run summary:
wandb:       best_acc 54.2
wandb:          epoch 4
wandb: epochs_trained 4
wandb: final_best_acc 54.2
wandb:        val_acc 49.11
wandb: 
wandb: 🚀 View run search_r32_te1_lt1000_t4 at: https://wandb.ai/spk/lrtt-hybrid-sweep/runs/i78uaq3q
wandb: ⭐️ View project at: https://wandb.ai/spk/lrtt-hybrid-sweep
wandb: Synced 5 W&B file(s), 0 media file(s), 0 artifact file(s) and 0 other file(s)
wandb: Find logs at: ./wandb/run-20260204_083635-i78uaq3q/logs
  Trial 4: lr=0.002206, tlr=0.038585 -> 54.20%
wandb: setting up run qtzcami5
wandb: Tracking run with wandb version 0.24.1
wandb: Run data is saved locally in /data/LRTT_transformer/experiments/wandb/run-20260204_090919-qtzcami5
wandb: Run `wandb offline` to turn off syncing.
wandb: Syncing run search_r32_te1_lt1000_t5
wandb: ⭐️ View project at https://wandb.ai/spk/lrtt-hybrid-sweep
wandb: 🚀 View run at https://wandb.ai/spk/lrtt-hybrid-sweep/runs/qtzcami5
[LRTT onehot] gamma=1.000 lr_remain=5.756e-03 Znorm2=2.307e+01
[CLIP-CHECK-ONEHOT] Transfer #1: C range before: [-0.0385, 0.0376]
[CLIP-SKIPPED-ONEHOT] Transfer #1: C already in range, no clipping needed
[LRTT onehot] gamma=1.000 lr_remain=5.756e-03 Znorm2=2.352e+01
[CLIP-CHECK-ONEHOT] Transfer #2: C range before: [-0.0385, 0.0385]
[CLIP-SKIPPED-ONEHOT] Transfer #2: C already in range, no clipping needed
[LRTT onehot] gamma=1.000 lr_remain=5.756e-03 Znorm2=2.323e+01
[CLIP-CHECK-ONEHOT] Transfer #3: C range before: [-0.0385, 0.0399]
[CLIP-SKIPPED-ONEHOT] Transfer #3: C already in range, no clipping needed
[CLIP-CHECK-ONEHOT] Transfer #4: C range before: [-0.0389, 0.0399]
[CLIP-SKIPPED-ONEHOT] Transfer #4: C already in range, no clipping needed
[CLIP-CHECK-ONEHOT] Transfer #5: C range before: [-0.0388, 0.0399]
[CLIP-SKIPPED-ONEHOT] Transfer #5: C already in range, no clipping needed
wandb: updating run metadata
wandb: uploading output.log; uploading wandb-summary.json
wandb: uploading history steps 8-9, summary
wandb: 
wandb: Run history:
wandb:       best_acc ▁▅▇██████
wandb:          epoch ▁▂▃▄▅▅▆▇█
wandb: epochs_trained ▁
wandb: final_best_acc ▁
wandb:        val_acc ▁▅▇█████▇
wandb: 
wandb: Run summary:
wandb:       best_acc 71.32
wandb:          epoch 9
wandb: epochs_trained 9
wandb: final_best_acc 71.32
wandb:        val_acc 68.66
wandb: 
wandb: 🚀 View run search_r32_te1_lt1000_t5 at: https://wandb.ai/spk/lrtt-hybrid-sweep/runs/qtzcami5
wandb: ⭐️ View project at: https://wandb.ai/spk/lrtt-hybrid-sweep
wandb: Synced 5 W&B file(s), 0 media file(s), 0 artifact file(s) and 0 other file(s)
wandb: Find logs at: ./wandb/run-20260204_090919-qtzcami5/logs
  Trial 5: lr=0.001071, tlr=0.005756 -> 71.32%
wandb: setting up run sudas4y6
wandb: Tracking run with wandb version 0.24.1
wandb: Run data is saved locally in /data/LRTT_transformer/experiments/wandb/run-20260204_102225-sudas4y6
wandb: Run `wandb offline` to turn off syncing.
wandb: Syncing run search_r32_te1_lt1000_t6
wandb: ⭐️ View project at https://wandb.ai/spk/lrtt-hybrid-sweep
wandb: 🚀 View run at https://wandb.ai/spk/lrtt-hybrid-sweep/runs/sudas4y6
[LRTT onehot] gamma=1.000 lr_remain=5.626e-03 Znorm2=2.371e+01
[CLIP-CHECK-ONEHOT] Transfer #1: C range before: [-0.0379, 0.0377]
[CLIP-SKIPPED-ONEHOT] Transfer #1: C already in range, no clipping needed
[LRTT onehot] gamma=1.000 lr_remain=5.626e-03 Znorm2=2.379e+01
[CLIP-CHECK-ONEHOT] Transfer #2: C range before: [-0.0392, 0.0382]
[CLIP-SKIPPED-ONEHOT] Transfer #2: C already in range, no clipping needed
[LRTT onehot] gamma=1.000 lr_remain=5.626e-03 Znorm2=2.391e+01
[CLIP-CHECK-ONEHOT] Transfer #3: C range before: [-0.0392, 0.0386]
[CLIP-SKIPPED-ONEHOT] Transfer #3: C already in range, no clipping needed
[CLIP-CHECK-ONEHOT] Transfer #4: C range before: [-0.0396, 0.0388]
[CLIP-SKIPPED-ONEHOT] Transfer #4: C already in range, no clipping needed
[CLIP-CHECK-ONEHOT] Transfer #5: C range before: [-0.0396, 0.0395]
[CLIP-SKIPPED-ONEHOT] Transfer #5: C already in range, no clipping needed
wandb: updating run metadata
wandb: uploading wandb-summary.json; uploading output.log
wandb: uploading history steps 5-6, summary
wandb: 
wandb: Run history:
wandb:       best_acc ▁▆████
wandb:          epoch ▁▂▄▅▇█
wandb: epochs_trained ▁
wandb: final_best_acc ▁
wandb:        val_acc ▁▆█▇▇█
wandb: 
wandb: Run summary:
wandb:       best_acc 77.7
wandb:          epoch 6
wandb: epochs_trained 6
wandb: final_best_acc 77.7
wandb:        val_acc 77.58
wandb: 
wandb: 🚀 View run search_r32_te1_lt1000_t6 at: https://wandb.ai/spk/lrtt-hybrid-sweep/runs/sudas4y6
wandb: ⭐️ View project at: https://wandb.ai/spk/lrtt-hybrid-sweep
wandb: Synced 5 W&B file(s), 0 media file(s), 0 artifact file(s) and 0 other file(s)
wandb: Find logs at: ./wandb/run-20260204_102225-sudas4y6/logs
  Trial 6: lr=0.003192, tlr=0.005626 -> 77.70%
wandb: setting up run xuhtw3km
wandb: Tracking run with wandb version 0.24.1
wandb: Run data is saved locally in /data/LRTT_transformer/experiments/wandb/run-20260204_111107-xuhtw3km
wandb: Run `wandb offline` to turn off syncing.
wandb: Syncing run search_r32_te1_lt1000_t7
wandb: ⭐️ View project at https://wandb.ai/spk/lrtt-hybrid-sweep
wandb: 🚀 View run at https://wandb.ai/spk/lrtt-hybrid-sweep/runs/xuhtw3km
[LRTT onehot] gamma=1.000 lr_remain=4.080e+00 Znorm2=2.377e+01
[CLIP-CHECK-ONEHOT] Transfer #1: C range before: [-0.1976, 0.2026]
[CLIP-SKIPPED-ONEHOT] Transfer #1: C already in range, no clipping needed
[LRTT onehot] gamma=1.000 lr_remain=4.080e+00 Znorm2=2.363e+01
[CLIP-CHECK-ONEHOT] Transfer #2: C range before: [-0.2675, 0.2507]
[CLIP-SKIPPED-ONEHOT] Transfer #2: C already in range, no clipping needed
[LRTT onehot] gamma=1.000 lr_remain=4.080e+00 Znorm2=2.384e+01
[CLIP-CHECK-ONEHOT] Transfer #3: C range before: [-0.2980, 0.3097]
[CLIP-SKIPPED-ONEHOT] Transfer #3: C already in range, no clipping needed
[CLIP-CHECK-ONEHOT] Transfer #4: C range before: [-0.2960, 0.3251]
[CLIP-SKIPPED-ONEHOT] Transfer #4: C already in range, no clipping needed
[CLIP-CHECK-ONEHOT] Transfer #5: C range before: [-0.3398, 0.3178]
[CLIP-SKIPPED-ONEHOT] Transfer #5: C already in range, no clipping needed
wandb: updating run metadata
wandb: uploading output.log; uploading wandb-summary.json
wandb: uploading history steps 2-3, summary
wandb: 
wandb: Run history:
wandb:       best_acc ▁▁▁
wandb:          epoch ▁▅█
wandb: epochs_trained ▁
wandb: final_best_acc ▁
wandb:        val_acc █▂▁
wandb: 
wandb: Run summary:
wandb:       best_acc 20.9
wandb:          epoch 3
wandb: epochs_trained 3
wandb: final_best_acc 20.9
wandb:        val_acc 8.92
wandb: 
wandb: 🚀 View run search_r32_te1_lt1000_t7 at: https://wandb.ai/spk/lrtt-hybrid-sweep/runs/xuhtw3km
wandb: ⭐️ View project at: https://wandb.ai/spk/lrtt-hybrid-sweep
wandb: Synced 5 W&B file(s), 0 media file(s), 0 artifact file(s) and 0 other file(s)
wandb: Find logs at: ./wandb/run-20260204_111107-xuhtw3km/logs
  Trial 7: lr=0.346422, tlr=4.080123 -> 20.90%
wandb: setting up run h6rglb71
wandb: Tracking run with wandb version 0.24.1
wandb: Run data is saved locally in /data/LRTT_transformer/experiments/wandb/run-20260204_113550-h6rglb71
wandb: Run `wandb offline` to turn off syncing.
wandb: Syncing run search_r32_te1_lt1000_t8
wandb: ⭐️ View project at https://wandb.ai/spk/lrtt-hybrid-sweep
wandb: 🚀 View run at https://wandb.ai/spk/lrtt-hybrid-sweep/runs/h6rglb71
[LRTT onehot] gamma=1.000 lr_remain=2.816e+00 Znorm2=2.243e+01
[CLIP-CHECK-ONEHOT] Transfer #1: C range before: [-0.1549, 0.1476]
[CLIP-SKIPPED-ONEHOT] Transfer #1: C already in range, no clipping needed
[LRTT onehot] gamma=1.000 lr_remain=2.816e+00 Znorm2=2.343e+01
[CLIP-CHECK-ONEHOT] Transfer #2: C range before: [-0.2051, 0.2076]
[CLIP-SKIPPED-ONEHOT] Transfer #2: C already in range, no clipping needed
[LRTT onehot] gamma=1.000 lr_remain=2.816e+00 Znorm2=2.279e+01
[CLIP-CHECK-ONEHOT] Transfer #3: C range before: [-0.2272, 0.2126]
[CLIP-SKIPPED-ONEHOT] Transfer #3: C already in range, no clipping needed
[CLIP-CHECK-ONEHOT] Transfer #4: C range before: [-0.2461, 0.2512]
[CLIP-SKIPPED-ONEHOT] Transfer #4: C already in range, no clipping needed
[CLIP-CHECK-ONEHOT] Transfer #5: C range before: [-0.2780, 0.2577]
[CLIP-SKIPPED-ONEHOT] Transfer #5: C already in range, no clipping needed
wandb: updating run metadata
wandb: uploading output.log; uploading wandb-summary.json
wandb: uploading config.yaml
wandb: 
wandb: Run history:
wandb:       best_acc ▁▁█
wandb:          epoch ▁▅█
wandb: epochs_trained ▁
wandb: final_best_acc ▁
wandb:        val_acc ▅▁█
wandb: 
wandb: Run summary:
wandb:       best_acc 11.6
wandb:          epoch 3
wandb: epochs_trained 3
wandb: final_best_acc 11.6
wandb:        val_acc 11.6
wandb: 
wandb: 🚀 View run search_r32_te1_lt1000_t8 at: https://wandb.ai/spk/lrtt-hybrid-sweep/runs/h6rglb71
wandb: ⭐️ View project at: https://wandb.ai/spk/lrtt-hybrid-sweep
wandb: Synced 5 W&B file(s), 0 media file(s), 0 artifact file(s) and 0 other file(s)
wandb: Find logs at: ./wandb/run-20260204_113550-h6rglb71/logs
  Trial 8: lr=0.001323, tlr=2.815755 -> 11.60%
wandb: setting up run 02z5wixt
wandb: Tracking run with wandb version 0.24.1
wandb: Run data is saved locally in /data/LRTT_transformer/experiments/wandb/run-20260204_120042-02z5wixt
wandb: Run `wandb offline` to turn off syncing.
wandb: Syncing run search_r32_te1_lt1000_t9
wandb: ⭐️ View project at https://wandb.ai/spk/lrtt-hybrid-sweep
wandb: 🚀 View run at https://wandb.ai/spk/lrtt-hybrid-sweep/runs/02z5wixt
[LRTT onehot] gamma=1.000 lr_remain=1.856e-02 Znorm2=2.404e+01
[CLIP-CHECK-ONEHOT] Transfer #1: C range before: [-0.0397, 0.0387]
[CLIP-SKIPPED-ONEHOT] Transfer #1: C already in range, no clipping needed
[LRTT onehot] gamma=1.000 lr_remain=1.856e-02 Znorm2=2.295e+01
[CLIP-CHECK-ONEHOT] Transfer #2: C range before: [-0.0402, 0.0410]
[CLIP-SKIPPED-ONEHOT] Transfer #2: C already in range, no clipping needed
[LRTT onehot] gamma=1.000 lr_remain=1.856e-02 Znorm2=2.410e+01
[CLIP-CHECK-ONEHOT] Transfer #3: C range before: [-0.0412, 0.0410]
[CLIP-SKIPPED-ONEHOT] Transfer #3: C already in range, no clipping needed
[CLIP-CHECK-ONEHOT] Transfer #4: C range before: [-0.0413, 0.0420]
[CLIP-SKIPPED-ONEHOT] Transfer #4: C already in range, no clipping needed
[CLIP-CHECK-ONEHOT] Transfer #5: C range before: [-0.0413, 0.0420]
[CLIP-SKIPPED-ONEHOT] Transfer #5: C already in range, no clipping needed
wandb: updating run metadata
wandb: uploading output.log; uploading wandb-summary.json
wandb: uploading history steps 5-6, summary
wandb: 
wandb: Run history:
wandb:       best_acc ▁▄████
wandb:          epoch ▁▂▄▅▇█
wandb: epochs_trained ▁
wandb: final_best_acc ▁
wandb:        val_acc ▅▆█▅▂▁
wandb: 
wandb: Run summary:
wandb:       best_acc 84.77
wandb:          epoch 6
wandb: epochs_trained 6
wandb: final_best_acc 84.77
wandb:        val_acc 81.42
wandb: 
wandb: 🚀 View run search_r32_te1_lt1000_t9 at: https://wandb.ai/spk/lrtt-hybrid-sweep/runs/02z5wixt
wandb: ⭐️ View project at: https://wandb.ai/spk/lrtt-hybrid-sweep
wandb: Synced 5 W&B file(s), 0 media file(s), 0 artifact file(s) and 0 other file(s)
wandb: Find logs at: ./wandb/run-20260204_120042-02z5wixt/logs
  Trial 9: lr=0.100503, tlr=0.018563 -> 84.77%
  Best search: lr=0.100503, tlr=0.018563 -> 84.77%
  Running full 30 epoch training...
wandb: setting up run duis8xpg
wandb: Tracking run with wandb version 0.24.1
wandb: Run data is saved locally in /data/LRTT_transformer/experiments/wandb/run-20260204_125051-duis8xpg
wandb: Run `wandb offline` to turn off syncing.
wandb: Syncing run full_r32_te1_lt1000
wandb: ⭐️ View project at https://wandb.ai/spk/lrtt-hybrid-sweep
wandb: 🚀 View run at https://wandb.ai/spk/lrtt-hybrid-sweep/runs/duis8xpg
[LRTT onehot] gamma=1.000 lr_remain=1.856e-02 Znorm2=2.267e+01
[CLIP-CHECK-ONEHOT] Transfer #1: C range before: [-0.0386, 0.0391]
[CLIP-SKIPPED-ONEHOT] Transfer #1: C already in range, no clipping needed
[LRTT onehot] gamma=1.000 lr_remain=1.856e-02 Znorm2=2.335e+01
[CLIP-CHECK-ONEHOT] Transfer #2: C range before: [-0.0398, 0.0405]
[CLIP-SKIPPED-ONEHOT] Transfer #2: C already in range, no clipping needed
[LRTT onehot] gamma=1.000 lr_remain=1.856e-02 Znorm2=2.357e+01
[CLIP-CHECK-ONEHOT] Transfer #3: C range before: [-0.0410, 0.0408]
[CLIP-SKIPPED-ONEHOT] Transfer #3: C already in range, no clipping needed
[CLIP-CHECK-ONEHOT] Transfer #4: C range before: [-0.0413, 0.0418]
[CLIP-SKIPPED-ONEHOT] Transfer #4: C already in range, no clipping needed
[CLIP-CHECK-ONEHOT] Transfer #5: C range before: [-0.0425, 0.0431]
[CLIP-SKIPPED-ONEHOT] Transfer #5: C already in range, no clipping needed
wandb: updating run metadata
wandb: uploading output.log; uploading wandb-summary.json
wandb: uploading history steps 29-30, summary
wandb: 
wandb: Run history:
wandb:       best_acc ▁▁▁▁▁▁▁▁▁▁▁▁▁▁▁▁▁▁▁▁▁▁▁▁▁▁▁▁▁▁
wandb:          epoch ▁▁▁▂▂▂▂▃▃▃▃▄▄▄▄▅▅▅▅▆▆▆▆▇▇▇▇███
wandb: final_best_acc ▁
wandb:        val_acc █▇▇▇▇▇▇▇▇▇▅▅▅▅▆▅▅▅▅▅▃▂▂▁▂▃▂▃▃▂
wandb: 
wandb: Run summary:
wandb:       best_acc 85.07
wandb:          epoch 30
wandb: final_best_acc 85.07
wandb:        val_acc 69.08
wandb: 
wandb: 🚀 View run full_r32_te1_lt1000 at: https://wandb.ai/spk/lrtt-hybrid-sweep/runs/duis8xpg
wandb: ⭐️ View project at: https://wandb.ai/spk/lrtt-hybrid-sweep
wandb: Synced 5 W&B file(s), 0 media file(s), 0 artifact file(s) and 0 other file(s)
wandb: Find logs at: ./wandb/run-20260204_125051-duis8xpg/logs
  Full training: 85.07%

[26/144] r32_te10_lt1000
--------------------------------------------------
wandb: setting up run gzsv7ioa
wandb: Tracking run with wandb version 0.24.1
wandb: Run data is saved locally in /data/LRTT_transformer/experiments/wandb/run-20260204_152839-gzsv7ioa
wandb: Run `wandb offline` to turn off syncing.
wandb: Syncing run search_r32_te10_lt1000_t0
wandb: ⭐️ View project at https://wandb.ai/spk/lrtt-hybrid-sweep
wandb: 🚀 View run at https://wandb.ai/spk/lrtt-hybrid-sweep/runs/gzsv7ioa
[LRTT onehot] gamma=1.000 lr_remain=2.819e-02 Znorm2=2.328e+01
[CLIP-CHECK-ONEHOT] Transfer #1: C range before: [-0.0401, 0.0392]
[CLIP-SKIPPED-ONEHOT] Transfer #1: C already in range, no clipping needed
[LRTT onehot] gamma=1.000 lr_remain=2.819e-02 Znorm2=2.270e+01
[CLIP-CHECK-ONEHOT] Transfer #2: C range before: [-0.0415, 0.0405]
[CLIP-SKIPPED-ONEHOT] Transfer #2: C already in range, no clipping needed
[LRTT onehot] gamma=1.000 lr_remain=2.819e-02 Znorm2=2.276e+01
[CLIP-CHECK-ONEHOT] Transfer #3: C range before: [-0.0423, 0.0420]
[CLIP-SKIPPED-ONEHOT] Transfer #3: C already in range, no clipping needed
[CLIP-CHECK-ONEHOT] Transfer #4: C range before: [-0.0432, 0.0424]
[CLIP-SKIPPED-ONEHOT] Transfer #4: C already in range, no clipping needed
[CLIP-CHECK-ONEHOT] Transfer #5: C range before: [-0.0441, 0.0437]
[CLIP-SKIPPED-ONEHOT] Transfer #5: C already in range, no clipping needed
wandb: updating run metadata
wandb: uploading output.log; uploading wandb-summary.json
wandb: uploading history steps 6-8, summary
wandb: 
wandb: Run history:
wandb:       best_acc ▁▆▆▆████
wandb:          epoch ▁▂▃▄▅▆▇█
wandb: epochs_trained ▁
wandb: final_best_acc ▁
wandb:        val_acc ▁▆▆▆█▆▇▇
wandb: 
wandb: Run summary:
wandb:       best_acc 88.34
wandb:          epoch 8
wandb: epochs_trained 8
wandb: final_best_acc 88.34
wandb:        val_acc 88.04
wandb: 
wandb: 🚀 View run search_r32_te10_lt1000_t0 at: https://wandb.ai/spk/lrtt-hybrid-sweep/runs/gzsv7ioa
wandb: ⭐️ View project at: https://wandb.ai/spk/lrtt-hybrid-sweep
wandb: Synced 5 W&B file(s), 0 media file(s), 0 artifact file(s) and 0 other file(s)
wandb: Find logs at: ./wandb/run-20260204_152839-gzsv7ioa/logs
  Trial 0: lr=0.043686, tlr=0.028189 -> 88.34%
wandb: setting up run nyp79st8
wandb: Tracking run with wandb version 0.24.1
wandb: Run data is saved locally in /data/LRTT_transformer/experiments/wandb/run-20260204_152922-nyp79st8
wandb: Run `wandb offline` to turn off syncing.
wandb: Syncing run search_r32_te10_lt1000_t1
wandb: ⭐️ View project at https://wandb.ai/spk/lrtt-hybrid-sweep
wandb: 🚀 View run at https://wandb.ai/spk/lrtt-hybrid-sweep/runs/nyp79st8
[LRTT onehot] gamma=1.000 lr_remain=2.389e-02 Znorm2=2.370e+01
[CLIP-CHECK-ONEHOT] Transfer #1: C range before: [-0.0401, 0.0394]
[CLIP-SKIPPED-ONEHOT] Transfer #1: C already in range, no clipping needed
[LRTT onehot] gamma=1.000 lr_remain=2.389e-02 Znorm2=2.388e+01
[CLIP-CHECK-ONEHOT] Transfer #2: C range before: [-0.0399, 0.0411]
[CLIP-SKIPPED-ONEHOT] Transfer #2: C already in range, no clipping needed
[LRTT onehot] gamma=1.000 lr_remain=2.389e-02 Znorm2=2.412e+01
[CLIP-CHECK-ONEHOT] Transfer #3: C range before: [-0.0412, 0.0413]
[CLIP-SKIPPED-ONEHOT] Transfer #3: C already in range, no clipping needed
[CLIP-CHECK-ONEHOT] Transfer #4: C range before: [-0.0421, 0.0421]
[CLIP-SKIPPED-ONEHOT] Transfer #4: C already in range, no clipping needed
[CLIP-CHECK-ONEHOT] Transfer #5: C range before: [-0.0425, 0.0447]
[CLIP-SKIPPED-ONEHOT] Transfer #5: C already in range, no clipping needed
