[I 2026-02-13 13:50:12,991] A new study created in memory with name: lrtt_lora_glue_sixt1c_lora_20260213_135007
================================================================================
LRTT-LORA BAYESIAN HYPERPARAMETER SEARCH (Optuna)
================================================================================
Model: google/mobilebert-uncased
Task: glue (sst2)
Mode: sixt1c_lora
Rank: 8
Target modules: ['query', 'key', 'value']
Optimizer: AnalogSGD
Epochs: 3
Batch size: 64
Max seq length: 128
Trials: 30
Jobs: 1
Study: lrtt_lora_glue_sixt1c_lora_20260213_135007
--------------------------------------------------------------------------------
LoRA alpha range: [0.5, 8.0] (log-uniform)
LR range: [1e-4, 1e-2] (log-uniform)
================================================================================

Pre-loading data...
Loading GLUE sst2 dataset...
  ✓ Loaded 67349 train, 872 eval samples

================================================================================
SWEEP CONFIGURATION REPORT
================================================================================

[Task Settings]
  Task: glue
  Task name: sst2
  Mode: sixt1c_lora
  Model: google/mobilebert-uncased
  Rank: 8
  Epochs: 3
  Max seq length: 128

[Device Settings]
  Device: CUDA
  CUDA available: True
  GPU: NVIDIA H200

[Hyperparameter Search Space]
  Classifier LR: 1.0 (FIXED)
  QKV analog tile LR: [1e-4, 1e-2] (log-uniform)
  LoRA alpha: [0.01, 100.0] (log-uniform)

[Optimizer Settings]
  Optimizer: AnalogSGD (decoupled LR)
  Parameter groups:
    - QKV tiles (tile_a/tile_b): lr = qkv_lr (searchable)
    - Classifier/Other: lr = 1.0 (fixed)
  Batch size: 64
  Warmup ratio: 0.05 (5% linear warmup)

[Sampler & Pruner]
  Sampler: BoTorchSampler (Bayesian Optimization)
  Pruner: NopPruner (no pruning)

[Early Stopping]
  Enabled: Yes
  Patience: 3 epochs
  Metric: eval_accuracy

[Training Settings]
  Evaluation strategy: epoch
  Save strategy: no (LRTT state_dict incompatible with HF)
  Logging: WandB (offline mode)
  Random seed: 42

[Sweep Settings]
  Number of trials: 30
  Parallel jobs: 1
  Study name: lrtt_lora_glue_sixt1c_lora_20260213_135007
================================================================================


Starting optimization...
  0%|                                                                                                                                                                                                                          | 0/30 [00:00<?, ?it/s]wandb: WARNING Using a boolean value for 'reinit' is deprecated. Use 'return_previous' or 'finish_previous' instead.
wandb: Tracking run with wandb version 0.24.1
wandb: W&B syncing is set to `offline` in this directory. Run `wandb online` or set WANDB_MODE=online to enable cloud syncing.
wandb: Run data is saved locally in /data/LRTT_transformer/experiments/wandb/offline-run-20260213_135013-rv71ny0k

[Trial 0] mode=sixt1c_lora, lora_alpha=0.016, classifier_lr=0.010, qkv_lr=0.001479, rank=8
Some weights of MobileBertForSequenceClassification were not initialized from the model checkpoint at google/mobilebert-uncased and are newly initialized: ['classifier.bias', 'classifier.weight']
You should probably TRAIN this model on a down-stream task to be able to use it for predictions and inference.
