======================================================================
LR Sweep: LRTT Frozen + FloatingPoint Classifier Only
======================================================================
rank=4, te=100, lifetime=46505
LRs: [0.005, 0.01, 0.03, 0.05, 0.1, 0.3, 0.5, 1.0, 3.0, 10.0]

[1/10] lr=0.005
wandb: [wandb.login()] Loaded credentials for https://api.wandb.ai from /home/jovyan/.netrc.
wandb: Currently logged in as: duddns157 (spk) to https://api.wandb.ai. Use `wandb login --relogin` to force relogin
wandb: WARNING Using a boolean value for 'reinit' is deprecated. Use 'return_previous' or 'finish_previous' instead.
wandb: setting up run 9qvsefvb
wandb: Tracking run with wandb version 0.24.1
wandb: Run data is saved locally in /data/LRTT_transformer/experiments/wandb/run-20260206_164601-9qvsefvb
wandb: Run `wandb offline` to turn off syncing.
wandb: Syncing run frozen_lrtt_classifier_lr0.005
wandb: ⭐️ View project at https://wandb.ai/spk/lrtt-softbounds-sweep
wandb: 🚀 View run at https://wandb.ai/spk/lrtt-softbounds-sweep/runs/9qvsefvb
wandb: updating run metadata
wandb: uploading config.yaml
wandb: uploading history steps 23-26, summary
wandb: 
wandb: Run history:
wandb:       best_acc ▁▄▅▅▆▆▆▇▇▇▇▇▇▇▇███████████
wandb:          epoch ▁▁▂▂▂▂▃▃▃▄▄▄▄▅▅▅▅▆▆▆▇▇▇▇██
wandb: final_best_acc ▁
wandb:     train_loss █▅▃▃▂▂▂▂▂▁▁▁▁▁▁▁▁▁▁▁▁▁▁▁▁▁
wandb:        val_acc ▁▄▅▅▆▆▆▇▇▇▇▇▇▇▇███████████
wandb: 
wandb: Run summary:
wandb:       best_acc 86.77
wandb:          epoch 26
wandb: final_best_acc 86.77
wandb:     train_loss 0.51302
wandb:        val_acc 86.61
wandb: 
wandb: 🚀 View run frozen_lrtt_classifier_lr0.005 at: https://wandb.ai/spk/lrtt-softbounds-sweep/runs/9qvsefvb
wandb: ⭐️ View project at: https://wandb.ai/spk/lrtt-softbounds-sweep
wandb: Synced 4 W&B file(s), 0 media file(s), 0 artifact file(s) and 0 other file(s)
wandb: Find logs at: ./wandb/run-20260206_164601-9qvsefvb/logs
  -> best_acc=86.77%

[2/10] lr=0.01
wandb: setting up run hq5n4m5i
wandb: Tracking run with wandb version 0.24.1
wandb: Run data is saved locally in /data/LRTT_transformer/experiments/wandb/run-20260206_164746-hq5n4m5i
wandb: Run `wandb offline` to turn off syncing.
wandb: Syncing run frozen_lrtt_classifier_lr0.01
wandb: ⭐️ View project at https://wandb.ai/spk/lrtt-softbounds-sweep
wandb: 🚀 View run at https://wandb.ai/spk/lrtt-softbounds-sweep/runs/hq5n4m5i
wandb: updating run metadata
wandb: uploading wandb-summary.json
wandb: uploading history steps 27-30, summary
wandb: 
wandb: Run history:
wandb:       best_acc ▁▃▅▅▆▆▆▆▇▇▇▇▇▇▇▇██████████████
wandb:          epoch ▁▁▁▂▂▂▂▃▃▃▃▄▄▄▄▅▅▅▅▆▆▆▆▇▇▇▇███
wandb: final_best_acc ▁
wandb:     train_loss █▄▃▂▂▂▂▂▁▁▁▁▁▁▁▁▁▁▁▁▁▁▁▁▁▁▁▁▁▁
wandb:        val_acc ▁▃▅▅▆▆▆▆▇▇▇▇▇▇▇▇█▇█▇██████████
wandb: 
wandb: Run summary:
wandb:       best_acc 88.94
wandb:          epoch 30
wandb: final_best_acc 88.94
wandb:     train_loss 0.42061
wandb:        val_acc 88.53
wandb: 
wandb: 🚀 View run frozen_lrtt_classifier_lr0.01 at: https://wandb.ai/spk/lrtt-softbounds-sweep/runs/hq5n4m5i
wandb: ⭐️ View project at: https://wandb.ai/spk/lrtt-softbounds-sweep
wandb: Synced 4 W&B file(s), 0 media file(s), 0 artifact file(s) and 0 other file(s)
wandb: Find logs at: ./wandb/run-20260206_164746-hq5n4m5i/logs
  -> best_acc=88.94%

[3/10] lr=0.03
wandb: setting up run nxg3le98
wandb: Tracking run with wandb version 0.24.1
wandb: Run data is saved locally in /data/LRTT_transformer/experiments/wandb/run-20260206_164946-nxg3le98
wandb: Run `wandb offline` to turn off syncing.
wandb: Syncing run frozen_lrtt_classifier_lr0.03
wandb: ⭐️ View project at https://wandb.ai/spk/lrtt-softbounds-sweep
wandb: 🚀 View run at https://wandb.ai/spk/lrtt-softbounds-sweep/runs/nxg3le98
wandb: updating run metadata
wandb: uploading history steps 26-27, summary
wandb: 
wandb: Run history:
wandb:       best_acc ▁▄▅▅▆▆▇▇▇▇▇▇███████████████
wandb:          epoch ▁▁▂▂▂▂▃▃▃▃▄▄▄▅▅▅▅▆▆▆▆▇▇▇▇██
wandb: final_best_acc ▁
wandb:     train_loss █▄▃▂▂▂▂▁▁▁▁▁▁▁▁▁▁▁▁▁▁▁▁▁▁▁▁
wandb:        val_acc ▁▄▅▅▆▆▇▇▇▇▇▇█▇█████████████
wandb: 
wandb: Run summary:
wandb:       best_acc 89.53
wandb:          epoch 27
wandb: final_best_acc 89.53
wandb:     train_loss 0.3712
wandb:        val_acc 89.53
wandb: 
wandb: 🚀 View run frozen_lrtt_classifier_lr0.03 at: https://wandb.ai/spk/lrtt-softbounds-sweep/runs/nxg3le98
wandb: ⭐️ View project at: https://wandb.ai/spk/lrtt-softbounds-sweep
wandb: Synced 4 W&B file(s), 0 media file(s), 0 artifact file(s) and 0 other file(s)
wandb: Find logs at: ./wandb/run-20260206_164946-nxg3le98/logs
  -> best_acc=89.53%

[4/10] lr=0.05
wandb: setting up run gws69el1
wandb: Tracking run with wandb version 0.24.1
wandb: Run data is saved locally in /data/LRTT_transformer/experiments/wandb/run-20260206_165135-gws69el1
wandb: Run `wandb offline` to turn off syncing.
wandb: Syncing run frozen_lrtt_classifier_lr0.05
wandb: ⭐️ View project at https://wandb.ai/spk/lrtt-softbounds-sweep
wandb: 🚀 View run at https://wandb.ai/spk/lrtt-softbounds-sweep/runs/gws69el1
wandb: updating run metadata
wandb: uploading config.yaml
wandb: uploading history steps 27-28, summary
wandb: 
wandb: Run history:
wandb:       best_acc ▁▃▅▅▆▆▆▇▇▇▇▇▇▇██████████████
wandb:          epoch ▁▁▂▂▂▂▃▃▃▃▄▄▄▄▅▅▅▅▆▆▆▆▇▇▇▇██
wandb: final_best_acc ▁
wandb:     train_loss █▃▃▂▂▂▂▂▁▁▁▁▁▁▁▁▁▁▁▁▁▁▁▁▁▁▁▁
wandb:        val_acc ▁▃▅▅▆▆▆▇▇▇▇▇▇▇██▇██▇████▇███
wandb: 
wandb: Run summary:
wandb:       best_acc 90.7
wandb:          epoch 28
wandb: final_best_acc 90.7
wandb:     train_loss 0.33601
wandb:        val_acc 90.5
wandb: 
wandb: 🚀 View run frozen_lrtt_classifier_lr0.05 at: https://wandb.ai/spk/lrtt-softbounds-sweep/runs/gws69el1
wandb: ⭐️ View project at: https://wandb.ai/spk/lrtt-softbounds-sweep
wandb: Synced 4 W&B file(s), 0 media file(s), 0 artifact file(s) and 0 other file(s)
wandb: Find logs at: ./wandb/run-20260206_165135-gws69el1/logs
  -> best_acc=90.70%

[5/10] lr=0.1
wandb: setting up run 9cximth4
wandb: Tracking run with wandb version 0.24.1
wandb: Run data is saved locally in /data/LRTT_transformer/experiments/wandb/run-20260206_165341-9cximth4
wandb: Run `wandb offline` to turn off syncing.
wandb: Syncing run frozen_lrtt_classifier_lr0.1
wandb: ⭐️ View project at https://wandb.ai/spk/lrtt-softbounds-sweep
wandb: 🚀 View run at https://wandb.ai/spk/lrtt-softbounds-sweep/runs/9cximth4
wandb: updating run metadata
wandb: uploading wandb-summary.json
wandb: uploading history steps 15-18, summary
wandb: 
wandb: Run history:
wandb:       best_acc ▁▄▄▆▆▇▇▇▇█████████
wandb:          epoch ▁▁▂▂▃▃▃▄▄▅▅▆▆▆▇▇██
wandb: final_best_acc ▁
wandb:     train_loss █▃▃▂▂▂▂▁▁▁▁▁▁▁▁▁▁▁
wandb:        val_acc ▁▄▄▆▆▇▇▇▇██▇█▇███▇
wandb: 
wandb: Run summary:
wandb:       best_acc 90.39
wandb:          epoch 18
wandb: final_best_acc 90.39
wandb:     train_loss 0.32805
wandb:        val_acc 90.17
wandb: 
wandb: 🚀 View run frozen_lrtt_classifier_lr0.1 at: https://wandb.ai/spk/lrtt-softbounds-sweep/runs/9cximth4
wandb: ⭐️ View project at: https://wandb.ai/spk/lrtt-softbounds-sweep
wandb: Synced 4 W&B file(s), 0 media file(s), 0 artifact file(s) and 0 other file(s)
wandb: Find logs at: ./wandb/run-20260206_165341-9cximth4/logs
  -> best_acc=90.39%

[6/10] lr=0.3
wandb: setting up run p1rnpylh
wandb: Tracking run with wandb version 0.24.1
wandb: Run data is saved locally in /data/LRTT_transformer/experiments/wandb/run-20260206_165508-p1rnpylh
wandb: Run `wandb offline` to turn off syncing.
wandb: Syncing run frozen_lrtt_classifier_lr0.3
wandb: ⭐️ View project at https://wandb.ai/spk/lrtt-softbounds-sweep
wandb: 🚀 View run at https://wandb.ai/spk/lrtt-softbounds-sweep/runs/p1rnpylh
wandb: updating run metadata
wandb: uploading wandb-summary.json; uploading config.yaml
wandb: uploading history steps 22-24, summary
wandb: 
wandb: Run history:
wandb:       best_acc ▁▃▅▅▆▆▆▇▇▇▇▇▇▇▇▇▇▇██████
wandb:          epoch ▁▁▂▂▂▃▃▃▃▄▄▄▅▅▅▆▆▆▆▇▇▇██
wandb: final_best_acc ▁
wandb:     train_loss █▃▃▂▂▂▂▂▁▁▁▁▁▁▁▁▁▁▁▁▁▁▁▁
wandb:        val_acc ▁▃▅▄▆▆▆▇▆▇▇▇▇▇▆▇▇▆█▇▇▇▇▇
wandb: 
wandb: Run summary:
wandb:       best_acc 90.86
wandb:          epoch 24
wandb: final_best_acc 90.86
wandb:     train_loss 0.31023
wandb:        val_acc 90.58
wandb: 
wandb: 🚀 View run frozen_lrtt_classifier_lr0.3 at: https://wandb.ai/spk/lrtt-softbounds-sweep/runs/p1rnpylh
wandb: ⭐️ View project at: https://wandb.ai/spk/lrtt-softbounds-sweep
wandb: Synced 4 W&B file(s), 0 media file(s), 0 artifact file(s) and 0 other file(s)
wandb: Find logs at: ./wandb/run-20260206_165508-p1rnpylh/logs
  -> best_acc=90.86%

[7/10] lr=0.5
wandb: setting up run czvvpbc9
wandb: Tracking run with wandb version 0.24.1
wandb: Run data is saved locally in /data/LRTT_transformer/experiments/wandb/run-20260206_165646-czvvpbc9
wandb: Run `wandb offline` to turn off syncing.
wandb: Syncing run frozen_lrtt_classifier_lr0.5
wandb: ⭐️ View project at https://wandb.ai/spk/lrtt-softbounds-sweep
wandb: 🚀 View run at https://wandb.ai/spk/lrtt-softbounds-sweep/runs/czvvpbc9
wandb: updating run metadata
wandb: uploading history steps 19-21, summary
wandb: 
wandb: Run history:
wandb:       best_acc ▁▁▅▆▆▆▆▇▇▇▇▇▇████████
wandb:          epoch ▁▁▂▂▂▃▃▃▄▄▅▅▅▆▆▆▇▇▇██
wandb: final_best_acc ▁
wandb:     train_loss █▃▃▂▂▂▂▂▂▂▁▁▁▁▁▁▁▁▁▁▁
wandb:        val_acc ▂▁▆▆▆▆▆▇▆▆▇▇▇█▇█▇▇▇▇▇
wandb: 
wandb: Run summary:
wandb:       best_acc 91.19
wandb:          epoch 21
wandb: final_best_acc 91.19
wandb:     train_loss 0.29442
wandb:        val_acc 90.94
wandb: 
wandb: 🚀 View run frozen_lrtt_classifier_lr0.5 at: https://wandb.ai/spk/lrtt-softbounds-sweep/runs/czvvpbc9
wandb: ⭐️ View project at: https://wandb.ai/spk/lrtt-softbounds-sweep
wandb: Synced 4 W&B file(s), 0 media file(s), 0 artifact file(s) and 0 other file(s)
wandb: Find logs at: ./wandb/run-20260206_165646-czvvpbc9/logs
  -> best_acc=91.19%

[8/10] lr=1.0
wandb: setting up run m47ewy4b
wandb: Tracking run with wandb version 0.24.1
wandb: Run data is saved locally in /data/LRTT_transformer/experiments/wandb/run-20260206_165812-m47ewy4b
wandb: Run `wandb offline` to turn off syncing.
wandb: Syncing run frozen_lrtt_classifier_lr1.0
wandb: ⭐️ View project at https://wandb.ai/spk/lrtt-softbounds-sweep
wandb: 🚀 View run at https://wandb.ai/spk/lrtt-softbounds-sweep/runs/m47ewy4b
wandb: updating run metadata
wandb: uploading config.yaml
wandb: 
wandb: Run history:
wandb:       best_acc ▁▄▄██████
wandb:          epoch ▁▂▃▄▅▅▆▇█
wandb: final_best_acc ▁
wandb:     train_loss █▂▂▂▁▁▁▁▁
wandb:        val_acc ▂▅▂█▇▆▁▄▇
wandb: 
wandb: Run summary:
wandb:       best_acc 90.17
wandb:          epoch 9
wandb: final_best_acc 90.17
wandb:     train_loss 0.33638
wandb:        val_acc 89.84
wandb: 
wandb: 🚀 View run frozen_lrtt_classifier_lr1.0 at: https://wandb.ai/spk/lrtt-softbounds-sweep/runs/m47ewy4b
wandb: ⭐️ View project at: https://wandb.ai/spk/lrtt-softbounds-sweep
wandb: Synced 4 W&B file(s), 0 media file(s), 0 artifact file(s) and 0 other file(s)
wandb: Find logs at: ./wandb/run-20260206_165812-m47ewy4b/logs
  -> best_acc=90.17%

[9/10] lr=3.0
wandb: setting up run sr2xuvwo
wandb: Tracking run with wandb version 0.24.1
wandb: Run data is saved locally in /data/LRTT_transformer/experiments/wandb/run-20260206_165849-sr2xuvwo
wandb: Run `wandb offline` to turn off syncing.
wandb: Syncing run frozen_lrtt_classifier_lr3.0
wandb: ⭐️ View project at https://wandb.ai/spk/lrtt-softbounds-sweep
wandb: 🚀 View run at https://wandb.ai/spk/lrtt-softbounds-sweep/runs/sr2xuvwo
wandb: updating run metadata
wandb: uploading wandb-summary.json
wandb: uploading history steps 7-11, summary
wandb: 
wandb: Run history:
wandb:       best_acc ▁▂▂▂▂██████
wandb:          epoch ▁▂▂▃▄▅▅▆▇▇█
wandb: final_best_acc ▁
wandb:     train_loss █▄▃▃▃▃▃▃▃▃▁
wandb:        val_acc ▇▇▆▇▆█▁▅▅▆▅
wandb: 
wandb: Run summary:
wandb:       best_acc 88.73
wandb:          epoch 11
wandb: final_best_acc 88.73
wandb:     train_loss 0.37015
wandb:        val_acc 84.03
wandb: 
wandb: 🚀 View run frozen_lrtt_classifier_lr3.0 at: https://wandb.ai/spk/lrtt-softbounds-sweep/runs/sr2xuvwo
wandb: ⭐️ View project at: https://wandb.ai/spk/lrtt-softbounds-sweep
wandb: Synced 4 W&B file(s), 0 media file(s), 0 artifact file(s) and 0 other file(s)
wandb: Find logs at: ./wandb/run-20260206_165849-sr2xuvwo/logs
  -> best_acc=88.73%

[10/10] lr=10.0
wandb: setting up run pvz2xex1
wandb: Tracking run with wandb version 0.24.1
wandb: Run data is saved locally in /data/LRTT_transformer/experiments/wandb/run-20260206_165934-pvz2xex1
wandb: Run `wandb offline` to turn off syncing.
wandb: Syncing run frozen_lrtt_classifier_lr10.0
wandb: ⭐️ View project at https://wandb.ai/spk/lrtt-softbounds-sweep
wandb: 🚀 View run at https://wandb.ai/spk/lrtt-softbounds-sweep/runs/pvz2xex1
wandb: updating run metadata
wandb: uploading config.yaml
wandb: 
wandb: Run history:
wandb:       best_acc ▁▁▆▆▇▇▇▇██████
wandb:          epoch ▁▂▂▃▃▄▄▅▅▆▆▇▇█
wandb: final_best_acc ▁
wandb:     train_loss █▄▄▄▄▄▄▄▄▃▂▁▁▁
wandb:        val_acc ▇▅█▇█▆▇▁█▆▆▆██
wandb: 
wandb: Run summary:
wandb:       best_acc 88.01
wandb:          epoch 14
wandb: final_best_acc 88.01
wandb:     train_loss 0.81031
wandb:        val_acc 87.85
wandb: 
wandb: 🚀 View run frozen_lrtt_classifier_lr10.0 at: https://wandb.ai/spk/lrtt-softbounds-sweep/runs/pvz2xex1
wandb: ⭐️ View project at: https://wandb.ai/spk/lrtt-softbounds-sweep
wandb: Synced 4 W&B file(s), 0 media file(s), 0 artifact file(s) and 0 other file(s)
wandb: Find logs at: ./wandb/run-20260206_165934-pvz2xex1/logs
  -> best_acc=88.01%

======================================================================
SUMMARY
======================================================================
        LR    Best Acc
------------------------
    0.0050      86.77%
    0.0100      88.94%
    0.0300      89.53%
    0.0500      90.70%
    0.1000      90.39%
    0.3000      90.86%
    0.5000      91.19% <-- BEST
    1.0000      90.17%
    3.0000      88.73%
   10.0000      88.01%

Best: lr=0.5 -> 91.19%
