======================================================================
Single Trial: Rank=4 Decay Config + SoftBounds Classifier
======================================================================
rank=4, te=100, lifetime=46505
lr=0.493706, tlr=0.011245
Classifier: SoftBounds (same as C tile)
Baseline (FloatingPoint classifier): 97.34%

wandb: [wandb.login()] Loaded credentials for https://api.wandb.ai from /home/jovyan/.netrc.
wandb: Currently logged in as: duddns157 (spk) to https://api.wandb.ai. Use `wandb login --relogin` to force relogin
wandb: setting up run bue0ue5d
wandb: Tracking run with wandb version 0.24.1
wandb: Run data is saved locally in /data/LRTT_transformer/experiments/wandb/run-20260206_162904-bue0ue5d
wandb: Run `wandb offline` to turn off syncing.
wandb: Syncing run trial_r4_te100_softbound_classifier
wandb: ⭐️ View project at https://wandb.ai/spk/lrtt-softbounds-sweep
wandb: 🚀 View run at https://wandb.ai/spk/lrtt-softbounds-sweep/runs/bue0ue5d
  Epoch  1: loss=499.4346  val_acc=10.29%  best=10.29% *
  Epoch  2: loss=316.8388  val_acc=14.57%  best=14.57% *
  Epoch  3: loss=176.3548  val_acc=16.83%  best=16.83% *
  Epoch  4: loss=108.2546  val_acc=13.78%  best=16.83%
  Epoch  5: loss=88.4671  val_acc=13.98%  best=16.83%
  Early stopped (low accuracy)

Final best accuracy: 16.83%
Baseline (FloatingPoint classifier): 97.34%
Difference: -80.51%
wandb: updating run metadata
wandb: uploading history steps 4-5, summary, console lines 4-9
wandb: 
wandb: Run history:
wandb:       best_acc ▁▆███
wandb:          epoch ▁▃▅▆█
wandb: final_best_acc ▁
wandb:     train_loss █▅▂▁▁
wandb:        val_acc ▁▆█▅▅
wandb: 
wandb: Run summary:
wandb:       best_acc 16.83
wandb:          epoch 5
wandb: final_best_acc 16.83
wandb:     train_loss 88.46709
wandb:        val_acc 13.98
wandb: 
wandb: 🚀 View run trial_r4_te100_softbound_classifier at: https://wandb.ai/spk/lrtt-softbounds-sweep/runs/bue0ue5d
wandb: ⭐️ View project at: https://wandb.ai/spk/lrtt-softbounds-sweep
wandb: Synced 5 W&B file(s), 0 media file(s), 0 artifact file(s) and 0 other file(s)
wandb: Find logs at: ./wandb/run-20260206_162904-bue0ue5d/logs
