======================================================================
Single Trial: LRTT Frozen + FloatingPoint Classifier Only
======================================================================
rank=4, te=100, lifetime=46505
lr=0.493706 (classifier only)
Layer 0 (784->256): LRTT FROZEN (random init, no update)
Layer 2 (256->10): FloatingPoint TRAINED
Baseline (both trained): 97.34%

wandb: [wandb.login()] Loaded credentials for https://api.wandb.ai from /home/jovyan/.netrc.
wandb: Currently logged in as: duddns157 (spk) to https://api.wandb.ai. Use `wandb login --relogin` to force relogin
wandb: setting up run bc5k3kpe
wandb: Tracking run with wandb version 0.24.1
wandb: Run data is saved locally in /data/LRTT_transformer/experiments/wandb/run-20260206_164002-bc5k3kpe
wandb: Run `wandb offline` to turn off syncing.
wandb: Syncing run trial_r4_frozen_lrtt_fp_classifier_v2
wandb: ⭐️ View project at https://wandb.ai/spk/lrtt-softbounds-sweep
wandb: 🚀 View run at https://wandb.ai/spk/lrtt-softbounds-sweep/runs/bc5k3kpe
Trainable params: 11 / 270 (4.1%)

  Epoch  1: loss=0.4674  val_acc=89.29%  best=89.29% *
  Epoch  2: loss=0.3507  val_acc=90.40%  best=90.40% *
  Epoch  3: loss=0.3327  val_acc=90.19%  best=90.40%
  Epoch  4: loss=0.3241  val_acc=90.65%  best=90.65% *
  Epoch  5: loss=0.3172  val_acc=90.67%  best=90.67% *
  Epoch  6: loss=0.3127  val_acc=90.45%  best=90.67%
  Epoch  7: loss=0.3118  val_acc=90.73%  best=90.73% *
  Epoch  8: loss=0.3081  val_acc=90.57%  best=90.73%
  Epoch  9: loss=0.3079  val_acc=90.49%  best=90.73%
  Epoch 10: loss=0.3050  val_acc=90.65%  best=90.73%
  Epoch 11: loss=0.3001  val_acc=90.89%  best=90.89% *
  Epoch 12: loss=0.2969  val_acc=90.96%  best=90.96% *
  Epoch 13: loss=0.2966  val_acc=90.79%  best=90.96%
  Epoch 14: loss=0.2976  val_acc=90.92%  best=90.96%
  Epoch 15: loss=0.2980  val_acc=90.65%  best=90.96%
  Epoch 16: loss=0.2961  val_acc=90.95%  best=90.96%
  Epoch 17: loss=0.2966  val_acc=90.79%  best=90.96%
  Early stopped (patience=5)

Final best accuracy: 90.96%
Baseline (both trained): 97.34%
Difference: -6.38%
wandb: updating run metadata
wandb: uploading history steps 14-17, summary, console lines 16-23
wandb: 
wandb: Run history:
wandb:       best_acc ▁▆▆▇▇▇▇▇▇▇███████
wandb:          epoch ▁▁▂▂▃▃▄▄▅▅▅▆▆▇▇██
wandb: final_best_acc ▁
wandb:     train_loss █▃▂▂▂▂▂▁▁▁▁▁▁▁▁▁▁
wandb:        val_acc ▁▆▅▇▇▆▇▆▆▇██▇█▇█▇
wandb: 
wandb: Run summary:
wandb:       best_acc 90.96
wandb:          epoch 17
wandb: final_best_acc 90.96
wandb:     train_loss 0.29664
wandb:        val_acc 90.79
wandb: 
wandb: 🚀 View run trial_r4_frozen_lrtt_fp_classifier_v2 at: https://wandb.ai/spk/lrtt-softbounds-sweep/runs/bc5k3kpe
wandb: ⭐️ View project at: https://wandb.ai/spk/lrtt-softbounds-sweep
wandb: Synced 5 W&B file(s), 0 media file(s), 0 artifact file(s) and 0 other file(s)
wandb: Find logs at: ./wandb/run-20260206_164002-bc5k3kpe/logs
