======================================================================
Single Trial: LRTT Trained + nn.Linear Classifier
======================================================================
rank=4, te=100, lifetime=46505
lr=0.493706, tlr=0.011245
Layer 0: LRTT (AnalogSGD)
Classifier: nn.Linear (torch.optim.SGD)
Baseline (FloatingPointRPUConfig): 97.34%

LRTT params: 259  Classifier params: 2,570

  Epoch  1: loss=2.2128  val_acc=58.46%  best=58.46% *
  Epoch  2: loss=0.4760  val_acc=91.32%  best=91.32% *
  Epoch  3: loss=0.2569  val_acc=94.56%  best=94.56% *
  Epoch  4: loss=0.1932  val_acc=95.14%  best=95.14% *
  Epoch  5: loss=0.1609  val_acc=95.81%  best=95.81% *
  Epoch  6: loss=0.1473  val_acc=95.90%  best=95.90% *
  Epoch  7: loss=0.1313  val_acc=96.28%  best=96.28% *
  Epoch  8: loss=0.6413  val_acc=92.58%  best=96.28%
  Epoch  9: loss=0.2603  val_acc=94.27%  best=96.28%
  Epoch 10: loss=0.1956  val_acc=95.79%  best=96.28%
  Epoch 11: loss=0.1317  val_acc=96.18%  best=96.28%
  Epoch 12: loss=0.1127  val_acc=96.17%  best=96.28%
  Early stopped (patience=5)

Final best accuracy: 96.28%
Baseline (FloatingPointRPUConfig): 97.34%
Difference: -1.06%
