======================================================================
Single Trial: LRTT Frozen + FloatingPoint Classifier Only
======================================================================
rank=4, te=100, lifetime=46505
lr=0.493706 (classifier only)
Layer 0 (784->256): LRTT FROZEN (random init, no update)
Layer 2 (256->10): FloatingPoint TRAINED
Baseline (both trained): 97.34%

wandb: [wandb.login()] Loaded credentials for https://api.wandb.ai from /home/jovyan/.netrc.
wandb: Currently logged in as: duddns157 (spk) to https://api.wandb.ai. Use `wandb login --relogin` to force relogin
wandb: setting up run 2bftgpxk
wandb: Tracking run with wandb version 0.24.1
wandb: Run data is saved locally in /data/LRTT_transformer/experiments/wandb/run-20260206_163540-2bftgpxk
wandb: Run `wandb offline` to turn off syncing.
wandb: Syncing run trial_r4_frozen_lrtt_fp_classifier
wandb: ⭐️ View project at https://wandb.ai/spk/lrtt-softbounds-sweep
wandb: 🚀 View run at https://wandb.ai/spk/lrtt-softbounds-sweep/runs/2bftgpxk
Trainable params: 11 / 270 (4.1%)

  Epoch  1: loss=2.3023  val_acc=10.06%  best=10.06% *
  Epoch  2: loss=2.3021  val_acc=10.83%  best=10.83% *
  Epoch  3: loss=2.3028  val_acc=9.69%  best=10.83%
  Epoch  4: loss=2.3024  val_acc=8.96%  best=10.83%
  Epoch  5: loss=2.3028  val_acc=9.49%  best=10.83%
  Epoch  6: loss=2.3022  val_acc=11.08%  best=11.08% *
  Epoch  7: loss=2.3030  val_acc=9.17%  best=11.08%
  Epoch  8: loss=2.3027  val_acc=9.56%  best=11.08%
  Epoch  9: loss=2.3022  val_acc=11.10%  best=11.10% *
  Epoch 10: loss=2.3023  val_acc=10.17%  best=11.10%
  Epoch 11: loss=2.3019  val_acc=10.29%  best=11.10%
  Epoch 12: loss=2.3017  val_acc=10.09%  best=11.10%
  Epoch 13: loss=2.3017  val_acc=9.99%  best=11.10%
  Epoch 14: loss=2.3023  val_acc=10.66%  best=11.10%
  Early stopped (patience=5)

Final best accuracy: 11.10%
Baseline (both trained): 97.34%
Difference: -86.24%
wandb: updating run metadata
wandb: uploading history steps 11-14, summary, console lines 13-20
wandb: 
wandb: Run history:
wandb:       best_acc ▁▆▆▆▆█████████
wandb:          epoch ▁▂▂▃▃▄▄▅▅▆▆▇▇█
wandb: final_best_acc ▁
wandb:     train_loss ▄▃▇▅▇▄█▇▄▅▂▁▁▄
wandb:        val_acc ▅▇▃▁▃█▂▃█▅▅▅▄▇
wandb: 
wandb: Run summary:
wandb:       best_acc 11.1
wandb:          epoch 14
wandb: final_best_acc 11.1
wandb:     train_loss 2.30226
wandb:        val_acc 10.66
wandb: 
wandb: 🚀 View run trial_r4_frozen_lrtt_fp_classifier at: https://wandb.ai/spk/lrtt-softbounds-sweep/runs/2bftgpxk
wandb: ⭐️ View project at: https://wandb.ai/spk/lrtt-softbounds-sweep
wandb: Synced 5 W&B file(s), 0 media file(s), 0 artifact file(s) and 0 other file(s)
wandb: Find logs at: ./wandb/run-20260206_163540-2bftgpxk/logs
