{"op_code":0,"worker_id":"6b09e6de-e1a3-41a5-8d92-1f692f1dc2e4-139957847269376","study_name":"albert_qnli_lrtt_bs32_sgd_hybrid_nowd_nomom_nonest_set_noio_noos_encanalog_embedanalog_headanalog_qkvo_21ep","directions":[2]}
{"op_code":4,"worker_id":"6b09e6de-e1a3-41a5-8d92-1f692f1dc2e4-139957847269376","study_id":0,"datetime_start":"2026-02-22T06:38:17.859292"}
{"op_code":5,"worker_id":"6b09e6de-e1a3-41a5-8d92-1f692f1dc2e4-139957847269376","trial_id":0,"param_name":"learning_rate","param_value_internal":0.8276443077305785,"distribution":"{\"name\": \"FloatDistribution\", \"attributes\": {\"step\": null, \"low\": 0.003, \"high\": 10.0, \"log\": true}}"}
{"op_code":5,"worker_id":"6b09e6de-e1a3-41a5-8d92-1f692f1dc2e4-139957847269376","trial_id":0,"param_name":"transfer_lr","param_value_internal":0.0032251194795314356,"distribution":"{\"name\": \"FloatDistribution\", \"attributes\": {\"step\": null, \"low\": 4e-07, \"high\": 10.0, \"log\": true}}"}
{"op_code":5,"worker_id":"6b09e6de-e1a3-41a5-8d92-1f692f1dc2e4-139957847269376","trial_id":0,"param_name":"transfer_every","param_value_internal":176.0,"distribution":"{\"name\": \"IntDistribution\", \"attributes\": {\"log\": true, \"step\": 1, \"low\": 32, \"high\": 32000}}"}
{"op_code":5,"worker_id":"6b09e6de-e1a3-41a5-8d92-1f692f1dc2e4-139957847269376","trial_id":0,"param_name":"rank_exp","param_value_internal":0.0,"distribution":"{\"name\": \"IntDistribution\", \"attributes\": {\"log\": false, \"step\": 1, \"low\": 0, \"high\": 7}}"}
{"op_code":5,"worker_id":"6b09e6de-e1a3-41a5-8d92-1f692f1dc2e4-139957847269376","trial_id":0,"param_name":"lora_alpha","param_value_internal":0.2541273960887698,"distribution":"{\"name\": \"FloatDistribution\", \"attributes\": {\"step\": null, \"low\": 6e-06, \"high\": 10.0, \"log\": true}}"}
{"op_code":5,"worker_id":"6b09e6de-e1a3-41a5-8d92-1f692f1dc2e4-139957847269376","trial_id":0,"param_name":"tau_sec","param_value_internal":0.0,"distribution":"{\"name\": \"FloatDistribution\", \"attributes\": {\"step\": null, \"low\": 0.0, \"high\": 0.0, \"log\": false}}"}
{"op_code":5,"worker_id":"6b09e6de-e1a3-41a5-8d92-1f692f1dc2e4-139957847269376","trial_id":0,"param_name":"out_noise","param_value_internal":0.0,"distribution":"{\"name\": \"FloatDistribution\", \"attributes\": {\"step\": null, \"low\": 0.0, \"high\": 0.0, \"log\": false}}"}
{"op_code":5,"worker_id":"6b09e6de-e1a3-41a5-8d92-1f692f1dc2e4-139957847269376","trial_id":0,"param_name":"ab_weight_scaling_omega","param_value_internal":0.0,"distribution":"{\"name\": \"FloatDistribution\", \"attributes\": {\"step\": null, \"low\": 0.0, \"high\": 0.0, \"log\": false}}"}
{"op_code":5,"worker_id":"6b09e6de-e1a3-41a5-8d92-1f692f1dc2e4-139957847269376","trial_id":0,"param_name":"min_lr_rate","param_value_internal":0.0,"distribution":"{\"name\": \"FloatDistribution\", \"attributes\": {\"step\": null, \"low\": 0.0, \"high\": 0.0, \"log\": false}}"}
{"op_code":7,"worker_id":"6b09e6de-e1a3-41a5-8d92-1f692f1dc2e4-139957847269376","trial_id":0,"step":1,"intermediate_value":49.56983342485813}
{"op_code":8,"worker_id":"6b09e6de-e1a3-41a5-8d92-1f692f1dc2e4-139957847269376","trial_id":0,"user_attr":{"train_loss_epoch_1":4.756217172324985}}
{"op_code":8,"worker_id":"6b09e6de-e1a3-41a5-8d92-1f692f1dc2e4-139957847269376","trial_id":0,"user_attr":{"val_loss_epoch_1":0.7350059525911198}}
{"op_code":7,"worker_id":"6b09e6de-e1a3-41a5-8d92-1f692f1dc2e4-139957847269376","trial_id":0,"step":2,"intermediate_value":50.53999633900788}
{"op_code":8,"worker_id":"6b09e6de-e1a3-41a5-8d92-1f692f1dc2e4-139957847269376","trial_id":0,"user_attr":{"train_loss_epoch_2":4.765967556067771}}
{"op_code":8,"worker_id":"6b09e6de-e1a3-41a5-8d92-1f692f1dc2e4-139957847269376","trial_id":0,"user_attr":{"val_loss_epoch_2":1.3294379274512447}}
{"op_code":7,"worker_id":"6b09e6de-e1a3-41a5-8d92-1f692f1dc2e4-139957847269376","trial_id":0,"step":3,"intermediate_value":51.089145158337914}
{"op_code":8,"worker_id":"6b09e6de-e1a3-41a5-8d92-1f692f1dc2e4-139957847269376","trial_id":0,"user_attr":{"train_loss_epoch_3":4.934916446266483}}
{"op_code":8,"worker_id":"6b09e6de-e1a3-41a5-8d92-1f692f1dc2e4-139957847269376","trial_id":0,"user_attr":{"val_loss_epoch_3":0.7120650570059932}}
{"op_code":7,"worker_id":"6b09e6de-e1a3-41a5-8d92-1f692f1dc2e4-139957847269376","trial_id":0,"step":4,"intermediate_value":51.089145158337914}
{"op_code":8,"worker_id":"6b09e6de-e1a3-41a5-8d92-1f692f1dc2e4-139957847269376","trial_id":0,"user_attr":{"train_loss_epoch_4":4.807562931216047}}
{"op_code":8,"worker_id":"6b09e6de-e1a3-41a5-8d92-1f692f1dc2e4-139957847269376","trial_id":0,"user_attr":{"val_loss_epoch_4":1.8447450038998625}}
{"op_code":7,"worker_id":"6b09e6de-e1a3-41a5-8d92-1f692f1dc2e4-139957847269376","trial_id":0,"step":5,"intermediate_value":51.089145158337914}
{"op_code":8,"worker_id":"6b09e6de-e1a3-41a5-8d92-1f692f1dc2e4-139957847269376","trial_id":0,"user_attr":{"train_loss_epoch_5":4.874567254148902}}
{"op_code":8,"worker_id":"6b09e6de-e1a3-41a5-8d92-1f692f1dc2e4-139957847269376","trial_id":0,"user_attr":{"val_loss_epoch_5":2.196251479692237}}
{"op_code":7,"worker_id":"6b09e6de-e1a3-41a5-8d92-1f692f1dc2e4-139957847269376","trial_id":0,"step":6,"intermediate_value":51.089145158337914}
{"op_code":8,"worker_id":"6b09e6de-e1a3-41a5-8d92-1f692f1dc2e4-139957847269376","trial_id":0,"user_attr":{"train_loss_epoch_6":4.911999580804793}}
{"op_code":8,"worker_id":"6b09e6de-e1a3-41a5-8d92-1f692f1dc2e4-139957847269376","trial_id":0,"user_attr":{"val_loss_epoch_6":0.9405983721101007}}
{"op_code":6,"worker_id":"6b09e6de-e1a3-41a5-8d92-1f692f1dc2e4-139957847269376","trial_id":0,"state":1,"values":[51.089145158337914],"datetime_complete":"2026-02-22T07:40:05.670116"}
{"op_code":4,"worker_id":"6b09e6de-e1a3-41a5-8d92-1f692f1dc2e4-139957847269376","study_id":0,"datetime_start":"2026-02-22T07:40:05.672130"}
{"op_code":5,"worker_id":"6b09e6de-e1a3-41a5-8d92-1f692f1dc2e4-139957847269376","trial_id":1,"param_name":"learning_rate","param_value_internal":0.01542370544793582,"distribution":"{\"name\": \"FloatDistribution\", \"attributes\": {\"step\": null, \"low\": 0.003, \"high\": 10.0, \"log\": true}}"}
{"op_code":5,"worker_id":"6b09e6de-e1a3-41a5-8d92-1f692f1dc2e4-139957847269376","trial_id":1,"param_name":"transfer_lr","param_value_internal":1.905253504717338e-06,"distribution":"{\"name\": \"FloatDistribution\", \"attributes\": {\"step\": null, \"low\": 4e-07, \"high\": 10.0, \"log\": true}}"}
{"op_code":5,"worker_id":"6b09e6de-e1a3-41a5-8d92-1f692f1dc2e4-139957847269376","trial_id":1,"param_name":"transfer_every","param_value_internal":841.0,"distribution":"{\"name\": \"IntDistribution\", \"attributes\": {\"log\": true, \"step\": 1, \"low\": 32, \"high\": 32000}}"}
{"op_code":5,"worker_id":"6b09e6de-e1a3-41a5-8d92-1f692f1dc2e4-139957847269376","trial_id":1,"param_name":"rank_exp","param_value_internal":4.0,"distribution":"{\"name\": \"IntDistribution\", \"attributes\": {\"log\": false, \"step\": 1, \"low\": 0, \"high\": 7}}"}
{"op_code":5,"worker_id":"6b09e6de-e1a3-41a5-8d92-1f692f1dc2e4-139957847269376","trial_id":1,"param_name":"lora_alpha","param_value_internal":1.3278610146899936,"distribution":"{\"name\": \"FloatDistribution\", \"attributes\": {\"step\": null, \"low\": 6e-06, \"high\": 10.0, \"log\": true}}"}
{"op_code":5,"worker_id":"6b09e6de-e1a3-41a5-8d92-1f692f1dc2e4-139957847269376","trial_id":1,"param_name":"tau_sec","param_value_internal":0.0,"distribution":"{\"name\": \"FloatDistribution\", \"attributes\": {\"step\": null, \"low\": 0.0, \"high\": 0.0, \"log\": false}}"}
{"op_code":5,"worker_id":"6b09e6de-e1a3-41a5-8d92-1f692f1dc2e4-139957847269376","trial_id":1,"param_name":"out_noise","param_value_internal":0.0,"distribution":"{\"name\": \"FloatDistribution\", \"attributes\": {\"step\": null, \"low\": 0.0, \"high\": 0.0, \"log\": false}}"}
{"op_code":5,"worker_id":"6b09e6de-e1a3-41a5-8d92-1f692f1dc2e4-139957847269376","trial_id":1,"param_name":"ab_weight_scaling_omega","param_value_internal":0.0,"distribution":"{\"name\": \"FloatDistribution\", \"attributes\": {\"step\": null, \"low\": 0.0, \"high\": 0.0, \"log\": false}}"}
{"op_code":5,"worker_id":"6b09e6de-e1a3-41a5-8d92-1f692f1dc2e4-139957847269376","trial_id":1,"param_name":"min_lr_rate","param_value_internal":0.0,"distribution":"{\"name\": \"FloatDistribution\", \"attributes\": {\"step\": null, \"low\": 0.0, \"high\": 0.0, \"log\": false}}"}
{"op_code":7,"worker_id":"6b09e6de-e1a3-41a5-8d92-1f692f1dc2e4-139957847269376","trial_id":1,"step":1,"intermediate_value":50.53999633900788}
{"op_code":8,"worker_id":"6b09e6de-e1a3-41a5-8d92-1f692f1dc2e4-139957847269376","trial_id":1,"user_attr":{"train_loss_epoch_1":0.7918662376424199}}
{"op_code":8,"worker_id":"6b09e6de-e1a3-41a5-8d92-1f692f1dc2e4-139957847269376","trial_id":1,"user_attr":{"val_loss_epoch_1":1.0726909859235896}}
{"op_code":7,"worker_id":"6b09e6de-e1a3-41a5-8d92-1f692f1dc2e4-139957847269376","trial_id":1,"step":2,"intermediate_value":50.53999633900788}
{"op_code":8,"worker_id":"6b09e6de-e1a3-41a5-8d92-1f692f1dc2e4-139957847269376","trial_id":1,"user_attr":{"train_loss_epoch_2":1.1646794700265732}}
{"op_code":8,"worker_id":"6b09e6de-e1a3-41a5-8d92-1f692f1dc2e4-139957847269376","trial_id":1,"user_attr":{"val_loss_epoch_2":1.6298857927322388}}
{"op_code":7,"worker_id":"6b09e6de-e1a3-41a5-8d92-1f692f1dc2e4-139957847269376","trial_id":1,"step":3,"intermediate_value":50.53999633900788}
{"op_code":8,"worker_id":"6b09e6de-e1a3-41a5-8d92-1f692f1dc2e4-139957847269376","trial_id":1,"user_attr":{"train_loss_epoch_3":1.1005096908342422}}
{"op_code":8,"worker_id":"6b09e6de-e1a3-41a5-8d92-1f692f1dc2e4-139957847269376","trial_id":1,"user_attr":{"val_loss_epoch_3":0.7430947769519894}}
{"op_code":7,"worker_id":"6b09e6de-e1a3-41a5-8d92-1f692f1dc2e4-139957847269376","trial_id":1,"step":4,"intermediate_value":50.53999633900788}
{"op_code":8,"worker_id":"6b09e6de-e1a3-41a5-8d92-1f692f1dc2e4-139957847269376","trial_id":1,"user_attr":{"train_loss_epoch_4":1.0330067773053175}}
{"op_code":8,"worker_id":"6b09e6de-e1a3-41a5-8d92-1f692f1dc2e4-139957847269376","trial_id":1,"user_attr":{"val_loss_epoch_4":1.53797359244768}}
{"op_code":6,"worker_id":"6b09e6de-e1a3-41a5-8d92-1f692f1dc2e4-139957847269376","trial_id":1,"state":1,"values":[50.53999633900788],"datetime_complete":"2026-02-22T08:21:03.131138"}
{"op_code":4,"worker_id":"6b09e6de-e1a3-41a5-8d92-1f692f1dc2e4-139957847269376","study_id":0,"datetime_start":"2026-02-22T08:21:03.133229"}
{"op_code":5,"worker_id":"6b09e6de-e1a3-41a5-8d92-1f692f1dc2e4-139957847269376","trial_id":2,"param_name":"learning_rate","param_value_internal":7.575993627166479,"distribution":"{\"name\": \"FloatDistribution\", \"attributes\": {\"step\": null, \"low\": 0.003, \"high\": 10.0, \"log\": true}}"}
{"op_code":5,"worker_id":"6b09e6de-e1a3-41a5-8d92-1f692f1dc2e4-139957847269376","trial_id":2,"param_name":"transfer_lr","param_value_internal":4.420634492125093e-07,"distribution":"{\"name\": \"FloatDistribution\", \"attributes\": {\"step\": null, \"low\": 4e-07, \"high\": 10.0, \"log\": true}}"}
{"op_code":5,"worker_id":"6b09e6de-e1a3-41a5-8d92-1f692f1dc2e4-139957847269376","trial_id":2,"param_name":"transfer_every","param_value_internal":443.0,"distribution":"{\"name\": \"IntDistribution\", \"attributes\": {\"log\": true, \"step\": 1, \"low\": 32, \"high\": 32000}}"}
{"op_code":5,"worker_id":"6b09e6de-e1a3-41a5-8d92-1f692f1dc2e4-139957847269376","trial_id":2,"param_name":"rank_exp","param_value_internal":5.0,"distribution":"{\"name\": \"IntDistribution\", \"attributes\": {\"log\": false, \"step\": 1, \"low\": 0, \"high\": 7}}"}
{"op_code":5,"worker_id":"6b09e6de-e1a3-41a5-8d92-1f692f1dc2e4-139957847269376","trial_id":2,"param_name":"lora_alpha","param_value_internal":3.6715851544460696,"distribution":"{\"name\": \"FloatDistribution\", \"attributes\": {\"step\": null, \"low\": 6e-06, \"high\": 10.0, \"log\": true}}"}
{"op_code":5,"worker_id":"6b09e6de-e1a3-41a5-8d92-1f692f1dc2e4-139957847269376","trial_id":2,"param_name":"tau_sec","param_value_internal":0.0,"distribution":"{\"name\": \"FloatDistribution\", \"attributes\": {\"step\": null, \"low\": 0.0, \"high\": 0.0, \"log\": false}}"}
{"op_code":5,"worker_id":"6b09e6de-e1a3-41a5-8d92-1f692f1dc2e4-139957847269376","trial_id":2,"param_name":"out_noise","param_value_internal":0.0,"distribution":"{\"name\": \"FloatDistribution\", \"attributes\": {\"step\": null, \"low\": 0.0, \"high\": 0.0, \"log\": false}}"}
{"op_code":5,"worker_id":"6b09e6de-e1a3-41a5-8d92-1f692f1dc2e4-139957847269376","trial_id":2,"param_name":"ab_weight_scaling_omega","param_value_internal":0.0,"distribution":"{\"name\": \"FloatDistribution\", \"attributes\": {\"step\": null, \"low\": 0.0, \"high\": 0.0, \"log\": false}}"}
{"op_code":5,"worker_id":"6b09e6de-e1a3-41a5-8d92-1f692f1dc2e4-139957847269376","trial_id":2,"param_name":"min_lr_rate","param_value_internal":0.0,"distribution":"{\"name\": \"FloatDistribution\", \"attributes\": {\"step\": null, \"low\": 0.0, \"high\": 0.0, \"log\": false}}"}
{"op_code":7,"worker_id":"6b09e6de-e1a3-41a5-8d92-1f692f1dc2e4-139957847269376","trial_id":2,"step":1,"intermediate_value":49.46000366099213}
{"op_code":8,"worker_id":"6b09e6de-e1a3-41a5-8d92-1f692f1dc2e4-139957847269376","trial_id":2,"user_attr":{"train_loss_epoch_1":5.237124421972288}}
{"op_code":8,"worker_id":"6b09e6de-e1a3-41a5-8d92-1f692f1dc2e4-139957847269376","trial_id":2,"user_attr":{"val_loss_epoch_1":2.3655151378276735}}
{"op_code":7,"worker_id":"6b09e6de-e1a3-41a5-8d92-1f692f1dc2e4-139957847269376","trial_id":2,"step":2,"intermediate_value":50.53999633900788}
{"op_code":8,"worker_id":"6b09e6de-e1a3-41a5-8d92-1f692f1dc2e4-139957847269376","trial_id":2,"user_attr":{"train_loss_epoch_2":6.193972763085991}}
{"op_code":8,"worker_id":"6b09e6de-e1a3-41a5-8d92-1f692f1dc2e4-139957847269376","trial_id":2,"user_attr":{"val_loss_epoch_2":4.125943186671235}}
{"op_code":7,"worker_id":"6b09e6de-e1a3-41a5-8d92-1f692f1dc2e4-139957847269376","trial_id":2,"step":3,"intermediate_value":50.53999633900788}
{"op_code":8,"worker_id":"6b09e6de-e1a3-41a5-8d92-1f692f1dc2e4-139957847269376","trial_id":2,"user_attr":{"train_loss_epoch_3":6.029847606488605}}
{"op_code":8,"worker_id":"6b09e6de-e1a3-41a5-8d92-1f692f1dc2e4-139957847269376","trial_id":2,"user_attr":{"val_loss_epoch_3":1.618677815725637}}
{"op_code":7,"worker_id":"6b09e6de-e1a3-41a5-8d92-1f692f1dc2e4-139957847269376","trial_id":2,"step":4,"intermediate_value":50.53999633900788}
{"op_code":8,"worker_id":"6b09e6de-e1a3-41a5-8d92-1f692f1dc2e4-139957847269376","trial_id":2,"user_attr":{"train_loss_epoch_4":5.851378422742511}}
{"op_code":8,"worker_id":"6b09e6de-e1a3-41a5-8d92-1f692f1dc2e4-139957847269376","trial_id":2,"user_attr":{"val_loss_epoch_4":0.8166822098022284}}
{"op_code":7,"worker_id":"6b09e6de-e1a3-41a5-8d92-1f692f1dc2e4-139957847269376","trial_id":2,"step":5,"intermediate_value":50.53999633900788}
{"op_code":8,"worker_id":"6b09e6de-e1a3-41a5-8d92-1f692f1dc2e4-139957847269376","trial_id":2,"user_attr":{"train_loss_epoch_5":5.9402747708591805}}
{"op_code":8,"worker_id":"6b09e6de-e1a3-41a5-8d92-1f692f1dc2e4-139957847269376","trial_id":2,"user_attr":{"val_loss_epoch_5":1.7307279456493467}}
{"op_code":6,"worker_id":"6b09e6de-e1a3-41a5-8d92-1f692f1dc2e4-139957847269376","trial_id":2,"state":1,"values":[50.53999633900788],"datetime_complete":"2026-02-22T09:12:35.149931"}
{"op_code":4,"worker_id":"6b09e6de-e1a3-41a5-8d92-1f692f1dc2e4-139957847269376","study_id":0,"datetime_start":"2026-02-22T09:12:35.151591"}
{"op_code":5,"worker_id":"6b09e6de-e1a3-41a5-8d92-1f692f1dc2e4-139957847269376","trial_id":3,"param_name":"learning_rate","param_value_internal":0.10256131954698518,"distribution":"{\"name\": \"FloatDistribution\", \"attributes\": {\"step\": null, \"low\": 0.003, \"high\": 10.0, \"log\": true}}"}
{"op_code":5,"worker_id":"6b09e6de-e1a3-41a5-8d92-1f692f1dc2e4-139957847269376","trial_id":3,"param_name":"transfer_lr","param_value_internal":0.959719005581404,"distribution":"{\"name\": \"FloatDistribution\", \"attributes\": {\"step\": null, \"low\": 4e-07, \"high\": 10.0, \"log\": true}}"}
{"op_code":5,"worker_id":"6b09e6de-e1a3-41a5-8d92-1f692f1dc2e4-139957847269376","trial_id":3,"param_name":"transfer_every","param_value_internal":640.0,"distribution":"{\"name\": \"IntDistribution\", \"attributes\": {\"log\": true, \"step\": 1, \"low\": 32, \"high\": 32000}}"}
{"op_code":5,"worker_id":"6b09e6de-e1a3-41a5-8d92-1f692f1dc2e4-139957847269376","trial_id":3,"param_name":"rank_exp","param_value_internal":5.0,"distribution":"{\"name\": \"IntDistribution\", \"attributes\": {\"log\": false, \"step\": 1, \"low\": 0, \"high\": 7}}"}
{"op_code":5,"worker_id":"6b09e6de-e1a3-41a5-8d92-1f692f1dc2e4-139957847269376","trial_id":3,"param_name":"lora_alpha","param_value_internal":0.005143563580588485,"distribution":"{\"name\": \"FloatDistribution\", \"attributes\": {\"step\": null, \"low\": 6e-06, \"high\": 10.0, \"log\": true}}"}
{"op_code":5,"worker_id":"6b09e6de-e1a3-41a5-8d92-1f692f1dc2e4-139957847269376","trial_id":3,"param_name":"tau_sec","param_value_internal":0.0,"distribution":"{\"name\": \"FloatDistribution\", \"attributes\": {\"step\": null, \"low\": 0.0, \"high\": 0.0, \"log\": false}}"}
{"op_code":5,"worker_id":"6b09e6de-e1a3-41a5-8d92-1f692f1dc2e4-139957847269376","trial_id":3,"param_name":"out_noise","param_value_internal":0.0,"distribution":"{\"name\": \"FloatDistribution\", \"attributes\": {\"step\": null, \"low\": 0.0, \"high\": 0.0, \"log\": false}}"}
{"op_code":5,"worker_id":"6b09e6de-e1a3-41a5-8d92-1f692f1dc2e4-139957847269376","trial_id":3,"param_name":"ab_weight_scaling_omega","param_value_internal":0.0,"distribution":"{\"name\": \"FloatDistribution\", \"attributes\": {\"step\": null, \"low\": 0.0, \"high\": 0.0, \"log\": false}}"}
{"op_code":5,"worker_id":"6b09e6de-e1a3-41a5-8d92-1f692f1dc2e4-139957847269376","trial_id":3,"param_name":"min_lr_rate","param_value_internal":0.0,"distribution":"{\"name\": \"FloatDistribution\", \"attributes\": {\"step\": null, \"low\": 0.0, \"high\": 0.0, \"log\": false}}"}
{"op_code":7,"worker_id":"6b09e6de-e1a3-41a5-8d92-1f692f1dc2e4-139957847269376","trial_id":3,"step":1,"intermediate_value":49.46000366099213}
{"op_code":8,"worker_id":"6b09e6de-e1a3-41a5-8d92-1f692f1dc2e4-139957847269376","trial_id":3,"user_attr":{"train_loss_epoch_1":3.6162862076982174}}
{"op_code":8,"worker_id":"6b09e6de-e1a3-41a5-8d92-1f692f1dc2e4-139957847269376","trial_id":3,"user_attr":{"val_loss_epoch_1":3.930111616156822}}
{"op_code":7,"worker_id":"6b09e6de-e1a3-41a5-8d92-1f692f1dc2e4-139957847269376","trial_id":3,"step":2,"intermediate_value":50.52169137836353}
{"op_code":8,"worker_id":"6b09e6de-e1a3-41a5-8d92-1f692f1dc2e4-139957847269376","trial_id":3,"user_attr":{"train_loss_epoch_2":4.983324637410112}}
{"op_code":8,"worker_id":"6b09e6de-e1a3-41a5-8d92-1f692f1dc2e4-139957847269376","trial_id":3,"user_attr":{"val_loss_epoch_2":4.707389435102773}}
{"op_code":7,"worker_id":"6b09e6de-e1a3-41a5-8d92-1f692f1dc2e4-139957847269376","trial_id":3,"step":3,"intermediate_value":50.52169137836353}
{"op_code":8,"worker_id":"6b09e6de-e1a3-41a5-8d92-1f692f1dc2e4-139957847269376","trial_id":3,"user_attr":{"train_loss_epoch_3":5.007491136259907}}
{"op_code":8,"worker_id":"6b09e6de-e1a3-41a5-8d92-1f692f1dc2e4-139957847269376","trial_id":3,"user_attr":{"val_loss_epoch_3":4.1308518454085945}}
{"op_code":7,"worker_id":"6b09e6de-e1a3-41a5-8d92-1f692f1dc2e4-139957847269376","trial_id":3,"step":4,"intermediate_value":50.53999633900788}
{"op_code":8,"worker_id":"6b09e6de-e1a3-41a5-8d92-1f692f1dc2e4-139957847269376","trial_id":3,"user_attr":{"train_loss_epoch_4":5.090192736050816}}
{"op_code":8,"worker_id":"6b09e6de-e1a3-41a5-8d92-1f692f1dc2e4-139957847269376","trial_id":3,"user_attr":{"val_loss_epoch_4":2.240118010099544}}
{"op_code":7,"worker_id":"6b09e6de-e1a3-41a5-8d92-1f692f1dc2e4-139957847269376","trial_id":3,"step":5,"intermediate_value":50.53999633900788}
{"op_code":8,"worker_id":"6b09e6de-e1a3-41a5-8d92-1f692f1dc2e4-139957847269376","trial_id":3,"user_attr":{"train_loss_epoch_5":5.012846576544884}}
{"op_code":8,"worker_id":"6b09e6de-e1a3-41a5-8d92-1f692f1dc2e4-139957847269376","trial_id":3,"user_attr":{"val_loss_epoch_5":5.277849599372509}}
{"op_code":7,"worker_id":"6b09e6de-e1a3-41a5-8d92-1f692f1dc2e4-139957847269376","trial_id":3,"step":6,"intermediate_value":50.53999633900788}
{"op_code":8,"worker_id":"6b09e6de-e1a3-41a5-8d92-1f692f1dc2e4-139957847269376","trial_id":3,"user_attr":{"train_loss_epoch_6":4.988968295172066}}
{"op_code":8,"worker_id":"6b09e6de-e1a3-41a5-8d92-1f692f1dc2e4-139957847269376","trial_id":3,"user_attr":{"val_loss_epoch_6":0.7046321082946866}}
{"op_code":7,"worker_id":"6b09e6de-e1a3-41a5-8d92-1f692f1dc2e4-139957847269376","trial_id":3,"step":7,"intermediate_value":50.53999633900788}
{"op_code":8,"worker_id":"6b09e6de-e1a3-41a5-8d92-1f692f1dc2e4-139957847269376","trial_id":3,"user_attr":{"train_loss_epoch_7":4.980502059820882}}
{"op_code":8,"worker_id":"6b09e6de-e1a3-41a5-8d92-1f692f1dc2e4-139957847269376","trial_id":3,"user_attr":{"val_loss_epoch_7":0.7327467875425205}}
{"op_code":6,"worker_id":"6b09e6de-e1a3-41a5-8d92-1f692f1dc2e4-139957847269376","trial_id":3,"state":1,"values":[50.53999633900788],"datetime_complete":"2026-02-22T10:24:41.598061"}
{"op_code":4,"worker_id":"6b09e6de-e1a3-41a5-8d92-1f692f1dc2e4-139957847269376","study_id":0,"datetime_start":"2026-02-22T10:24:41.599926"}
{"op_code":5,"worker_id":"6b09e6de-e1a3-41a5-8d92-1f692f1dc2e4-139957847269376","trial_id":4,"param_name":"learning_rate","param_value_internal":0.12699437806110717,"distribution":"{\"name\": \"FloatDistribution\", \"attributes\": {\"step\": null, \"low\": 0.003, \"high\": 10.0, \"log\": true}}"}
{"op_code":5,"worker_id":"6b09e6de-e1a3-41a5-8d92-1f692f1dc2e4-139957847269376","trial_id":4,"param_name":"transfer_lr","param_value_internal":8.768129821406017e-06,"distribution":"{\"name\": \"FloatDistribution\", \"attributes\": {\"step\": null, \"low\": 4e-07, \"high\": 10.0, \"log\": true}}"}
{"op_code":5,"worker_id":"6b09e6de-e1a3-41a5-8d92-1f692f1dc2e4-139957847269376","trial_id":4,"param_name":"transfer_every","param_value_internal":1043.0,"distribution":"{\"name\": \"IntDistribution\", \"attributes\": {\"log\": true, \"step\": 1, \"low\": 32, \"high\": 32000}}"}
{"op_code":5,"worker_id":"6b09e6de-e1a3-41a5-8d92-1f692f1dc2e4-139957847269376","trial_id":4,"param_name":"rank_exp","param_value_internal":0.0,"distribution":"{\"name\": \"IntDistribution\", \"attributes\": {\"log\": false, \"step\": 1, \"low\": 0, \"high\": 7}}"}
{"op_code":5,"worker_id":"6b09e6de-e1a3-41a5-8d92-1f692f1dc2e4-139957847269376","trial_id":4,"param_name":"lora_alpha","param_value_internal":0.0011890965818491513,"distribution":"{\"name\": \"FloatDistribution\", \"attributes\": {\"step\": null, \"low\": 6e-06, \"high\": 10.0, \"log\": true}}"}
{"op_code":5,"worker_id":"6b09e6de-e1a3-41a5-8d92-1f692f1dc2e4-139957847269376","trial_id":4,"param_name":"tau_sec","param_value_internal":0.0,"distribution":"{\"name\": \"FloatDistribution\", \"attributes\": {\"step\": null, \"low\": 0.0, \"high\": 0.0, \"log\": false}}"}
{"op_code":5,"worker_id":"6b09e6de-e1a3-41a5-8d92-1f692f1dc2e4-139957847269376","trial_id":4,"param_name":"out_noise","param_value_internal":0.0,"distribution":"{\"name\": \"FloatDistribution\", \"attributes\": {\"step\": null, \"low\": 0.0, \"high\": 0.0, \"log\": false}}"}
{"op_code":5,"worker_id":"6b09e6de-e1a3-41a5-8d92-1f692f1dc2e4-139957847269376","trial_id":4,"param_name":"ab_weight_scaling_omega","param_value_internal":0.0,"distribution":"{\"name\": \"FloatDistribution\", \"attributes\": {\"step\": null, \"low\": 0.0, \"high\": 0.0, \"log\": false}}"}
{"op_code":5,"worker_id":"6b09e6de-e1a3-41a5-8d92-1f692f1dc2e4-139957847269376","trial_id":4,"param_name":"min_lr_rate","param_value_internal":0.0,"distribution":"{\"name\": \"FloatDistribution\", \"attributes\": {\"step\": null, \"low\": 0.0, \"high\": 0.0, \"log\": false}}"}
{"op_code":7,"worker_id":"6b09e6de-e1a3-41a5-8d92-1f692f1dc2e4-139957847269376","trial_id":4,"step":1,"intermediate_value":49.46000366099213}
{"op_code":8,"worker_id":"6b09e6de-e1a3-41a5-8d92-1f692f1dc2e4-139957847269376","trial_id":4,"user_attr":{"train_loss_epoch_1":3.898831092626785}}
{"op_code":8,"worker_id":"6b09e6de-e1a3-41a5-8d92-1f692f1dc2e4-139957847269376","trial_id":4,"user_attr":{"val_loss_epoch_1":0.7924737701582354}}
{"op_code":7,"worker_id":"6b09e6de-e1a3-41a5-8d92-1f692f1dc2e4-139957847269376","trial_id":4,"step":2,"intermediate_value":49.46000366099213}
{"op_code":8,"worker_id":"6b09e6de-e1a3-41a5-8d92-1f692f1dc2e4-139957847269376","trial_id":4,"user_attr":{"train_loss_epoch_2":5.00623396355784}}
{"op_code":8,"worker_id":"6b09e6de-e1a3-41a5-8d92-1f692f1dc2e4-139957847269376","trial_id":4,"user_attr":{"val_loss_epoch_2":3.0327777807102647}}
{"op_code":7,"worker_id":"6b09e6de-e1a3-41a5-8d92-1f692f1dc2e4-139957847269376","trial_id":4,"step":3,"intermediate_value":53.23082555372506}
{"op_code":8,"worker_id":"6b09e6de-e1a3-41a5-8d92-1f692f1dc2e4-139957847269376","trial_id":4,"user_attr":{"train_loss_epoch_3":5.033621534841703}}
{"op_code":8,"worker_id":"6b09e6de-e1a3-41a5-8d92-1f692f1dc2e4-139957847269376","trial_id":4,"user_attr":{"val_loss_epoch_3":0.7230801734813425}}
{"op_code":7,"worker_id":"6b09e6de-e1a3-41a5-8d92-1f692f1dc2e4-139957847269376","trial_id":4,"step":4,"intermediate_value":53.23082555372506}
{"op_code":8,"worker_id":"6b09e6de-e1a3-41a5-8d92-1f692f1dc2e4-139957847269376","trial_id":4,"user_attr":{"train_loss_epoch_4":4.955036581836973}}
{"op_code":8,"worker_id":"6b09e6de-e1a3-41a5-8d92-1f692f1dc2e4-139957847269376","trial_id":4,"user_attr":{"val_loss_epoch_4":4.667974491452062}}
{"op_code":7,"worker_id":"6b09e6de-e1a3-41a5-8d92-1f692f1dc2e4-139957847269376","trial_id":4,"step":5,"intermediate_value":53.23082555372506}
{"op_code":8,"worker_id":"6b09e6de-e1a3-41a5-8d92-1f692f1dc2e4-139957847269376","trial_id":4,"user_attr":{"train_loss_epoch_5":5.0199931989046735}}
{"op_code":8,"worker_id":"6b09e6de-e1a3-41a5-8d92-1f692f1dc2e4-139957847269376","trial_id":4,"user_attr":{"val_loss_epoch_5":0.7960384481175001}}
{"op_code":7,"worker_id":"6b09e6de-e1a3-41a5-8d92-1f692f1dc2e4-139957847269376","trial_id":4,"step":6,"intermediate_value":53.23082555372506}
{"op_code":8,"worker_id":"6b09e6de-e1a3-41a5-8d92-1f692f1dc2e4-139957847269376","trial_id":4,"user_attr":{"train_loss_epoch_6":4.961393135108814}}
{"op_code":8,"worker_id":"6b09e6de-e1a3-41a5-8d92-1f692f1dc2e4-139957847269376","trial_id":4,"user_attr":{"val_loss_epoch_6":2.757599353790283}}
{"op_code":6,"worker_id":"6b09e6de-e1a3-41a5-8d92-1f692f1dc2e4-139957847269376","trial_id":4,"state":1,"values":[53.23082555372506],"datetime_complete":"2026-02-22T11:26:27.146838"}
{"op_code":4,"worker_id":"6b09e6de-e1a3-41a5-8d92-1f692f1dc2e4-139957847269376","study_id":0,"datetime_start":"2026-02-22T11:26:27.148858"}
{"op_code":5,"worker_id":"6b09e6de-e1a3-41a5-8d92-1f692f1dc2e4-139957847269376","trial_id":5,"param_name":"learning_rate","param_value_internal":7.7942364913495075,"distribution":"{\"name\": \"FloatDistribution\", \"attributes\": {\"step\": null, \"low\": 0.003, \"high\": 10.0, \"log\": true}}"}
{"op_code":5,"worker_id":"6b09e6de-e1a3-41a5-8d92-1f692f1dc2e4-139957847269376","trial_id":5,"param_name":"transfer_lr","param_value_internal":1.6181353540200492e-05,"distribution":"{\"name\": \"FloatDistribution\", \"attributes\": {\"step\": null, \"low\": 4e-07, \"high\": 10.0, \"log\": true}}"}
{"op_code":5,"worker_id":"6b09e6de-e1a3-41a5-8d92-1f692f1dc2e4-139957847269376","trial_id":5,"param_name":"transfer_every","param_value_internal":651.0,"distribution":"{\"name\": \"IntDistribution\", \"attributes\": {\"log\": true, \"step\": 1, \"low\": 32, \"high\": 32000}}"}
{"op_code":5,"worker_id":"6b09e6de-e1a3-41a5-8d92-1f692f1dc2e4-139957847269376","trial_id":5,"param_name":"rank_exp","param_value_internal":3.0,"distribution":"{\"name\": \"IntDistribution\", \"attributes\": {\"log\": false, \"step\": 1, \"low\": 0, \"high\": 7}}"}
{"op_code":5,"worker_id":"6b09e6de-e1a3-41a5-8d92-1f692f1dc2e4-139957847269376","trial_id":5,"param_name":"lora_alpha","param_value_internal":0.5051796593777665,"distribution":"{\"name\": \"FloatDistribution\", \"attributes\": {\"step\": null, \"low\": 6e-06, \"high\": 10.0, \"log\": true}}"}
{"op_code":5,"worker_id":"6b09e6de-e1a3-41a5-8d92-1f692f1dc2e4-139957847269376","trial_id":5,"param_name":"tau_sec","param_value_internal":0.0,"distribution":"{\"name\": \"FloatDistribution\", \"attributes\": {\"step\": null, \"low\": 0.0, \"high\": 0.0, \"log\": false}}"}
{"op_code":5,"worker_id":"6b09e6de-e1a3-41a5-8d92-1f692f1dc2e4-139957847269376","trial_id":5,"param_name":"out_noise","param_value_internal":0.0,"distribution":"{\"name\": \"FloatDistribution\", \"attributes\": {\"step\": null, \"low\": 0.0, \"high\": 0.0, \"log\": false}}"}
{"op_code":5,"worker_id":"6b09e6de-e1a3-41a5-8d92-1f692f1dc2e4-139957847269376","trial_id":5,"param_name":"ab_weight_scaling_omega","param_value_internal":0.0,"distribution":"{\"name\": \"FloatDistribution\", \"attributes\": {\"step\": null, \"low\": 0.0, \"high\": 0.0, \"log\": false}}"}
{"op_code":5,"worker_id":"6b09e6de-e1a3-41a5-8d92-1f692f1dc2e4-139957847269376","trial_id":5,"param_name":"min_lr_rate","param_value_internal":0.0,"distribution":"{\"name\": \"FloatDistribution\", \"attributes\": {\"step\": null, \"low\": 0.0, \"high\": 0.0, \"log\": false}}"}
{"op_code":7,"worker_id":"6b09e6de-e1a3-41a5-8d92-1f692f1dc2e4-139957847269376","trial_id":5,"step":1,"intermediate_value":50.53999633900788}
{"op_code":8,"worker_id":"6b09e6de-e1a3-41a5-8d92-1f692f1dc2e4-139957847269376","trial_id":5,"user_attr":{"train_loss_epoch_1":5.349313181096195}}
{"op_code":8,"worker_id":"6b09e6de-e1a3-41a5-8d92-1f692f1dc2e4-139957847269376","trial_id":5,"user_attr":{"val_loss_epoch_1":3.520014252773551}}
{"op_code":7,"worker_id":"6b09e6de-e1a3-41a5-8d92-1f692f1dc2e4-139957847269376","trial_id":5,"step":2,"intermediate_value":56.28775398132893}
{"op_code":8,"worker_id":"6b09e6de-e1a3-41a5-8d92-1f692f1dc2e4-139957847269376","trial_id":5,"user_attr":{"train_loss_epoch_2":6.151939812744982}}
{"op_code":8,"worker_id":"6b09e6de-e1a3-41a5-8d92-1f692f1dc2e4-139957847269376","trial_id":5,"user_attr":{"val_loss_epoch_2":0.680380655582561}}
{"op_code":7,"worker_id":"6b09e6de-e1a3-41a5-8d92-1f692f1dc2e4-139957847269376","trial_id":5,"step":3,"intermediate_value":56.28775398132893}
{"op_code":8,"worker_id":"6b09e6de-e1a3-41a5-8d92-1f692f1dc2e4-139957847269376","trial_id":5,"user_attr":{"train_loss_epoch_3":6.053290286203238}}
{"op_code":8,"worker_id":"6b09e6de-e1a3-41a5-8d92-1f692f1dc2e4-139957847269376","trial_id":5,"user_attr":{"val_loss_epoch_3":2.1221512777860774}}
{"op_code":7,"worker_id":"6b09e6de-e1a3-41a5-8d92-1f692f1dc2e4-139957847269376","trial_id":5,"step":4,"intermediate_value":56.28775398132893}
{"op_code":8,"worker_id":"6b09e6de-e1a3-41a5-8d92-1f692f1dc2e4-139957847269376","trial_id":5,"user_attr":{"train_loss_epoch_4":5.967966535467161}}
{"op_code":8,"worker_id":"6b09e6de-e1a3-41a5-8d92-1f692f1dc2e4-139957847269376","trial_id":5,"user_attr":{"val_loss_epoch_4":2.148900474226752}}
{"op_code":7,"worker_id":"6b09e6de-e1a3-41a5-8d92-1f692f1dc2e4-139957847269376","trial_id":5,"step":5,"intermediate_value":56.28775398132893}
{"op_code":8,"worker_id":"6b09e6de-e1a3-41a5-8d92-1f692f1dc2e4-139957847269376","trial_id":5,"user_attr":{"train_loss_epoch_5":5.855495340280148}}
{"op_code":8,"worker_id":"6b09e6de-e1a3-41a5-8d92-1f692f1dc2e4-139957847269376","trial_id":5,"user_attr":{"val_loss_epoch_5":2.9542790789936864}}
{"op_code":6,"worker_id":"6b09e6de-e1a3-41a5-8d92-1f692f1dc2e4-139957847269376","trial_id":5,"state":1,"values":[56.28775398132893],"datetime_complete":"2026-02-22T12:17:53.934212"}
{"op_code":4,"worker_id":"6b09e6de-e1a3-41a5-8d92-1f692f1dc2e4-139957847269376","study_id":0,"datetime_start":"2026-02-22T12:17:53.936076"}
{"op_code":5,"worker_id":"6b09e6de-e1a3-41a5-8d92-1f692f1dc2e4-139957847269376","trial_id":6,"param_name":"learning_rate","param_value_internal":0.005523292713357897,"distribution":"{\"name\": \"FloatDistribution\", \"attributes\": {\"step\": null, \"low\": 0.003, \"high\": 10.0, \"log\": true}}"}
{"op_code":5,"worker_id":"6b09e6de-e1a3-41a5-8d92-1f692f1dc2e4-139957847269376","trial_id":6,"param_name":"transfer_lr","param_value_internal":7.120711822595949,"distribution":"{\"name\": \"FloatDistribution\", \"attributes\": {\"step\": null, \"low\": 4e-07, \"high\": 10.0, \"log\": true}}"}
{"op_code":5,"worker_id":"6b09e6de-e1a3-41a5-8d92-1f692f1dc2e4-139957847269376","trial_id":6,"param_name":"transfer_every","param_value_internal":482.0,"distribution":"{\"name\": \"IntDistribution\", \"attributes\": {\"log\": true, \"step\": 1, \"low\": 32, \"high\": 32000}}"}
{"op_code":5,"worker_id":"6b09e6de-e1a3-41a5-8d92-1f692f1dc2e4-139957847269376","trial_id":6,"param_name":"rank_exp","param_value_internal":0.0,"distribution":"{\"name\": \"IntDistribution\", \"attributes\": {\"log\": false, \"step\": 1, \"low\": 0, \"high\": 7}}"}
{"op_code":5,"worker_id":"6b09e6de-e1a3-41a5-8d92-1f692f1dc2e4-139957847269376","trial_id":6,"param_name":"lora_alpha","param_value_internal":1.0595961641762986e-05,"distribution":"{\"name\": \"FloatDistribution\", \"attributes\": {\"step\": null, \"low\": 6e-06, \"high\": 10.0, \"log\": true}}"}
{"op_code":5,"worker_id":"6b09e6de-e1a3-41a5-8d92-1f692f1dc2e4-139957847269376","trial_id":6,"param_name":"tau_sec","param_value_internal":0.0,"distribution":"{\"name\": \"FloatDistribution\", \"attributes\": {\"step\": null, \"low\": 0.0, \"high\": 0.0, \"log\": false}}"}
{"op_code":5,"worker_id":"6b09e6de-e1a3-41a5-8d92-1f692f1dc2e4-139957847269376","trial_id":6,"param_name":"out_noise","param_value_internal":0.0,"distribution":"{\"name\": \"FloatDistribution\", \"attributes\": {\"step\": null, \"low\": 0.0, \"high\": 0.0, \"log\": false}}"}
{"op_code":5,"worker_id":"6b09e6de-e1a3-41a5-8d92-1f692f1dc2e4-139957847269376","trial_id":6,"param_name":"ab_weight_scaling_omega","param_value_internal":0.0,"distribution":"{\"name\": \"FloatDistribution\", \"attributes\": {\"step\": null, \"low\": 0.0, \"high\": 0.0, \"log\": false}}"}
{"op_code":5,"worker_id":"6b09e6de-e1a3-41a5-8d92-1f692f1dc2e4-139957847269376","trial_id":6,"param_name":"min_lr_rate","param_value_internal":0.0,"distribution":"{\"name\": \"FloatDistribution\", \"attributes\": {\"step\": null, \"low\": 0.0, \"high\": 0.0, \"log\": false}}"}
{"op_code":7,"worker_id":"6b09e6de-e1a3-41a5-8d92-1f692f1dc2e4-139957847269376","trial_id":6,"step":1,"intermediate_value":50.88779059125022}
{"op_code":8,"worker_id":"6b09e6de-e1a3-41a5-8d92-1f692f1dc2e4-139957847269376","trial_id":6,"user_attr":{"train_loss_epoch_1":0.6916341622864683}}
{"op_code":8,"worker_id":"6b09e6de-e1a3-41a5-8d92-1f692f1dc2e4-139957847269376","trial_id":6,"user_attr":{"val_loss_epoch_1":0.6949316096860308}}
{"op_code":7,"worker_id":"6b09e6de-e1a3-41a5-8d92-1f692f1dc2e4-139957847269376","trial_id":6,"step":2,"intermediate_value":50.88779059125022}
{"op_code":8,"worker_id":"6b09e6de-e1a3-41a5-8d92-1f692f1dc2e4-139957847269376","trial_id":6,"user_attr":{"train_loss_epoch_2":0.6998339631095775}}
{"op_code":8,"worker_id":"6b09e6de-e1a3-41a5-8d92-1f692f1dc2e4-139957847269376","trial_id":6,"user_attr":{"val_loss_epoch_2":0.7590861777926601}}
{"op_code":7,"worker_id":"6b09e6de-e1a3-41a5-8d92-1f692f1dc2e4-139957847269376","trial_id":6,"step":3,"intermediate_value":50.88779059125022}
{"op_code":8,"worker_id":"6b09e6de-e1a3-41a5-8d92-1f692f1dc2e4-139957847269376","trial_id":6,"user_attr":{"train_loss_epoch_3":0.6981370584514713}}
{"op_code":8,"worker_id":"6b09e6de-e1a3-41a5-8d92-1f692f1dc2e4-139957847269376","trial_id":6,"user_attr":{"val_loss_epoch_3":0.870616065208302}}
{"op_code":7,"worker_id":"6b09e6de-e1a3-41a5-8d92-1f692f1dc2e4-139957847269376","trial_id":6,"step":4,"intermediate_value":52.05930807248764}
{"op_code":8,"worker_id":"6b09e6de-e1a3-41a5-8d92-1f692f1dc2e4-139957847269376","trial_id":6,"user_attr":{"train_loss_epoch_4":0.6965871232999267}}
{"op_code":8,"worker_id":"6b09e6de-e1a3-41a5-8d92-1f692f1dc2e4-139957847269376","trial_id":6,"user_attr":{"val_loss_epoch_4":0.6880574988764386}}
{"op_code":7,"worker_id":"6b09e6de-e1a3-41a5-8d92-1f692f1dc2e4-139957847269376","trial_id":6,"step":5,"intermediate_value":53.99963390078712}
{"op_code":8,"worker_id":"6b09e6de-e1a3-41a5-8d92-1f692f1dc2e4-139957847269376","trial_id":6,"user_attr":{"train_loss_epoch_5":0.6952777017014887}}
{"op_code":8,"worker_id":"6b09e6de-e1a3-41a5-8d92-1f692f1dc2e4-139957847269376","trial_id":6,"user_attr":{"val_loss_epoch_5":0.6838475902413212}}
{"op_code":7,"worker_id":"6b09e6de-e1a3-41a5-8d92-1f692f1dc2e4-139957847269376","trial_id":6,"step":6,"intermediate_value":53.99963390078712}
{"op_code":8,"worker_id":"6b09e6de-e1a3-41a5-8d92-1f692f1dc2e4-139957847269376","trial_id":6,"user_attr":{"train_loss_epoch_6":0.6942725047587475}}
{"op_code":8,"worker_id":"6b09e6de-e1a3-41a5-8d92-1f692f1dc2e4-139957847269376","trial_id":6,"user_attr":{"val_loss_epoch_6":0.7263757676579231}}
{"op_code":7,"worker_id":"6b09e6de-e1a3-41a5-8d92-1f692f1dc2e4-139957847269376","trial_id":6,"step":7,"intermediate_value":53.99963390078712}
{"op_code":8,"worker_id":"6b09e6de-e1a3-41a5-8d92-1f692f1dc2e4-139957847269376","trial_id":6,"user_attr":{"train_loss_epoch_7":0.6937608481472997}}
{"op_code":8,"worker_id":"6b09e6de-e1a3-41a5-8d92-1f692f1dc2e4-139957847269376","trial_id":6,"user_attr":{"val_loss_epoch_7":0.6852893150129984}}
{"op_code":7,"worker_id":"6b09e6de-e1a3-41a5-8d92-1f692f1dc2e4-139957847269376","trial_id":6,"step":8,"intermediate_value":54.36573311367381}
{"op_code":8,"worker_id":"6b09e6de-e1a3-41a5-8d92-1f692f1dc2e4-139957847269376","trial_id":6,"user_attr":{"train_loss_epoch_8":0.6920728738634194}}
{"op_code":8,"worker_id":"6b09e6de-e1a3-41a5-8d92-1f692f1dc2e4-139957847269376","trial_id":6,"user_attr":{"val_loss_epoch_8":0.6829910444658857}}
{"op_code":7,"worker_id":"6b09e6de-e1a3-41a5-8d92-1f692f1dc2e4-139957847269376","trial_id":6,"step":9,"intermediate_value":57.66062602965404}
{"op_code":8,"worker_id":"6b09e6de-e1a3-41a5-8d92-1f692f1dc2e4-139957847269376","trial_id":6,"user_attr":{"train_loss_epoch_9":0.6911140868375414}}
{"op_code":8,"worker_id":"6b09e6de-e1a3-41a5-8d92-1f692f1dc2e4-139957847269376","trial_id":6,"user_attr":{"val_loss_epoch_9":0.6837042043375414}}
{"op_code":7,"worker_id":"6b09e6de-e1a3-41a5-8d92-1f692f1dc2e4-139957847269376","trial_id":6,"step":10,"intermediate_value":60.53450485081457}
{"op_code":8,"worker_id":"6b09e6de-e1a3-41a5-8d92-1f692f1dc2e4-139957847269376","trial_id":6,"user_attr":{"train_loss_epoch_10":0.6893818576523787}}
{"op_code":8,"worker_id":"6b09e6de-e1a3-41a5-8d92-1f692f1dc2e4-139957847269376","trial_id":6,"user_attr":{"val_loss_epoch_10":0.6812426912230115}}
{"op_code":7,"worker_id":"6b09e6de-e1a3-41a5-8d92-1f692f1dc2e4-139957847269376","trial_id":6,"step":11,"intermediate_value":60.53450485081457}
{"op_code":8,"worker_id":"6b09e6de-e1a3-41a5-8d92-1f692f1dc2e4-139957847269376","trial_id":6,"user_attr":{"train_loss_epoch_11":0.6890157021322699}}
{"op_code":8,"worker_id":"6b09e6de-e1a3-41a5-8d92-1f692f1dc2e4-139957847269376","trial_id":6,"user_attr":{"val_loss_epoch_11":0.7353336734827175}}
{"op_code":7,"worker_id":"6b09e6de-e1a3-41a5-8d92-1f692f1dc2e4-139957847269376","trial_id":6,"step":12,"intermediate_value":60.53450485081457}
{"op_code":8,"worker_id":"6b09e6de-e1a3-41a5-8d92-1f692f1dc2e4-139957847269376","trial_id":6,"user_attr":{"train_loss_epoch_12":0.6882481613971871}}
{"op_code":8,"worker_id":"6b09e6de-e1a3-41a5-8d92-1f692f1dc2e4-139957847269376","trial_id":6,"user_attr":{"val_loss_epoch_12":0.7023752934710924}}
{"op_code":7,"worker_id":"6b09e6de-e1a3-41a5-8d92-1f692f1dc2e4-139957847269376","trial_id":6,"step":13,"intermediate_value":60.53450485081457}
{"op_code":8,"worker_id":"6b09e6de-e1a3-41a5-8d92-1f692f1dc2e4-139957847269376","trial_id":6,"user_attr":{"train_loss_epoch_13":0.6874374850683265}}
{"op_code":8,"worker_id":"6b09e6de-e1a3-41a5-8d92-1f692f1dc2e4-139957847269376","trial_id":6,"user_attr":{"val_loss_epoch_13":0.7237480386745098}}
{"op_code":6,"worker_id":"6b09e6de-e1a3-41a5-8d92-1f692f1dc2e4-139957847269376","trial_id":6,"state":1,"values":[60.53450485081457],"datetime_complete":"2026-02-22T14:30:58.218025"}
{"op_code":4,"worker_id":"6b09e6de-e1a3-41a5-8d92-1f692f1dc2e4-139957847269376","study_id":0,"datetime_start":"2026-02-22T14:30:58.220490"}
{"op_code":5,"worker_id":"6b09e6de-e1a3-41a5-8d92-1f692f1dc2e4-139957847269376","trial_id":7,"param_name":"learning_rate","param_value_internal":0.028067925095223087,"distribution":"{\"name\": \"FloatDistribution\", \"attributes\": {\"step\": null, \"low\": 0.003, \"high\": 10.0, \"log\": true}}"}
{"op_code":5,"worker_id":"6b09e6de-e1a3-41a5-8d92-1f692f1dc2e4-139957847269376","trial_id":7,"param_name":"transfer_lr","param_value_internal":0.041178478394145165,"distribution":"{\"name\": \"FloatDistribution\", \"attributes\": {\"step\": null, \"low\": 4e-07, \"high\": 10.0, \"log\": true}}"}
{"op_code":5,"worker_id":"6b09e6de-e1a3-41a5-8d92-1f692f1dc2e4-139957847269376","trial_id":7,"param_name":"transfer_every","param_value_internal":3632.0,"distribution":"{\"name\": \"IntDistribution\", \"attributes\": {\"log\": true, \"step\": 1, \"low\": 32, \"high\": 32000}}"}
{"op_code":5,"worker_id":"6b09e6de-e1a3-41a5-8d92-1f692f1dc2e4-139957847269376","trial_id":7,"param_name":"rank_exp","param_value_internal":3.0,"distribution":"{\"name\": \"IntDistribution\", \"attributes\": {\"log\": false, \"step\": 1, \"low\": 0, \"high\": 7}}"}
{"op_code":5,"worker_id":"6b09e6de-e1a3-41a5-8d92-1f692f1dc2e4-139957847269376","trial_id":7,"param_name":"lora_alpha","param_value_internal":0.0006171722423979996,"distribution":"{\"name\": \"FloatDistribution\", \"attributes\": {\"step\": null, \"low\": 6e-06, \"high\": 10.0, \"log\": true}}"}
{"op_code":5,"worker_id":"6b09e6de-e1a3-41a5-8d92-1f692f1dc2e4-139957847269376","trial_id":7,"param_name":"tau_sec","param_value_internal":0.0,"distribution":"{\"name\": \"FloatDistribution\", \"attributes\": {\"step\": null, \"low\": 0.0, \"high\": 0.0, \"log\": false}}"}
{"op_code":5,"worker_id":"6b09e6de-e1a3-41a5-8d92-1f692f1dc2e4-139957847269376","trial_id":7,"param_name":"out_noise","param_value_internal":0.0,"distribution":"{\"name\": \"FloatDistribution\", \"attributes\": {\"step\": null, \"low\": 0.0, \"high\": 0.0, \"log\": false}}"}
{"op_code":5,"worker_id":"6b09e6de-e1a3-41a5-8d92-1f692f1dc2e4-139957847269376","trial_id":7,"param_name":"ab_weight_scaling_omega","param_value_internal":0.0,"distribution":"{\"name\": \"FloatDistribution\", \"attributes\": {\"step\": null, \"low\": 0.0, \"high\": 0.0, \"log\": false}}"}
{"op_code":5,"worker_id":"6b09e6de-e1a3-41a5-8d92-1f692f1dc2e4-139957847269376","trial_id":7,"param_name":"min_lr_rate","param_value_internal":0.0,"distribution":"{\"name\": \"FloatDistribution\", \"attributes\": {\"step\": null, \"low\": 0.0, \"high\": 0.0, \"log\": false}}"}
{"op_code":7,"worker_id":"6b09e6de-e1a3-41a5-8d92-1f692f1dc2e4-139957847269376","trial_id":7,"step":1,"intermediate_value":60.35145524437122}
{"op_code":8,"worker_id":"6b09e6de-e1a3-41a5-8d92-1f692f1dc2e4-139957847269376","trial_id":7,"user_attr":{"train_loss_epoch_1":1.2696723031538903}}
{"op_code":8,"worker_id":"6b09e6de-e1a3-41a5-8d92-1f692f1dc2e4-139957847269376","trial_id":7,"user_attr":{"val_loss_epoch_1":0.6767272082872169}}
{"op_code":7,"worker_id":"6b09e6de-e1a3-41a5-8d92-1f692f1dc2e4-139957847269376","trial_id":7,"step":2,"intermediate_value":60.35145524437122}
{"op_code":8,"worker_id":"6b09e6de-e1a3-41a5-8d92-1f692f1dc2e4-139957847269376","trial_id":7,"user_attr":{"train_loss_epoch_2":2.436105663856866}}
{"op_code":8,"worker_id":"6b09e6de-e1a3-41a5-8d92-1f692f1dc2e4-139957847269376","trial_id":7,"user_attr":{"val_loss_epoch_2":2.1945616450420644}}
{"op_code":7,"worker_id":"6b09e6de-e1a3-41a5-8d92-1f692f1dc2e4-139957847269376","trial_id":7,"step":3,"intermediate_value":60.35145524437122}
{"op_code":8,"worker_id":"6b09e6de-e1a3-41a5-8d92-1f692f1dc2e4-139957847269376","trial_id":7,"user_attr":{"train_loss_epoch_3":2.3271994982722624}}
{"op_code":8,"worker_id":"6b09e6de-e1a3-41a5-8d92-1f692f1dc2e4-139957847269376","trial_id":7,"user_attr":{"val_loss_epoch_3":1.2991264268409375}}
{"op_code":6,"worker_id":"6b09e6de-e1a3-41a5-8d92-1f692f1dc2e4-139957847269376","trial_id":7,"state":3,"values":null,"datetime_complete":"2026-02-22T15:06:09.980460"}
