2026-02-13 14:09:50.092322: I tensorflow/core/util/port.cc:111] oneDNN custom operations are on. You may see slightly different numerical results due to floating-point round-off errors from different computation orders. To turn them off, set the environment variable `TF_ENABLE_ONEDNN_OPTS=0`.
2026-02-13 14:09:50.096079: I tensorflow/tsl/cuda/cudart_stub.cc:28] Could not find cuda drivers on your machine, GPU will not be used.
2026-02-13 14:09:50.128800: E tensorflow/compiler/xla/stream_executor/cuda/cuda_dnn.cc:9342] Unable to register cuDNN factory: Attempting to register factory for plugin cuDNN when one has already been registered
2026-02-13 14:09:50.128843: E tensorflow/compiler/xla/stream_executor/cuda/cuda_fft.cc:609] Unable to register cuFFT factory: Attempting to register factory for plugin cuFFT when one has already been registered
2026-02-13 14:09:50.128871: E tensorflow/compiler/xla/stream_executor/cuda/cuda_blas.cc:1518] Unable to register cuBLAS factory: Attempting to register factory for plugin cuBLAS when one has already been registered
2026-02-13 14:09:50.135193: I tensorflow/core/platform/cpu_feature_guard.cc:182] This TensorFlow binary is optimized to use available CPU instructions in performance-critical operations.
To enable the following instructions: AVX2 AVX512F AVX512_VNNI AVX512_BF16 AVX_VNNI AMX_TILE AMX_INT8 AMX_BF16 FMA, in other operations, rebuild TensorFlow with the appropriate compiler flags.
2026-02-13 14:09:50.932131: W tensorflow/compiler/tf2tensorrt/utils/py_utils.cc:38] TF-TRT Warning: Could not find TensorRT
/data/LRTT_transformer/tikitaka/sweep_tikitakav1_batch256.py:908: ExperimentalWarning: BoTorchSampler is experimental (supported from v2.4.0). The interface can change in the future.
  sampler=BoTorchSampler(),
[I 2026-02-13 14:09:57,733] A new study created in RDB with name: tikitaka_v1_bs256_sst2
============================================================
TikiTaka v1 Batch-256 Sweep
============================================================
Tasks: ['sst2']
Trials per task: 30
Epochs: SQuAD=15, GLUE=3
Batch size: 64
Early stopping: patience=3 (no Optuna pruner)
Scheduler: linear warmup + decay to 0 (warmup: 5% for all tasks)
Tuned: lr=[0.0001, 0.01], cls_lr=FIXED=0.01, transfer_lr=[0.2, 4.0], fast_lr=[0.1, 5.0], transfer_every=[1, 1000]
B tile: SoftBoundsReferenceDevice (noise=0)
Results dir: /data/LRTT_transformer/tikitaka/results/Real_sweep_ttv1_bias_frozen_20260213_140952
Device: cuda

============================================================
Starting sweep for: SST2
============================================================
  Scheduler: linear warmup + decay to 0
  Tuned: lr, transfer_lr, fast_lr, transfer_every
  B tile: SoftBoundsReferenceDevice (noise=0)
  Train batches: 1053, Eval batches: 14
  Fresh study — enqueued warm-start params
  Running 30 trials (target=30, done=0)

--- Trial 0 ---
  lr=0.010000 cls_lr=0.010000 transfer_lr=1.0000 fast_lr=1.0000 transfer_every=100
Some weights of MobileBertForSequenceClassification were not initialized from the model checkpoint at google/mobilebert-uncased and are newly initialized: ['classifier.bias', 'classifier.weight']
You should probably TRAIN this model on a down-stream task to be able to use it for predictions and inference.
[W 2026-02-13 14:10:34,130] Trial 0 failed with parameters: {'learning_rate': 0.01, 'transfer_lr': 1.0, 'fast_lr': 1.0, 'transfer_every': 100} because of the following error: OutOfMemoryError('CUDA out of memory. Tried to allocate 16.00 MiB. GPU 0 has a total capacity of 139.81 GiB of which 3.69 MiB is free. Process 67919 has 139.80 GiB memory in use. Of the allocated memory 131.64 GiB is allocated by PyTorch, and 28.89 MiB is reserved by PyTorch but unallocated. If reserved but unallocated memory is large try setting PYTORCH_ALLOC_CONF=expandable_segments:True to avoid fragmentation.  See documentation for Memory Management  (https://pytorch.org/docs/stable/notes/cuda.html#environment-variables)').
Traceback (most recent call last):
  File "/opt/conda/lib/python3.11/site-packages/optuna/study/_optimize.py", line 206, in _run_trial
    value_or_values = func(trial)
                      ^^^^^^^^^^^
  File "/data/LRTT_transformer/tikitaka/sweep_tikitakav1_batch256.py", line 927, in objective
    return run_trial(trial, task_name, train_loader, eval_loader, device, results_dir,
           ^^^^^^^^^^^^^^^^^^^^^^^^^^^^^^^^^^^^^^^^^^^^^^^^^^^^^^^^^^^^^^^^^^^^^^^^^^^
  File "/data/LRTT_transformer/tikitaka/sweep_tikitakav1_batch256.py", line 830, in run_trial
    train_loss = train_epoch(
                 ^^^^^^^^^^^^
  File "/data/LRTT_transformer/tikitaka/sweep_tikitakav1_batch256.py", line 738, in train_epoch
    outputs = model(input_ids=input_ids, attention_mask=attention_mask)
              ^^^^^^^^^^^^^^^^^^^^^^^^^^^^^^^^^^^^^^^^^^^^^^^^^^^^^^^^^
  File "/opt/conda/lib/python3.11/site-packages/torch/nn/modules/module.py", line 1776, in _wrapped_call_impl
    return self._call_impl(*args, **kwargs)
           ^^^^^^^^^^^^^^^^^^^^^^^^^^^^^^^^
  File "/opt/conda/lib/python3.11/site-packages/torch/nn/modules/module.py", line 1787, in _call_impl
    return forward_call(*args, **kwargs)
           ^^^^^^^^^^^^^^^^^^^^^^^^^^^^^
  File "/opt/conda/lib/python3.11/site-packages/transformers/models/mobilebert/modeling_mobilebert.py", line 1286, in forward
    outputs = self.mobilebert(
              ^^^^^^^^^^^^^^^^
  File "/opt/conda/lib/python3.11/site-packages/torch/nn/modules/module.py", line 1776, in _wrapped_call_impl
    return self._call_impl(*args, **kwargs)
           ^^^^^^^^^^^^^^^^^^^^^^^^^^^^^^^^
  File "/opt/conda/lib/python3.11/site-packages/torch/nn/modules/module.py", line 1787, in _call_impl
    return forward_call(*args, **kwargs)
           ^^^^^^^^^^^^^^^^^^^^^^^^^^^^^
  File "/opt/conda/lib/python3.11/site-packages/transformers/models/mobilebert/modeling_mobilebert.py", line 898, in forward
    encoder_outputs = self.encoder(
                      ^^^^^^^^^^^^^
  File "/opt/conda/lib/python3.11/site-packages/torch/nn/modules/module.py", line 1776, in _wrapped_call_impl
    return self._call_impl(*args, **kwargs)
           ^^^^^^^^^^^^^^^^^^^^^^^^^^^^^^^^
  File "/opt/conda/lib/python3.11/site-packages/torch/nn/modules/module.py", line 1787, in _call_impl
    return forward_call(*args, **kwargs)
           ^^^^^^^^^^^^^^^^^^^^^^^^^^^^^
  File "/opt/conda/lib/python3.11/site-packages/transformers/models/mobilebert/modeling_mobilebert.py", line 580, in forward
    layer_outputs = layer_module(
                    ^^^^^^^^^^^^^
  File "/opt/conda/lib/python3.11/site-packages/torch/nn/modules/module.py", line 1776, in _wrapped_call_impl
    return self._call_impl(*args, **kwargs)
           ^^^^^^^^^^^^^^^^^^^^^^^^^^^^^^^^
  File "/opt/conda/lib/python3.11/site-packages/torch/nn/modules/module.py", line 1787, in _call_impl
    return forward_call(*args, **kwargs)
           ^^^^^^^^^^^^^^^^^^^^^^^^^^^^^
  File "/opt/conda/lib/python3.11/site-packages/transformers/models/mobilebert/modeling_mobilebert.py", line 542, in forward
    layer_output = self.output(intermediate_output, attention_output, hidden_states)
                   ^^^^^^^^^^^^^^^^^^^^^^^^^^^^^^^^^^^^^^^^^^^^^^^^^^^^^^^^^^^^^^^^^
  File "/opt/conda/lib/python3.11/site-packages/torch/nn/modules/module.py", line 1776, in _wrapped_call_impl
    return self._call_impl(*args, **kwargs)
           ^^^^^^^^^^^^^^^^^^^^^^^^^^^^^^^^
  File "/opt/conda/lib/python3.11/site-packages/torch/nn/modules/module.py", line 1787, in _call_impl
    return forward_call(*args, **kwargs)
           ^^^^^^^^^^^^^^^^^^^^^^^^^^^^^
  File "/opt/conda/lib/python3.11/site-packages/transformers/models/mobilebert/modeling_mobilebert.py", line 421, in forward
    layer_output = self.bottleneck(layer_output, residual_tensor_2)
                   ^^^^^^^^^^^^^^^^^^^^^^^^^^^^^^^^^^^^^^^^^^^^^^^^
  File "/opt/conda/lib/python3.11/site-packages/torch/nn/modules/module.py", line 1776, in _wrapped_call_impl
    return self._call_impl(*args, **kwargs)
           ^^^^^^^^^^^^^^^^^^^^^^^^^^^^^^^^
  File "/opt/conda/lib/python3.11/site-packages/torch/nn/modules/module.py", line 1787, in _call_impl
    return forward_call(*args, **kwargs)
           ^^^^^^^^^^^^^^^^^^^^^^^^^^^^^
  File "/opt/conda/lib/python3.11/site-packages/transformers/models/mobilebert/modeling_mobilebert.py", line 397, in forward
    layer_outputs = self.LayerNorm(layer_outputs + residual_tensor)
                    ^^^^^^^^^^^^^^^^^^^^^^^^^^^^^^^^^^^^^^^^^^^^^^^
  File "/opt/conda/lib/python3.11/site-packages/torch/nn/modules/module.py", line 1776, in _wrapped_call_impl
    return self._call_impl(*args, **kwargs)
           ^^^^^^^^^^^^^^^^^^^^^^^^^^^^^^^^
  File "/opt/conda/lib/python3.11/site-packages/torch/nn/modules/module.py", line 1787, in _call_impl
    return forward_call(*args, **kwargs)
           ^^^^^^^^^^^^^^^^^^^^^^^^^^^^^
  File "/opt/conda/lib/python3.11/site-packages/transformers/models/mobilebert/modeling_mobilebert.py", line 165, in forward
    return input_tensor * self.weight + self.bias
           ~~~~~~~~~~~~~^~~~~~~~~~~~~
torch.OutOfMemoryError: CUDA out of memory. Tried to allocate 16.00 MiB. GPU 0 has a total capacity of 139.81 GiB of which 3.69 MiB is free. Process 67919 has 139.80 GiB memory in use. Of the allocated memory 131.64 GiB is allocated by PyTorch, and 28.89 MiB is reserved by PyTorch but unallocated. If reserved but unallocated memory is large try setting PYTORCH_ALLOC_CONF=expandable_segments:True to avoid fragmentation.  See documentation for Memory Management  (https://pytorch.org/docs/stable/notes/cuda.html#environment-variables)
[W 2026-02-13 14:10:34,132] Trial 0 failed with value None.
[FIX] Reinitialized classifier with FIXED seed=42 (frozen)
Trial 0 failed: CUDA out of memory. Tried to allocate 16.00 MiB. GPU 0 has a total capacity of 139.81 GiB of which 3.69 MiB is free. Process 67919 has 139.80 GiB memory in use. Of the allocated memory 131.64 GiB is allocated by PyTorch, and 28.89 MiB is reserved by PyTorch but unallocated. If reserved but unallocated memory is large try setting PYTORCH_ALLOC_CONF=expandable_segments:True to avoid fragmentation.  See documentation for Memory Management  (https://pytorch.org/docs/stable/notes/cuda.html#environment-variables)
Failed to complete sst2: CUDA out of memory. Tried to allocate 16.00 MiB. GPU 0 has a total capacity of 139.81 GiB of which 3.69 MiB is free. Process 67919 has 139.80 GiB memory in use. Of the allocated memory 131.64 GiB is allocated by PyTorch, and 28.89 MiB is reserved by PyTorch but unallocated. If reserved but unallocated memory is large try setting PYTORCH_ALLOC_CONF=expandable_segments:True to avoid fragmentation.  See documentation for Memory Management  (https://pytorch.org/docs/stable/notes/cuda.html#environment-variables)

============================================================
ALL TASKS COMPLETE
============================================================
Summary saved to: /data/LRTT_transformer/tikitaka/results/Real_sweep_ttv1_bias_frozen_20260213_140952/all_tasks_summary.json
  sst2: FAILED - CUDA out of memory. Tried to allocate 16.00 MiB. GPU 0 has a total capacity of 139.81 GiB of which 3.69 MiB is free. Process 67919 has 139.80 GiB memory in use. Of the allocated memory 131.64 GiB is allocated by PyTorch, and 28.89 MiB is reserved by PyTorch but unallocated. If reserved but unallocated memory is large try setting PYTORCH_ALLOC_CONF=expandable_segments:True to avoid fragmentation.  See documentation for Memory Management  (https://pytorch.org/docs/stable/notes/cuda.html#environment-variables)
