{"op_code":0,"worker_id":"80835035-ad9c-4b81-a5aa-f2f1c880bd87-140412392566784","study_name":"mobilebert_stsb_lrtt_bs64_sgd_hybrid_nowd_nomom_nonest_set_noio_encanalog_embedanalog_headanalog_none_5ep","directions":[2]}
{"op_code":4,"worker_id":"80835035-ad9c-4b81-a5aa-f2f1c880bd87-140412392566784","study_id":0,"datetime_start":"2026-02-21T19:33:19.415012"}
{"op_code":5,"worker_id":"80835035-ad9c-4b81-a5aa-f2f1c880bd87-140412392566784","trial_id":0,"param_name":"learning_rate","param_value_internal":0.06812272307716602,"distribution":"{\"name\": \"FloatDistribution\", \"attributes\": {\"step\": null, \"low\": 0.03, \"high\": 10.0, \"log\": true}}"}
{"op_code":5,"worker_id":"80835035-ad9c-4b81-a5aa-f2f1c880bd87-140412392566784","trial_id":0,"param_name":"transfer_lr","param_value_internal":2.2537318988828354e-05,"distribution":"{\"name\": \"FloatDistribution\", \"attributes\": {\"step\": null, \"low\": 4e-06, \"high\": 200.0, \"log\": true}}"}
{"op_code":5,"worker_id":"80835035-ad9c-4b81-a5aa-f2f1c880bd87-140412392566784","trial_id":0,"param_name":"transfer_every","param_value_internal":1592.0,"distribution":"{\"name\": \"IntDistribution\", \"attributes\": {\"log\": true, \"step\": 1, \"low\": 64, \"high\": 35000}}"}
{"op_code":5,"worker_id":"80835035-ad9c-4b81-a5aa-f2f1c880bd87-140412392566784","trial_id":0,"param_name":"rank_exp","param_value_internal":2.0,"distribution":"{\"name\": \"IntDistribution\", \"attributes\": {\"log\": false, \"step\": 1, \"low\": 0, \"high\": 5}}"}
{"op_code":5,"worker_id":"80835035-ad9c-4b81-a5aa-f2f1c880bd87-140412392566784","trial_id":0,"param_name":"lora_alpha","param_value_internal":8.41801445080552e-05,"distribution":"{\"name\": \"FloatDistribution\", \"attributes\": {\"step\": null, \"low\": 6e-05, \"high\": 200.0, \"log\": true}}"}
{"op_code":5,"worker_id":"80835035-ad9c-4b81-a5aa-f2f1c880bd87-140412392566784","trial_id":0,"param_name":"tau_sec","param_value_internal":0.0,"distribution":"{\"name\": \"FloatDistribution\", \"attributes\": {\"step\": null, \"low\": 0.0, \"high\": 0.0, \"log\": false}}"}
{"op_code":5,"worker_id":"80835035-ad9c-4b81-a5aa-f2f1c880bd87-140412392566784","trial_id":0,"param_name":"out_noise","param_value_internal":0.0,"distribution":"{\"name\": \"FloatDistribution\", \"attributes\": {\"step\": null, \"low\": 0.0, \"high\": 0.0, \"log\": false}}"}
{"op_code":5,"worker_id":"80835035-ad9c-4b81-a5aa-f2f1c880bd87-140412392566784","trial_id":0,"param_name":"ab_weight_scaling_omega","param_value_internal":0.0,"distribution":"{\"name\": \"FloatDistribution\", \"attributes\": {\"step\": null, \"low\": 0.0, \"high\": 0.0, \"log\": false}}"}
{"op_code":5,"worker_id":"80835035-ad9c-4b81-a5aa-f2f1c880bd87-140412392566784","trial_id":0,"param_name":"min_lr_rate","param_value_internal":0.0,"distribution":"{\"name\": \"FloatDistribution\", \"attributes\": {\"step\": null, \"low\": 0.0, \"high\": 0.0, \"log\": false}}"}
{"op_code":7,"worker_id":"80835035-ad9c-4b81-a5aa-f2f1c880bd87-140412392566784","trial_id":0,"step":1,"intermediate_value":11.661706258142562}
{"op_code":8,"worker_id":"80835035-ad9c-4b81-a5aa-f2f1c880bd87-140412392566784","trial_id":0,"user_attr":{"train_loss_epoch_1":1865020667359687.0}}
{"op_code":7,"worker_id":"80835035-ad9c-4b81-a5aa-f2f1c880bd87-140412392566784","trial_id":0,"step":2,"intermediate_value":11.661706258142562}
{"op_code":8,"worker_id":"80835035-ad9c-4b81-a5aa-f2f1c880bd87-140412392566784","trial_id":0,"user_attr":{"train_loss_epoch_2":9804356836101.69}}
{"op_code":7,"worker_id":"80835035-ad9c-4b81-a5aa-f2f1c880bd87-140412392566784","trial_id":0,"step":3,"intermediate_value":11.745077312044991}
{"op_code":8,"worker_id":"80835035-ad9c-4b81-a5aa-f2f1c880bd87-140412392566784","trial_id":0,"user_attr":{"train_loss_epoch_3":6004215067943.822}}
{"op_code":7,"worker_id":"80835035-ad9c-4b81-a5aa-f2f1c880bd87-140412392566784","trial_id":0,"step":4,"intermediate_value":11.745077312044991}
{"op_code":8,"worker_id":"80835035-ad9c-4b81-a5aa-f2f1c880bd87-140412392566784","trial_id":0,"user_attr":{"train_loss_epoch_4":2900814553547.8193}}
{"op_code":7,"worker_id":"80835035-ad9c-4b81-a5aa-f2f1c880bd87-140412392566784","trial_id":0,"step":5,"intermediate_value":11.745077312044991}
{"op_code":8,"worker_id":"80835035-ad9c-4b81-a5aa-f2f1c880bd87-140412392566784","trial_id":0,"user_attr":{"train_loss_epoch_5":427822257355.6445}}
{"op_code":6,"worker_id":"80835035-ad9c-4b81-a5aa-f2f1c880bd87-140412392566784","trial_id":0,"state":1,"values":[11.745077312044991],"datetime_complete":"2026-02-21T19:36:20.093408"}
{"op_code":4,"worker_id":"80835035-ad9c-4b81-a5aa-f2f1c880bd87-140412392566784","study_id":0,"datetime_start":"2026-02-21T19:36:20.095655"}
{"op_code":5,"worker_id":"80835035-ad9c-4b81-a5aa-f2f1c880bd87-140412392566784","trial_id":1,"param_name":"learning_rate","param_value_internal":0.17490056675123095,"distribution":"{\"name\": \"FloatDistribution\", \"attributes\": {\"step\": null, \"low\": 0.03, \"high\": 10.0, \"log\": true}}"}
{"op_code":5,"worker_id":"80835035-ad9c-4b81-a5aa-f2f1c880bd87-140412392566784","trial_id":1,"param_name":"transfer_lr","param_value_internal":4.468522285041417,"distribution":"{\"name\": \"FloatDistribution\", \"attributes\": {\"step\": null, \"low\": 4e-06, \"high\": 200.0, \"log\": true}}"}
{"op_code":5,"worker_id":"80835035-ad9c-4b81-a5aa-f2f1c880bd87-140412392566784","trial_id":1,"param_name":"transfer_every","param_value_internal":3147.0,"distribution":"{\"name\": \"IntDistribution\", \"attributes\": {\"log\": true, \"step\": 1, \"low\": 64, \"high\": 35000}}"}
{"op_code":5,"worker_id":"80835035-ad9c-4b81-a5aa-f2f1c880bd87-140412392566784","trial_id":1,"param_name":"rank_exp","param_value_internal":5.0,"distribution":"{\"name\": \"IntDistribution\", \"attributes\": {\"log\": false, \"step\": 1, \"low\": 0, \"high\": 5}}"}
{"op_code":5,"worker_id":"80835035-ad9c-4b81-a5aa-f2f1c880bd87-140412392566784","trial_id":1,"param_name":"lora_alpha","param_value_internal":1.1499717272785204,"distribution":"{\"name\": \"FloatDistribution\", \"attributes\": {\"step\": null, \"low\": 6e-05, \"high\": 200.0, \"log\": true}}"}
{"op_code":5,"worker_id":"80835035-ad9c-4b81-a5aa-f2f1c880bd87-140412392566784","trial_id":1,"param_name":"tau_sec","param_value_internal":0.0,"distribution":"{\"name\": \"FloatDistribution\", \"attributes\": {\"step\": null, \"low\": 0.0, \"high\": 0.0, \"log\": false}}"}
{"op_code":5,"worker_id":"80835035-ad9c-4b81-a5aa-f2f1c880bd87-140412392566784","trial_id":1,"param_name":"out_noise","param_value_internal":0.0,"distribution":"{\"name\": \"FloatDistribution\", \"attributes\": {\"step\": null, \"low\": 0.0, \"high\": 0.0, \"log\": false}}"}
{"op_code":5,"worker_id":"80835035-ad9c-4b81-a5aa-f2f1c880bd87-140412392566784","trial_id":1,"param_name":"ab_weight_scaling_omega","param_value_internal":0.0,"distribution":"{\"name\": \"FloatDistribution\", \"attributes\": {\"step\": null, \"low\": 0.0, \"high\": 0.0, \"log\": false}}"}
{"op_code":5,"worker_id":"80835035-ad9c-4b81-a5aa-f2f1c880bd87-140412392566784","trial_id":1,"param_name":"min_lr_rate","param_value_internal":0.0,"distribution":"{\"name\": \"FloatDistribution\", \"attributes\": {\"step\": null, \"low\": 0.0, \"high\": 0.0, \"log\": false}}"}
{"op_code":7,"worker_id":"80835035-ad9c-4b81-a5aa-f2f1c880bd87-140412392566784","trial_id":1,"step":1,"intermediate_value":11.697694460604152}
{"op_code":8,"worker_id":"80835035-ad9c-4b81-a5aa-f2f1c880bd87-140412392566784","trial_id":1,"user_attr":{"train_loss_epoch_1":1215133314927092.5}}
{"op_code":7,"worker_id":"80835035-ad9c-4b81-a5aa-f2f1c880bd87-140412392566784","trial_id":1,"step":2,"intermediate_value":11.697694460604152}
{"op_code":8,"worker_id":"80835035-ad9c-4b81-a5aa-f2f1c880bd87-140412392566784","trial_id":1,"user_attr":{"train_loss_epoch_2":62339131078519.47}}
{"op_code":7,"worker_id":"80835035-ad9c-4b81-a5aa-f2f1c880bd87-140412392566784","trial_id":1,"step":3,"intermediate_value":11.697694460604152}
{"op_code":8,"worker_id":"80835035-ad9c-4b81-a5aa-f2f1c880bd87-140412392566784","trial_id":1,"user_attr":{"train_loss_epoch_3":37752170269172.625}}
{"op_code":7,"worker_id":"80835035-ad9c-4b81-a5aa-f2f1c880bd87-140412392566784","trial_id":1,"step":4,"intermediate_value":11.697694460604152}
{"op_code":8,"worker_id":"80835035-ad9c-4b81-a5aa-f2f1c880bd87-140412392566784","trial_id":1,"user_attr":{"train_loss_epoch_4":18574225535850.844}}
{"op_code":6,"worker_id":"80835035-ad9c-4b81-a5aa-f2f1c880bd87-140412392566784","trial_id":1,"state":1,"values":[11.697694460604152],"datetime_complete":"2026-02-21T19:38:54.059486"}
{"op_code":4,"worker_id":"80835035-ad9c-4b81-a5aa-f2f1c880bd87-140412392566784","study_id":0,"datetime_start":"2026-02-21T19:38:54.067375"}
{"op_code":5,"worker_id":"80835035-ad9c-4b81-a5aa-f2f1c880bd87-140412392566784","trial_id":2,"param_name":"learning_rate","param_value_internal":0.09758259008084404,"distribution":"{\"name\": \"FloatDistribution\", \"attributes\": {\"step\": null, \"low\": 0.03, \"high\": 10.0, \"log\": true}}"}
{"op_code":5,"worker_id":"80835035-ad9c-4b81-a5aa-f2f1c880bd87-140412392566784","trial_id":2,"param_name":"transfer_lr","param_value_internal":0.00018852689043814862,"distribution":"{\"name\": \"FloatDistribution\", \"attributes\": {\"step\": null, \"low\": 4e-06, \"high\": 200.0, \"log\": true}}"}
{"op_code":5,"worker_id":"80835035-ad9c-4b81-a5aa-f2f1c880bd87-140412392566784","trial_id":2,"param_name":"transfer_every","param_value_internal":425.0,"distribution":"{\"name\": \"IntDistribution\", \"attributes\": {\"log\": true, \"step\": 1, \"low\": 64, \"high\": 35000}}"}
{"op_code":5,"worker_id":"80835035-ad9c-4b81-a5aa-f2f1c880bd87-140412392566784","trial_id":2,"param_name":"rank_exp","param_value_internal":3.0,"distribution":"{\"name\": \"IntDistribution\", \"attributes\": {\"log\": false, \"step\": 1, \"low\": 0, \"high\": 5}}"}
{"op_code":5,"worker_id":"80835035-ad9c-4b81-a5aa-f2f1c880bd87-140412392566784","trial_id":2,"param_name":"lora_alpha","param_value_internal":16.738757324829884,"distribution":"{\"name\": \"FloatDistribution\", \"attributes\": {\"step\": null, \"low\": 6e-05, \"high\": 200.0, \"log\": true}}"}
{"op_code":5,"worker_id":"80835035-ad9c-4b81-a5aa-f2f1c880bd87-140412392566784","trial_id":2,"param_name":"tau_sec","param_value_internal":0.0,"distribution":"{\"name\": \"FloatDistribution\", \"attributes\": {\"step\": null, \"low\": 0.0, \"high\": 0.0, \"log\": false}}"}
{"op_code":5,"worker_id":"80835035-ad9c-4b81-a5aa-f2f1c880bd87-140412392566784","trial_id":2,"param_name":"out_noise","param_value_internal":0.0,"distribution":"{\"name\": \"FloatDistribution\", \"attributes\": {\"step\": null, \"low\": 0.0, \"high\": 0.0, \"log\": false}}"}
{"op_code":5,"worker_id":"80835035-ad9c-4b81-a5aa-f2f1c880bd87-140412392566784","trial_id":2,"param_name":"ab_weight_scaling_omega","param_value_internal":0.0,"distribution":"{\"name\": \"FloatDistribution\", \"attributes\": {\"step\": null, \"low\": 0.0, \"high\": 0.0, \"log\": false}}"}
{"op_code":5,"worker_id":"80835035-ad9c-4b81-a5aa-f2f1c880bd87-140412392566784","trial_id":2,"param_name":"min_lr_rate","param_value_internal":0.0,"distribution":"{\"name\": \"FloatDistribution\", \"attributes\": {\"step\": null, \"low\": 0.0, \"high\": 0.0, \"log\": false}}"}
{"op_code":7,"worker_id":"80835035-ad9c-4b81-a5aa-f2f1c880bd87-140412392566784","trial_id":2,"step":1,"intermediate_value":11.713143304270252}
{"op_code":8,"worker_id":"80835035-ad9c-4b81-a5aa-f2f1c880bd87-140412392566784","trial_id":2,"user_attr":{"train_loss_epoch_1":1560538815546436.2}}
{"op_code":7,"worker_id":"80835035-ad9c-4b81-a5aa-f2f1c880bd87-140412392566784","trial_id":2,"step":2,"intermediate_value":11.714983796379123}
{"op_code":8,"worker_id":"80835035-ad9c-4b81-a5aa-f2f1c880bd87-140412392566784","trial_id":2,"user_attr":{"train_loss_epoch_2":23618922129726.58}}
{"op_code":7,"worker_id":"80835035-ad9c-4b81-a5aa-f2f1c880bd87-140412392566784","trial_id":2,"step":3,"intermediate_value":11.74252090458911}
{"op_code":8,"worker_id":"80835035-ad9c-4b81-a5aa-f2f1c880bd87-140412392566784","trial_id":2,"user_attr":{"train_loss_epoch_3":15384087469952.223}}
{"op_code":7,"worker_id":"80835035-ad9c-4b81-a5aa-f2f1c880bd87-140412392566784","trial_id":2,"step":4,"intermediate_value":11.74252090458911}
{"op_code":8,"worker_id":"80835035-ad9c-4b81-a5aa-f2f1c880bd87-140412392566784","trial_id":2,"user_attr":{"train_loss_epoch_4":6200479386410.578}}
{"op_code":7,"worker_id":"80835035-ad9c-4b81-a5aa-f2f1c880bd87-140412392566784","trial_id":2,"step":5,"intermediate_value":11.744313610451016}
{"op_code":8,"worker_id":"80835035-ad9c-4b81-a5aa-f2f1c880bd87-140412392566784","trial_id":2,"user_attr":{"train_loss_epoch_5":899337893171.711}}
{"op_code":6,"worker_id":"80835035-ad9c-4b81-a5aa-f2f1c880bd87-140412392566784","trial_id":2,"state":1,"values":[11.744313610451016],"datetime_complete":"2026-02-21T19:42:47.785728"}
{"op_code":4,"worker_id":"80835035-ad9c-4b81-a5aa-f2f1c880bd87-140412392566784","study_id":0,"datetime_start":"2026-02-21T19:42:47.792837"}
{"op_code":5,"worker_id":"80835035-ad9c-4b81-a5aa-f2f1c880bd87-140412392566784","trial_id":3,"param_name":"learning_rate","param_value_internal":0.5538953632301176,"distribution":"{\"name\": \"FloatDistribution\", \"attributes\": {\"step\": null, \"low\": 0.03, \"high\": 10.0, \"log\": true}}"}
{"op_code":5,"worker_id":"80835035-ad9c-4b81-a5aa-f2f1c880bd87-140412392566784","trial_id":3,"param_name":"transfer_lr","param_value_internal":0.12806997123965017,"distribution":"{\"name\": \"FloatDistribution\", \"attributes\": {\"step\": null, \"low\": 4e-06, \"high\": 200.0, \"log\": true}}"}
{"op_code":5,"worker_id":"80835035-ad9c-4b81-a5aa-f2f1c880bd87-140412392566784","trial_id":3,"param_name":"transfer_every","param_value_internal":13468.0,"distribution":"{\"name\": \"IntDistribution\", \"attributes\": {\"log\": true, \"step\": 1, \"low\": 64, \"high\": 35000}}"}
{"op_code":5,"worker_id":"80835035-ad9c-4b81-a5aa-f2f1c880bd87-140412392566784","trial_id":3,"param_name":"rank_exp","param_value_internal":2.0,"distribution":"{\"name\": \"IntDistribution\", \"attributes\": {\"log\": false, \"step\": 1, \"low\": 0, \"high\": 5}}"}
{"op_code":5,"worker_id":"80835035-ad9c-4b81-a5aa-f2f1c880bd87-140412392566784","trial_id":3,"param_name":"lora_alpha","param_value_internal":0.0411374931812819,"distribution":"{\"name\": \"FloatDistribution\", \"attributes\": {\"step\": null, \"low\": 6e-05, \"high\": 200.0, \"log\": true}}"}
{"op_code":5,"worker_id":"80835035-ad9c-4b81-a5aa-f2f1c880bd87-140412392566784","trial_id":3,"param_name":"tau_sec","param_value_internal":0.0,"distribution":"{\"name\": \"FloatDistribution\", \"attributes\": {\"step\": null, \"low\": 0.0, \"high\": 0.0, \"log\": false}}"}
{"op_code":5,"worker_id":"80835035-ad9c-4b81-a5aa-f2f1c880bd87-140412392566784","trial_id":3,"param_name":"out_noise","param_value_internal":0.0,"distribution":"{\"name\": \"FloatDistribution\", \"attributes\": {\"step\": null, \"low\": 0.0, \"high\": 0.0, \"log\": false}}"}
{"op_code":5,"worker_id":"80835035-ad9c-4b81-a5aa-f2f1c880bd87-140412392566784","trial_id":3,"param_name":"ab_weight_scaling_omega","param_value_internal":0.0,"distribution":"{\"name\": \"FloatDistribution\", \"attributes\": {\"step\": null, \"low\": 0.0, \"high\": 0.0, \"log\": false}}"}
{"op_code":5,"worker_id":"80835035-ad9c-4b81-a5aa-f2f1c880bd87-140412392566784","trial_id":3,"param_name":"min_lr_rate","param_value_internal":0.0,"distribution":"{\"name\": \"FloatDistribution\", \"attributes\": {\"step\": null, \"low\": 0.0, \"high\": 0.0, \"log\": false}}"}
{"op_code":7,"worker_id":"80835035-ad9c-4b81-a5aa-f2f1c880bd87-140412392566784","trial_id":3,"step":1,"intermediate_value":0.0}
{"op_code":8,"worker_id":"80835035-ad9c-4b81-a5aa-f2f1c880bd87-140412392566784","trial_id":3,"user_attr":{"train_loss_epoch_1":1298549089541962.0}}
{"op_code":7,"worker_id":"80835035-ad9c-4b81-a5aa-f2f1c880bd87-140412392566784","trial_id":3,"step":2,"intermediate_value":0.0}
{"op_code":8,"worker_id":"80835035-ad9c-4b81-a5aa-f2f1c880bd87-140412392566784","trial_id":3,"user_attr":{"train_loss_epoch_2":526686629250844.44}}
{"op_code":7,"worker_id":"80835035-ad9c-4b81-a5aa-f2f1c880bd87-140412392566784","trial_id":3,"step":3,"intermediate_value":0.0}
{"op_code":8,"worker_id":"80835035-ad9c-4b81-a5aa-f2f1c880bd87-140412392566784","trial_id":3,"user_attr":{"train_loss_epoch_3":273391180806007.47}}
{"op_code":6,"worker_id":"80835035-ad9c-4b81-a5aa-f2f1c880bd87-140412392566784","trial_id":3,"state":1,"values":[0.0],"datetime_complete":"2026-02-21T19:45:26.232929"}
{"op_code":4,"worker_id":"80835035-ad9c-4b81-a5aa-f2f1c880bd87-140412392566784","study_id":0,"datetime_start":"2026-02-21T19:45:26.235585"}
{"op_code":5,"worker_id":"80835035-ad9c-4b81-a5aa-f2f1c880bd87-140412392566784","trial_id":4,"param_name":"learning_rate","param_value_internal":9.65128846509041,"distribution":"{\"name\": \"FloatDistribution\", \"attributes\": {\"step\": null, \"low\": 0.03, \"high\": 10.0, \"log\": true}}"}
{"op_code":5,"worker_id":"80835035-ad9c-4b81-a5aa-f2f1c880bd87-140412392566784","trial_id":4,"param_name":"transfer_lr","param_value_internal":2.6918984676389934,"distribution":"{\"name\": \"FloatDistribution\", \"attributes\": {\"step\": null, \"low\": 4e-06, \"high\": 200.0, \"log\": true}}"}
{"op_code":5,"worker_id":"80835035-ad9c-4b81-a5aa-f2f1c880bd87-140412392566784","trial_id":4,"param_name":"transfer_every","param_value_internal":27667.0,"distribution":"{\"name\": \"IntDistribution\", \"attributes\": {\"log\": true, \"step\": 1, \"low\": 64, \"high\": 35000}}"}
{"op_code":5,"worker_id":"80835035-ad9c-4b81-a5aa-f2f1c880bd87-140412392566784","trial_id":4,"param_name":"rank_exp","param_value_internal":2.0,"distribution":"{\"name\": \"IntDistribution\", \"attributes\": {\"log\": false, \"step\": 1, \"low\": 0, \"high\": 5}}"}
{"op_code":5,"worker_id":"80835035-ad9c-4b81-a5aa-f2f1c880bd87-140412392566784","trial_id":4,"param_name":"lora_alpha","param_value_internal":13.373567230399713,"distribution":"{\"name\": \"FloatDistribution\", \"attributes\": {\"step\": null, \"low\": 6e-05, \"high\": 200.0, \"log\": true}}"}
{"op_code":5,"worker_id":"80835035-ad9c-4b81-a5aa-f2f1c880bd87-140412392566784","trial_id":4,"param_name":"tau_sec","param_value_internal":0.0,"distribution":"{\"name\": \"FloatDistribution\", \"attributes\": {\"step\": null, \"low\": 0.0, \"high\": 0.0, \"log\": false}}"}
{"op_code":5,"worker_id":"80835035-ad9c-4b81-a5aa-f2f1c880bd87-140412392566784","trial_id":4,"param_name":"out_noise","param_value_internal":0.0,"distribution":"{\"name\": \"FloatDistribution\", \"attributes\": {\"step\": null, \"low\": 0.0, \"high\": 0.0, \"log\": false}}"}
{"op_code":5,"worker_id":"80835035-ad9c-4b81-a5aa-f2f1c880bd87-140412392566784","trial_id":4,"param_name":"ab_weight_scaling_omega","param_value_internal":0.0,"distribution":"{\"name\": \"FloatDistribution\", \"attributes\": {\"step\": null, \"low\": 0.0, \"high\": 0.0, \"log\": false}}"}
{"op_code":5,"worker_id":"80835035-ad9c-4b81-a5aa-f2f1c880bd87-140412392566784","trial_id":4,"param_name":"min_lr_rate","param_value_internal":0.0,"distribution":"{\"name\": \"FloatDistribution\", \"attributes\": {\"step\": null, \"low\": 0.0, \"high\": 0.0, \"log\": false}}"}
{"op_code":7,"worker_id":"80835035-ad9c-4b81-a5aa-f2f1c880bd87-140412392566784","trial_id":4,"step":1,"intermediate_value":11.718234944790197}
{"op_code":8,"worker_id":"80835035-ad9c-4b81-a5aa-f2f1c880bd87-140412392566784","trial_id":4,"user_attr":{"train_loss_epoch_1":2.0468250183081366e+17}}
{"op_code":7,"worker_id":"80835035-ad9c-4b81-a5aa-f2f1c880bd87-140412392566784","trial_id":4,"step":2,"intermediate_value":11.718234944790197}
{"op_code":8,"worker_id":"80835035-ad9c-4b81-a5aa-f2f1c880bd87-140412392566784","trial_id":4,"user_attr":{"train_loss_epoch_2":1.5855918313548458e+17}}
{"op_code":7,"worker_id":"80835035-ad9c-4b81-a5aa-f2f1c880bd87-140412392566784","trial_id":4,"step":3,"intermediate_value":11.718234944790197}
{"op_code":8,"worker_id":"80835035-ad9c-4b81-a5aa-f2f1c880bd87-140412392566784","trial_id":4,"user_attr":{"train_loss_epoch_3":8.26719318296232e+16}}
{"op_code":7,"worker_id":"80835035-ad9c-4b81-a5aa-f2f1c880bd87-140412392566784","trial_id":4,"step":4,"intermediate_value":11.718234944790197}
{"op_code":8,"worker_id":"80835035-ad9c-4b81-a5aa-f2f1c880bd87-140412392566784","trial_id":4,"user_attr":{"train_loss_epoch_4":3.155614677679764e+16}}
{"op_code":6,"worker_id":"80835035-ad9c-4b81-a5aa-f2f1c880bd87-140412392566784","trial_id":4,"state":1,"values":[11.718234944790197],"datetime_complete":"2026-02-21T19:47:48.120652"}
{"op_code":4,"worker_id":"80835035-ad9c-4b81-a5aa-f2f1c880bd87-140412392566784","study_id":0,"datetime_start":"2026-02-21T19:47:48.126421"}
{"op_code":5,"worker_id":"80835035-ad9c-4b81-a5aa-f2f1c880bd87-140412392566784","trial_id":5,"param_name":"learning_rate","param_value_internal":0.08486708901159283,"distribution":"{\"name\": \"FloatDistribution\", \"attributes\": {\"step\": null, \"low\": 0.03, \"high\": 10.0, \"log\": true}}"}
{"op_code":5,"worker_id":"80835035-ad9c-4b81-a5aa-f2f1c880bd87-140412392566784","trial_id":5,"param_name":"transfer_lr","param_value_internal":12.029560867559708,"distribution":"{\"name\": \"FloatDistribution\", \"attributes\": {\"step\": null, \"low\": 4e-06, \"high\": 200.0, \"log\": true}}"}
{"op_code":5,"worker_id":"80835035-ad9c-4b81-a5aa-f2f1c880bd87-140412392566784","trial_id":5,"param_name":"transfer_every","param_value_internal":1020.0,"distribution":"{\"name\": \"IntDistribution\", \"attributes\": {\"log\": true, \"step\": 1, \"low\": 64, \"high\": 35000}}"}
{"op_code":5,"worker_id":"80835035-ad9c-4b81-a5aa-f2f1c880bd87-140412392566784","trial_id":5,"param_name":"rank_exp","param_value_internal":0.0,"distribution":"{\"name\": \"IntDistribution\", \"attributes\": {\"log\": false, \"step\": 1, \"low\": 0, \"high\": 5}}"}
{"op_code":5,"worker_id":"80835035-ad9c-4b81-a5aa-f2f1c880bd87-140412392566784","trial_id":5,"param_name":"lora_alpha","param_value_internal":79.41861425201508,"distribution":"{\"name\": \"FloatDistribution\", \"attributes\": {\"step\": null, \"low\": 6e-05, \"high\": 200.0, \"log\": true}}"}
{"op_code":5,"worker_id":"80835035-ad9c-4b81-a5aa-f2f1c880bd87-140412392566784","trial_id":5,"param_name":"tau_sec","param_value_internal":0.0,"distribution":"{\"name\": \"FloatDistribution\", \"attributes\": {\"step\": null, \"low\": 0.0, \"high\": 0.0, \"log\": false}}"}
{"op_code":5,"worker_id":"80835035-ad9c-4b81-a5aa-f2f1c880bd87-140412392566784","trial_id":5,"param_name":"out_noise","param_value_internal":0.0,"distribution":"{\"name\": \"FloatDistribution\", \"attributes\": {\"step\": null, \"low\": 0.0, \"high\": 0.0, \"log\": false}}"}
{"op_code":5,"worker_id":"80835035-ad9c-4b81-a5aa-f2f1c880bd87-140412392566784","trial_id":5,"param_name":"ab_weight_scaling_omega","param_value_internal":0.0,"distribution":"{\"name\": \"FloatDistribution\", \"attributes\": {\"step\": null, \"low\": 0.0, \"high\": 0.0, \"log\": false}}"}
{"op_code":5,"worker_id":"80835035-ad9c-4b81-a5aa-f2f1c880bd87-140412392566784","trial_id":5,"param_name":"min_lr_rate","param_value_internal":0.0,"distribution":"{\"name\": \"FloatDistribution\", \"attributes\": {\"step\": null, \"low\": 0.0, \"high\": 0.0, \"log\": false}}"}
{"op_code":7,"worker_id":"80835035-ad9c-4b81-a5aa-f2f1c880bd87-140412392566784","trial_id":5,"step":1,"intermediate_value":0.0}
{"op_code":8,"worker_id":"80835035-ad9c-4b81-a5aa-f2f1c880bd87-140412392566784","trial_id":5,"user_attr":{"train_loss_epoch_1":1680824795124349.2}}
{"op_code":7,"worker_id":"80835035-ad9c-4b81-a5aa-f2f1c880bd87-140412392566784","trial_id":5,"step":2,"intermediate_value":0.0}
{"op_code":8,"worker_id":"80835035-ad9c-4b81-a5aa-f2f1c880bd87-140412392566784","trial_id":5,"user_attr":{"train_loss_epoch_2":19335432777819.023}}
{"op_code":7,"worker_id":"80835035-ad9c-4b81-a5aa-f2f1c880bd87-140412392566784","trial_id":5,"step":3,"intermediate_value":11.655922802199186}
{"op_code":8,"worker_id":"80835035-ad9c-4b81-a5aa-f2f1c880bd87-140412392566784","trial_id":5,"user_attr":{"train_loss_epoch_3":12348444616673.867}}
{"op_code":7,"worker_id":"80835035-ad9c-4b81-a5aa-f2f1c880bd87-140412392566784","trial_id":5,"step":4,"intermediate_value":11.655922802199186}
{"op_code":8,"worker_id":"80835035-ad9c-4b81-a5aa-f2f1c880bd87-140412392566784","trial_id":5,"user_attr":{"train_loss_epoch_4":4669515116014.578}}
{"op_code":7,"worker_id":"80835035-ad9c-4b81-a5aa-f2f1c880bd87-140412392566784","trial_id":5,"step":5,"intermediate_value":11.742987630889434}
{"op_code":8,"worker_id":"80835035-ad9c-4b81-a5aa-f2f1c880bd87-140412392566784","trial_id":5,"user_attr":{"train_loss_epoch_5":680051517244.2667}}
{"op_code":6,"worker_id":"80835035-ad9c-4b81-a5aa-f2f1c880bd87-140412392566784","trial_id":5,"state":1,"values":[11.742987630889434],"datetime_complete":"2026-02-21T19:51:35.608362"}
{"op_code":4,"worker_id":"80835035-ad9c-4b81-a5aa-f2f1c880bd87-140412392566784","study_id":0,"datetime_start":"2026-02-21T19:51:35.613528"}
{"op_code":5,"worker_id":"80835035-ad9c-4b81-a5aa-f2f1c880bd87-140412392566784","trial_id":6,"param_name":"learning_rate","param_value_internal":1.9667782074640914,"distribution":"{\"name\": \"FloatDistribution\", \"attributes\": {\"step\": null, \"low\": 0.03, \"high\": 10.0, \"log\": true}}"}
{"op_code":5,"worker_id":"80835035-ad9c-4b81-a5aa-f2f1c880bd87-140412392566784","trial_id":6,"param_name":"transfer_lr","param_value_internal":0.03874078533110303,"distribution":"{\"name\": \"FloatDistribution\", \"attributes\": {\"step\": null, \"low\": 4e-06, \"high\": 200.0, \"log\": true}}"}
{"op_code":5,"worker_id":"80835035-ad9c-4b81-a5aa-f2f1c880bd87-140412392566784","trial_id":6,"param_name":"transfer_every","param_value_internal":276.0,"distribution":"{\"name\": \"IntDistribution\", \"attributes\": {\"log\": true, \"step\": 1, \"low\": 64, \"high\": 35000}}"}
{"op_code":5,"worker_id":"80835035-ad9c-4b81-a5aa-f2f1c880bd87-140412392566784","trial_id":6,"param_name":"rank_exp","param_value_internal":3.0,"distribution":"{\"name\": \"IntDistribution\", \"attributes\": {\"log\": false, \"step\": 1, \"low\": 0, \"high\": 5}}"}
{"op_code":5,"worker_id":"80835035-ad9c-4b81-a5aa-f2f1c880bd87-140412392566784","trial_id":6,"param_name":"lora_alpha","param_value_internal":0.02953983341844974,"distribution":"{\"name\": \"FloatDistribution\", \"attributes\": {\"step\": null, \"low\": 6e-05, \"high\": 200.0, \"log\": true}}"}
{"op_code":5,"worker_id":"80835035-ad9c-4b81-a5aa-f2f1c880bd87-140412392566784","trial_id":6,"param_name":"tau_sec","param_value_internal":0.0,"distribution":"{\"name\": \"FloatDistribution\", \"attributes\": {\"step\": null, \"low\": 0.0, \"high\": 0.0, \"log\": false}}"}
{"op_code":5,"worker_id":"80835035-ad9c-4b81-a5aa-f2f1c880bd87-140412392566784","trial_id":6,"param_name":"out_noise","param_value_internal":0.0,"distribution":"{\"name\": \"FloatDistribution\", \"attributes\": {\"step\": null, \"low\": 0.0, \"high\": 0.0, \"log\": false}}"}
{"op_code":5,"worker_id":"80835035-ad9c-4b81-a5aa-f2f1c880bd87-140412392566784","trial_id":6,"param_name":"ab_weight_scaling_omega","param_value_internal":0.0,"distribution":"{\"name\": \"FloatDistribution\", \"attributes\": {\"step\": null, \"low\": 0.0, \"high\": 0.0, \"log\": false}}"}
{"op_code":5,"worker_id":"80835035-ad9c-4b81-a5aa-f2f1c880bd87-140412392566784","trial_id":6,"param_name":"min_lr_rate","param_value_internal":0.0,"distribution":"{\"name\": \"FloatDistribution\", \"attributes\": {\"step\": null, \"low\": 0.0, \"high\": 0.0, \"log\": false}}"}
{"op_code":7,"worker_id":"80835035-ad9c-4b81-a5aa-f2f1c880bd87-140412392566784","trial_id":6,"step":1,"intermediate_value":0.0}
{"op_code":8,"worker_id":"80835035-ad9c-4b81-a5aa-f2f1c880bd87-140412392566784","trial_id":6,"user_attr":{"train_loss_epoch_1":8794989733329852.0}}
{"op_code":7,"worker_id":"80835035-ad9c-4b81-a5aa-f2f1c880bd87-140412392566784","trial_id":6,"step":2,"intermediate_value":0.0}
{"op_code":8,"worker_id":"80835035-ad9c-4b81-a5aa-f2f1c880bd87-140412392566784","trial_id":6,"user_attr":{"train_loss_epoch_2":6583641640883541.0}}
{"op_code":7,"worker_id":"80835035-ad9c-4b81-a5aa-f2f1c880bd87-140412392566784","trial_id":6,"step":3,"intermediate_value":0.0}
{"op_code":8,"worker_id":"80835035-ad9c-4b81-a5aa-f2f1c880bd87-140412392566784","trial_id":6,"user_attr":{"train_loss_epoch_3":3410513803066299.5}}
{"op_code":6,"worker_id":"80835035-ad9c-4b81-a5aa-f2f1c880bd87-140412392566784","trial_id":6,"state":1,"values":[0.0],"datetime_complete":"2026-02-21T19:54:05.102021"}
{"op_code":4,"worker_id":"80835035-ad9c-4b81-a5aa-f2f1c880bd87-140412392566784","study_id":0,"datetime_start":"2026-02-21T19:54:05.106021"}
{"op_code":5,"worker_id":"80835035-ad9c-4b81-a5aa-f2f1c880bd87-140412392566784","trial_id":7,"param_name":"learning_rate","param_value_internal":0.9735750824645103,"distribution":"{\"name\": \"FloatDistribution\", \"attributes\": {\"step\": null, \"low\": 0.03, \"high\": 10.0, \"log\": true}}"}
{"op_code":5,"worker_id":"80835035-ad9c-4b81-a5aa-f2f1c880bd87-140412392566784","trial_id":7,"param_name":"transfer_lr","param_value_internal":0.011632138139648592,"distribution":"{\"name\": \"FloatDistribution\", \"attributes\": {\"step\": null, \"low\": 4e-06, \"high\": 200.0, \"log\": true}}"}
{"op_code":5,"worker_id":"80835035-ad9c-4b81-a5aa-f2f1c880bd87-140412392566784","trial_id":7,"param_name":"transfer_every","param_value_internal":7327.0,"distribution":"{\"name\": \"IntDistribution\", \"attributes\": {\"log\": true, \"step\": 1, \"low\": 64, \"high\": 35000}}"}
{"op_code":5,"worker_id":"80835035-ad9c-4b81-a5aa-f2f1c880bd87-140412392566784","trial_id":7,"param_name":"rank_exp","param_value_internal":2.0,"distribution":"{\"name\": \"IntDistribution\", \"attributes\": {\"log\": false, \"step\": 1, \"low\": 0, \"high\": 5}}"}
{"op_code":5,"worker_id":"80835035-ad9c-4b81-a5aa-f2f1c880bd87-140412392566784","trial_id":7,"param_name":"lora_alpha","param_value_internal":0.005767229087353486,"distribution":"{\"name\": \"FloatDistribution\", \"attributes\": {\"step\": null, \"low\": 6e-05, \"high\": 200.0, \"log\": true}}"}
{"op_code":5,"worker_id":"80835035-ad9c-4b81-a5aa-f2f1c880bd87-140412392566784","trial_id":7,"param_name":"tau_sec","param_value_internal":0.0,"distribution":"{\"name\": \"FloatDistribution\", \"attributes\": {\"step\": null, \"low\": 0.0, \"high\": 0.0, \"log\": false}}"}
{"op_code":5,"worker_id":"80835035-ad9c-4b81-a5aa-f2f1c880bd87-140412392566784","trial_id":7,"param_name":"out_noise","param_value_internal":0.0,"distribution":"{\"name\": \"FloatDistribution\", \"attributes\": {\"step\": null, \"low\": 0.0, \"high\": 0.0, \"log\": false}}"}
{"op_code":5,"worker_id":"80835035-ad9c-4b81-a5aa-f2f1c880bd87-140412392566784","trial_id":7,"param_name":"ab_weight_scaling_omega","param_value_internal":0.0,"distribution":"{\"name\": \"FloatDistribution\", \"attributes\": {\"step\": null, \"low\": 0.0, \"high\": 0.0, \"log\": false}}"}
{"op_code":5,"worker_id":"80835035-ad9c-4b81-a5aa-f2f1c880bd87-140412392566784","trial_id":7,"param_name":"min_lr_rate","param_value_internal":0.0,"distribution":"{\"name\": \"FloatDistribution\", \"attributes\": {\"step\": null, \"low\": 0.0, \"high\": 0.0, \"log\": false}}"}
{"op_code":7,"worker_id":"80835035-ad9c-4b81-a5aa-f2f1c880bd87-140412392566784","trial_id":7,"step":1,"intermediate_value":0.0}
{"op_code":8,"worker_id":"80835035-ad9c-4b81-a5aa-f2f1c880bd87-140412392566784","trial_id":7,"user_attr":{"train_loss_epoch_1":2544547684802014.0}}
{"op_code":7,"worker_id":"80835035-ad9c-4b81-a5aa-f2f1c880bd87-140412392566784","trial_id":7,"step":2,"intermediate_value":0.0}
{"op_code":8,"worker_id":"80835035-ad9c-4b81-a5aa-f2f1c880bd87-140412392566784","trial_id":7,"user_attr":{"train_loss_epoch_2":1616043733330602.8}}
{"op_code":7,"worker_id":"80835035-ad9c-4b81-a5aa-f2f1c880bd87-140412392566784","trial_id":7,"step":3,"intermediate_value":0.0}
{"op_code":8,"worker_id":"80835035-ad9c-4b81-a5aa-f2f1c880bd87-140412392566784","trial_id":7,"user_attr":{"train_loss_epoch_3":837304582726542.2}}
{"op_code":6,"worker_id":"80835035-ad9c-4b81-a5aa-f2f1c880bd87-140412392566784","trial_id":7,"state":1,"values":[0.0],"datetime_complete":"2026-02-21T19:57:05.192465"}
{"op_code":4,"worker_id":"80835035-ad9c-4b81-a5aa-f2f1c880bd87-140412392566784","study_id":0,"datetime_start":"2026-02-21T19:57:05.195491"}
{"op_code":5,"worker_id":"80835035-ad9c-4b81-a5aa-f2f1c880bd87-140412392566784","trial_id":8,"param_name":"learning_rate","param_value_internal":1.5110971795966797,"distribution":"{\"name\": \"FloatDistribution\", \"attributes\": {\"step\": null, \"low\": 0.03, \"high\": 10.0, \"log\": true}}"}
{"op_code":5,"worker_id":"80835035-ad9c-4b81-a5aa-f2f1c880bd87-140412392566784","trial_id":8,"param_name":"transfer_lr","param_value_internal":17.69863744012206,"distribution":"{\"name\": \"FloatDistribution\", \"attributes\": {\"step\": null, \"low\": 4e-06, \"high\": 200.0, \"log\": true}}"}
{"op_code":5,"worker_id":"80835035-ad9c-4b81-a5aa-f2f1c880bd87-140412392566784","trial_id":8,"param_name":"transfer_every","param_value_internal":19617.0,"distribution":"{\"name\": \"IntDistribution\", \"attributes\": {\"log\": true, \"step\": 1, \"low\": 64, \"high\": 35000}}"}
{"op_code":5,"worker_id":"80835035-ad9c-4b81-a5aa-f2f1c880bd87-140412392566784","trial_id":8,"param_name":"rank_exp","param_value_internal":1.0,"distribution":"{\"name\": \"IntDistribution\", \"attributes\": {\"log\": false, \"step\": 1, \"low\": 0, \"high\": 5}}"}
{"op_code":5,"worker_id":"80835035-ad9c-4b81-a5aa-f2f1c880bd87-140412392566784","trial_id":8,"param_name":"lora_alpha","param_value_internal":14.152036508314602,"distribution":"{\"name\": \"FloatDistribution\", \"attributes\": {\"step\": null, \"low\": 6e-05, \"high\": 200.0, \"log\": true}}"}
{"op_code":5,"worker_id":"80835035-ad9c-4b81-a5aa-f2f1c880bd87-140412392566784","trial_id":8,"param_name":"tau_sec","param_value_internal":0.0,"distribution":"{\"name\": \"FloatDistribution\", \"attributes\": {\"step\": null, \"low\": 0.0, \"high\": 0.0, \"log\": false}}"}
{"op_code":5,"worker_id":"80835035-ad9c-4b81-a5aa-f2f1c880bd87-140412392566784","trial_id":8,"param_name":"out_noise","param_value_internal":0.0,"distribution":"{\"name\": \"FloatDistribution\", \"attributes\": {\"step\": null, \"low\": 0.0, \"high\": 0.0, \"log\": false}}"}
{"op_code":5,"worker_id":"80835035-ad9c-4b81-a5aa-f2f1c880bd87-140412392566784","trial_id":8,"param_name":"ab_weight_scaling_omega","param_value_internal":0.0,"distribution":"{\"name\": \"FloatDistribution\", \"attributes\": {\"step\": null, \"low\": 0.0, \"high\": 0.0, \"log\": false}}"}
{"op_code":5,"worker_id":"80835035-ad9c-4b81-a5aa-f2f1c880bd87-140412392566784","trial_id":8,"param_name":"min_lr_rate","param_value_internal":0.0,"distribution":"{\"name\": \"FloatDistribution\", \"attributes\": {\"step\": null, \"low\": 0.0, \"high\": 0.0, \"log\": false}}"}
{"op_code":7,"worker_id":"80835035-ad9c-4b81-a5aa-f2f1c880bd87-140412392566784","trial_id":8,"step":1,"intermediate_value":11.744003467888502}
{"op_code":8,"worker_id":"80835035-ad9c-4b81-a5aa-f2f1c880bd87-140412392566784","trial_id":8,"user_attr":{"train_loss_epoch_1":5599645390040087.0}}
{"op_code":7,"worker_id":"80835035-ad9c-4b81-a5aa-f2f1c880bd87-140412392566784","trial_id":8,"step":2,"intermediate_value":11.744003467888502}
{"op_code":8,"worker_id":"80835035-ad9c-4b81-a5aa-f2f1c880bd87-140412392566784","trial_id":8,"user_attr":{"train_loss_epoch_2":4145343745496769.5}}
{"op_code":7,"worker_id":"80835035-ad9c-4b81-a5aa-f2f1c880bd87-140412392566784","trial_id":8,"step":3,"intermediate_value":11.744003467888502}
{"op_code":8,"worker_id":"80835035-ad9c-4b81-a5aa-f2f1c880bd87-140412392566784","trial_id":8,"user_attr":{"train_loss_epoch_3":2261399099146240.0}}
{"op_code":7,"worker_id":"80835035-ad9c-4b81-a5aa-f2f1c880bd87-140412392566784","trial_id":8,"step":4,"intermediate_value":11.760691379746048}
{"op_code":8,"worker_id":"80835035-ad9c-4b81-a5aa-f2f1c880bd87-140412392566784","trial_id":8,"user_attr":{"train_loss_epoch_4":1011301076330086.4}}
{"op_code":7,"worker_id":"80835035-ad9c-4b81-a5aa-f2f1c880bd87-140412392566784","trial_id":8,"step":5,"intermediate_value":11.763277858397032}
{"op_code":8,"worker_id":"80835035-ad9c-4b81-a5aa-f2f1c880bd87-140412392566784","trial_id":8,"user_attr":{"train_loss_epoch_5":212768318099649.44}}
{"op_code":6,"worker_id":"80835035-ad9c-4b81-a5aa-f2f1c880bd87-140412392566784","trial_id":8,"state":1,"values":[11.763277858397032],"datetime_complete":"2026-02-21T20:01:23.116487"}
{"op_code":4,"worker_id":"80835035-ad9c-4b81-a5aa-f2f1c880bd87-140412392566784","study_id":0,"datetime_start":"2026-02-21T20:01:23.120433"}
{"op_code":5,"worker_id":"80835035-ad9c-4b81-a5aa-f2f1c880bd87-140412392566784","trial_id":9,"param_name":"learning_rate","param_value_internal":2.2455617056273955,"distribution":"{\"name\": \"FloatDistribution\", \"attributes\": {\"step\": null, \"low\": 0.03, \"high\": 10.0, \"log\": true}}"}
{"op_code":5,"worker_id":"80835035-ad9c-4b81-a5aa-f2f1c880bd87-140412392566784","trial_id":9,"param_name":"transfer_lr","param_value_internal":0.09033166934251158,"distribution":"{\"name\": \"FloatDistribution\", \"attributes\": {\"step\": null, \"low\": 4e-06, \"high\": 200.0, \"log\": true}}"}
{"op_code":5,"worker_id":"80835035-ad9c-4b81-a5aa-f2f1c880bd87-140412392566784","trial_id":9,"param_name":"transfer_every","param_value_internal":13472.0,"distribution":"{\"name\": \"IntDistribution\", \"attributes\": {\"log\": true, \"step\": 1, \"low\": 64, \"high\": 35000}}"}
{"op_code":5,"worker_id":"80835035-ad9c-4b81-a5aa-f2f1c880bd87-140412392566784","trial_id":9,"param_name":"rank_exp","param_value_internal":3.0,"distribution":"{\"name\": \"IntDistribution\", \"attributes\": {\"log\": false, \"step\": 1, \"low\": 0, \"high\": 5}}"}
{"op_code":5,"worker_id":"80835035-ad9c-4b81-a5aa-f2f1c880bd87-140412392566784","trial_id":9,"param_name":"lora_alpha","param_value_internal":0.05832881122508757,"distribution":"{\"name\": \"FloatDistribution\", \"attributes\": {\"step\": null, \"low\": 6e-05, \"high\": 200.0, \"log\": true}}"}
{"op_code":5,"worker_id":"80835035-ad9c-4b81-a5aa-f2f1c880bd87-140412392566784","trial_id":9,"param_name":"tau_sec","param_value_internal":0.0,"distribution":"{\"name\": \"FloatDistribution\", \"attributes\": {\"step\": null, \"low\": 0.0, \"high\": 0.0, \"log\": false}}"}
{"op_code":5,"worker_id":"80835035-ad9c-4b81-a5aa-f2f1c880bd87-140412392566784","trial_id":9,"param_name":"out_noise","param_value_internal":0.0,"distribution":"{\"name\": \"FloatDistribution\", \"attributes\": {\"step\": null, \"low\": 0.0, \"high\": 0.0, \"log\": false}}"}
{"op_code":5,"worker_id":"80835035-ad9c-4b81-a5aa-f2f1c880bd87-140412392566784","trial_id":9,"param_name":"ab_weight_scaling_omega","param_value_internal":0.0,"distribution":"{\"name\": \"FloatDistribution\", \"attributes\": {\"step\": null, \"low\": 0.0, \"high\": 0.0, \"log\": false}}"}
{"op_code":5,"worker_id":"80835035-ad9c-4b81-a5aa-f2f1c880bd87-140412392566784","trial_id":9,"param_name":"min_lr_rate","param_value_internal":0.0,"distribution":"{\"name\": \"FloatDistribution\", \"attributes\": {\"step\": null, \"low\": 0.0, \"high\": 0.0, \"log\": false}}"}
{"op_code":7,"worker_id":"80835035-ad9c-4b81-a5aa-f2f1c880bd87-140412392566784","trial_id":9,"step":1,"intermediate_value":0.0}
{"op_code":8,"worker_id":"80835035-ad9c-4b81-a5aa-f2f1c880bd87-140412392566784","trial_id":9,"user_attr":{"train_loss_epoch_1":1.1794310286634006e+16}}
{"op_code":7,"worker_id":"80835035-ad9c-4b81-a5aa-f2f1c880bd87-140412392566784","trial_id":9,"step":2,"intermediate_value":0.0}
{"op_code":8,"worker_id":"80835035-ad9c-4b81-a5aa-f2f1c880bd87-140412392566784","trial_id":9,"user_attr":{"train_loss_epoch_2":9029727512480972.0}}
{"op_code":7,"worker_id":"80835035-ad9c-4b81-a5aa-f2f1c880bd87-140412392566784","trial_id":9,"step":3,"intermediate_value":0.0}
{"op_code":8,"worker_id":"80835035-ad9c-4b81-a5aa-f2f1c880bd87-140412392566784","trial_id":9,"user_attr":{"train_loss_epoch_3":4937246131256616.0}}
{"op_code":6,"worker_id":"80835035-ad9c-4b81-a5aa-f2f1c880bd87-140412392566784","trial_id":9,"state":1,"values":[0.0],"datetime_complete":"2026-02-21T20:04:56.186152"}
{"op_code":4,"worker_id":"80835035-ad9c-4b81-a5aa-f2f1c880bd87-140412392566784","study_id":0,"datetime_start":"2026-02-21T20:04:56.190428"}
{"op_code":5,"worker_id":"80835035-ad9c-4b81-a5aa-f2f1c880bd87-140412392566784","trial_id":10,"param_name":"learning_rate","param_value_internal":10.0,"distribution":"{\"name\": \"FloatDistribution\", \"attributes\": {\"step\": null, \"low\": 0.03, \"high\": 10.0, \"log\": true}}"}
{"op_code":5,"worker_id":"80835035-ad9c-4b81-a5aa-f2f1c880bd87-140412392566784","trial_id":10,"param_name":"transfer_lr","param_value_internal":6.741241526019028,"distribution":"{\"name\": \"FloatDistribution\", \"attributes\": {\"step\": null, \"low\": 4e-06, \"high\": 200.0, \"log\": true}}"}
{"op_code":5,"worker_id":"80835035-ad9c-4b81-a5aa-f2f1c880bd87-140412392566784","trial_id":10,"param_name":"transfer_every","param_value_internal":64.0,"distribution":"{\"name\": \"IntDistribution\", \"attributes\": {\"log\": true, \"step\": 1, \"low\": 64, \"high\": 35000}}"}
{"op_code":5,"worker_id":"80835035-ad9c-4b81-a5aa-f2f1c880bd87-140412392566784","trial_id":10,"param_name":"rank_exp","param_value_internal":5.0,"distribution":"{\"name\": \"IntDistribution\", \"attributes\": {\"log\": false, \"step\": 1, \"low\": 0, \"high\": 5}}"}
{"op_code":5,"worker_id":"80835035-ad9c-4b81-a5aa-f2f1c880bd87-140412392566784","trial_id":10,"param_name":"lora_alpha","param_value_internal":181.00043020890644,"distribution":"{\"name\": \"FloatDistribution\", \"attributes\": {\"step\": null, \"low\": 6e-05, \"high\": 200.0, \"log\": true}}"}
{"op_code":5,"worker_id":"80835035-ad9c-4b81-a5aa-f2f1c880bd87-140412392566784","trial_id":10,"param_name":"tau_sec","param_value_internal":0.0,"distribution":"{\"name\": \"FloatDistribution\", \"attributes\": {\"step\": null, \"low\": 0.0, \"high\": 0.0, \"log\": false}}"}
{"op_code":5,"worker_id":"80835035-ad9c-4b81-a5aa-f2f1c880bd87-140412392566784","trial_id":10,"param_name":"out_noise","param_value_internal":0.0,"distribution":"{\"name\": \"FloatDistribution\", \"attributes\": {\"step\": null, \"low\": 0.0, \"high\": 0.0, \"log\": false}}"}
{"op_code":5,"worker_id":"80835035-ad9c-4b81-a5aa-f2f1c880bd87-140412392566784","trial_id":10,"param_name":"ab_weight_scaling_omega","param_value_internal":0.0,"distribution":"{\"name\": \"FloatDistribution\", \"attributes\": {\"step\": null, \"low\": 0.0, \"high\": 0.0, \"log\": false}}"}
{"op_code":5,"worker_id":"80835035-ad9c-4b81-a5aa-f2f1c880bd87-140412392566784","trial_id":10,"param_name":"min_lr_rate","param_value_internal":0.0,"distribution":"{\"name\": \"FloatDistribution\", \"attributes\": {\"step\": null, \"low\": 0.0, \"high\": 0.0, \"log\": false}}"}
{"op_code":7,"worker_id":"80835035-ad9c-4b81-a5aa-f2f1c880bd87-140412392566784","trial_id":10,"step":1,"intermediate_value":11.641895568332021}
{"op_code":8,"worker_id":"80835035-ad9c-4b81-a5aa-f2f1c880bd87-140412392566784","trial_id":10,"user_attr":{"train_loss_epoch_1":2.1829692475218038e+17}}
{"op_code":7,"worker_id":"80835035-ad9c-4b81-a5aa-f2f1c880bd87-140412392566784","trial_id":10,"step":2,"intermediate_value":11.785517731376483}
{"op_code":8,"worker_id":"80835035-ad9c-4b81-a5aa-f2f1c880bd87-140412392566784","trial_id":10,"user_attr":{"train_loss_epoch_2":1.690391721072336e+17}}
{"op_code":7,"worker_id":"80835035-ad9c-4b81-a5aa-f2f1c880bd87-140412392566784","trial_id":10,"step":3,"intermediate_value":11.785517731376483}
{"op_code":8,"worker_id":"80835035-ad9c-4b81-a5aa-f2f1c880bd87-140412392566784","trial_id":10,"user_attr":{"train_loss_epoch_3":8.773599204737024e+16}}
{"op_code":7,"worker_id":"80835035-ad9c-4b81-a5aa-f2f1c880bd87-140412392566784","trial_id":10,"step":4,"intermediate_value":11.785517731376483}
{"op_code":8,"worker_id":"80835035-ad9c-4b81-a5aa-f2f1c880bd87-140412392566784","trial_id":10,"user_attr":{"train_loss_epoch_4":3.3717525186836344e+16}}
{"op_code":7,"worker_id":"80835035-ad9c-4b81-a5aa-f2f1c880bd87-140412392566784","trial_id":10,"step":5,"intermediate_value":11.785517731376483}
{"op_code":8,"worker_id":"80835035-ad9c-4b81-a5aa-f2f1c880bd87-140412392566784","trial_id":10,"user_attr":{"train_loss_epoch_5":5817661887894869.0}}
{"op_code":6,"worker_id":"80835035-ad9c-4b81-a5aa-f2f1c880bd87-140412392566784","trial_id":10,"state":1,"values":[11.785517731376483],"datetime_complete":"2026-02-21T20:09:26.044299"}
{"op_code":4,"worker_id":"80835035-ad9c-4b81-a5aa-f2f1c880bd87-140412392566784","study_id":0,"datetime_start":"2026-02-21T20:09:26.047808"}
{"op_code":5,"worker_id":"80835035-ad9c-4b81-a5aa-f2f1c880bd87-140412392566784","trial_id":11,"param_name":"learning_rate","param_value_internal":0.030836560790747296,"distribution":"{\"name\": \"FloatDistribution\", \"attributes\": {\"step\": null, \"low\": 0.03, \"high\": 10.0, \"log\": true}}"}
{"op_code":5,"worker_id":"80835035-ad9c-4b81-a5aa-f2f1c880bd87-140412392566784","trial_id":11,"param_name":"transfer_lr","param_value_internal":191.00117273476474,"distribution":"{\"name\": \"FloatDistribution\", \"attributes\": {\"step\": null, \"low\": 4e-06, \"high\": 200.0, \"log\": true}}"}
{"op_code":5,"worker_id":"80835035-ad9c-4b81-a5aa-f2f1c880bd87-140412392566784","trial_id":11,"param_name":"transfer_every","param_value_internal":64.0,"distribution":"{\"name\": \"IntDistribution\", \"attributes\": {\"log\": true, \"step\": 1, \"low\": 64, \"high\": 35000}}"}
{"op_code":5,"worker_id":"80835035-ad9c-4b81-a5aa-f2f1c880bd87-140412392566784","trial_id":11,"param_name":"rank_exp","param_value_internal":5.0,"distribution":"{\"name\": \"IntDistribution\", \"attributes\": {\"log\": false, \"step\": 1, \"low\": 0, \"high\": 5}}"}
{"op_code":5,"worker_id":"80835035-ad9c-4b81-a5aa-f2f1c880bd87-140412392566784","trial_id":11,"param_name":"lora_alpha","param_value_internal":4.719232267984476,"distribution":"{\"name\": \"FloatDistribution\", \"attributes\": {\"step\": null, \"low\": 6e-05, \"high\": 200.0, \"log\": true}}"}
{"op_code":5,"worker_id":"80835035-ad9c-4b81-a5aa-f2f1c880bd87-140412392566784","trial_id":11,"param_name":"tau_sec","param_value_internal":0.0,"distribution":"{\"name\": \"FloatDistribution\", \"attributes\": {\"step\": null, \"low\": 0.0, \"high\": 0.0, \"log\": false}}"}
{"op_code":5,"worker_id":"80835035-ad9c-4b81-a5aa-f2f1c880bd87-140412392566784","trial_id":11,"param_name":"out_noise","param_value_internal":0.0,"distribution":"{\"name\": \"FloatDistribution\", \"attributes\": {\"step\": null, \"low\": 0.0, \"high\": 0.0, \"log\": false}}"}
{"op_code":5,"worker_id":"80835035-ad9c-4b81-a5aa-f2f1c880bd87-140412392566784","trial_id":11,"param_name":"ab_weight_scaling_omega","param_value_internal":0.0,"distribution":"{\"name\": \"FloatDistribution\", \"attributes\": {\"step\": null, \"low\": 0.0, \"high\": 0.0, \"log\": false}}"}
{"op_code":5,"worker_id":"80835035-ad9c-4b81-a5aa-f2f1c880bd87-140412392566784","trial_id":11,"param_name":"min_lr_rate","param_value_internal":0.0,"distribution":"{\"name\": \"FloatDistribution\", \"attributes\": {\"step\": null, \"low\": 0.0, \"high\": 0.0, \"log\": false}}"}
{"op_code":7,"worker_id":"80835035-ad9c-4b81-a5aa-f2f1c880bd87-140412392566784","trial_id":11,"step":1,"intermediate_value":11.685531007659185}
{"op_code":8,"worker_id":"80835035-ad9c-4b81-a5aa-f2f1c880bd87-140412392566784","trial_id":11,"user_attr":{"train_loss_epoch_1":2830638280464011.0}}
{"op_code":7,"worker_id":"80835035-ad9c-4b81-a5aa-f2f1c880bd87-140412392566784","trial_id":11,"step":2,"intermediate_value":11.685531007659185}
{"op_code":8,"worker_id":"80835035-ad9c-4b81-a5aa-f2f1c880bd87-140412392566784","trial_id":11,"user_attr":{"train_loss_epoch_2":3181755994540.747}}
{"op_code":7,"worker_id":"80835035-ad9c-4b81-a5aa-f2f1c880bd87-140412392566784","trial_id":11,"step":3,"intermediate_value":11.77084690275969}
{"op_code":8,"worker_id":"80835035-ad9c-4b81-a5aa-f2f1c880bd87-140412392566784","trial_id":11,"user_attr":{"train_loss_epoch_3":1631115011372.2666}}
{"op_code":7,"worker_id":"80835035-ad9c-4b81-a5aa-f2f1c880bd87-140412392566784","trial_id":11,"step":4,"intermediate_value":11.77084690275969}
{"op_code":8,"worker_id":"80835035-ad9c-4b81-a5aa-f2f1c880bd87-140412392566784","trial_id":11,"user_attr":{"train_loss_epoch_4":603391762555.35}}
{"op_code":7,"worker_id":"80835035-ad9c-4b81-a5aa-f2f1c880bd87-140412392566784","trial_id":11,"step":5,"intermediate_value":11.77084690275969}
{"op_code":8,"worker_id":"80835035-ad9c-4b81-a5aa-f2f1c880bd87-140412392566784","trial_id":11,"user_attr":{"train_loss_epoch_5":87697148327.75278}}
{"op_code":6,"worker_id":"80835035-ad9c-4b81-a5aa-f2f1c880bd87-140412392566784","trial_id":11,"state":1,"values":[11.77084690275969],"datetime_complete":"2026-02-21T20:12:48.970341"}
{"op_code":4,"worker_id":"80835035-ad9c-4b81-a5aa-f2f1c880bd87-140412392566784","study_id":0,"datetime_start":"2026-02-21T20:12:48.972651"}
{"op_code":5,"worker_id":"80835035-ad9c-4b81-a5aa-f2f1c880bd87-140412392566784","trial_id":12,"param_name":"learning_rate","param_value_internal":10.0,"distribution":"{\"name\": \"FloatDistribution\", \"attributes\": {\"step\": null, \"low\": 0.03, \"high\": 10.0, \"log\": true}}"}
{"op_code":5,"worker_id":"80835035-ad9c-4b81-a5aa-f2f1c880bd87-140412392566784","trial_id":12,"param_name":"transfer_lr","param_value_internal":1.7309738273183452e-05,"distribution":"{\"name\": \"FloatDistribution\", \"attributes\": {\"step\": null, \"low\": 4e-06, \"high\": 200.0, \"log\": true}}"}
{"op_code":5,"worker_id":"80835035-ad9c-4b81-a5aa-f2f1c880bd87-140412392566784","trial_id":12,"param_name":"transfer_every","param_value_internal":64.0,"distribution":"{\"name\": \"IntDistribution\", \"attributes\": {\"log\": true, \"step\": 1, \"low\": 64, \"high\": 35000}}"}
{"op_code":5,"worker_id":"80835035-ad9c-4b81-a5aa-f2f1c880bd87-140412392566784","trial_id":12,"param_name":"rank_exp","param_value_internal":5.0,"distribution":"{\"name\": \"IntDistribution\", \"attributes\": {\"log\": false, \"step\": 1, \"low\": 0, \"high\": 5}}"}
{"op_code":5,"worker_id":"80835035-ad9c-4b81-a5aa-f2f1c880bd87-140412392566784","trial_id":12,"param_name":"lora_alpha","param_value_internal":181.00043020890644,"distribution":"{\"name\": \"FloatDistribution\", \"attributes\": {\"step\": null, \"low\": 6e-05, \"high\": 200.0, \"log\": true}}"}
{"op_code":5,"worker_id":"80835035-ad9c-4b81-a5aa-f2f1c880bd87-140412392566784","trial_id":12,"param_name":"tau_sec","param_value_internal":0.0,"distribution":"{\"name\": \"FloatDistribution\", \"attributes\": {\"step\": null, \"low\": 0.0, \"high\": 0.0, \"log\": false}}"}
{"op_code":5,"worker_id":"80835035-ad9c-4b81-a5aa-f2f1c880bd87-140412392566784","trial_id":12,"param_name":"out_noise","param_value_internal":0.0,"distribution":"{\"name\": \"FloatDistribution\", \"attributes\": {\"step\": null, \"low\": 0.0, \"high\": 0.0, \"log\": false}}"}
{"op_code":5,"worker_id":"80835035-ad9c-4b81-a5aa-f2f1c880bd87-140412392566784","trial_id":12,"param_name":"ab_weight_scaling_omega","param_value_internal":0.0,"distribution":"{\"name\": \"FloatDistribution\", \"attributes\": {\"step\": null, \"low\": 0.0, \"high\": 0.0, \"log\": false}}"}
{"op_code":5,"worker_id":"80835035-ad9c-4b81-a5aa-f2f1c880bd87-140412392566784","trial_id":12,"param_name":"min_lr_rate","param_value_internal":0.0,"distribution":"{\"name\": \"FloatDistribution\", \"attributes\": {\"step\": null, \"low\": 0.0, \"high\": 0.0, \"log\": false}}"}
{"op_code":7,"worker_id":"80835035-ad9c-4b81-a5aa-f2f1c880bd87-140412392566784","trial_id":12,"step":1,"intermediate_value":11.796790692882709}
{"op_code":8,"worker_id":"80835035-ad9c-4b81-a5aa-f2f1c880bd87-140412392566784","trial_id":12,"user_attr":{"train_loss_epoch_1":2.196022593915337e+17}}
{"op_code":7,"worker_id":"80835035-ad9c-4b81-a5aa-f2f1c880bd87-140412392566784","trial_id":12,"step":2,"intermediate_value":11.796790692882709}
{"op_code":8,"worker_id":"80835035-ad9c-4b81-a5aa-f2f1c880bd87-140412392566784","trial_id":12,"user_attr":{"train_loss_epoch_2":1.6945395246544688e+17}}
{"op_code":7,"worker_id":"80835035-ad9c-4b81-a5aa-f2f1c880bd87-140412392566784","trial_id":12,"step":3,"intermediate_value":11.796790692882709}
{"op_code":8,"worker_id":"80835035-ad9c-4b81-a5aa-f2f1c880bd87-140412392566784","trial_id":12,"user_attr":{"train_loss_epoch_3":8.826621687925454e+16}}
{"op_code":7,"worker_id":"80835035-ad9c-4b81-a5aa-f2f1c880bd87-140412392566784","trial_id":12,"step":4,"intermediate_value":11.796790692882709}
{"op_code":8,"worker_id":"80835035-ad9c-4b81-a5aa-f2f1c880bd87-140412392566784","trial_id":12,"user_attr":{"train_loss_epoch_4":3.3511955924732404e+16}}
{"op_code":6,"worker_id":"80835035-ad9c-4b81-a5aa-f2f1c880bd87-140412392566784","trial_id":12,"state":1,"values":[11.796790692882709],"datetime_complete":"2026-02-21T20:15:30.698848"}
{"op_code":4,"worker_id":"80835035-ad9c-4b81-a5aa-f2f1c880bd87-140412392566784","study_id":0,"datetime_start":"2026-02-21T20:15:30.701714"}
{"op_code":5,"worker_id":"80835035-ad9c-4b81-a5aa-f2f1c880bd87-140412392566784","trial_id":13,"param_name":"learning_rate","param_value_internal":0.030836560790747296,"distribution":"{\"name\": \"FloatDistribution\", \"attributes\": {\"step\": null, \"low\": 0.03, \"high\": 10.0, \"log\": true}}"}
{"op_code":5,"worker_id":"80835035-ad9c-4b81-a5aa-f2f1c880bd87-140412392566784","trial_id":13,"param_name":"transfer_lr","param_value_internal":4e-06,"distribution":"{\"name\": \"FloatDistribution\", \"attributes\": {\"step\": null, \"low\": 4e-06, \"high\": 200.0, \"log\": true}}"}
{"op_code":5,"worker_id":"80835035-ad9c-4b81-a5aa-f2f1c880bd87-140412392566784","trial_id":13,"param_name":"transfer_every","param_value_internal":35000.0,"distribution":"{\"name\": \"IntDistribution\", \"attributes\": {\"log\": true, \"step\": 1, \"low\": 64, \"high\": 35000}}"}
{"op_code":5,"worker_id":"80835035-ad9c-4b81-a5aa-f2f1c880bd87-140412392566784","trial_id":13,"param_name":"rank_exp","param_value_internal":5.0,"distribution":"{\"name\": \"IntDistribution\", \"attributes\": {\"log\": false, \"step\": 1, \"low\": 0, \"high\": 5}}"}
{"op_code":5,"worker_id":"80835035-ad9c-4b81-a5aa-f2f1c880bd87-140412392566784","trial_id":13,"param_name":"lora_alpha","param_value_internal":3.2693816677701886,"distribution":"{\"name\": \"FloatDistribution\", \"attributes\": {\"step\": null, \"low\": 6e-05, \"high\": 200.0, \"log\": true}}"}
{"op_code":5,"worker_id":"80835035-ad9c-4b81-a5aa-f2f1c880bd87-140412392566784","trial_id":13,"param_name":"tau_sec","param_value_internal":0.0,"distribution":"{\"name\": \"FloatDistribution\", \"attributes\": {\"step\": null, \"low\": 0.0, \"high\": 0.0, \"log\": false}}"}
{"op_code":5,"worker_id":"80835035-ad9c-4b81-a5aa-f2f1c880bd87-140412392566784","trial_id":13,"param_name":"out_noise","param_value_internal":0.0,"distribution":"{\"name\": \"FloatDistribution\", \"attributes\": {\"step\": null, \"low\": 0.0, \"high\": 0.0, \"log\": false}}"}
{"op_code":5,"worker_id":"80835035-ad9c-4b81-a5aa-f2f1c880bd87-140412392566784","trial_id":13,"param_name":"ab_weight_scaling_omega","param_value_internal":0.0,"distribution":"{\"name\": \"FloatDistribution\", \"attributes\": {\"step\": null, \"low\": 0.0, \"high\": 0.0, \"log\": false}}"}
{"op_code":5,"worker_id":"80835035-ad9c-4b81-a5aa-f2f1c880bd87-140412392566784","trial_id":13,"param_name":"min_lr_rate","param_value_internal":0.0,"distribution":"{\"name\": \"FloatDistribution\", \"attributes\": {\"step\": null, \"low\": 0.0, \"high\": 0.0, \"log\": false}}"}
{"op_code":7,"worker_id":"80835035-ad9c-4b81-a5aa-f2f1c880bd87-140412392566784","trial_id":13,"step":1,"intermediate_value":11.71077390761942}
{"op_code":8,"worker_id":"80835035-ad9c-4b81-a5aa-f2f1c880bd87-140412392566784","trial_id":13,"user_attr":{"train_loss_epoch_1":2832336616118519.5}}
{"op_code":7,"worker_id":"80835035-ad9c-4b81-a5aa-f2f1c880bd87-140412392566784","trial_id":13,"step":2,"intermediate_value":11.71077390761942}
{"op_code":8,"worker_id":"80835035-ad9c-4b81-a5aa-f2f1c880bd87-140412392566784","trial_id":13,"user_attr":{"train_loss_epoch_2":3167780195650.4775}}
{"op_code":7,"worker_id":"80835035-ad9c-4b81-a5aa-f2f1c880bd87-140412392566784","trial_id":13,"step":3,"intermediate_value":11.740468511475294}
{"op_code":8,"worker_id":"80835035-ad9c-4b81-a5aa-f2f1c880bd87-140412392566784","trial_id":13,"user_attr":{"train_loss_epoch_3":1638519133552.3}}
{"op_code":7,"worker_id":"80835035-ad9c-4b81-a5aa-f2f1c880bd87-140412392566784","trial_id":13,"step":4,"intermediate_value":11.740468511475294}
{"op_code":8,"worker_id":"80835035-ad9c-4b81-a5aa-f2f1c880bd87-140412392566784","trial_id":13,"user_attr":{"train_loss_epoch_4":601861420249.7167}}
{"op_code":7,"worker_id":"80835035-ad9c-4b81-a5aa-f2f1c880bd87-140412392566784","trial_id":13,"step":5,"intermediate_value":11.775683738833557}
{"op_code":8,"worker_id":"80835035-ad9c-4b81-a5aa-f2f1c880bd87-140412392566784","trial_id":13,"user_attr":{"train_loss_epoch_5":87707573343.65834}}
{"op_code":6,"worker_id":"80835035-ad9c-4b81-a5aa-f2f1c880bd87-140412392566784","trial_id":13,"state":1,"values":[11.775683738833557],"datetime_complete":"2026-02-21T20:18:36.527891"}
{"op_code":4,"worker_id":"80835035-ad9c-4b81-a5aa-f2f1c880bd87-140412392566784","study_id":0,"datetime_start":"2026-02-21T20:18:36.529963"}
{"op_code":5,"worker_id":"80835035-ad9c-4b81-a5aa-f2f1c880bd87-140412392566784","trial_id":14,"param_name":"learning_rate","param_value_internal":10.0,"distribution":"{\"name\": \"FloatDistribution\", \"attributes\": {\"step\": null, \"low\": 0.03, \"high\": 10.0, \"log\": true}}"}
{"op_code":5,"worker_id":"80835035-ad9c-4b81-a5aa-f2f1c880bd87-140412392566784","trial_id":14,"param_name":"transfer_lr","param_value_internal":4e-06,"distribution":"{\"name\": \"FloatDistribution\", \"attributes\": {\"step\": null, \"low\": 4e-06, \"high\": 200.0, \"log\": true}}"}
{"op_code":5,"worker_id":"80835035-ad9c-4b81-a5aa-f2f1c880bd87-140412392566784","trial_id":14,"param_name":"transfer_every","param_value_internal":64.0,"distribution":"{\"name\": \"IntDistribution\", \"attributes\": {\"log\": true, \"step\": 1, \"low\": 64, \"high\": 35000}}"}
{"op_code":5,"worker_id":"80835035-ad9c-4b81-a5aa-f2f1c880bd87-140412392566784","trial_id":14,"param_name":"rank_exp","param_value_internal":0.0,"distribution":"{\"name\": \"IntDistribution\", \"attributes\": {\"log\": false, \"step\": 1, \"low\": 0, \"high\": 5}}"}
{"op_code":5,"worker_id":"80835035-ad9c-4b81-a5aa-f2f1c880bd87-140412392566784","trial_id":14,"param_name":"lora_alpha","param_value_internal":2.985653883183147,"distribution":"{\"name\": \"FloatDistribution\", \"attributes\": {\"step\": null, \"low\": 6e-05, \"high\": 200.0, \"log\": true}}"}
{"op_code":5,"worker_id":"80835035-ad9c-4b81-a5aa-f2f1c880bd87-140412392566784","trial_id":14,"param_name":"tau_sec","param_value_internal":0.0,"distribution":"{\"name\": \"FloatDistribution\", \"attributes\": {\"step\": null, \"low\": 0.0, \"high\": 0.0, \"log\": false}}"}
{"op_code":5,"worker_id":"80835035-ad9c-4b81-a5aa-f2f1c880bd87-140412392566784","trial_id":14,"param_name":"out_noise","param_value_internal":0.0,"distribution":"{\"name\": \"FloatDistribution\", \"attributes\": {\"step\": null, \"low\": 0.0, \"high\": 0.0, \"log\": false}}"}
{"op_code":5,"worker_id":"80835035-ad9c-4b81-a5aa-f2f1c880bd87-140412392566784","trial_id":14,"param_name":"ab_weight_scaling_omega","param_value_internal":0.0,"distribution":"{\"name\": \"FloatDistribution\", \"attributes\": {\"step\": null, \"low\": 0.0, \"high\": 0.0, \"log\": false}}"}
{"op_code":5,"worker_id":"80835035-ad9c-4b81-a5aa-f2f1c880bd87-140412392566784","trial_id":14,"param_name":"min_lr_rate","param_value_internal":0.0,"distribution":"{\"name\": \"FloatDistribution\", \"attributes\": {\"step\": null, \"low\": 0.0, \"high\": 0.0, \"log\": false}}"}
{"op_code":7,"worker_id":"80835035-ad9c-4b81-a5aa-f2f1c880bd87-140412392566784","trial_id":14,"step":1,"intermediate_value":11.792502789571522}
{"op_code":8,"worker_id":"80835035-ad9c-4b81-a5aa-f2f1c880bd87-140412392566784","trial_id":14,"user_attr":{"train_loss_epoch_1":2.1945810544623034e+17}}
{"op_code":7,"worker_id":"80835035-ad9c-4b81-a5aa-f2f1c880bd87-140412392566784","trial_id":14,"step":2,"intermediate_value":11.792502789571522}
{"op_code":8,"worker_id":"80835035-ad9c-4b81-a5aa-f2f1c880bd87-140412392566784","trial_id":14,"user_attr":{"train_loss_epoch_2":1.69790056944626e+17}}
{"op_code":7,"worker_id":"80835035-ad9c-4b81-a5aa-f2f1c880bd87-140412392566784","trial_id":14,"step":3,"intermediate_value":11.792502789571522}
{"op_code":8,"worker_id":"80835035-ad9c-4b81-a5aa-f2f1c880bd87-140412392566784","trial_id":14,"user_attr":{"train_loss_epoch_3":8.781941558325339e+16}}
{"op_code":7,"worker_id":"80835035-ad9c-4b81-a5aa-f2f1c880bd87-140412392566784","trial_id":14,"step":4,"intermediate_value":11.792502789571522}
{"op_code":8,"worker_id":"80835035-ad9c-4b81-a5aa-f2f1c880bd87-140412392566784","trial_id":14,"user_attr":{"train_loss_epoch_4":3.342340624397253e+16}}
{"op_code":6,"worker_id":"80835035-ad9c-4b81-a5aa-f2f1c880bd87-140412392566784","trial_id":14,"state":1,"values":[11.792502789571522],"datetime_complete":"2026-02-21T20:21:48.628380"}
{"op_code":4,"worker_id":"80835035-ad9c-4b81-a5aa-f2f1c880bd87-140412392566784","study_id":0,"datetime_start":"2026-02-21T20:21:48.630763"}
{"op_code":5,"worker_id":"80835035-ad9c-4b81-a5aa-f2f1c880bd87-140412392566784","trial_id":15,"param_name":"learning_rate","param_value_internal":10.0,"distribution":"{\"name\": \"FloatDistribution\", \"attributes\": {\"step\": null, \"low\": 0.03, \"high\": 10.0, \"log\": true}}"}
{"op_code":5,"worker_id":"80835035-ad9c-4b81-a5aa-f2f1c880bd87-140412392566784","trial_id":15,"param_name":"transfer_lr","param_value_internal":191.00117273476474,"distribution":"{\"name\": \"FloatDistribution\", \"attributes\": {\"step\": null, \"low\": 4e-06, \"high\": 200.0, \"log\": true}}"}
{"op_code":5,"worker_id":"80835035-ad9c-4b81-a5aa-f2f1c880bd87-140412392566784","trial_id":15,"param_name":"transfer_every","param_value_internal":64.0,"distribution":"{\"name\": \"IntDistribution\", \"attributes\": {\"log\": true, \"step\": 1, \"low\": 64, \"high\": 35000}}"}
{"op_code":5,"worker_id":"80835035-ad9c-4b81-a5aa-f2f1c880bd87-140412392566784","trial_id":15,"param_name":"rank_exp","param_value_internal":5.0,"distribution":"{\"name\": \"IntDistribution\", \"attributes\": {\"log\": false, \"step\": 1, \"low\": 0, \"high\": 5}}"}
{"op_code":5,"worker_id":"80835035-ad9c-4b81-a5aa-f2f1c880bd87-140412392566784","trial_id":15,"param_name":"lora_alpha","param_value_internal":6e-05,"distribution":"{\"name\": \"FloatDistribution\", \"attributes\": {\"step\": null, \"low\": 6e-05, \"high\": 200.0, \"log\": true}}"}
{"op_code":5,"worker_id":"80835035-ad9c-4b81-a5aa-f2f1c880bd87-140412392566784","trial_id":15,"param_name":"tau_sec","param_value_internal":0.0,"distribution":"{\"name\": \"FloatDistribution\", \"attributes\": {\"step\": null, \"low\": 0.0, \"high\": 0.0, \"log\": false}}"}
{"op_code":5,"worker_id":"80835035-ad9c-4b81-a5aa-f2f1c880bd87-140412392566784","trial_id":15,"param_name":"out_noise","param_value_internal":0.0,"distribution":"{\"name\": \"FloatDistribution\", \"attributes\": {\"step\": null, \"low\": 0.0, \"high\": 0.0, \"log\": false}}"}
{"op_code":5,"worker_id":"80835035-ad9c-4b81-a5aa-f2f1c880bd87-140412392566784","trial_id":15,"param_name":"ab_weight_scaling_omega","param_value_internal":0.0,"distribution":"{\"name\": \"FloatDistribution\", \"attributes\": {\"step\": null, \"low\": 0.0, \"high\": 0.0, \"log\": false}}"}
{"op_code":5,"worker_id":"80835035-ad9c-4b81-a5aa-f2f1c880bd87-140412392566784","trial_id":15,"param_name":"min_lr_rate","param_value_internal":0.0,"distribution":"{\"name\": \"FloatDistribution\", \"attributes\": {\"step\": null, \"low\": 0.0, \"high\": 0.0, \"log\": false}}"}
{"op_code":7,"worker_id":"80835035-ad9c-4b81-a5aa-f2f1c880bd87-140412392566784","trial_id":15,"step":1,"intermediate_value":11.639405353092577}
{"op_code":8,"worker_id":"80835035-ad9c-4b81-a5aa-f2f1c880bd87-140412392566784","trial_id":15,"user_attr":{"train_loss_epoch_1":2.1957640755542026e+17}}
{"op_code":7,"worker_id":"80835035-ad9c-4b81-a5aa-f2f1c880bd87-140412392566784","trial_id":15,"step":2,"intermediate_value":11.673127796263648}
{"op_code":8,"worker_id":"80835035-ad9c-4b81-a5aa-f2f1c880bd87-140412392566784","trial_id":15,"user_attr":{"train_loss_epoch_2":1.6985228214447926e+17}}
{"op_code":7,"worker_id":"80835035-ad9c-4b81-a5aa-f2f1c880bd87-140412392566784","trial_id":15,"step":3,"intermediate_value":11.70739596934821}
{"op_code":8,"worker_id":"80835035-ad9c-4b81-a5aa-f2f1c880bd87-140412392566784","trial_id":15,"user_attr":{"train_loss_epoch_3":8.748832209014038e+16}}
{"op_code":7,"worker_id":"80835035-ad9c-4b81-a5aa-f2f1c880bd87-140412392566784","trial_id":15,"step":4,"intermediate_value":11.755818778522977}
{"op_code":8,"worker_id":"80835035-ad9c-4b81-a5aa-f2f1c880bd87-140412392566784","trial_id":15,"user_attr":{"train_loss_epoch_4":3.3591258523008296e+16}}
{"op_code":7,"worker_id":"80835035-ad9c-4b81-a5aa-f2f1c880bd87-140412392566784","trial_id":15,"step":5,"intermediate_value":11.755818778522977}
{"op_code":8,"worker_id":"80835035-ad9c-4b81-a5aa-f2f1c880bd87-140412392566784","trial_id":15,"user_attr":{"train_loss_epoch_5":5826224078045548.0}}
{"op_code":6,"worker_id":"80835035-ad9c-4b81-a5aa-f2f1c880bd87-140412392566784","trial_id":15,"state":1,"values":[11.755818778522977],"datetime_complete":"2026-02-21T20:26:04.808881"}
{"op_code":4,"worker_id":"80835035-ad9c-4b81-a5aa-f2f1c880bd87-140412392566784","study_id":0,"datetime_start":"2026-02-21T20:26:04.810959"}
{"op_code":5,"worker_id":"80835035-ad9c-4b81-a5aa-f2f1c880bd87-140412392566784","trial_id":16,"param_name":"learning_rate","param_value_internal":10.0,"distribution":"{\"name\": \"FloatDistribution\", \"attributes\": {\"step\": null, \"low\": 0.03, \"high\": 10.0, \"log\": true}}"}
{"op_code":5,"worker_id":"80835035-ad9c-4b81-a5aa-f2f1c880bd87-140412392566784","trial_id":16,"param_name":"transfer_lr","param_value_internal":191.00117273476474,"distribution":"{\"name\": \"FloatDistribution\", \"attributes\": {\"step\": null, \"low\": 4e-06, \"high\": 200.0, \"log\": true}}"}
{"op_code":5,"worker_id":"80835035-ad9c-4b81-a5aa-f2f1c880bd87-140412392566784","trial_id":16,"param_name":"transfer_every","param_value_internal":64.0,"distribution":"{\"name\": \"IntDistribution\", \"attributes\": {\"log\": true, \"step\": 1, \"low\": 64, \"high\": 35000}}"}
{"op_code":5,"worker_id":"80835035-ad9c-4b81-a5aa-f2f1c880bd87-140412392566784","trial_id":16,"param_name":"rank_exp","param_value_internal":5.0,"distribution":"{\"name\": \"IntDistribution\", \"attributes\": {\"log\": false, \"step\": 1, \"low\": 0, \"high\": 5}}"}
{"op_code":5,"worker_id":"80835035-ad9c-4b81-a5aa-f2f1c880bd87-140412392566784","trial_id":16,"param_name":"lora_alpha","param_value_internal":45.020078579348805,"distribution":"{\"name\": \"FloatDistribution\", \"attributes\": {\"step\": null, \"low\": 6e-05, \"high\": 200.0, \"log\": true}}"}
{"op_code":5,"worker_id":"80835035-ad9c-4b81-a5aa-f2f1c880bd87-140412392566784","trial_id":16,"param_name":"tau_sec","param_value_internal":0.0,"distribution":"{\"name\": \"FloatDistribution\", \"attributes\": {\"step\": null, \"low\": 0.0, \"high\": 0.0, \"log\": false}}"}
{"op_code":5,"worker_id":"80835035-ad9c-4b81-a5aa-f2f1c880bd87-140412392566784","trial_id":16,"param_name":"out_noise","param_value_internal":0.0,"distribution":"{\"name\": \"FloatDistribution\", \"attributes\": {\"step\": null, \"low\": 0.0, \"high\": 0.0, \"log\": false}}"}
{"op_code":5,"worker_id":"80835035-ad9c-4b81-a5aa-f2f1c880bd87-140412392566784","trial_id":16,"param_name":"ab_weight_scaling_omega","param_value_internal":0.0,"distribution":"{\"name\": \"FloatDistribution\", \"attributes\": {\"step\": null, \"low\": 0.0, \"high\": 0.0, \"log\": false}}"}
{"op_code":5,"worker_id":"80835035-ad9c-4b81-a5aa-f2f1c880bd87-140412392566784","trial_id":16,"param_name":"min_lr_rate","param_value_internal":0.0,"distribution":"{\"name\": \"FloatDistribution\", \"attributes\": {\"step\": null, \"low\": 0.0, \"high\": 0.0, \"log\": false}}"}
{"op_code":7,"worker_id":"80835035-ad9c-4b81-a5aa-f2f1c880bd87-140412392566784","trial_id":16,"step":1,"intermediate_value":11.780684987832126}
{"op_code":8,"worker_id":"80835035-ad9c-4b81-a5aa-f2f1c880bd87-140412392566784","trial_id":16,"user_attr":{"train_loss_epoch_1":2.1937395703775085e+17}}
{"op_code":7,"worker_id":"80835035-ad9c-4b81-a5aa-f2f1c880bd87-140412392566784","trial_id":16,"step":2,"intermediate_value":11.780684987832126}
{"op_code":8,"worker_id":"80835035-ad9c-4b81-a5aa-f2f1c880bd87-140412392566784","trial_id":16,"user_attr":{"train_loss_epoch_2":1.6898630401857507e+17}}
{"op_code":7,"worker_id":"80835035-ad9c-4b81-a5aa-f2f1c880bd87-140412392566784","trial_id":16,"step":3,"intermediate_value":11.780684987832126}
{"op_code":8,"worker_id":"80835035-ad9c-4b81-a5aa-f2f1c880bd87-140412392566784","trial_id":16,"user_attr":{"train_loss_epoch_3":8.810848005350723e+16}}
{"op_code":7,"worker_id":"80835035-ad9c-4b81-a5aa-f2f1c880bd87-140412392566784","trial_id":16,"step":4,"intermediate_value":11.780684987832126}
{"op_code":8,"worker_id":"80835035-ad9c-4b81-a5aa-f2f1c880bd87-140412392566784","trial_id":16,"user_attr":{"train_loss_epoch_4":3.348577122115038e+16}}
{"op_code":6,"worker_id":"80835035-ad9c-4b81-a5aa-f2f1c880bd87-140412392566784","trial_id":16,"state":1,"values":[11.780684987832126],"datetime_complete":"2026-02-21T20:30:23.547097"}
{"op_code":4,"worker_id":"80835035-ad9c-4b81-a5aa-f2f1c880bd87-140412392566784","study_id":0,"datetime_start":"2026-02-21T20:30:23.549377"}
{"op_code":5,"worker_id":"80835035-ad9c-4b81-a5aa-f2f1c880bd87-140412392566784","trial_id":17,"param_name":"learning_rate","param_value_internal":0.030836560790747296,"distribution":"{\"name\": \"FloatDistribution\", \"attributes\": {\"step\": null, \"low\": 0.03, \"high\": 10.0, \"log\": true}}"}
{"op_code":5,"worker_id":"80835035-ad9c-4b81-a5aa-f2f1c880bd87-140412392566784","trial_id":17,"param_name":"transfer_lr","param_value_internal":4e-06,"distribution":"{\"name\": \"FloatDistribution\", \"attributes\": {\"step\": null, \"low\": 4e-06, \"high\": 200.0, \"log\": true}}"}
{"op_code":5,"worker_id":"80835035-ad9c-4b81-a5aa-f2f1c880bd87-140412392566784","trial_id":17,"param_name":"transfer_every","param_value_internal":35000.0,"distribution":"{\"name\": \"IntDistribution\", \"attributes\": {\"log\": true, \"step\": 1, \"low\": 64, \"high\": 35000}}"}
{"op_code":5,"worker_id":"80835035-ad9c-4b81-a5aa-f2f1c880bd87-140412392566784","trial_id":17,"param_name":"rank_exp","param_value_internal":0.0,"distribution":"{\"name\": \"IntDistribution\", \"attributes\": {\"log\": false, \"step\": 1, \"low\": 0, \"high\": 5}}"}
{"op_code":5,"worker_id":"80835035-ad9c-4b81-a5aa-f2f1c880bd87-140412392566784","trial_id":17,"param_name":"lora_alpha","param_value_internal":6e-05,"distribution":"{\"name\": \"FloatDistribution\", \"attributes\": {\"step\": null, \"low\": 6e-05, \"high\": 200.0, \"log\": true}}"}
{"op_code":5,"worker_id":"80835035-ad9c-4b81-a5aa-f2f1c880bd87-140412392566784","trial_id":17,"param_name":"tau_sec","param_value_internal":0.0,"distribution":"{\"name\": \"FloatDistribution\", \"attributes\": {\"step\": null, \"low\": 0.0, \"high\": 0.0, \"log\": false}}"}
{"op_code":5,"worker_id":"80835035-ad9c-4b81-a5aa-f2f1c880bd87-140412392566784","trial_id":17,"param_name":"out_noise","param_value_internal":0.0,"distribution":"{\"name\": \"FloatDistribution\", \"attributes\": {\"step\": null, \"low\": 0.0, \"high\": 0.0, \"log\": false}}"}
{"op_code":5,"worker_id":"80835035-ad9c-4b81-a5aa-f2f1c880bd87-140412392566784","trial_id":17,"param_name":"ab_weight_scaling_omega","param_value_internal":0.0,"distribution":"{\"name\": \"FloatDistribution\", \"attributes\": {\"step\": null, \"low\": 0.0, \"high\": 0.0, \"log\": false}}"}
{"op_code":5,"worker_id":"80835035-ad9c-4b81-a5aa-f2f1c880bd87-140412392566784","trial_id":17,"param_name":"min_lr_rate","param_value_internal":0.0,"distribution":"{\"name\": \"FloatDistribution\", \"attributes\": {\"step\": null, \"low\": 0.0, \"high\": 0.0, \"log\": false}}"}
{"op_code":6,"worker_id":"80835035-ad9c-4b81-a5aa-f2f1c880bd87-140412392566784","trial_id":17,"state":3,"values":null,"datetime_complete":"2026-02-21T20:33:08.402781"}
