{"op_code":0,"worker_id":"120b3489-b1e9-45d5-b801-a7ea446186de-140661690077184","study_name":"bert_squad_digital_all_5ep","directions":[2]}
{"op_code":4,"worker_id":"120b3489-b1e9-45d5-b801-a7ea446186de-140661690077184","study_id":0,"datetime_start":"2026-04-22T19:30:14.869626"}
{"op_code":5,"worker_id":"120b3489-b1e9-45d5-b801-a7ea446186de-140661690077184","trial_id":0,"param_name":"learning_rate","param_value_internal":5.6115164153345e-05,"distribution":"{\"name\": \"FloatDistribution\", \"attributes\": {\"step\": null, \"low\": 1e-05, \"high\": 0.001, \"log\": true}}"}
{"op_code":8,"worker_id":"120b3489-b1e9-45d5-b801-a7ea446186de-140661690077184","trial_id":0,"user_attr":{"lora_target":"all"}}
{"op_code":8,"worker_id":"120b3489-b1e9-45d5-b801-a7ea446186de-140661690077184","trial_id":0,"user_attr":{"batch_size":48}}
{"op_code":8,"worker_id":"120b3489-b1e9-45d5-b801-a7ea446186de-140661690077184","trial_id":0,"user_attr":{"epochs":5}}
{"op_code":8,"worker_id":"120b3489-b1e9-45d5-b801-a7ea446186de-140661690077184","trial_id":0,"user_attr":{"warmup_steps":365}}
{"op_code":7,"worker_id":"120b3489-b1e9-45d5-b801-a7ea446186de-140661690077184","trial_id":0,"step":1,"intermediate_value":85.36787120196917}
{"op_code":8,"worker_id":"120b3489-b1e9-45d5-b801-a7ea446186de-140661690077184","trial_id":0,"user_attr":{"train_loss_epoch_1":1.5931851635134318}}
{"op_code":8,"worker_id":"120b3489-b1e9-45d5-b801-a7ea446186de-140661690077184","trial_id":0,"user_attr":{"f1_epoch_1":85.36787120196917}}
{"op_code":8,"worker_id":"120b3489-b1e9-45d5-b801-a7ea446186de-140661690077184","trial_id":0,"user_attr":{"em_epoch_1":77.80510879848629}}
{"op_code":7,"worker_id":"120b3489-b1e9-45d5-b801-a7ea446186de-140661690077184","trial_id":0,"step":2,"intermediate_value":86.81180421220807}
{"op_code":8,"worker_id":"120b3489-b1e9-45d5-b801-a7ea446186de-140661690077184","trial_id":0,"user_attr":{"train_loss_epoch_2":0.8444134059637219}}
{"op_code":8,"worker_id":"120b3489-b1e9-45d5-b801-a7ea446186de-140661690077184","trial_id":0,"user_attr":{"f1_epoch_2":86.81180421220807}}
{"op_code":8,"worker_id":"120b3489-b1e9-45d5-b801-a7ea446186de-140661690077184","trial_id":0,"user_attr":{"em_epoch_2":79.67833491012298}}
{"op_code":7,"worker_id":"120b3489-b1e9-45d5-b801-a7ea446186de-140661690077184","trial_id":0,"step":3,"intermediate_value":87.17283208307876}
{"op_code":8,"worker_id":"120b3489-b1e9-45d5-b801-a7ea446186de-140661690077184","trial_id":0,"user_attr":{"train_loss_epoch_3":0.5869674021635598}}
{"op_code":8,"worker_id":"120b3489-b1e9-45d5-b801-a7ea446186de-140661690077184","trial_id":0,"user_attr":{"f1_epoch_3":87.17283208307876}}
{"op_code":8,"worker_id":"120b3489-b1e9-45d5-b801-a7ea446186de-140661690077184","trial_id":0,"user_attr":{"em_epoch_3":79.5837275307474}}
{"op_code":7,"worker_id":"120b3489-b1e9-45d5-b801-a7ea446186de-140661690077184","trial_id":0,"step":4,"intermediate_value":87.42594685750659}
{"op_code":8,"worker_id":"120b3489-b1e9-45d5-b801-a7ea446186de-140661690077184","trial_id":0,"user_attr":{"train_loss_epoch_4":0.41248417094471007}}
{"op_code":8,"worker_id":"120b3489-b1e9-45d5-b801-a7ea446186de-140661690077184","trial_id":0,"user_attr":{"f1_epoch_4":87.42594685750659}}
{"op_code":8,"worker_id":"120b3489-b1e9-45d5-b801-a7ea446186de-140661690077184","trial_id":0,"user_attr":{"em_epoch_4":79.8391674550615}}
{"op_code":7,"worker_id":"120b3489-b1e9-45d5-b801-a7ea446186de-140661690077184","trial_id":0,"step":5,"intermediate_value":87.36211440565376}
{"op_code":8,"worker_id":"120b3489-b1e9-45d5-b801-a7ea446186de-140661690077184","trial_id":0,"user_attr":{"train_loss_epoch_5":0.2945719369300982}}
{"op_code":8,"worker_id":"120b3489-b1e9-45d5-b801-a7ea446186de-140661690077184","trial_id":0,"user_attr":{"f1_epoch_5":87.36211440565376}}
{"op_code":8,"worker_id":"120b3489-b1e9-45d5-b801-a7ea446186de-140661690077184","trial_id":0,"user_attr":{"em_epoch_5":79.35666982024598}}
{"op_code":8,"worker_id":"120b3489-b1e9-45d5-b801-a7ea446186de-140661690077184","trial_id":0,"user_attr":{"best_em":79.8391674550615}}
{"op_code":6,"worker_id":"120b3489-b1e9-45d5-b801-a7ea446186de-140661690077184","trial_id":0,"state":1,"values":[87.42594685750659],"datetime_complete":"2026-04-22T21:03:23.553293"}
{"op_code":4,"worker_id":"120b3489-b1e9-45d5-b801-a7ea446186de-140661690077184","study_id":0,"datetime_start":"2026-04-22T21:03:23.554657"}
{"op_code":5,"worker_id":"120b3489-b1e9-45d5-b801-a7ea446186de-140661690077184","trial_id":1,"param_name":"learning_rate","param_value_internal":0.0007969454818643932,"distribution":"{\"name\": \"FloatDistribution\", \"attributes\": {\"step\": null, \"low\": 1e-05, \"high\": 0.001, \"log\": true}}"}
{"op_code":8,"worker_id":"120b3489-b1e9-45d5-b801-a7ea446186de-140661690077184","trial_id":1,"user_attr":{"lora_target":"all"}}
{"op_code":8,"worker_id":"120b3489-b1e9-45d5-b801-a7ea446186de-140661690077184","trial_id":1,"user_attr":{"batch_size":48}}
{"op_code":8,"worker_id":"120b3489-b1e9-45d5-b801-a7ea446186de-140661690077184","trial_id":1,"user_attr":{"epochs":5}}
{"op_code":8,"worker_id":"120b3489-b1e9-45d5-b801-a7ea446186de-140661690077184","trial_id":1,"user_attr":{"warmup_steps":365}}
{"op_code":7,"worker_id":"120b3489-b1e9-45d5-b801-a7ea446186de-140661690077184","trial_id":1,"step":1,"intermediate_value":5.772850467740376}
{"op_code":8,"worker_id":"120b3489-b1e9-45d5-b801-a7ea446186de-140661690077184","trial_id":1,"user_attr":{"train_loss_epoch_1":5.349499958963575}}
{"op_code":8,"worker_id":"120b3489-b1e9-45d5-b801-a7ea446186de-140661690077184","trial_id":1,"user_attr":{"f1_epoch_1":5.772850467740376}}
{"op_code":8,"worker_id":"120b3489-b1e9-45d5-b801-a7ea446186de-140661690077184","trial_id":1,"user_attr":{"em_epoch_1":0.12298959318826869}}
{"op_code":7,"worker_id":"120b3489-b1e9-45d5-b801-a7ea446186de-140661690077184","trial_id":1,"step":2,"intermediate_value":5.256553819462268}
{"op_code":8,"worker_id":"120b3489-b1e9-45d5-b801-a7ea446186de-140661690077184","trial_id":1,"user_attr":{"train_loss_epoch_2":5.8576592721913245}}
{"op_code":8,"worker_id":"120b3489-b1e9-45d5-b801-a7ea446186de-140661690077184","trial_id":1,"user_attr":{"f1_epoch_2":5.256553819462268}}
{"op_code":8,"worker_id":"120b3489-b1e9-45d5-b801-a7ea446186de-140661690077184","trial_id":1,"user_attr":{"em_epoch_2":0.15137180700094607}}
{"op_code":8,"worker_id":"120b3489-b1e9-45d5-b801-a7ea446186de-140661690077184","trial_id":1,"user_attr":{"best_em":0.12298959318826869}}
{"op_code":6,"worker_id":"120b3489-b1e9-45d5-b801-a7ea446186de-140661690077184","trial_id":1,"state":1,"values":[5.772850467740376],"datetime_complete":"2026-04-22T21:40:33.872205"}
{"op_code":4,"worker_id":"120b3489-b1e9-45d5-b801-a7ea446186de-140661690077184","study_id":0,"datetime_start":"2026-04-22T21:40:33.873216"}
{"op_code":5,"worker_id":"120b3489-b1e9-45d5-b801-a7ea446186de-140661690077184","trial_id":2,"param_name":"learning_rate","param_value_internal":0.000291063591313307,"distribution":"{\"name\": \"FloatDistribution\", \"attributes\": {\"step\": null, \"low\": 1e-05, \"high\": 0.001, \"log\": true}}"}
{"op_code":8,"worker_id":"120b3489-b1e9-45d5-b801-a7ea446186de-140661690077184","trial_id":2,"user_attr":{"lora_target":"all"}}
{"op_code":8,"worker_id":"120b3489-b1e9-45d5-b801-a7ea446186de-140661690077184","trial_id":2,"user_attr":{"batch_size":48}}
{"op_code":8,"worker_id":"120b3489-b1e9-45d5-b801-a7ea446186de-140661690077184","trial_id":2,"user_attr":{"epochs":5}}
{"op_code":8,"worker_id":"120b3489-b1e9-45d5-b801-a7ea446186de-140661690077184","trial_id":2,"user_attr":{"warmup_steps":365}}
{"op_code":7,"worker_id":"120b3489-b1e9-45d5-b801-a7ea446186de-140661690077184","trial_id":2,"step":1,"intermediate_value":77.4471287078146}
{"op_code":8,"worker_id":"120b3489-b1e9-45d5-b801-a7ea446186de-140661690077184","trial_id":2,"user_attr":{"train_loss_epoch_1":1.7607251288445016}}
{"op_code":8,"worker_id":"120b3489-b1e9-45d5-b801-a7ea446186de-140661690077184","trial_id":2,"user_attr":{"f1_epoch_1":77.4471287078146}}
{"op_code":8,"worker_id":"120b3489-b1e9-45d5-b801-a7ea446186de-140661690077184","trial_id":2,"user_attr":{"em_epoch_1":65.30747398297068}}
{"op_code":7,"worker_id":"120b3489-b1e9-45d5-b801-a7ea446186de-140661690077184","trial_id":2,"step":2,"intermediate_value":81.44675512530593}
{"op_code":8,"worker_id":"120b3489-b1e9-45d5-b801-a7ea446186de-140661690077184","trial_id":2,"user_attr":{"train_loss_epoch_2":1.205059671725038}}
{"op_code":8,"worker_id":"120b3489-b1e9-45d5-b801-a7ea446186de-140661690077184","trial_id":2,"user_attr":{"f1_epoch_2":81.44675512530593}}
{"op_code":8,"worker_id":"120b3489-b1e9-45d5-b801-a7ea446186de-140661690077184","trial_id":2,"user_attr":{"em_epoch_2":72.04351939451277}}
{"op_code":7,"worker_id":"120b3489-b1e9-45d5-b801-a7ea446186de-140661690077184","trial_id":2,"step":3,"intermediate_value":83.5717779040586}
{"op_code":8,"worker_id":"120b3489-b1e9-45d5-b801-a7ea446186de-140661690077184","trial_id":2,"user_attr":{"train_loss_epoch_3":0.8951961466451971}}
{"op_code":8,"worker_id":"120b3489-b1e9-45d5-b801-a7ea446186de-140661690077184","trial_id":2,"user_attr":{"f1_epoch_3":83.5717779040586}}
{"op_code":8,"worker_id":"120b3489-b1e9-45d5-b801-a7ea446186de-140661690077184","trial_id":2,"user_attr":{"em_epoch_3":75.06149479659413}}
{"op_code":7,"worker_id":"120b3489-b1e9-45d5-b801-a7ea446186de-140661690077184","trial_id":2,"step":4,"intermediate_value":84.87139030766568}
{"op_code":8,"worker_id":"120b3489-b1e9-45d5-b801-a7ea446186de-140661690077184","trial_id":2,"user_attr":{"train_loss_epoch_4":0.6107111269300223}}
{"op_code":8,"worker_id":"120b3489-b1e9-45d5-b801-a7ea446186de-140661690077184","trial_id":2,"user_attr":{"f1_epoch_4":84.87139030766568}}
{"op_code":8,"worker_id":"120b3489-b1e9-45d5-b801-a7ea446186de-140661690077184","trial_id":2,"user_attr":{"em_epoch_4":76.77388836329234}}
{"op_code":7,"worker_id":"120b3489-b1e9-45d5-b801-a7ea446186de-140661690077184","trial_id":2,"step":5,"intermediate_value":85.28927791515387}
{"op_code":8,"worker_id":"120b3489-b1e9-45d5-b801-a7ea446186de-140661690077184","trial_id":2,"user_attr":{"train_loss_epoch_5":0.3603475124088083}}
{"op_code":8,"worker_id":"120b3489-b1e9-45d5-b801-a7ea446186de-140661690077184","trial_id":2,"user_attr":{"f1_epoch_5":85.28927791515387}}
{"op_code":8,"worker_id":"120b3489-b1e9-45d5-b801-a7ea446186de-140661690077184","trial_id":2,"user_attr":{"em_epoch_5":76.91579943235573}}
{"op_code":8,"worker_id":"120b3489-b1e9-45d5-b801-a7ea446186de-140661690077184","trial_id":2,"user_attr":{"best_em":76.91579943235573}}
{"op_code":6,"worker_id":"120b3489-b1e9-45d5-b801-a7ea446186de-140661690077184","trial_id":2,"state":1,"values":[85.28927791515387],"datetime_complete":"2026-04-22T23:13:30.230408"}
{"op_code":4,"worker_id":"120b3489-b1e9-45d5-b801-a7ea446186de-140661690077184","study_id":0,"datetime_start":"2026-04-22T23:13:30.231468"}
{"op_code":5,"worker_id":"120b3489-b1e9-45d5-b801-a7ea446186de-140661690077184","trial_id":3,"param_name":"learning_rate","param_value_internal":0.00015751320499779721,"distribution":"{\"name\": \"FloatDistribution\", \"attributes\": {\"step\": null, \"low\": 1e-05, \"high\": 0.001, \"log\": true}}"}
{"op_code":8,"worker_id":"120b3489-b1e9-45d5-b801-a7ea446186de-140661690077184","trial_id":3,"user_attr":{"lora_target":"all"}}
{"op_code":8,"worker_id":"120b3489-b1e9-45d5-b801-a7ea446186de-140661690077184","trial_id":3,"user_attr":{"batch_size":48}}
{"op_code":8,"worker_id":"120b3489-b1e9-45d5-b801-a7ea446186de-140661690077184","trial_id":3,"user_attr":{"epochs":5}}
{"op_code":8,"worker_id":"120b3489-b1e9-45d5-b801-a7ea446186de-140661690077184","trial_id":3,"user_attr":{"warmup_steps":365}}
{"op_code":7,"worker_id":"120b3489-b1e9-45d5-b801-a7ea446186de-140661690077184","trial_id":3,"step":1,"intermediate_value":83.92272914269051}
{"op_code":8,"worker_id":"120b3489-b1e9-45d5-b801-a7ea446186de-140661690077184","trial_id":3,"user_attr":{"train_loss_epoch_1":1.5753522524988748}}
{"op_code":8,"worker_id":"120b3489-b1e9-45d5-b801-a7ea446186de-140661690077184","trial_id":3,"user_attr":{"f1_epoch_1":83.92272914269051}}
{"op_code":8,"worker_id":"120b3489-b1e9-45d5-b801-a7ea446186de-140661690077184","trial_id":3,"user_attr":{"em_epoch_1":75.6480605487228}}
{"op_code":7,"worker_id":"120b3489-b1e9-45d5-b801-a7ea446186de-140661690077184","trial_id":3,"step":2,"intermediate_value":85.3771775451114}
{"op_code":8,"worker_id":"120b3489-b1e9-45d5-b801-a7ea446186de-140661690077184","trial_id":3,"user_attr":{"train_loss_epoch_2":0.9339932216053732}}
{"op_code":8,"worker_id":"120b3489-b1e9-45d5-b801-a7ea446186de-140661690077184","trial_id":3,"user_attr":{"f1_epoch_2":85.3771775451114}}
{"op_code":8,"worker_id":"120b3489-b1e9-45d5-b801-a7ea446186de-140661690077184","trial_id":3,"user_attr":{"em_epoch_2":77.33207190160833}}
{"op_code":7,"worker_id":"120b3489-b1e9-45d5-b801-a7ea446186de-140661690077184","trial_id":3,"step":3,"intermediate_value":85.89182360100577}
{"op_code":8,"worker_id":"120b3489-b1e9-45d5-b801-a7ea446186de-140661690077184","trial_id":3,"user_attr":{"train_loss_epoch_3":0.6367219114610496}}
{"op_code":8,"worker_id":"120b3489-b1e9-45d5-b801-a7ea446186de-140661690077184","trial_id":3,"user_attr":{"f1_epoch_3":85.89182360100577}}
{"op_code":8,"worker_id":"120b3489-b1e9-45d5-b801-a7ea446186de-140661690077184","trial_id":3,"user_attr":{"em_epoch_3":78.17407757805108}}
{"op_code":7,"worker_id":"120b3489-b1e9-45d5-b801-a7ea446186de-140661690077184","trial_id":3,"step":4,"intermediate_value":86.94192942878378}
{"op_code":8,"worker_id":"120b3489-b1e9-45d5-b801-a7ea446186de-140661690077184","trial_id":3,"user_attr":{"train_loss_epoch_4":0.40664240060459955}}
{"op_code":8,"worker_id":"120b3489-b1e9-45d5-b801-a7ea446186de-140661690077184","trial_id":3,"user_attr":{"f1_epoch_4":86.94192942878378}}
{"op_code":8,"worker_id":"120b3489-b1e9-45d5-b801-a7ea446186de-140661690077184","trial_id":3,"user_attr":{"em_epoch_4":79.19583727530747}}
{"op_code":7,"worker_id":"120b3489-b1e9-45d5-b801-a7ea446186de-140661690077184","trial_id":3,"step":5,"intermediate_value":86.87668128869059}
{"op_code":8,"worker_id":"120b3489-b1e9-45d5-b801-a7ea446186de-140661690077184","trial_id":3,"user_attr":{"train_loss_epoch_5":0.2343099354970746}}
{"op_code":8,"worker_id":"120b3489-b1e9-45d5-b801-a7ea446186de-140661690077184","trial_id":3,"user_attr":{"f1_epoch_5":86.87668128869059}}
{"op_code":8,"worker_id":"120b3489-b1e9-45d5-b801-a7ea446186de-140661690077184","trial_id":3,"user_attr":{"em_epoch_5":78.88363292336803}}
{"op_code":8,"worker_id":"120b3489-b1e9-45d5-b801-a7ea446186de-140661690077184","trial_id":3,"user_attr":{"best_em":79.19583727530747}}
{"op_code":6,"worker_id":"120b3489-b1e9-45d5-b801-a7ea446186de-140661690077184","trial_id":3,"state":1,"values":[86.94192942878378],"datetime_complete":"2026-04-23T00:46:35.317816"}
{"op_code":4,"worker_id":"120b3489-b1e9-45d5-b801-a7ea446186de-140661690077184","study_id":0,"datetime_start":"2026-04-23T00:46:35.319026"}
{"op_code":5,"worker_id":"120b3489-b1e9-45d5-b801-a7ea446186de-140661690077184","trial_id":4,"param_name":"learning_rate","param_value_internal":2.0513382630874486e-05,"distribution":"{\"name\": \"FloatDistribution\", \"attributes\": {\"step\": null, \"low\": 1e-05, \"high\": 0.001, \"log\": true}}"}
{"op_code":8,"worker_id":"120b3489-b1e9-45d5-b801-a7ea446186de-140661690077184","trial_id":4,"user_attr":{"lora_target":"all"}}
{"op_code":8,"worker_id":"120b3489-b1e9-45d5-b801-a7ea446186de-140661690077184","trial_id":4,"user_attr":{"batch_size":48}}
{"op_code":8,"worker_id":"120b3489-b1e9-45d5-b801-a7ea446186de-140661690077184","trial_id":4,"user_attr":{"epochs":5}}
{"op_code":8,"worker_id":"120b3489-b1e9-45d5-b801-a7ea446186de-140661690077184","trial_id":4,"user_attr":{"warmup_steps":365}}
{"op_code":7,"worker_id":"120b3489-b1e9-45d5-b801-a7ea446186de-140661690077184","trial_id":4,"step":1,"intermediate_value":84.14900326880834}
{"op_code":8,"worker_id":"120b3489-b1e9-45d5-b801-a7ea446186de-140661690077184","trial_id":4,"user_attr":{"train_loss_epoch_1":1.847487476589234}}
{"op_code":8,"worker_id":"120b3489-b1e9-45d5-b801-a7ea446186de-140661690077184","trial_id":4,"user_attr":{"f1_epoch_1":84.14900326880834}}
{"op_code":8,"worker_id":"120b3489-b1e9-45d5-b801-a7ea446186de-140661690077184","trial_id":4,"user_attr":{"em_epoch_1":75.47776726584674}}
{"op_code":7,"worker_id":"120b3489-b1e9-45d5-b801-a7ea446186de-140661690077184","trial_id":4,"step":2,"intermediate_value":86.06214555060811}
{"op_code":8,"worker_id":"120b3489-b1e9-45d5-b801-a7ea446186de-140661690077184","trial_id":4,"user_attr":{"train_loss_epoch_2":1.0036401937809094}}
{"op_code":8,"worker_id":"120b3489-b1e9-45d5-b801-a7ea446186de-140661690077184","trial_id":4,"user_attr":{"f1_epoch_2":86.06214555060811}}
{"op_code":8,"worker_id":"120b3489-b1e9-45d5-b801-a7ea446186de-140661690077184","trial_id":4,"user_attr":{"em_epoch_2":78.36329233680227}}
{"op_code":7,"worker_id":"120b3489-b1e9-45d5-b801-a7ea446186de-140661690077184","trial_id":4,"step":3,"intermediate_value":86.84822726476153}
{"op_code":8,"worker_id":"120b3489-b1e9-45d5-b801-a7ea446186de-140661690077184","trial_id":4,"user_attr":{"train_loss_epoch_3":0.808259238750954}}
{"op_code":8,"worker_id":"120b3489-b1e9-45d5-b801-a7ea446186de-140661690077184","trial_id":4,"user_attr":{"f1_epoch_3":86.84822726476153}}
{"op_code":8,"worker_id":"120b3489-b1e9-45d5-b801-a7ea446186de-140661690077184","trial_id":4,"user_attr":{"em_epoch_3":79.3282876064333}}
{"op_code":7,"worker_id":"120b3489-b1e9-45d5-b801-a7ea446186de-140661690077184","trial_id":4,"step":4,"intermediate_value":86.8052927541899}
{"op_code":8,"worker_id":"120b3489-b1e9-45d5-b801-a7ea446186de-140661690077184","trial_id":4,"user_attr":{"train_loss_epoch_4":0.684176243950681}}
{"op_code":8,"worker_id":"120b3489-b1e9-45d5-b801-a7ea446186de-140661690077184","trial_id":4,"user_attr":{"f1_epoch_4":86.8052927541899}}
{"op_code":8,"worker_id":"120b3489-b1e9-45d5-b801-a7ea446186de-140661690077184","trial_id":4,"user_attr":{"em_epoch_4":79.10122989593188}}
{"op_code":7,"worker_id":"120b3489-b1e9-45d5-b801-a7ea446186de-140661690077184","trial_id":4,"step":5,"intermediate_value":86.81901932350486}
{"op_code":8,"worker_id":"120b3489-b1e9-45d5-b801-a7ea446186de-140661690077184","trial_id":4,"user_attr":{"train_loss_epoch_5":0.6058235873213306}}
{"op_code":8,"worker_id":"120b3489-b1e9-45d5-b801-a7ea446186de-140661690077184","trial_id":4,"user_attr":{"f1_epoch_5":86.81901932350486}}
{"op_code":8,"worker_id":"120b3489-b1e9-45d5-b801-a7ea446186de-140661690077184","trial_id":4,"user_attr":{"em_epoch_5":79.18637653736991}}
{"op_code":8,"worker_id":"120b3489-b1e9-45d5-b801-a7ea446186de-140661690077184","trial_id":4,"user_attr":{"best_em":79.3282876064333}}
{"op_code":6,"worker_id":"120b3489-b1e9-45d5-b801-a7ea446186de-140661690077184","trial_id":4,"state":1,"values":[86.84822726476153],"datetime_complete":"2026-04-23T02:19:43.460057"}
{"op_code":4,"worker_id":"120b3489-b1e9-45d5-b801-a7ea446186de-140661690077184","study_id":0,"datetime_start":"2026-04-23T02:19:43.461069"}
{"op_code":5,"worker_id":"120b3489-b1e9-45d5-b801-a7ea446186de-140661690077184","trial_id":5,"param_name":"learning_rate","param_value_internal":2.0511104188433963e-05,"distribution":"{\"name\": \"FloatDistribution\", \"attributes\": {\"step\": null, \"low\": 1e-05, \"high\": 0.001, \"log\": true}}"}
{"op_code":8,"worker_id":"120b3489-b1e9-45d5-b801-a7ea446186de-140661690077184","trial_id":5,"user_attr":{"lora_target":"all"}}
{"op_code":8,"worker_id":"120b3489-b1e9-45d5-b801-a7ea446186de-140661690077184","trial_id":5,"user_attr":{"batch_size":48}}
{"op_code":8,"worker_id":"120b3489-b1e9-45d5-b801-a7ea446186de-140661690077184","trial_id":5,"user_attr":{"epochs":5}}
{"op_code":8,"worker_id":"120b3489-b1e9-45d5-b801-a7ea446186de-140661690077184","trial_id":5,"user_attr":{"warmup_steps":365}}
{"op_code":7,"worker_id":"120b3489-b1e9-45d5-b801-a7ea446186de-140661690077184","trial_id":5,"step":1,"intermediate_value":84.25019567792815}
{"op_code":8,"worker_id":"120b3489-b1e9-45d5-b801-a7ea446186de-140661690077184","trial_id":5,"user_attr":{"train_loss_epoch_1":1.8529341892498294}}
{"op_code":8,"worker_id":"120b3489-b1e9-45d5-b801-a7ea446186de-140661690077184","trial_id":5,"user_attr":{"f1_epoch_1":84.25019567792815}}
{"op_code":8,"worker_id":"120b3489-b1e9-45d5-b801-a7ea446186de-140661690077184","trial_id":5,"user_attr":{"em_epoch_1":76.14001892147587}}
{"op_code":7,"worker_id":"120b3489-b1e9-45d5-b801-a7ea446186de-140661690077184","trial_id":5,"step":2,"intermediate_value":86.19572468453099}
{"op_code":8,"worker_id":"120b3489-b1e9-45d5-b801-a7ea446186de-140661690077184","trial_id":5,"user_attr":{"train_loss_epoch_2":1.001277471331723}}
{"op_code":8,"worker_id":"120b3489-b1e9-45d5-b801-a7ea446186de-140661690077184","trial_id":5,"user_attr":{"f1_epoch_2":86.19572468453099}}
{"op_code":8,"worker_id":"120b3489-b1e9-45d5-b801-a7ea446186de-140661690077184","trial_id":5,"user_attr":{"em_epoch_2":78.17407757805108}}
{"op_code":7,"worker_id":"120b3489-b1e9-45d5-b801-a7ea446186de-140661690077184","trial_id":5,"step":3,"intermediate_value":86.91619591799395}
{"op_code":8,"worker_id":"120b3489-b1e9-45d5-b801-a7ea446186de-140661690077184","trial_id":5,"user_attr":{"train_loss_epoch_3":0.8057475231850373}}
{"op_code":8,"worker_id":"120b3489-b1e9-45d5-b801-a7ea446186de-140661690077184","trial_id":5,"user_attr":{"f1_epoch_3":86.91619591799395}}
{"op_code":8,"worker_id":"120b3489-b1e9-45d5-b801-a7ea446186de-140661690077184","trial_id":5,"user_attr":{"em_epoch_3":79.47965941343425}}
{"op_code":7,"worker_id":"120b3489-b1e9-45d5-b801-a7ea446186de-140661690077184","trial_id":5,"step":4,"intermediate_value":86.7365009388819}
{"op_code":8,"worker_id":"120b3489-b1e9-45d5-b801-a7ea446186de-140661690077184","trial_id":5,"user_attr":{"train_loss_epoch_4":0.6821266730141834}}
{"op_code":8,"worker_id":"120b3489-b1e9-45d5-b801-a7ea446186de-140661690077184","trial_id":5,"user_attr":{"f1_epoch_4":86.7365009388819}}
{"op_code":8,"worker_id":"120b3489-b1e9-45d5-b801-a7ea446186de-140661690077184","trial_id":5,"user_attr":{"em_epoch_4":78.96877956480606}}
{"op_code":7,"worker_id":"120b3489-b1e9-45d5-b801-a7ea446186de-140661690077184","trial_id":5,"step":5,"intermediate_value":87.0464366140644}
{"op_code":8,"worker_id":"120b3489-b1e9-45d5-b801-a7ea446186de-140661690077184","trial_id":5,"user_attr":{"train_loss_epoch_5":0.6041147529271237}}
{"op_code":8,"worker_id":"120b3489-b1e9-45d5-b801-a7ea446186de-140661690077184","trial_id":5,"user_attr":{"f1_epoch_5":87.0464366140644}}
{"op_code":8,"worker_id":"120b3489-b1e9-45d5-b801-a7ea446186de-140661690077184","trial_id":5,"user_attr":{"em_epoch_5":79.3282876064333}}
{"op_code":8,"worker_id":"120b3489-b1e9-45d5-b801-a7ea446186de-140661690077184","trial_id":5,"user_attr":{"best_em":79.3282876064333}}
{"op_code":6,"worker_id":"120b3489-b1e9-45d5-b801-a7ea446186de-140661690077184","trial_id":5,"state":1,"values":[87.0464366140644],"datetime_complete":"2026-04-23T03:52:43.033375"}
{"op_code":4,"worker_id":"120b3489-b1e9-45d5-b801-a7ea446186de-140661690077184","study_id":0,"datetime_start":"2026-04-23T03:52:43.034547"}
{"op_code":5,"worker_id":"120b3489-b1e9-45d5-b801-a7ea446186de-140661690077184","trial_id":6,"param_name":"learning_rate","param_value_internal":1.3066739238053272e-05,"distribution":"{\"name\": \"FloatDistribution\", \"attributes\": {\"step\": null, \"low\": 1e-05, \"high\": 0.001, \"log\": true}}"}
{"op_code":8,"worker_id":"120b3489-b1e9-45d5-b801-a7ea446186de-140661690077184","trial_id":6,"user_attr":{"lora_target":"all"}}
{"op_code":8,"worker_id":"120b3489-b1e9-45d5-b801-a7ea446186de-140661690077184","trial_id":6,"user_attr":{"batch_size":48}}
{"op_code":8,"worker_id":"120b3489-b1e9-45d5-b801-a7ea446186de-140661690077184","trial_id":6,"user_attr":{"epochs":5}}
{"op_code":8,"worker_id":"120b3489-b1e9-45d5-b801-a7ea446186de-140661690077184","trial_id":6,"user_attr":{"warmup_steps":365}}
{"op_code":7,"worker_id":"120b3489-b1e9-45d5-b801-a7ea446186de-140661690077184","trial_id":6,"step":1,"intermediate_value":82.27986117895183}
{"op_code":8,"worker_id":"120b3489-b1e9-45d5-b801-a7ea446186de-140661690077184","trial_id":6,"user_attr":{"train_loss_epoch_1":2.0295309310036944}}
{"op_code":8,"worker_id":"120b3489-b1e9-45d5-b801-a7ea446186de-140661690077184","trial_id":6,"user_attr":{"f1_epoch_1":82.27986117895183}}
{"op_code":8,"worker_id":"120b3489-b1e9-45d5-b801-a7ea446186de-140661690077184","trial_id":6,"user_attr":{"em_epoch_1":73.67076631977294}}
{"op_code":6,"worker_id":"120b3489-b1e9-45d5-b801-a7ea446186de-140661690077184","trial_id":6,"state":2,"values":[82.27986117895183],"datetime_complete":"2026-04-23T04:11:17.815723"}
{"op_code":4,"worker_id":"120b3489-b1e9-45d5-b801-a7ea446186de-140661690077184","study_id":0,"datetime_start":"2026-04-23T04:11:17.817105"}
{"op_code":5,"worker_id":"120b3489-b1e9-45d5-b801-a7ea446186de-140661690077184","trial_id":7,"param_name":"learning_rate","param_value_internal":0.0005399484409787432,"distribution":"{\"name\": \"FloatDistribution\", \"attributes\": {\"step\": null, \"low\": 1e-05, \"high\": 0.001, \"log\": true}}"}
{"op_code":8,"worker_id":"120b3489-b1e9-45d5-b801-a7ea446186de-140661690077184","trial_id":7,"user_attr":{"lora_target":"all"}}
{"op_code":8,"worker_id":"120b3489-b1e9-45d5-b801-a7ea446186de-140661690077184","trial_id":7,"user_attr":{"batch_size":48}}
{"op_code":8,"worker_id":"120b3489-b1e9-45d5-b801-a7ea446186de-140661690077184","trial_id":7,"user_attr":{"epochs":5}}
{"op_code":8,"worker_id":"120b3489-b1e9-45d5-b801-a7ea446186de-140661690077184","trial_id":7,"user_attr":{"warmup_steps":365}}
{"op_code":7,"worker_id":"120b3489-b1e9-45d5-b801-a7ea446186de-140661690077184","trial_id":7,"step":1,"intermediate_value":19.679543345365726}
{"op_code":8,"worker_id":"120b3489-b1e9-45d5-b801-a7ea446186de-140661690077184","trial_id":7,"user_attr":{"train_loss_epoch_1":4.4320390270977486}}
{"op_code":8,"worker_id":"120b3489-b1e9-45d5-b801-a7ea446186de-140661690077184","trial_id":7,"user_attr":{"f1_epoch_1":19.679543345365726}}
{"op_code":8,"worker_id":"120b3489-b1e9-45d5-b801-a7ea446186de-140661690077184","trial_id":7,"user_attr":{"em_epoch_1":4.541154210028382}}
{"op_code":6,"worker_id":"120b3489-b1e9-45d5-b801-a7ea446186de-140661690077184","trial_id":7,"state":2,"values":[19.679543345365726],"datetime_complete":"2026-04-23T04:29:51.834148"}
{"op_code":4,"worker_id":"120b3489-b1e9-45d5-b801-a7ea446186de-140661690077184","study_id":0,"datetime_start":"2026-04-23T04:29:51.835315"}
{"op_code":5,"worker_id":"120b3489-b1e9-45d5-b801-a7ea446186de-140661690077184","trial_id":8,"param_name":"learning_rate","param_value_internal":0.00015930522616241006,"distribution":"{\"name\": \"FloatDistribution\", \"attributes\": {\"step\": null, \"low\": 1e-05, \"high\": 0.001, \"log\": true}}"}
{"op_code":8,"worker_id":"120b3489-b1e9-45d5-b801-a7ea446186de-140661690077184","trial_id":8,"user_attr":{"lora_target":"all"}}
{"op_code":8,"worker_id":"120b3489-b1e9-45d5-b801-a7ea446186de-140661690077184","trial_id":8,"user_attr":{"batch_size":48}}
{"op_code":8,"worker_id":"120b3489-b1e9-45d5-b801-a7ea446186de-140661690077184","trial_id":8,"user_attr":{"epochs":5}}
{"op_code":8,"worker_id":"120b3489-b1e9-45d5-b801-a7ea446186de-140661690077184","trial_id":8,"user_attr":{"warmup_steps":365}}
{"op_code":7,"worker_id":"120b3489-b1e9-45d5-b801-a7ea446186de-140661690077184","trial_id":8,"step":1,"intermediate_value":83.5274804326378}
{"op_code":8,"worker_id":"120b3489-b1e9-45d5-b801-a7ea446186de-140661690077184","trial_id":8,"user_attr":{"train_loss_epoch_1":1.5682496561913633}}
{"op_code":8,"worker_id":"120b3489-b1e9-45d5-b801-a7ea446186de-140661690077184","trial_id":8,"user_attr":{"f1_epoch_1":83.5274804326378}}
{"op_code":8,"worker_id":"120b3489-b1e9-45d5-b801-a7ea446186de-140661690077184","trial_id":8,"user_attr":{"em_epoch_1":75.28855250709556}}
{"op_code":6,"worker_id":"120b3489-b1e9-45d5-b801-a7ea446186de-140661690077184","trial_id":8,"state":2,"values":[83.5274804326378],"datetime_complete":"2026-04-23T04:48:28.095992"}
{"op_code":4,"worker_id":"120b3489-b1e9-45d5-b801-a7ea446186de-140661690077184","study_id":0,"datetime_start":"2026-04-23T04:48:28.097243"}
{"op_code":5,"worker_id":"120b3489-b1e9-45d5-b801-a7ea446186de-140661690077184","trial_id":9,"param_name":"learning_rate","param_value_internal":0.0002607024758370766,"distribution":"{\"name\": \"FloatDistribution\", \"attributes\": {\"step\": null, \"low\": 1e-05, \"high\": 0.001, \"log\": true}}"}
{"op_code":8,"worker_id":"120b3489-b1e9-45d5-b801-a7ea446186de-140661690077184","trial_id":9,"user_attr":{"lora_target":"all"}}
{"op_code":8,"worker_id":"120b3489-b1e9-45d5-b801-a7ea446186de-140661690077184","trial_id":9,"user_attr":{"batch_size":48}}
{"op_code":8,"worker_id":"120b3489-b1e9-45d5-b801-a7ea446186de-140661690077184","trial_id":9,"user_attr":{"epochs":5}}
{"op_code":8,"worker_id":"120b3489-b1e9-45d5-b801-a7ea446186de-140661690077184","trial_id":9,"user_attr":{"warmup_steps":365}}
{"op_code":7,"worker_id":"120b3489-b1e9-45d5-b801-a7ea446186de-140661690077184","trial_id":9,"step":1,"intermediate_value":79.26224129039329}
{"op_code":8,"worker_id":"120b3489-b1e9-45d5-b801-a7ea446186de-140661690077184","trial_id":9,"user_attr":{"train_loss_epoch_1":1.7075761794397823}}
{"op_code":8,"worker_id":"120b3489-b1e9-45d5-b801-a7ea446186de-140661690077184","trial_id":9,"user_attr":{"f1_epoch_1":79.26224129039329}}
{"op_code":8,"worker_id":"120b3489-b1e9-45d5-b801-a7ea446186de-140661690077184","trial_id":9,"user_attr":{"em_epoch_1":69.96215704824976}}
{"op_code":6,"worker_id":"120b3489-b1e9-45d5-b801-a7ea446186de-140661690077184","trial_id":9,"state":2,"values":[79.26224129039329],"datetime_complete":"2026-04-23T05:07:02.843524"}
{"op_code":0,"worker_id":"13887969-6b04-4eee-9993-bddb84f3b9ce-140514060214272","study_name":"bert_squad_digital_all_5ep","directions":[2]}
{"op_code":4,"worker_id":"13887969-6b04-4eee-9993-bddb84f3b9ce-140514060214272","study_id":0,"datetime_start":"2026-04-23T07:10:38.356066"}
{"op_code":5,"worker_id":"13887969-6b04-4eee-9993-bddb84f3b9ce-140514060214272","trial_id":10,"param_name":"learning_rate","param_value_internal":5.6098759789230884e-05,"distribution":"{\"name\": \"FloatDistribution\", \"attributes\": {\"step\": null, \"low\": 1e-05, \"high\": 0.001, \"log\": true}}"}
{"op_code":8,"worker_id":"13887969-6b04-4eee-9993-bddb84f3b9ce-140514060214272","trial_id":10,"user_attr":{"lora_target":"all"}}
{"op_code":8,"worker_id":"13887969-6b04-4eee-9993-bddb84f3b9ce-140514060214272","trial_id":10,"user_attr":{"batch_size":48}}
{"op_code":8,"worker_id":"13887969-6b04-4eee-9993-bddb84f3b9ce-140514060214272","trial_id":10,"user_attr":{"epochs":5}}
{"op_code":8,"worker_id":"13887969-6b04-4eee-9993-bddb84f3b9ce-140514060214272","trial_id":10,"user_attr":{"warmup_steps":365}}
{"op_code":7,"worker_id":"13887969-6b04-4eee-9993-bddb84f3b9ce-140514060214272","trial_id":10,"step":1,"intermediate_value":85.34791748766224}
{"op_code":8,"worker_id":"13887969-6b04-4eee-9993-bddb84f3b9ce-140514060214272","trial_id":10,"user_attr":{"train_loss_epoch_1":1.5934937456435951}}
{"op_code":8,"worker_id":"13887969-6b04-4eee-9993-bddb84f3b9ce-140514060214272","trial_id":10,"user_attr":{"f1_epoch_1":85.34791748766224}}
{"op_code":8,"worker_id":"13887969-6b04-4eee-9993-bddb84f3b9ce-140514060214272","trial_id":10,"user_attr":{"em_epoch_1":77.6158940397351}}
{"op_code":7,"worker_id":"13887969-6b04-4eee-9993-bddb84f3b9ce-140514060214272","trial_id":10,"step":2,"intermediate_value":87.14722247653245}
{"op_code":8,"worker_id":"13887969-6b04-4eee-9993-bddb84f3b9ce-140514060214272","trial_id":10,"user_attr":{"train_loss_epoch_2":0.84471794722203}}
{"op_code":8,"worker_id":"13887969-6b04-4eee-9993-bddb84f3b9ce-140514060214272","trial_id":10,"user_attr":{"f1_epoch_2":87.14722247653245}}
{"op_code":8,"worker_id":"13887969-6b04-4eee-9993-bddb84f3b9ce-140514060214272","trial_id":10,"user_attr":{"em_epoch_2":79.97161778618732}}
{"op_code":7,"worker_id":"13887969-6b04-4eee-9993-bddb84f3b9ce-140514060214272","trial_id":10,"step":3,"intermediate_value":87.434717743498}
{"op_code":8,"worker_id":"13887969-6b04-4eee-9993-bddb84f3b9ce-140514060214272","trial_id":10,"user_attr":{"train_loss_epoch_3":0.5877309452065931}}
{"op_code":8,"worker_id":"13887969-6b04-4eee-9993-bddb84f3b9ce-140514060214272","trial_id":10,"user_attr":{"f1_epoch_3":87.434717743498}}
{"op_code":8,"worker_id":"13887969-6b04-4eee-9993-bddb84f3b9ce-140514060214272","trial_id":10,"user_attr":{"em_epoch_3":79.8391674550615}}
{"op_code":7,"worker_id":"13887969-6b04-4eee-9993-bddb84f3b9ce-140514060214272","trial_id":10,"step":4,"intermediate_value":87.48019127687168}
{"op_code":8,"worker_id":"13887969-6b04-4eee-9993-bddb84f3b9ce-140514060214272","trial_id":10,"user_attr":{"train_loss_epoch_4":0.40932803398709955}}
{"op_code":8,"worker_id":"13887969-6b04-4eee-9993-bddb84f3b9ce-140514060214272","trial_id":10,"user_attr":{"f1_epoch_4":87.48019127687168}}
{"op_code":8,"worker_id":"13887969-6b04-4eee-9993-bddb84f3b9ce-140514060214272","trial_id":10,"user_attr":{"em_epoch_4":80.0473036896878}}
{"op_code":7,"worker_id":"13887969-6b04-4eee-9993-bddb84f3b9ce-140514060214272","trial_id":10,"step":5,"intermediate_value":87.46568047629542}
{"op_code":8,"worker_id":"13887969-6b04-4eee-9993-bddb84f3b9ce-140514060214272","trial_id":10,"user_attr":{"train_loss_epoch_5":0.2943965026841254}}
{"op_code":8,"worker_id":"13887969-6b04-4eee-9993-bddb84f3b9ce-140514060214272","trial_id":10,"user_attr":{"f1_epoch_5":87.46568047629542}}
{"op_code":8,"worker_id":"13887969-6b04-4eee-9993-bddb84f3b9ce-140514060214272","trial_id":10,"user_attr":{"em_epoch_5":79.64049195837275}}
{"op_code":8,"worker_id":"13887969-6b04-4eee-9993-bddb84f3b9ce-140514060214272","trial_id":10,"user_attr":{"best_em":80.0473036896878}}
{"op_code":6,"worker_id":"13887969-6b04-4eee-9993-bddb84f3b9ce-140514060214272","trial_id":10,"state":1,"values":[87.48019127687168],"datetime_complete":"2026-04-23T08:43:47.275255"}
{"op_code":4,"worker_id":"13887969-6b04-4eee-9993-bddb84f3b9ce-140514060214272","study_id":0,"datetime_start":"2026-04-23T08:43:47.276295"}
{"op_code":5,"worker_id":"13887969-6b04-4eee-9993-bddb84f3b9ce-140514060214272","trial_id":11,"param_name":"learning_rate","param_value_internal":5.686536606827121e-05,"distribution":"{\"name\": \"FloatDistribution\", \"attributes\": {\"step\": null, \"low\": 1e-05, \"high\": 0.001, \"log\": true}}"}
{"op_code":8,"worker_id":"13887969-6b04-4eee-9993-bddb84f3b9ce-140514060214272","trial_id":11,"user_attr":{"lora_target":"all"}}
{"op_code":8,"worker_id":"13887969-6b04-4eee-9993-bddb84f3b9ce-140514060214272","trial_id":11,"user_attr":{"batch_size":48}}
{"op_code":8,"worker_id":"13887969-6b04-4eee-9993-bddb84f3b9ce-140514060214272","trial_id":11,"user_attr":{"epochs":5}}
{"op_code":8,"worker_id":"13887969-6b04-4eee-9993-bddb84f3b9ce-140514060214272","trial_id":11,"user_attr":{"warmup_steps":365}}
{"op_code":7,"worker_id":"13887969-6b04-4eee-9993-bddb84f3b9ce-140514060214272","trial_id":11,"step":1,"intermediate_value":86.0206727791093}
{"op_code":8,"worker_id":"13887969-6b04-4eee-9993-bddb84f3b9ce-140514060214272","trial_id":11,"user_attr":{"train_loss_epoch_1":1.5908585781327431}}
{"op_code":8,"worker_id":"13887969-6b04-4eee-9993-bddb84f3b9ce-140514060214272","trial_id":11,"user_attr":{"f1_epoch_1":86.0206727791093}}
{"op_code":8,"worker_id":"13887969-6b04-4eee-9993-bddb84f3b9ce-140514060214272","trial_id":11,"user_attr":{"em_epoch_1":78.38221381267739}}
{"op_code":7,"worker_id":"13887969-6b04-4eee-9993-bddb84f3b9ce-140514060214272","trial_id":11,"step":2,"intermediate_value":87.57885411888317}
{"op_code":8,"worker_id":"13887969-6b04-4eee-9993-bddb84f3b9ce-140514060214272","trial_id":11,"user_attr":{"train_loss_epoch_2":0.8444901860180263}}
{"op_code":8,"worker_id":"13887969-6b04-4eee-9993-bddb84f3b9ce-140514060214272","trial_id":11,"user_attr":{"f1_epoch_2":87.57885411888317}}
{"op_code":8,"worker_id":"13887969-6b04-4eee-9993-bddb84f3b9ce-140514060214272","trial_id":11,"user_attr":{"em_epoch_2":80.69063386944181}}
{"op_code":7,"worker_id":"13887969-6b04-4eee-9993-bddb84f3b9ce-140514060214272","trial_id":11,"step":3,"intermediate_value":87.05007691990288}
{"op_code":8,"worker_id":"13887969-6b04-4eee-9993-bddb84f3b9ce-140514060214272","trial_id":11,"user_attr":{"train_loss_epoch_3":0.5885372163157476}}
{"op_code":8,"worker_id":"13887969-6b04-4eee-9993-bddb84f3b9ce-140514060214272","trial_id":11,"user_attr":{"f1_epoch_3":87.05007691990288}}
{"op_code":8,"worker_id":"13887969-6b04-4eee-9993-bddb84f3b9ce-140514060214272","trial_id":11,"user_attr":{"em_epoch_3":79.15799432355723}}
{"op_code":7,"worker_id":"13887969-6b04-4eee-9993-bddb84f3b9ce-140514060214272","trial_id":11,"step":4,"intermediate_value":87.26399069236966}
{"op_code":8,"worker_id":"13887969-6b04-4eee-9993-bddb84f3b9ce-140514060214272","trial_id":11,"user_attr":{"train_loss_epoch_4":0.40915622480193453}}
{"op_code":8,"worker_id":"13887969-6b04-4eee-9993-bddb84f3b9ce-140514060214272","trial_id":11,"user_attr":{"f1_epoch_4":87.26399069236966}}
{"op_code":8,"worker_id":"13887969-6b04-4eee-9993-bddb84f3b9ce-140514060214272","trial_id":11,"user_attr":{"em_epoch_4":79.44181646168401}}
{"op_code":8,"worker_id":"13887969-6b04-4eee-9993-bddb84f3b9ce-140514060214272","trial_id":11,"user_attr":{"best_em":80.69063386944181}}
{"op_code":6,"worker_id":"13887969-6b04-4eee-9993-bddb84f3b9ce-140514060214272","trial_id":11,"state":1,"values":[87.57885411888317],"datetime_complete":"2026-04-23T09:58:10.977507"}
{"op_code":4,"worker_id":"13887969-6b04-4eee-9993-bddb84f3b9ce-140514060214272","study_id":0,"datetime_start":"2026-04-23T09:58:10.978487"}
{"op_code":5,"worker_id":"13887969-6b04-4eee-9993-bddb84f3b9ce-140514060214272","trial_id":12,"param_name":"learning_rate","param_value_internal":5.0941963733263534e-05,"distribution":"{\"name\": \"FloatDistribution\", \"attributes\": {\"step\": null, \"low\": 1e-05, \"high\": 0.001, \"log\": true}}"}
{"op_code":8,"worker_id":"13887969-6b04-4eee-9993-bddb84f3b9ce-140514060214272","trial_id":12,"user_attr":{"lora_target":"all"}}
{"op_code":8,"worker_id":"13887969-6b04-4eee-9993-bddb84f3b9ce-140514060214272","trial_id":12,"user_attr":{"batch_size":48}}
{"op_code":8,"worker_id":"13887969-6b04-4eee-9993-bddb84f3b9ce-140514060214272","trial_id":12,"user_attr":{"epochs":5}}
{"op_code":8,"worker_id":"13887969-6b04-4eee-9993-bddb84f3b9ce-140514060214272","trial_id":12,"user_attr":{"warmup_steps":365}}
{"op_code":7,"worker_id":"13887969-6b04-4eee-9993-bddb84f3b9ce-140514060214272","trial_id":12,"step":1,"intermediate_value":85.91641045124018}
{"op_code":8,"worker_id":"13887969-6b04-4eee-9993-bddb84f3b9ce-140514060214272","trial_id":12,"user_attr":{"train_loss_epoch_1":1.6069951195057814}}
{"op_code":8,"worker_id":"13887969-6b04-4eee-9993-bddb84f3b9ce-140514060214272","trial_id":12,"user_attr":{"f1_epoch_1":85.91641045124018}}
{"op_code":8,"worker_id":"13887969-6b04-4eee-9993-bddb84f3b9ce-140514060214272","trial_id":12,"user_attr":{"em_epoch_1":78.27814569536424}}
{"op_code":7,"worker_id":"13887969-6b04-4eee-9993-bddb84f3b9ce-140514060214272","trial_id":12,"step":2,"intermediate_value":86.97843514621572}
{"op_code":8,"worker_id":"13887969-6b04-4eee-9993-bddb84f3b9ce-140514060214272","trial_id":12,"user_attr":{"train_loss_epoch_2":0.8542990515548685}}
{"op_code":8,"worker_id":"13887969-6b04-4eee-9993-bddb84f3b9ce-140514060214272","trial_id":12,"user_attr":{"f1_epoch_2":86.97843514621572}}
{"op_code":8,"worker_id":"13887969-6b04-4eee-9993-bddb84f3b9ce-140514060214272","trial_id":12,"user_attr":{"em_epoch_2":79.86754966887418}}
{"op_code":7,"worker_id":"13887969-6b04-4eee-9993-bddb84f3b9ce-140514060214272","trial_id":12,"step":3,"intermediate_value":87.60968047196033}
{"op_code":8,"worker_id":"13887969-6b04-4eee-9993-bddb84f3b9ce-140514060214272","trial_id":12,"user_attr":{"train_loss_epoch_3":0.6006426800718798}}
{"op_code":8,"worker_id":"13887969-6b04-4eee-9993-bddb84f3b9ce-140514060214272","trial_id":12,"user_attr":{"f1_epoch_3":87.60968047196033}}
{"op_code":8,"worker_id":"13887969-6b04-4eee-9993-bddb84f3b9ce-140514060214272","trial_id":12,"user_attr":{"em_epoch_3":80.1608325449385}}
{"op_code":7,"worker_id":"13887969-6b04-4eee-9993-bddb84f3b9ce-140514060214272","trial_id":12,"step":4,"intermediate_value":87.4799400598656}
{"op_code":8,"worker_id":"13887969-6b04-4eee-9993-bddb84f3b9ce-140514060214272","trial_id":12,"user_attr":{"train_loss_epoch_4":0.4318746496264527}}
{"op_code":8,"worker_id":"13887969-6b04-4eee-9993-bddb84f3b9ce-140514060214272","trial_id":12,"user_attr":{"f1_epoch_4":87.4799400598656}}
{"op_code":8,"worker_id":"13887969-6b04-4eee-9993-bddb84f3b9ce-140514060214272","trial_id":12,"user_attr":{"em_epoch_4":79.70671712393566}}
{"op_code":7,"worker_id":"13887969-6b04-4eee-9993-bddb84f3b9ce-140514060214272","trial_id":12,"step":5,"intermediate_value":87.37221920036384}
{"op_code":8,"worker_id":"13887969-6b04-4eee-9993-bddb84f3b9ce-140514060214272","trial_id":12,"user_attr":{"train_loss_epoch_5":0.3191062536827594}}
{"op_code":8,"worker_id":"13887969-6b04-4eee-9993-bddb84f3b9ce-140514060214272","trial_id":12,"user_attr":{"f1_epoch_5":87.37221920036384}}
{"op_code":8,"worker_id":"13887969-6b04-4eee-9993-bddb84f3b9ce-140514060214272","trial_id":12,"user_attr":{"em_epoch_5":79.59318826868495}}
{"op_code":8,"worker_id":"13887969-6b04-4eee-9993-bddb84f3b9ce-140514060214272","trial_id":12,"user_attr":{"best_em":80.1608325449385}}
{"op_code":6,"worker_id":"13887969-6b04-4eee-9993-bddb84f3b9ce-140514060214272","trial_id":12,"state":1,"values":[87.60968047196033],"datetime_complete":"2026-04-23T11:31:10.549323"}
{"op_code":4,"worker_id":"13887969-6b04-4eee-9993-bddb84f3b9ce-140514060214272","study_id":0,"datetime_start":"2026-04-23T11:31:10.550474"}
{"op_code":5,"worker_id":"13887969-6b04-4eee-9993-bddb84f3b9ce-140514060214272","trial_id":13,"param_name":"learning_rate","param_value_internal":4.939713749567097e-05,"distribution":"{\"name\": \"FloatDistribution\", \"attributes\": {\"step\": null, \"low\": 1e-05, \"high\": 0.001, \"log\": true}}"}
{"op_code":8,"worker_id":"13887969-6b04-4eee-9993-bddb84f3b9ce-140514060214272","trial_id":13,"user_attr":{"lora_target":"all"}}
{"op_code":8,"worker_id":"13887969-6b04-4eee-9993-bddb84f3b9ce-140514060214272","trial_id":13,"user_attr":{"batch_size":48}}
{"op_code":8,"worker_id":"13887969-6b04-4eee-9993-bddb84f3b9ce-140514060214272","trial_id":13,"user_attr":{"epochs":5}}
{"op_code":8,"worker_id":"13887969-6b04-4eee-9993-bddb84f3b9ce-140514060214272","trial_id":13,"user_attr":{"warmup_steps":365}}
{"op_code":7,"worker_id":"13887969-6b04-4eee-9993-bddb84f3b9ce-140514060214272","trial_id":13,"step":1,"intermediate_value":85.35394872719144}
{"op_code":8,"worker_id":"13887969-6b04-4eee-9993-bddb84f3b9ce-140514060214272","trial_id":13,"user_attr":{"train_loss_epoch_1":1.6148415040194504}}
{"op_code":8,"worker_id":"13887969-6b04-4eee-9993-bddb84f3b9ce-140514060214272","trial_id":13,"user_attr":{"f1_epoch_1":85.35394872719144}}
{"op_code":8,"worker_id":"13887969-6b04-4eee-9993-bddb84f3b9ce-140514060214272","trial_id":13,"user_attr":{"em_epoch_1":77.36991485335857}}
{"op_code":7,"worker_id":"13887969-6b04-4eee-9993-bddb84f3b9ce-140514060214272","trial_id":13,"step":2,"intermediate_value":87.21790822773318}
{"op_code":8,"worker_id":"13887969-6b04-4eee-9993-bddb84f3b9ce-140514060214272","trial_id":13,"user_attr":{"train_loss_epoch_2":0.8606472199686821}}
{"op_code":8,"worker_id":"13887969-6b04-4eee-9993-bddb84f3b9ce-140514060214272","trial_id":13,"user_attr":{"f1_epoch_2":87.21790822773318}}
{"op_code":8,"worker_id":"13887969-6b04-4eee-9993-bddb84f3b9ce-140514060214272","trial_id":13,"user_attr":{"em_epoch_2":79.81078524124882}}
{"op_code":7,"worker_id":"13887969-6b04-4eee-9993-bddb84f3b9ce-140514060214272","trial_id":13,"step":3,"intermediate_value":87.20786375397918}
{"op_code":8,"worker_id":"13887969-6b04-4eee-9993-bddb84f3b9ce-140514060214272","trial_id":13,"user_attr":{"train_loss_epoch_3":0.6085152645421222}}
{"op_code":8,"worker_id":"13887969-6b04-4eee-9993-bddb84f3b9ce-140514060214272","trial_id":13,"user_attr":{"f1_epoch_3":87.20786375397918}}
{"op_code":8,"worker_id":"13887969-6b04-4eee-9993-bddb84f3b9ce-140514060214272","trial_id":13,"user_attr":{"em_epoch_3":79.77294228949859}}
{"op_code":7,"worker_id":"13887969-6b04-4eee-9993-bddb84f3b9ce-140514060214272","trial_id":13,"step":4,"intermediate_value":87.2205647337464}
{"op_code":8,"worker_id":"13887969-6b04-4eee-9993-bddb84f3b9ce-140514060214272","trial_id":13,"user_attr":{"train_loss_epoch_4":0.4366502791804673}}
{"op_code":8,"worker_id":"13887969-6b04-4eee-9993-bddb84f3b9ce-140514060214272","trial_id":13,"user_attr":{"f1_epoch_4":87.2205647337464}}
{"op_code":8,"worker_id":"13887969-6b04-4eee-9993-bddb84f3b9ce-140514060214272","trial_id":13,"user_attr":{"em_epoch_4":79.47965941343425}}
{"op_code":7,"worker_id":"13887969-6b04-4eee-9993-bddb84f3b9ce-140514060214272","trial_id":13,"step":5,"intermediate_value":86.92241076681782}
{"op_code":8,"worker_id":"13887969-6b04-4eee-9993-bddb84f3b9ce-140514060214272","trial_id":13,"user_attr":{"train_loss_epoch_5":0.3251451804103244}}
{"op_code":8,"worker_id":"13887969-6b04-4eee-9993-bddb84f3b9ce-140514060214272","trial_id":13,"user_attr":{"f1_epoch_5":86.92241076681782}}
{"op_code":8,"worker_id":"13887969-6b04-4eee-9993-bddb84f3b9ce-140514060214272","trial_id":13,"user_attr":{"em_epoch_5":79.34720908230842}}
{"op_code":8,"worker_id":"13887969-6b04-4eee-9993-bddb84f3b9ce-140514060214272","trial_id":13,"user_attr":{"best_em":79.47965941343425}}
{"op_code":6,"worker_id":"13887969-6b04-4eee-9993-bddb84f3b9ce-140514060214272","trial_id":13,"state":1,"values":[87.2205647337464],"datetime_complete":"2026-04-23T13:04:21.237772"}
{"op_code":4,"worker_id":"13887969-6b04-4eee-9993-bddb84f3b9ce-140514060214272","study_id":0,"datetime_start":"2026-04-23T13:04:21.238793"}
{"op_code":5,"worker_id":"13887969-6b04-4eee-9993-bddb84f3b9ce-140514060214272","trial_id":14,"param_name":"learning_rate","param_value_internal":3.128591836124945e-05,"distribution":"{\"name\": \"FloatDistribution\", \"attributes\": {\"step\": null, \"low\": 1e-05, \"high\": 0.001, \"log\": true}}"}
{"op_code":8,"worker_id":"13887969-6b04-4eee-9993-bddb84f3b9ce-140514060214272","trial_id":14,"user_attr":{"lora_target":"all"}}
{"op_code":8,"worker_id":"13887969-6b04-4eee-9993-bddb84f3b9ce-140514060214272","trial_id":14,"user_attr":{"batch_size":48}}
{"op_code":8,"worker_id":"13887969-6b04-4eee-9993-bddb84f3b9ce-140514060214272","trial_id":14,"user_attr":{"epochs":5}}
{"op_code":8,"worker_id":"13887969-6b04-4eee-9993-bddb84f3b9ce-140514060214272","trial_id":14,"user_attr":{"warmup_steps":365}}
{"op_code":7,"worker_id":"13887969-6b04-4eee-9993-bddb84f3b9ce-140514060214272","trial_id":14,"step":1,"intermediate_value":84.6663121610451}
{"op_code":8,"worker_id":"13887969-6b04-4eee-9993-bddb84f3b9ce-140514060214272","trial_id":14,"user_attr":{"train_loss_epoch_1":1.7261273726215207}}
{"op_code":8,"worker_id":"13887969-6b04-4eee-9993-bddb84f3b9ce-140514060214272","trial_id":14,"user_attr":{"f1_epoch_1":84.6663121610451}}
{"op_code":8,"worker_id":"13887969-6b04-4eee-9993-bddb84f3b9ce-140514060214272","trial_id":14,"user_attr":{"em_epoch_1":76.41438032166509}}
{"op_code":6,"worker_id":"13887969-6b04-4eee-9993-bddb84f3b9ce-140514060214272","trial_id":14,"state":2,"values":[84.6663121610451],"datetime_complete":"2026-04-23T13:22:59.007721"}
{"op_code":4,"worker_id":"13887969-6b04-4eee-9993-bddb84f3b9ce-140514060214272","study_id":0,"datetime_start":"2026-04-23T13:22:59.008872"}
{"op_code":5,"worker_id":"13887969-6b04-4eee-9993-bddb84f3b9ce-140514060214272","trial_id":15,"param_name":"learning_rate","param_value_internal":9.399398710017308e-05,"distribution":"{\"name\": \"FloatDistribution\", \"attributes\": {\"step\": null, \"low\": 1e-05, \"high\": 0.001, \"log\": true}}"}
{"op_code":8,"worker_id":"13887969-6b04-4eee-9993-bddb84f3b9ce-140514060214272","trial_id":15,"user_attr":{"lora_target":"all"}}
{"op_code":8,"worker_id":"13887969-6b04-4eee-9993-bddb84f3b9ce-140514060214272","trial_id":15,"user_attr":{"batch_size":48}}
{"op_code":8,"worker_id":"13887969-6b04-4eee-9993-bddb84f3b9ce-140514060214272","trial_id":15,"user_attr":{"epochs":5}}
{"op_code":8,"worker_id":"13887969-6b04-4eee-9993-bddb84f3b9ce-140514060214272","trial_id":15,"user_attr":{"warmup_steps":365}}
{"op_code":7,"worker_id":"13887969-6b04-4eee-9993-bddb84f3b9ce-140514060214272","trial_id":15,"step":1,"intermediate_value":85.71854714459886}
{"op_code":8,"worker_id":"13887969-6b04-4eee-9993-bddb84f3b9ce-140514060214272","trial_id":15,"user_attr":{"train_loss_epoch_1":1.5436514967825354}}
{"op_code":8,"worker_id":"13887969-6b04-4eee-9993-bddb84f3b9ce-140514060214272","trial_id":15,"user_attr":{"f1_epoch_1":85.71854714459886}}
{"op_code":8,"worker_id":"13887969-6b04-4eee-9993-bddb84f3b9ce-140514060214272","trial_id":15,"user_attr":{"em_epoch_1":77.5685903500473}}
{"op_code":7,"worker_id":"13887969-6b04-4eee-9993-bddb84f3b9ce-140514060214272","trial_id":15,"step":2,"intermediate_value":86.83946377193921}
{"op_code":8,"worker_id":"13887969-6b04-4eee-9993-bddb84f3b9ce-140514060214272","trial_id":15,"user_attr":{"train_loss_epoch_2":0.84772171310293}}
{"op_code":8,"worker_id":"13887969-6b04-4eee-9993-bddb84f3b9ce-140514060214272","trial_id":15,"user_attr":{"f1_epoch_2":86.83946377193921}}
{"op_code":8,"worker_id":"13887969-6b04-4eee-9993-bddb84f3b9ce-140514060214272","trial_id":15,"user_attr":{"em_epoch_2":79.86754966887418}}
{"op_code":7,"worker_id":"13887969-6b04-4eee-9993-bddb84f3b9ce-140514060214272","trial_id":15,"step":3,"intermediate_value":87.31907005393151}
{"op_code":8,"worker_id":"13887969-6b04-4eee-9993-bddb84f3b9ce-140514060214272","trial_id":15,"user_attr":{"train_loss_epoch_3":0.5674944069731204}}
{"op_code":8,"worker_id":"13887969-6b04-4eee-9993-bddb84f3b9ce-140514060214272","trial_id":15,"user_attr":{"f1_epoch_3":87.31907005393151}}
{"op_code":8,"worker_id":"13887969-6b04-4eee-9993-bddb84f3b9ce-140514060214272","trial_id":15,"user_attr":{"em_epoch_3":79.94323557237465}}
{"op_code":7,"worker_id":"13887969-6b04-4eee-9993-bddb84f3b9ce-140514060214272","trial_id":15,"step":4,"intermediate_value":86.95108815300627}
{"op_code":8,"worker_id":"13887969-6b04-4eee-9993-bddb84f3b9ce-140514060214272","trial_id":15,"user_attr":{"train_loss_epoch_4":0.3668569288441159}}
{"op_code":8,"worker_id":"13887969-6b04-4eee-9993-bddb84f3b9ce-140514060214272","trial_id":15,"user_attr":{"f1_epoch_4":86.95108815300627}}
{"op_code":8,"worker_id":"13887969-6b04-4eee-9993-bddb84f3b9ce-140514060214272","trial_id":15,"user_attr":{"em_epoch_4":78.77956480605488}}
{"op_code":7,"worker_id":"13887969-6b04-4eee-9993-bddb84f3b9ce-140514060214272","trial_id":15,"step":5,"intermediate_value":86.98625777381547}
{"op_code":8,"worker_id":"13887969-6b04-4eee-9993-bddb84f3b9ce-140514060214272","trial_id":15,"user_attr":{"train_loss_epoch_5":0.2294635777187541}}
{"op_code":8,"worker_id":"13887969-6b04-4eee-9993-bddb84f3b9ce-140514060214272","trial_id":15,"user_attr":{"f1_epoch_5":86.98625777381547}}
{"op_code":8,"worker_id":"13887969-6b04-4eee-9993-bddb84f3b9ce-140514060214272","trial_id":15,"user_attr":{"em_epoch_5":78.66603595080416}}
{"op_code":8,"worker_id":"13887969-6b04-4eee-9993-bddb84f3b9ce-140514060214272","trial_id":15,"user_attr":{"best_em":79.94323557237465}}
{"op_code":6,"worker_id":"13887969-6b04-4eee-9993-bddb84f3b9ce-140514060214272","trial_id":15,"state":1,"values":[87.31907005393151],"datetime_complete":"2026-04-23T14:56:05.270143"}
{"op_code":4,"worker_id":"13887969-6b04-4eee-9993-bddb84f3b9ce-140514060214272","study_id":0,"datetime_start":"2026-04-23T14:56:05.271128"}
{"op_code":5,"worker_id":"13887969-6b04-4eee-9993-bddb84f3b9ce-140514060214272","trial_id":16,"param_name":"learning_rate","param_value_internal":8.833605638060707e-05,"distribution":"{\"name\": \"FloatDistribution\", \"attributes\": {\"step\": null, \"low\": 1e-05, \"high\": 0.001, \"log\": true}}"}
{"op_code":8,"worker_id":"13887969-6b04-4eee-9993-bddb84f3b9ce-140514060214272","trial_id":16,"user_attr":{"lora_target":"all"}}
{"op_code":8,"worker_id":"13887969-6b04-4eee-9993-bddb84f3b9ce-140514060214272","trial_id":16,"user_attr":{"batch_size":48}}
{"op_code":8,"worker_id":"13887969-6b04-4eee-9993-bddb84f3b9ce-140514060214272","trial_id":16,"user_attr":{"epochs":5}}
{"op_code":8,"worker_id":"13887969-6b04-4eee-9993-bddb84f3b9ce-140514060214272","trial_id":16,"user_attr":{"warmup_steps":365}}
{"op_code":7,"worker_id":"13887969-6b04-4eee-9993-bddb84f3b9ce-140514060214272","trial_id":16,"step":1,"intermediate_value":85.15783549280235}
{"op_code":8,"worker_id":"13887969-6b04-4eee-9993-bddb84f3b9ce-140514060214272","trial_id":16,"user_attr":{"train_loss_epoch_1":1.5444265782025448}}
{"op_code":8,"worker_id":"13887969-6b04-4eee-9993-bddb84f3b9ce-140514060214272","trial_id":16,"user_attr":{"f1_epoch_1":85.15783549280235}}
{"op_code":8,"worker_id":"13887969-6b04-4eee-9993-bddb84f3b9ce-140514060214272","trial_id":16,"user_attr":{"em_epoch_1":76.91579943235573}}
{"op_code":6,"worker_id":"13887969-6b04-4eee-9993-bddb84f3b9ce-140514060214272","trial_id":16,"state":2,"values":[85.15783549280235],"datetime_complete":"2026-04-23T15:14:42.543577"}
{"op_code":4,"worker_id":"13887969-6b04-4eee-9993-bddb84f3b9ce-140514060214272","study_id":0,"datetime_start":"2026-04-23T15:14:42.544829"}
{"op_code":5,"worker_id":"13887969-6b04-4eee-9993-bddb84f3b9ce-140514060214272","trial_id":17,"param_name":"learning_rate","param_value_internal":3.1383982428823264e-05,"distribution":"{\"name\": \"FloatDistribution\", \"attributes\": {\"step\": null, \"low\": 1e-05, \"high\": 0.001, \"log\": true}}"}
{"op_code":8,"worker_id":"13887969-6b04-4eee-9993-bddb84f3b9ce-140514060214272","trial_id":17,"user_attr":{"lora_target":"all"}}
{"op_code":8,"worker_id":"13887969-6b04-4eee-9993-bddb84f3b9ce-140514060214272","trial_id":17,"user_attr":{"batch_size":48}}
{"op_code":8,"worker_id":"13887969-6b04-4eee-9993-bddb84f3b9ce-140514060214272","trial_id":17,"user_attr":{"epochs":5}}
{"op_code":8,"worker_id":"13887969-6b04-4eee-9993-bddb84f3b9ce-140514060214272","trial_id":17,"user_attr":{"warmup_steps":365}}
{"op_code":7,"worker_id":"13887969-6b04-4eee-9993-bddb84f3b9ce-140514060214272","trial_id":17,"step":1,"intermediate_value":85.08304000131709}
{"op_code":8,"worker_id":"13887969-6b04-4eee-9993-bddb84f3b9ce-140514060214272","trial_id":17,"user_attr":{"train_loss_epoch_1":1.7211619514436902}}
{"op_code":8,"worker_id":"13887969-6b04-4eee-9993-bddb84f3b9ce-140514060214272","trial_id":17,"user_attr":{"f1_epoch_1":85.08304000131709}}
{"op_code":8,"worker_id":"13887969-6b04-4eee-9993-bddb84f3b9ce-140514060214272","trial_id":17,"user_attr":{"em_epoch_1":76.98202459791864}}
{"op_code":6,"worker_id":"13887969-6b04-4eee-9993-bddb84f3b9ce-140514060214272","trial_id":17,"state":2,"values":[85.08304000131709],"datetime_complete":"2026-04-23T15:33:23.468982"}
{"op_code":4,"worker_id":"13887969-6b04-4eee-9993-bddb84f3b9ce-140514060214272","study_id":0,"datetime_start":"2026-04-23T15:33:23.470171"}
{"op_code":5,"worker_id":"13887969-6b04-4eee-9993-bddb84f3b9ce-140514060214272","trial_id":18,"param_name":"learning_rate","param_value_internal":3.78580451762988e-05,"distribution":"{\"name\": \"FloatDistribution\", \"attributes\": {\"step\": null, \"low\": 1e-05, \"high\": 0.001, \"log\": true}}"}
{"op_code":8,"worker_id":"13887969-6b04-4eee-9993-bddb84f3b9ce-140514060214272","trial_id":18,"user_attr":{"lora_target":"all"}}
{"op_code":8,"worker_id":"13887969-6b04-4eee-9993-bddb84f3b9ce-140514060214272","trial_id":18,"user_attr":{"batch_size":48}}
{"op_code":8,"worker_id":"13887969-6b04-4eee-9993-bddb84f3b9ce-140514060214272","trial_id":18,"user_attr":{"epochs":5}}
{"op_code":8,"worker_id":"13887969-6b04-4eee-9993-bddb84f3b9ce-140514060214272","trial_id":18,"user_attr":{"warmup_steps":365}}
{"op_code":7,"worker_id":"13887969-6b04-4eee-9993-bddb84f3b9ce-140514060214272","trial_id":18,"step":1,"intermediate_value":85.67035697001445}
{"op_code":8,"worker_id":"13887969-6b04-4eee-9993-bddb84f3b9ce-140514060214272","trial_id":18,"user_attr":{"train_loss_epoch_1":1.6702382961585915}}
{"op_code":8,"worker_id":"13887969-6b04-4eee-9993-bddb84f3b9ce-140514060214272","trial_id":18,"user_attr":{"f1_epoch_1":85.67035697001445}}
{"op_code":8,"worker_id":"13887969-6b04-4eee-9993-bddb84f3b9ce-140514060214272","trial_id":18,"user_attr":{"em_epoch_1":77.96594134342479}}
{"op_code":7,"worker_id":"13887969-6b04-4eee-9993-bddb84f3b9ce-140514060214272","trial_id":18,"step":2,"intermediate_value":87.06265040179107}
{"op_code":8,"worker_id":"13887969-6b04-4eee-9993-bddb84f3b9ce-140514060214272","trial_id":18,"user_attr":{"train_loss_epoch_2":0.8951502625373644}}
{"op_code":8,"worker_id":"13887969-6b04-4eee-9993-bddb84f3b9ce-140514060214272","trial_id":18,"user_attr":{"f1_epoch_2":87.06265040179107}}
{"op_code":8,"worker_id":"13887969-6b04-4eee-9993-bddb84f3b9ce-140514060214272","trial_id":18,"user_attr":{"em_epoch_2":79.76348155156103}}
{"op_code":7,"worker_id":"13887969-6b04-4eee-9993-bddb84f3b9ce-140514060214272","trial_id":18,"step":3,"intermediate_value":87.38059893797552}
{"op_code":8,"worker_id":"13887969-6b04-4eee-9993-bddb84f3b9ce-140514060214272","trial_id":18,"user_attr":{"train_loss_epoch_3":0.6596354434160683}}
{"op_code":8,"worker_id":"13887969-6b04-4eee-9993-bddb84f3b9ce-140514060214272","trial_id":18,"user_attr":{"f1_epoch_3":87.38059893797552}}
{"op_code":8,"worker_id":"13887969-6b04-4eee-9993-bddb84f3b9ce-140514060214272","trial_id":18,"user_attr":{"em_epoch_3":79.82024597918638}}
{"op_code":7,"worker_id":"13887969-6b04-4eee-9993-bddb84f3b9ce-140514060214272","trial_id":18,"step":4,"intermediate_value":87.42042614045904}
{"op_code":8,"worker_id":"13887969-6b04-4eee-9993-bddb84f3b9ce-140514060214272","trial_id":18,"user_attr":{"train_loss_epoch_4":0.5028694312423871}}
{"op_code":8,"worker_id":"13887969-6b04-4eee-9993-bddb84f3b9ce-140514060214272","trial_id":18,"user_attr":{"f1_epoch_4":87.42042614045904}}
{"op_code":8,"worker_id":"13887969-6b04-4eee-9993-bddb84f3b9ce-140514060214272","trial_id":18,"user_attr":{"em_epoch_4":79.99053926206244}}
{"op_code":7,"worker_id":"13887969-6b04-4eee-9993-bddb84f3b9ce-140514060214272","trial_id":18,"step":5,"intermediate_value":87.38426356435923}
{"op_code":8,"worker_id":"13887969-6b04-4eee-9993-bddb84f3b9ce-140514060214272","trial_id":18,"user_attr":{"train_loss_epoch_5":0.4011883991035989}}
{"op_code":8,"worker_id":"13887969-6b04-4eee-9993-bddb84f3b9ce-140514060214272","trial_id":18,"user_attr":{"f1_epoch_5":87.38426356435923}}
{"op_code":8,"worker_id":"13887969-6b04-4eee-9993-bddb84f3b9ce-140514060214272","trial_id":18,"user_attr":{"em_epoch_5":79.65941343424787}}
{"op_code":8,"worker_id":"13887969-6b04-4eee-9993-bddb84f3b9ce-140514060214272","trial_id":18,"user_attr":{"best_em":79.99053926206244}}
{"op_code":6,"worker_id":"13887969-6b04-4eee-9993-bddb84f3b9ce-140514060214272","trial_id":18,"state":1,"values":[87.42042614045904],"datetime_complete":"2026-04-23T17:06:20.428172"}
{"op_code":4,"worker_id":"13887969-6b04-4eee-9993-bddb84f3b9ce-140514060214272","study_id":0,"datetime_start":"2026-04-23T17:06:20.429165"}
{"op_code":5,"worker_id":"13887969-6b04-4eee-9993-bddb84f3b9ce-140514060214272","trial_id":19,"param_name":"learning_rate","param_value_internal":1.0625600049713467e-05,"distribution":"{\"name\": \"FloatDistribution\", \"attributes\": {\"step\": null, \"low\": 1e-05, \"high\": 0.001, \"log\": true}}"}
{"op_code":8,"worker_id":"13887969-6b04-4eee-9993-bddb84f3b9ce-140514060214272","trial_id":19,"user_attr":{"lora_target":"all"}}
{"op_code":8,"worker_id":"13887969-6b04-4eee-9993-bddb84f3b9ce-140514060214272","trial_id":19,"user_attr":{"batch_size":48}}
{"op_code":8,"worker_id":"13887969-6b04-4eee-9993-bddb84f3b9ce-140514060214272","trial_id":19,"user_attr":{"epochs":5}}
{"op_code":8,"worker_id":"13887969-6b04-4eee-9993-bddb84f3b9ce-140514060214272","trial_id":19,"user_attr":{"warmup_steps":365}}
{"op_code":7,"worker_id":"13887969-6b04-4eee-9993-bddb84f3b9ce-140514060214272","trial_id":19,"step":1,"intermediate_value":80.29267360061631}
{"op_code":8,"worker_id":"13887969-6b04-4eee-9993-bddb84f3b9ce-140514060214272","trial_id":19,"user_attr":{"train_loss_epoch_1":2.1359594708535727}}
{"op_code":8,"worker_id":"13887969-6b04-4eee-9993-bddb84f3b9ce-140514060214272","trial_id":19,"user_attr":{"f1_epoch_1":80.29267360061631}}
{"op_code":8,"worker_id":"13887969-6b04-4eee-9993-bddb84f3b9ce-140514060214272","trial_id":19,"user_attr":{"em_epoch_1":70.99337748344371}}
{"op_code":6,"worker_id":"13887969-6b04-4eee-9993-bddb84f3b9ce-140514060214272","trial_id":19,"state":2,"values":[80.29267360061631],"datetime_complete":"2026-04-23T17:24:56.877901"}
{"op_code":4,"worker_id":"13887969-6b04-4eee-9993-bddb84f3b9ce-140514060214272","study_id":0,"datetime_start":"2026-04-23T17:24:56.878974"}
{"op_code":5,"worker_id":"13887969-6b04-4eee-9993-bddb84f3b9ce-140514060214272","trial_id":20,"param_name":"learning_rate","param_value_internal":0.00015456952221709825,"distribution":"{\"name\": \"FloatDistribution\", \"attributes\": {\"step\": null, \"low\": 1e-05, \"high\": 0.001, \"log\": true}}"}
{"op_code":8,"worker_id":"13887969-6b04-4eee-9993-bddb84f3b9ce-140514060214272","trial_id":20,"user_attr":{"lora_target":"all"}}
{"op_code":8,"worker_id":"13887969-6b04-4eee-9993-bddb84f3b9ce-140514060214272","trial_id":20,"user_attr":{"batch_size":48}}
{"op_code":8,"worker_id":"13887969-6b04-4eee-9993-bddb84f3b9ce-140514060214272","trial_id":20,"user_attr":{"epochs":5}}
{"op_code":8,"worker_id":"13887969-6b04-4eee-9993-bddb84f3b9ce-140514060214272","trial_id":20,"user_attr":{"warmup_steps":365}}
{"op_code":7,"worker_id":"13887969-6b04-4eee-9993-bddb84f3b9ce-140514060214272","trial_id":20,"step":1,"intermediate_value":82.81457200776589}
{"op_code":8,"worker_id":"13887969-6b04-4eee-9993-bddb84f3b9ce-140514060214272","trial_id":20,"user_attr":{"train_loss_epoch_1":1.5666474073882994}}
{"op_code":8,"worker_id":"13887969-6b04-4eee-9993-bddb84f3b9ce-140514060214272","trial_id":20,"user_attr":{"f1_epoch_1":82.81457200776589}}
{"op_code":8,"worker_id":"13887969-6b04-4eee-9993-bddb84f3b9ce-140514060214272","trial_id":20,"user_attr":{"em_epoch_1":73.79375591296122}}
{"op_code":6,"worker_id":"13887969-6b04-4eee-9993-bddb84f3b9ce-140514060214272","trial_id":20,"state":2,"values":[82.81457200776589],"datetime_complete":"2026-04-23T17:43:34.729002"}
{"op_code":4,"worker_id":"13887969-6b04-4eee-9993-bddb84f3b9ce-140514060214272","study_id":0,"datetime_start":"2026-04-23T17:43:34.730184"}
{"op_code":5,"worker_id":"13887969-6b04-4eee-9993-bddb84f3b9ce-140514060214272","trial_id":21,"param_name":"learning_rate","param_value_internal":6.52439748872247e-05,"distribution":"{\"name\": \"FloatDistribution\", \"attributes\": {\"step\": null, \"low\": 1e-05, \"high\": 0.001, \"log\": true}}"}
{"op_code":8,"worker_id":"13887969-6b04-4eee-9993-bddb84f3b9ce-140514060214272","trial_id":21,"user_attr":{"lora_target":"all"}}
{"op_code":8,"worker_id":"13887969-6b04-4eee-9993-bddb84f3b9ce-140514060214272","trial_id":21,"user_attr":{"batch_size":48}}
{"op_code":8,"worker_id":"13887969-6b04-4eee-9993-bddb84f3b9ce-140514060214272","trial_id":21,"user_attr":{"epochs":5}}
{"op_code":8,"worker_id":"13887969-6b04-4eee-9993-bddb84f3b9ce-140514060214272","trial_id":21,"user_attr":{"warmup_steps":365}}
{"op_code":7,"worker_id":"13887969-6b04-4eee-9993-bddb84f3b9ce-140514060214272","trial_id":21,"step":1,"intermediate_value":85.98125695644667}
{"op_code":8,"worker_id":"13887969-6b04-4eee-9993-bddb84f3b9ce-140514060214272","trial_id":21,"user_attr":{"train_loss_epoch_1":1.5782814946924122}}
{"op_code":8,"worker_id":"13887969-6b04-4eee-9993-bddb84f3b9ce-140514060214272","trial_id":21,"user_attr":{"f1_epoch_1":85.98125695644667}}
{"op_code":8,"worker_id":"13887969-6b04-4eee-9993-bddb84f3b9ce-140514060214272","trial_id":21,"user_attr":{"em_epoch_1":78.16461684011352}}
{"op_code":7,"worker_id":"13887969-6b04-4eee-9993-bddb84f3b9ce-140514060214272","trial_id":21,"step":2,"intermediate_value":86.93995003472162}
{"op_code":8,"worker_id":"13887969-6b04-4eee-9993-bddb84f3b9ce-140514060214272","trial_id":21,"user_attr":{"train_loss_epoch_2":0.8424084195922706}}
{"op_code":8,"worker_id":"13887969-6b04-4eee-9993-bddb84f3b9ce-140514060214272","trial_id":21,"user_attr":{"f1_epoch_2":86.93995003472162}}
{"op_code":8,"worker_id":"13887969-6b04-4eee-9993-bddb84f3b9ce-140514060214272","trial_id":21,"user_attr":{"em_epoch_2":79.49858088930937}}
{"op_code":7,"worker_id":"13887969-6b04-4eee-9993-bddb84f3b9ce-140514060214272","trial_id":21,"step":3,"intermediate_value":87.22530310837283}
{"op_code":8,"worker_id":"13887969-6b04-4eee-9993-bddb84f3b9ce-140514060214272","trial_id":21,"user_attr":{"train_loss_epoch_3":0.5774145596314898}}
{"op_code":8,"worker_id":"13887969-6b04-4eee-9993-bddb84f3b9ce-140514060214272","trial_id":21,"user_attr":{"f1_epoch_3":87.22530310837283}}
{"op_code":8,"worker_id":"13887969-6b04-4eee-9993-bddb84f3b9ce-140514060214272","trial_id":21,"user_attr":{"em_epoch_3":79.90539262062441}}
{"op_code":7,"worker_id":"13887969-6b04-4eee-9993-bddb84f3b9ce-140514060214272","trial_id":21,"step":4,"intermediate_value":87.43065475788163}
{"op_code":8,"worker_id":"13887969-6b04-4eee-9993-bddb84f3b9ce-140514060214272","trial_id":21,"user_attr":{"train_loss_epoch_4":0.3934909894214413}}
{"op_code":8,"worker_id":"13887969-6b04-4eee-9993-bddb84f3b9ce-140514060214272","trial_id":21,"user_attr":{"f1_epoch_4":87.43065475788163}}
{"op_code":8,"worker_id":"13887969-6b04-4eee-9993-bddb84f3b9ce-140514060214272","trial_id":21,"user_attr":{"em_epoch_4":79.60264900662251}}
{"op_code":7,"worker_id":"13887969-6b04-4eee-9993-bddb84f3b9ce-140514060214272","trial_id":21,"step":5,"intermediate_value":87.20739019196317}
{"op_code":8,"worker_id":"13887969-6b04-4eee-9993-bddb84f3b9ce-140514060214272","trial_id":21,"user_attr":{"train_loss_epoch_5":0.2694173697897089}}
{"op_code":8,"worker_id":"13887969-6b04-4eee-9993-bddb84f3b9ce-140514060214272","trial_id":21,"user_attr":{"f1_epoch_5":87.20739019196317}}
{"op_code":8,"worker_id":"13887969-6b04-4eee-9993-bddb84f3b9ce-140514060214272","trial_id":21,"user_attr":{"em_epoch_5":79.2620624408704}}
{"op_code":8,"worker_id":"13887969-6b04-4eee-9993-bddb84f3b9ce-140514060214272","trial_id":21,"user_attr":{"best_em":79.60264900662251}}
{"op_code":6,"worker_id":"13887969-6b04-4eee-9993-bddb84f3b9ce-140514060214272","trial_id":21,"state":1,"values":[87.43065475788163],"datetime_complete":"2026-04-23T19:16:33.629708"}
