{"op_code":0,"worker_id":"0c2708f5-79e9-41e2-9861-e2ade2bd9716-140425998585856","study_name":"bert_squad_digital_ffn_5ep","directions":[2]}
{"op_code":4,"worker_id":"0c2708f5-79e9-41e2-9861-e2ade2bd9716-140425998585856","study_id":0,"datetime_start":"2026-04-22T19:30:16.153192"}
{"op_code":5,"worker_id":"0c2708f5-79e9-41e2-9861-e2ade2bd9716-140425998585856","trial_id":0,"param_name":"learning_rate","param_value_internal":5.6115164153345e-05,"distribution":"{\"name\": \"FloatDistribution\", \"attributes\": {\"step\": null, \"low\": 1e-05, \"high\": 0.001, \"log\": true}}"}
{"op_code":8,"worker_id":"0c2708f5-79e9-41e2-9861-e2ade2bd9716-140425998585856","trial_id":0,"user_attr":{"lora_target":"ffn"}}
{"op_code":8,"worker_id":"0c2708f5-79e9-41e2-9861-e2ade2bd9716-140425998585856","trial_id":0,"user_attr":{"batch_size":48}}
{"op_code":8,"worker_id":"0c2708f5-79e9-41e2-9861-e2ade2bd9716-140425998585856","trial_id":0,"user_attr":{"epochs":5}}
{"op_code":8,"worker_id":"0c2708f5-79e9-41e2-9861-e2ade2bd9716-140425998585856","trial_id":0,"user_attr":{"warmup_steps":365}}
{"op_code":7,"worker_id":"0c2708f5-79e9-41e2-9861-e2ade2bd9716-140425998585856","trial_id":0,"step":1,"intermediate_value":83.90841714845486}
{"op_code":8,"worker_id":"0c2708f5-79e9-41e2-9861-e2ade2bd9716-140425998585856","trial_id":0,"user_attr":{"train_loss_epoch_1":1.7742724058427786}}
{"op_code":8,"worker_id":"0c2708f5-79e9-41e2-9861-e2ade2bd9716-140425998585856","trial_id":0,"user_attr":{"f1_epoch_1":83.90841714845486}}
{"op_code":8,"worker_id":"0c2708f5-79e9-41e2-9861-e2ade2bd9716-140425998585856","trial_id":0,"user_attr":{"em_epoch_1":75.62913907284768}}
{"op_code":7,"worker_id":"0c2708f5-79e9-41e2-9861-e2ade2bd9716-140425998585856","trial_id":0,"step":2,"intermediate_value":85.88327475968767}
{"op_code":8,"worker_id":"0c2708f5-79e9-41e2-9861-e2ade2bd9716-140425998585856","trial_id":0,"user_attr":{"train_loss_epoch_2":0.9578542335569697}}
{"op_code":8,"worker_id":"0c2708f5-79e9-41e2-9861-e2ade2bd9716-140425998585856","trial_id":0,"user_attr":{"f1_epoch_2":85.88327475968767}}
{"op_code":8,"worker_id":"0c2708f5-79e9-41e2-9861-e2ade2bd9716-140425998585856","trial_id":0,"user_attr":{"em_epoch_2":78.50520340586566}}
{"op_code":7,"worker_id":"0c2708f5-79e9-41e2-9861-e2ade2bd9716-140425998585856","trial_id":0,"step":3,"intermediate_value":86.37864731016735}
{"op_code":8,"worker_id":"0c2708f5-79e9-41e2-9861-e2ade2bd9716-140425998585856","trial_id":0,"user_attr":{"train_loss_epoch_3":0.7212219363467157}}
{"op_code":8,"worker_id":"0c2708f5-79e9-41e2-9861-e2ade2bd9716-140425998585856","trial_id":0,"user_attr":{"f1_epoch_3":86.37864731016735}}
{"op_code":8,"worker_id":"0c2708f5-79e9-41e2-9861-e2ade2bd9716-140425998585856","trial_id":0,"user_attr":{"em_epoch_3":78.85525070955535}}
{"op_code":7,"worker_id":"0c2708f5-79e9-41e2-9861-e2ade2bd9716-140425998585856","trial_id":0,"step":4,"intermediate_value":86.19938410864428}
{"op_code":8,"worker_id":"0c2708f5-79e9-41e2-9861-e2ade2bd9716-140425998585856","trial_id":0,"user_attr":{"train_loss_epoch_4":0.5597098736662852}}
{"op_code":8,"worker_id":"0c2708f5-79e9-41e2-9861-e2ade2bd9716-140425998585856","trial_id":0,"user_attr":{"f1_epoch_4":86.19938410864428}}
{"op_code":8,"worker_id":"0c2708f5-79e9-41e2-9861-e2ade2bd9716-140425998585856","trial_id":0,"user_attr":{"em_epoch_4":78.58088930936613}}
{"op_code":7,"worker_id":"0c2708f5-79e9-41e2-9861-e2ade2bd9716-140425998585856","trial_id":0,"step":5,"intermediate_value":86.374843722786}
{"op_code":8,"worker_id":"0c2708f5-79e9-41e2-9861-e2ade2bd9716-140425998585856","trial_id":0,"user_attr":{"train_loss_epoch_5":0.4551227443505755}}
{"op_code":8,"worker_id":"0c2708f5-79e9-41e2-9861-e2ade2bd9716-140425998585856","trial_id":0,"user_attr":{"f1_epoch_5":86.374843722786}}
{"op_code":8,"worker_id":"0c2708f5-79e9-41e2-9861-e2ade2bd9716-140425998585856","trial_id":0,"user_attr":{"em_epoch_5":78.71333964049195}}
{"op_code":8,"worker_id":"0c2708f5-79e9-41e2-9861-e2ade2bd9716-140425998585856","trial_id":0,"user_attr":{"best_em":78.85525070955535}}
{"op_code":6,"worker_id":"0c2708f5-79e9-41e2-9861-e2ade2bd9716-140425998585856","trial_id":0,"state":1,"values":[86.37864731016735],"datetime_complete":"2026-04-22T20:53:29.366283"}
{"op_code":4,"worker_id":"0c2708f5-79e9-41e2-9861-e2ade2bd9716-140425998585856","study_id":0,"datetime_start":"2026-04-22T20:53:29.367557"}
{"op_code":5,"worker_id":"0c2708f5-79e9-41e2-9861-e2ade2bd9716-140425998585856","trial_id":1,"param_name":"learning_rate","param_value_internal":0.0007969454818643932,"distribution":"{\"name\": \"FloatDistribution\", \"attributes\": {\"step\": null, \"low\": 1e-05, \"high\": 0.001, \"log\": true}}"}
{"op_code":8,"worker_id":"0c2708f5-79e9-41e2-9861-e2ade2bd9716-140425998585856","trial_id":1,"user_attr":{"lora_target":"ffn"}}
{"op_code":8,"worker_id":"0c2708f5-79e9-41e2-9861-e2ade2bd9716-140425998585856","trial_id":1,"user_attr":{"batch_size":48}}
{"op_code":8,"worker_id":"0c2708f5-79e9-41e2-9861-e2ade2bd9716-140425998585856","trial_id":1,"user_attr":{"epochs":5}}
{"op_code":8,"worker_id":"0c2708f5-79e9-41e2-9861-e2ade2bd9716-140425998585856","trial_id":1,"user_attr":{"warmup_steps":365}}
{"op_code":7,"worker_id":"0c2708f5-79e9-41e2-9861-e2ade2bd9716-140425998585856","trial_id":1,"step":1,"intermediate_value":72.60861430292452}
{"op_code":8,"worker_id":"0c2708f5-79e9-41e2-9861-e2ade2bd9716-140425998585856","trial_id":1,"user_attr":{"train_loss_epoch_1":2.094387542716856}}
{"op_code":8,"worker_id":"0c2708f5-79e9-41e2-9861-e2ade2bd9716-140425998585856","trial_id":1,"user_attr":{"f1_epoch_1":72.60861430292452}}
{"op_code":8,"worker_id":"0c2708f5-79e9-41e2-9861-e2ade2bd9716-140425998585856","trial_id":1,"user_attr":{"em_epoch_1":61.66508987701041}}
{"op_code":7,"worker_id":"0c2708f5-79e9-41e2-9861-e2ade2bd9716-140425998585856","trial_id":1,"step":2,"intermediate_value":75.90200616468869}
{"op_code":8,"worker_id":"0c2708f5-79e9-41e2-9861-e2ade2bd9716-140425998585856","trial_id":1,"user_attr":{"train_loss_epoch_2":1.526497717569191}}
{"op_code":8,"worker_id":"0c2708f5-79e9-41e2-9861-e2ade2bd9716-140425998585856","trial_id":1,"user_attr":{"f1_epoch_2":75.90200616468869}}
{"op_code":8,"worker_id":"0c2708f5-79e9-41e2-9861-e2ade2bd9716-140425998585856","trial_id":1,"user_attr":{"em_epoch_2":66.03595080416272}}
{"op_code":8,"worker_id":"0c2708f5-79e9-41e2-9861-e2ade2bd9716-140425998585856","trial_id":1,"user_attr":{"best_em":66.03595080416272}}
{"op_code":6,"worker_id":"0c2708f5-79e9-41e2-9861-e2ade2bd9716-140425998585856","trial_id":1,"state":1,"values":[75.90200616468869],"datetime_complete":"2026-04-22T21:26:43.118782"}
{"op_code":4,"worker_id":"0c2708f5-79e9-41e2-9861-e2ade2bd9716-140425998585856","study_id":0,"datetime_start":"2026-04-22T21:26:43.120083"}
{"op_code":5,"worker_id":"0c2708f5-79e9-41e2-9861-e2ade2bd9716-140425998585856","trial_id":2,"param_name":"learning_rate","param_value_internal":0.000291063591313307,"distribution":"{\"name\": \"FloatDistribution\", \"attributes\": {\"step\": null, \"low\": 1e-05, \"high\": 0.001, \"log\": true}}"}
{"op_code":8,"worker_id":"0c2708f5-79e9-41e2-9861-e2ade2bd9716-140425998585856","trial_id":2,"user_attr":{"lora_target":"ffn"}}
{"op_code":8,"worker_id":"0c2708f5-79e9-41e2-9861-e2ade2bd9716-140425998585856","trial_id":2,"user_attr":{"batch_size":48}}
{"op_code":8,"worker_id":"0c2708f5-79e9-41e2-9861-e2ade2bd9716-140425998585856","trial_id":2,"user_attr":{"epochs":5}}
{"op_code":8,"worker_id":"0c2708f5-79e9-41e2-9861-e2ade2bd9716-140425998585856","trial_id":2,"user_attr":{"warmup_steps":365}}
{"op_code":7,"worker_id":"0c2708f5-79e9-41e2-9861-e2ade2bd9716-140425998585856","trial_id":2,"step":1,"intermediate_value":81.83189894161426}
{"op_code":8,"worker_id":"0c2708f5-79e9-41e2-9861-e2ade2bd9716-140425998585856","trial_id":2,"user_attr":{"train_loss_epoch_1":1.648292308577354}}
{"op_code":8,"worker_id":"0c2708f5-79e9-41e2-9861-e2ade2bd9716-140425998585856","trial_id":2,"user_attr":{"f1_epoch_1":81.83189894161426}}
{"op_code":8,"worker_id":"0c2708f5-79e9-41e2-9861-e2ade2bd9716-140425998585856","trial_id":2,"user_attr":{"em_epoch_1":71.9678334910123}}
{"op_code":7,"worker_id":"0c2708f5-79e9-41e2-9861-e2ade2bd9716-140425998585856","trial_id":2,"step":2,"intermediate_value":84.46897261329303}
{"op_code":8,"worker_id":"0c2708f5-79e9-41e2-9861-e2ade2bd9716-140425998585856","trial_id":2,"user_attr":{"train_loss_epoch_2":1.0235609023874692}}
{"op_code":8,"worker_id":"0c2708f5-79e9-41e2-9861-e2ade2bd9716-140425998585856","trial_id":2,"user_attr":{"f1_epoch_2":84.46897261329303}}
{"op_code":8,"worker_id":"0c2708f5-79e9-41e2-9861-e2ade2bd9716-140425998585856","trial_id":2,"user_attr":{"em_epoch_2":76.04541154210028}}
{"op_code":7,"worker_id":"0c2708f5-79e9-41e2-9861-e2ade2bd9716-140425998585856","trial_id":2,"step":3,"intermediate_value":85.5959981293177}
{"op_code":8,"worker_id":"0c2708f5-79e9-41e2-9861-e2ade2bd9716-140425998585856","trial_id":2,"user_attr":{"train_loss_epoch_3":0.7354772529466366}}
{"op_code":8,"worker_id":"0c2708f5-79e9-41e2-9861-e2ade2bd9716-140425998585856","trial_id":2,"user_attr":{"f1_epoch_3":85.5959981293177}}
{"op_code":8,"worker_id":"0c2708f5-79e9-41e2-9861-e2ade2bd9716-140425998585856","trial_id":2,"user_attr":{"em_epoch_3":77.57805108798486}}
{"op_code":7,"worker_id":"0c2708f5-79e9-41e2-9861-e2ade2bd9716-140425998585856","trial_id":2,"step":4,"intermediate_value":85.6762307723732}
{"op_code":8,"worker_id":"0c2708f5-79e9-41e2-9861-e2ade2bd9716-140425998585856","trial_id":2,"user_attr":{"train_loss_epoch_4":0.49014765688074313}}
{"op_code":8,"worker_id":"0c2708f5-79e9-41e2-9861-e2ade2bd9716-140425998585856","trial_id":2,"user_attr":{"f1_epoch_4":85.6762307723732}}
{"op_code":8,"worker_id":"0c2708f5-79e9-41e2-9861-e2ade2bd9716-140425998585856","trial_id":2,"user_attr":{"em_epoch_4":77.71996215704824}}
{"op_code":7,"worker_id":"0c2708f5-79e9-41e2-9861-e2ade2bd9716-140425998585856","trial_id":2,"step":5,"intermediate_value":85.68602316536727}
{"op_code":8,"worker_id":"0c2708f5-79e9-41e2-9861-e2ade2bd9716-140425998585856","trial_id":2,"user_attr":{"train_loss_epoch_5":0.29878197930208067}}
{"op_code":8,"worker_id":"0c2708f5-79e9-41e2-9861-e2ade2bd9716-140425998585856","trial_id":2,"user_attr":{"f1_epoch_5":85.68602316536727}}
{"op_code":8,"worker_id":"0c2708f5-79e9-41e2-9861-e2ade2bd9716-140425998585856","trial_id":2,"user_attr":{"em_epoch_5":77.12393566698202}}
{"op_code":8,"worker_id":"0c2708f5-79e9-41e2-9861-e2ade2bd9716-140425998585856","trial_id":2,"user_attr":{"best_em":77.12393566698202}}
{"op_code":6,"worker_id":"0c2708f5-79e9-41e2-9861-e2ade2bd9716-140425998585856","trial_id":2,"state":1,"values":[85.68602316536727],"datetime_complete":"2026-04-22T22:49:42.640556"}
{"op_code":4,"worker_id":"0c2708f5-79e9-41e2-9861-e2ade2bd9716-140425998585856","study_id":0,"datetime_start":"2026-04-22T22:49:42.641656"}
{"op_code":5,"worker_id":"0c2708f5-79e9-41e2-9861-e2ade2bd9716-140425998585856","trial_id":3,"param_name":"learning_rate","param_value_internal":0.00015751320499779721,"distribution":"{\"name\": \"FloatDistribution\", \"attributes\": {\"step\": null, \"low\": 1e-05, \"high\": 0.001, \"log\": true}}"}
{"op_code":8,"worker_id":"0c2708f5-79e9-41e2-9861-e2ade2bd9716-140425998585856","trial_id":3,"user_attr":{"lora_target":"ffn"}}
{"op_code":8,"worker_id":"0c2708f5-79e9-41e2-9861-e2ade2bd9716-140425998585856","trial_id":3,"user_attr":{"batch_size":48}}
{"op_code":8,"worker_id":"0c2708f5-79e9-41e2-9861-e2ade2bd9716-140425998585856","trial_id":3,"user_attr":{"epochs":5}}
{"op_code":8,"worker_id":"0c2708f5-79e9-41e2-9861-e2ade2bd9716-140425998585856","trial_id":3,"user_attr":{"warmup_steps":365}}
{"op_code":7,"worker_id":"0c2708f5-79e9-41e2-9861-e2ade2bd9716-140425998585856","trial_id":3,"step":1,"intermediate_value":84.4811803487128}
{"op_code":8,"worker_id":"0c2708f5-79e9-41e2-9861-e2ade2bd9716-140425998585856","trial_id":3,"user_attr":{"train_loss_epoch_1":1.5987297447070197}}
{"op_code":8,"worker_id":"0c2708f5-79e9-41e2-9861-e2ade2bd9716-140425998585856","trial_id":3,"user_attr":{"f1_epoch_1":84.4811803487128}}
{"op_code":8,"worker_id":"0c2708f5-79e9-41e2-9861-e2ade2bd9716-140425998585856","trial_id":3,"user_attr":{"em_epoch_1":76.13055818353831}}
{"op_code":7,"worker_id":"0c2708f5-79e9-41e2-9861-e2ade2bd9716-140425998585856","trial_id":3,"step":2,"intermediate_value":86.0045166348512}
{"op_code":8,"worker_id":"0c2708f5-79e9-41e2-9861-e2ade2bd9716-140425998585856","trial_id":3,"user_attr":{"train_loss_epoch_2":0.8931088348875847}}
{"op_code":8,"worker_id":"0c2708f5-79e9-41e2-9861-e2ade2bd9716-140425998585856","trial_id":3,"user_attr":{"f1_epoch_2":86.0045166348512}}
{"op_code":8,"worker_id":"0c2708f5-79e9-41e2-9861-e2ade2bd9716-140425998585856","trial_id":3,"user_attr":{"em_epoch_2":78.24976348155155}}
{"op_code":7,"worker_id":"0c2708f5-79e9-41e2-9861-e2ade2bd9716-140425998585856","trial_id":3,"step":3,"intermediate_value":86.38264143986402}
{"op_code":8,"worker_id":"0c2708f5-79e9-41e2-9861-e2ade2bd9716-140425998585856","trial_id":3,"user_attr":{"train_loss_epoch_3":0.6049498239183814}}
{"op_code":8,"worker_id":"0c2708f5-79e9-41e2-9861-e2ade2bd9716-140425998585856","trial_id":3,"user_attr":{"f1_epoch_3":86.38264143986402}}
{"op_code":8,"worker_id":"0c2708f5-79e9-41e2-9861-e2ade2bd9716-140425998585856","trial_id":3,"user_attr":{"em_epoch_3":78.57142857142857}}
{"op_code":7,"worker_id":"0c2708f5-79e9-41e2-9861-e2ade2bd9716-140425998585856","trial_id":3,"step":4,"intermediate_value":86.6407408131093}
{"op_code":8,"worker_id":"0c2708f5-79e9-41e2-9861-e2ade2bd9716-140425998585856","trial_id":3,"user_attr":{"train_loss_epoch_4":0.3966416797502254}}
{"op_code":8,"worker_id":"0c2708f5-79e9-41e2-9861-e2ade2bd9716-140425998585856","trial_id":3,"user_attr":{"f1_epoch_4":86.6407408131093}}
{"op_code":8,"worker_id":"0c2708f5-79e9-41e2-9861-e2ade2bd9716-140425998585856","trial_id":3,"user_attr":{"em_epoch_4":78.63765373699148}}
{"op_code":7,"worker_id":"0c2708f5-79e9-41e2-9861-e2ade2bd9716-140425998585856","trial_id":3,"step":5,"intermediate_value":86.60381448636096}
{"op_code":8,"worker_id":"0c2708f5-79e9-41e2-9861-e2ade2bd9716-140425998585856","trial_id":3,"user_attr":{"train_loss_epoch_5":0.24990719997785926}}
{"op_code":8,"worker_id":"0c2708f5-79e9-41e2-9861-e2ade2bd9716-140425998585856","trial_id":3,"user_attr":{"f1_epoch_5":86.60381448636096}}
{"op_code":8,"worker_id":"0c2708f5-79e9-41e2-9861-e2ade2bd9716-140425998585856","trial_id":3,"user_attr":{"em_epoch_5":78.4957426679281}}
{"op_code":8,"worker_id":"0c2708f5-79e9-41e2-9861-e2ade2bd9716-140425998585856","trial_id":3,"user_attr":{"best_em":78.63765373699148}}
{"op_code":6,"worker_id":"0c2708f5-79e9-41e2-9861-e2ade2bd9716-140425998585856","trial_id":3,"state":1,"values":[86.6407408131093],"datetime_complete":"2026-04-23T00:12:46.755289"}
{"op_code":4,"worker_id":"0c2708f5-79e9-41e2-9861-e2ade2bd9716-140425998585856","study_id":0,"datetime_start":"2026-04-23T00:12:46.756275"}
{"op_code":5,"worker_id":"0c2708f5-79e9-41e2-9861-e2ade2bd9716-140425998585856","trial_id":4,"param_name":"learning_rate","param_value_internal":2.0513382630874486e-05,"distribution":"{\"name\": \"FloatDistribution\", \"attributes\": {\"step\": null, \"low\": 1e-05, \"high\": 0.001, \"log\": true}}"}
{"op_code":8,"worker_id":"0c2708f5-79e9-41e2-9861-e2ade2bd9716-140425998585856","trial_id":4,"user_attr":{"lora_target":"ffn"}}
{"op_code":8,"worker_id":"0c2708f5-79e9-41e2-9861-e2ade2bd9716-140425998585856","trial_id":4,"user_attr":{"batch_size":48}}
{"op_code":8,"worker_id":"0c2708f5-79e9-41e2-9861-e2ade2bd9716-140425998585856","trial_id":4,"user_attr":{"epochs":5}}
{"op_code":8,"worker_id":"0c2708f5-79e9-41e2-9861-e2ade2bd9716-140425998585856","trial_id":4,"user_attr":{"warmup_steps":365}}
{"op_code":7,"worker_id":"0c2708f5-79e9-41e2-9861-e2ade2bd9716-140425998585856","trial_id":4,"step":1,"intermediate_value":80.29631856194683}
{"op_code":8,"worker_id":"0c2708f5-79e9-41e2-9861-e2ade2bd9716-140425998585856","trial_id":4,"user_attr":{"train_loss_epoch_1":2.1552944963863547}}
{"op_code":8,"worker_id":"0c2708f5-79e9-41e2-9861-e2ade2bd9716-140425998585856","trial_id":4,"user_attr":{"f1_epoch_1":80.29631856194683}}
{"op_code":8,"worker_id":"0c2708f5-79e9-41e2-9861-e2ade2bd9716-140425998585856","trial_id":4,"user_attr":{"em_epoch_1":70.94607379375591}}
{"op_code":7,"worker_id":"0c2708f5-79e9-41e2-9861-e2ade2bd9716-140425998585856","trial_id":4,"step":2,"intermediate_value":83.4885421239679}
{"op_code":8,"worker_id":"0c2708f5-79e9-41e2-9861-e2ade2bd9716-140425998585856","trial_id":4,"user_attr":{"train_loss_epoch_2":1.1962585257966991}}
{"op_code":8,"worker_id":"0c2708f5-79e9-41e2-9861-e2ade2bd9716-140425998585856","trial_id":4,"user_attr":{"f1_epoch_2":83.4885421239679}}
{"op_code":8,"worker_id":"0c2708f5-79e9-41e2-9861-e2ade2bd9716-140425998585856","trial_id":4,"user_attr":{"em_epoch_2":75.1371807000946}}
{"op_code":7,"worker_id":"0c2708f5-79e9-41e2-9861-e2ade2bd9716-140425998585856","trial_id":4,"step":3,"intermediate_value":84.87598607065628}
{"op_code":8,"worker_id":"0c2708f5-79e9-41e2-9861-e2ade2bd9716-140425998585856","trial_id":4,"user_attr":{"train_loss_epoch_3":1.008356223164535}}
{"op_code":8,"worker_id":"0c2708f5-79e9-41e2-9861-e2ade2bd9716-140425998585856","trial_id":4,"user_attr":{"f1_epoch_3":84.87598607065628}}
{"op_code":8,"worker_id":"0c2708f5-79e9-41e2-9861-e2ade2bd9716-140425998585856","trial_id":4,"user_attr":{"em_epoch_3":76.84011352885526}}
{"op_code":7,"worker_id":"0c2708f5-79e9-41e2-9861-e2ade2bd9716-140425998585856","trial_id":4,"step":4,"intermediate_value":85.4337144511685}
{"op_code":8,"worker_id":"0c2708f5-79e9-41e2-9861-e2ade2bd9716-140425998585856","trial_id":4,"user_attr":{"train_loss_epoch_4":0.902305416766867}}
{"op_code":8,"worker_id":"0c2708f5-79e9-41e2-9861-e2ade2bd9716-140425998585856","trial_id":4,"user_attr":{"f1_epoch_4":85.4337144511685}}
{"op_code":8,"worker_id":"0c2708f5-79e9-41e2-9861-e2ade2bd9716-140425998585856","trial_id":4,"user_attr":{"em_epoch_4":77.66319772942289}}
{"op_code":7,"worker_id":"0c2708f5-79e9-41e2-9861-e2ade2bd9716-140425998585856","trial_id":4,"step":5,"intermediate_value":85.64168885295861}
{"op_code":8,"worker_id":"0c2708f5-79e9-41e2-9861-e2ade2bd9716-140425998585856","trial_id":4,"user_attr":{"train_loss_epoch_5":0.8376370717839496}}
{"op_code":8,"worker_id":"0c2708f5-79e9-41e2-9861-e2ade2bd9716-140425998585856","trial_id":4,"user_attr":{"f1_epoch_5":85.64168885295861}}
{"op_code":8,"worker_id":"0c2708f5-79e9-41e2-9861-e2ade2bd9716-140425998585856","trial_id":4,"user_attr":{"em_epoch_5":77.92809839167455}}
{"op_code":8,"worker_id":"0c2708f5-79e9-41e2-9861-e2ade2bd9716-140425998585856","trial_id":4,"user_attr":{"best_em":77.92809839167455}}
{"op_code":6,"worker_id":"0c2708f5-79e9-41e2-9861-e2ade2bd9716-140425998585856","trial_id":4,"state":1,"values":[85.64168885295861],"datetime_complete":"2026-04-23T01:35:58.350489"}
{"op_code":4,"worker_id":"0c2708f5-79e9-41e2-9861-e2ade2bd9716-140425998585856","study_id":0,"datetime_start":"2026-04-23T01:35:58.351482"}
{"op_code":5,"worker_id":"0c2708f5-79e9-41e2-9861-e2ade2bd9716-140425998585856","trial_id":5,"param_name":"learning_rate","param_value_internal":2.0511104188433963e-05,"distribution":"{\"name\": \"FloatDistribution\", \"attributes\": {\"step\": null, \"low\": 1e-05, \"high\": 0.001, \"log\": true}}"}
{"op_code":8,"worker_id":"0c2708f5-79e9-41e2-9861-e2ade2bd9716-140425998585856","trial_id":5,"user_attr":{"lora_target":"ffn"}}
{"op_code":8,"worker_id":"0c2708f5-79e9-41e2-9861-e2ade2bd9716-140425998585856","trial_id":5,"user_attr":{"batch_size":48}}
{"op_code":8,"worker_id":"0c2708f5-79e9-41e2-9861-e2ade2bd9716-140425998585856","trial_id":5,"user_attr":{"epochs":5}}
{"op_code":8,"worker_id":"0c2708f5-79e9-41e2-9861-e2ade2bd9716-140425998585856","trial_id":5,"user_attr":{"warmup_steps":365}}
{"op_code":7,"worker_id":"0c2708f5-79e9-41e2-9861-e2ade2bd9716-140425998585856","trial_id":5,"step":1,"intermediate_value":80.003215137072}
{"op_code":8,"worker_id":"0c2708f5-79e9-41e2-9861-e2ade2bd9716-140425998585856","trial_id":5,"user_attr":{"train_loss_epoch_1":2.166236624388191}}
{"op_code":8,"worker_id":"0c2708f5-79e9-41e2-9861-e2ade2bd9716-140425998585856","trial_id":5,"user_attr":{"f1_epoch_1":80.003215137072}}
{"op_code":8,"worker_id":"0c2708f5-79e9-41e2-9861-e2ade2bd9716-140425998585856","trial_id":5,"user_attr":{"em_epoch_1":70.71901608325449}}
{"op_code":6,"worker_id":"0c2708f5-79e9-41e2-9861-e2ade2bd9716-140425998585856","trial_id":5,"state":2,"values":[80.003215137072],"datetime_complete":"2026-04-23T01:52:32.347945"}
{"op_code":4,"worker_id":"0c2708f5-79e9-41e2-9861-e2ade2bd9716-140425998585856","study_id":0,"datetime_start":"2026-04-23T01:52:32.349215"}
{"op_code":5,"worker_id":"0c2708f5-79e9-41e2-9861-e2ade2bd9716-140425998585856","trial_id":6,"param_name":"learning_rate","param_value_internal":1.3066739238053272e-05,"distribution":"{\"name\": \"FloatDistribution\", \"attributes\": {\"step\": null, \"low\": 1e-05, \"high\": 0.001, \"log\": true}}"}
{"op_code":8,"worker_id":"0c2708f5-79e9-41e2-9861-e2ade2bd9716-140425998585856","trial_id":6,"user_attr":{"lora_target":"ffn"}}
{"op_code":8,"worker_id":"0c2708f5-79e9-41e2-9861-e2ade2bd9716-140425998585856","trial_id":6,"user_attr":{"batch_size":48}}
{"op_code":8,"worker_id":"0c2708f5-79e9-41e2-9861-e2ade2bd9716-140425998585856","trial_id":6,"user_attr":{"epochs":5}}
{"op_code":8,"worker_id":"0c2708f5-79e9-41e2-9861-e2ade2bd9716-140425998585856","trial_id":6,"user_attr":{"warmup_steps":365}}
{"op_code":7,"worker_id":"0c2708f5-79e9-41e2-9861-e2ade2bd9716-140425998585856","trial_id":6,"step":1,"intermediate_value":76.85382413979313}
{"op_code":8,"worker_id":"0c2708f5-79e9-41e2-9861-e2ade2bd9716-140425998585856","trial_id":6,"user_attr":{"train_loss_epoch_1":2.3969512184784016}}
{"op_code":8,"worker_id":"0c2708f5-79e9-41e2-9861-e2ade2bd9716-140425998585856","trial_id":6,"user_attr":{"f1_epoch_1":76.85382413979313}}
{"op_code":8,"worker_id":"0c2708f5-79e9-41e2-9861-e2ade2bd9716-140425998585856","trial_id":6,"user_attr":{"em_epoch_1":66.82119205298014}}
{"op_code":6,"worker_id":"0c2708f5-79e9-41e2-9861-e2ade2bd9716-140425998585856","trial_id":6,"state":2,"values":[76.85382413979313],"datetime_complete":"2026-04-23T02:09:06.160335"}
{"op_code":4,"worker_id":"0c2708f5-79e9-41e2-9861-e2ade2bd9716-140425998585856","study_id":0,"datetime_start":"2026-04-23T02:09:06.161544"}
{"op_code":5,"worker_id":"0c2708f5-79e9-41e2-9861-e2ade2bd9716-140425998585856","trial_id":7,"param_name":"learning_rate","param_value_internal":0.0005399484409787432,"distribution":"{\"name\": \"FloatDistribution\", \"attributes\": {\"step\": null, \"low\": 1e-05, \"high\": 0.001, \"log\": true}}"}
{"op_code":8,"worker_id":"0c2708f5-79e9-41e2-9861-e2ade2bd9716-140425998585856","trial_id":7,"user_attr":{"lora_target":"ffn"}}
{"op_code":8,"worker_id":"0c2708f5-79e9-41e2-9861-e2ade2bd9716-140425998585856","trial_id":7,"user_attr":{"batch_size":48}}
{"op_code":8,"worker_id":"0c2708f5-79e9-41e2-9861-e2ade2bd9716-140425998585856","trial_id":7,"user_attr":{"epochs":5}}
{"op_code":8,"worker_id":"0c2708f5-79e9-41e2-9861-e2ade2bd9716-140425998585856","trial_id":7,"user_attr":{"warmup_steps":365}}
{"op_code":7,"worker_id":"0c2708f5-79e9-41e2-9861-e2ade2bd9716-140425998585856","trial_id":7,"step":1,"intermediate_value":75.83389270329312}
{"op_code":8,"worker_id":"0c2708f5-79e9-41e2-9861-e2ade2bd9716-140425998585856","trial_id":7,"user_attr":{"train_loss_epoch_1":1.8553592463172872}}
{"op_code":8,"worker_id":"0c2708f5-79e9-41e2-9861-e2ade2bd9716-140425998585856","trial_id":7,"user_attr":{"f1_epoch_1":75.83389270329312}}
{"op_code":8,"worker_id":"0c2708f5-79e9-41e2-9861-e2ade2bd9716-140425998585856","trial_id":7,"user_attr":{"em_epoch_1":65.07095553453169}}
{"op_code":6,"worker_id":"0c2708f5-79e9-41e2-9861-e2ade2bd9716-140425998585856","trial_id":7,"state":2,"values":[75.83389270329312],"datetime_complete":"2026-04-23T02:25:41.403088"}
{"op_code":4,"worker_id":"0c2708f5-79e9-41e2-9861-e2ade2bd9716-140425998585856","study_id":0,"datetime_start":"2026-04-23T02:25:41.404257"}
{"op_code":5,"worker_id":"0c2708f5-79e9-41e2-9861-e2ade2bd9716-140425998585856","trial_id":8,"param_name":"learning_rate","param_value_internal":0.00015930522616241006,"distribution":"{\"name\": \"FloatDistribution\", \"attributes\": {\"step\": null, \"low\": 1e-05, \"high\": 0.001, \"log\": true}}"}
{"op_code":8,"worker_id":"0c2708f5-79e9-41e2-9861-e2ade2bd9716-140425998585856","trial_id":8,"user_attr":{"lora_target":"ffn"}}
{"op_code":8,"worker_id":"0c2708f5-79e9-41e2-9861-e2ade2bd9716-140425998585856","trial_id":8,"user_attr":{"batch_size":48}}
{"op_code":8,"worker_id":"0c2708f5-79e9-41e2-9861-e2ade2bd9716-140425998585856","trial_id":8,"user_attr":{"epochs":5}}
{"op_code":8,"worker_id":"0c2708f5-79e9-41e2-9861-e2ade2bd9716-140425998585856","trial_id":8,"user_attr":{"warmup_steps":365}}
{"op_code":7,"worker_id":"0c2708f5-79e9-41e2-9861-e2ade2bd9716-140425998585856","trial_id":8,"step":1,"intermediate_value":84.5849562690654}
{"op_code":8,"worker_id":"0c2708f5-79e9-41e2-9861-e2ade2bd9716-140425998585856","trial_id":8,"user_attr":{"train_loss_epoch_1":1.6055375611878993}}
{"op_code":8,"worker_id":"0c2708f5-79e9-41e2-9861-e2ade2bd9716-140425998585856","trial_id":8,"user_attr":{"f1_epoch_1":84.5849562690654}}
{"op_code":8,"worker_id":"0c2708f5-79e9-41e2-9861-e2ade2bd9716-140425998585856","trial_id":8,"user_attr":{"em_epoch_1":76.49006622516556}}
{"op_code":7,"worker_id":"0c2708f5-79e9-41e2-9861-e2ade2bd9716-140425998585856","trial_id":8,"step":2,"intermediate_value":86.11267735883743}
{"op_code":8,"worker_id":"0c2708f5-79e9-41e2-9861-e2ade2bd9716-140425998585856","trial_id":8,"user_attr":{"train_loss_epoch_2":0.8999739403324075}}
{"op_code":8,"worker_id":"0c2708f5-79e9-41e2-9861-e2ade2bd9716-140425998585856","trial_id":8,"user_attr":{"f1_epoch_2":86.11267735883743}}
{"op_code":8,"worker_id":"0c2708f5-79e9-41e2-9861-e2ade2bd9716-140425998585856","trial_id":8,"user_attr":{"em_epoch_2":78.68495742667928}}
{"op_code":7,"worker_id":"0c2708f5-79e9-41e2-9861-e2ade2bd9716-140425998585856","trial_id":8,"step":3,"intermediate_value":86.17343356038027}
{"op_code":8,"worker_id":"0c2708f5-79e9-41e2-9861-e2ade2bd9716-140425998585856","trial_id":8,"user_attr":{"train_loss_epoch_3":0.61637378029707}}
{"op_code":8,"worker_id":"0c2708f5-79e9-41e2-9861-e2ade2bd9716-140425998585856","trial_id":8,"user_attr":{"f1_epoch_3":86.17343356038027}}
{"op_code":8,"worker_id":"0c2708f5-79e9-41e2-9861-e2ade2bd9716-140425998585856","trial_id":8,"user_attr":{"em_epoch_3":78.27814569536424}}
{"op_code":7,"worker_id":"0c2708f5-79e9-41e2-9861-e2ade2bd9716-140425998585856","trial_id":8,"step":4,"intermediate_value":86.1945318105465}
{"op_code":8,"worker_id":"0c2708f5-79e9-41e2-9861-e2ade2bd9716-140425998585856","trial_id":8,"user_attr":{"train_loss_epoch_4":0.41009263293691445}}
{"op_code":8,"worker_id":"0c2708f5-79e9-41e2-9861-e2ade2bd9716-140425998585856","trial_id":8,"user_attr":{"f1_epoch_4":86.1945318105465}}
{"op_code":8,"worker_id":"0c2708f5-79e9-41e2-9861-e2ade2bd9716-140425998585856","trial_id":8,"user_attr":{"em_epoch_4":77.95648060548723}}
{"op_code":7,"worker_id":"0c2708f5-79e9-41e2-9861-e2ade2bd9716-140425998585856","trial_id":8,"step":5,"intermediate_value":86.22380998714269}
{"op_code":8,"worker_id":"0c2708f5-79e9-41e2-9861-e2ade2bd9716-140425998585856","trial_id":8,"user_attr":{"train_loss_epoch_5":0.26046346961078926}}
{"op_code":8,"worker_id":"0c2708f5-79e9-41e2-9861-e2ade2bd9716-140425998585856","trial_id":8,"user_attr":{"f1_epoch_5":86.22380998714269}}
{"op_code":8,"worker_id":"0c2708f5-79e9-41e2-9861-e2ade2bd9716-140425998585856","trial_id":8,"user_attr":{"em_epoch_5":77.92809839167455}}
{"op_code":8,"worker_id":"0c2708f5-79e9-41e2-9861-e2ade2bd9716-140425998585856","trial_id":8,"user_attr":{"best_em":77.92809839167455}}
{"op_code":6,"worker_id":"0c2708f5-79e9-41e2-9861-e2ade2bd9716-140425998585856","trial_id":8,"state":1,"values":[86.22380998714269],"datetime_complete":"2026-04-23T03:48:38.633870"}
{"op_code":4,"worker_id":"0c2708f5-79e9-41e2-9861-e2ade2bd9716-140425998585856","study_id":0,"datetime_start":"2026-04-23T03:48:38.634998"}
{"op_code":5,"worker_id":"0c2708f5-79e9-41e2-9861-e2ade2bd9716-140425998585856","trial_id":9,"param_name":"learning_rate","param_value_internal":0.0002607024758370766,"distribution":"{\"name\": \"FloatDistribution\", \"attributes\": {\"step\": null, \"low\": 1e-05, \"high\": 0.001, \"log\": true}}"}
{"op_code":8,"worker_id":"0c2708f5-79e9-41e2-9861-e2ade2bd9716-140425998585856","trial_id":9,"user_attr":{"lora_target":"ffn"}}
{"op_code":8,"worker_id":"0c2708f5-79e9-41e2-9861-e2ade2bd9716-140425998585856","trial_id":9,"user_attr":{"batch_size":48}}
{"op_code":8,"worker_id":"0c2708f5-79e9-41e2-9861-e2ade2bd9716-140425998585856","trial_id":9,"user_attr":{"epochs":5}}
{"op_code":8,"worker_id":"0c2708f5-79e9-41e2-9861-e2ade2bd9716-140425998585856","trial_id":9,"user_attr":{"warmup_steps":365}}
{"op_code":7,"worker_id":"0c2708f5-79e9-41e2-9861-e2ade2bd9716-140425998585856","trial_id":9,"step":1,"intermediate_value":81.94274383264332}
{"op_code":8,"worker_id":"0c2708f5-79e9-41e2-9861-e2ade2bd9716-140425998585856","trial_id":9,"user_attr":{"train_loss_epoch_1":1.6338471214945722}}
{"op_code":8,"worker_id":"0c2708f5-79e9-41e2-9861-e2ade2bd9716-140425998585856","trial_id":9,"user_attr":{"f1_epoch_1":81.94274383264332}}
{"op_code":8,"worker_id":"0c2708f5-79e9-41e2-9861-e2ade2bd9716-140425998585856","trial_id":9,"user_attr":{"em_epoch_1":72.93282876064333}}
{"op_code":6,"worker_id":"0c2708f5-79e9-41e2-9861-e2ade2bd9716-140425998585856","trial_id":9,"state":2,"values":[81.94274383264332],"datetime_complete":"2026-04-23T04:05:13.134163"}
{"op_code":0,"worker_id":"96aa88a9-65e2-43b8-b25d-5f29c2d1dd0f-139839649558528","study_name":"bert_squad_digital_ffn_5ep","directions":[2]}
{"op_code":4,"worker_id":"96aa88a9-65e2-43b8-b25d-5f29c2d1dd0f-139839649558528","study_id":0,"datetime_start":"2026-04-23T07:10:38.813017"}
{"op_code":5,"worker_id":"96aa88a9-65e2-43b8-b25d-5f29c2d1dd0f-139839649558528","trial_id":10,"param_name":"learning_rate","param_value_internal":7.074579225315697e-05,"distribution":"{\"name\": \"FloatDistribution\", \"attributes\": {\"step\": null, \"low\": 1e-05, \"high\": 0.001, \"log\": true}}"}
{"op_code":8,"worker_id":"96aa88a9-65e2-43b8-b25d-5f29c2d1dd0f-139839649558528","trial_id":10,"user_attr":{"lora_target":"ffn"}}
{"op_code":8,"worker_id":"96aa88a9-65e2-43b8-b25d-5f29c2d1dd0f-139839649558528","trial_id":10,"user_attr":{"batch_size":48}}
{"op_code":8,"worker_id":"96aa88a9-65e2-43b8-b25d-5f29c2d1dd0f-139839649558528","trial_id":10,"user_attr":{"epochs":5}}
{"op_code":8,"worker_id":"96aa88a9-65e2-43b8-b25d-5f29c2d1dd0f-139839649558528","trial_id":10,"user_attr":{"warmup_steps":365}}
{"op_code":0,"worker_id":"474f8593-ae27-45b5-bfb7-e84963f17a0d-139711917043712","study_name":"bert_squad_digital_ffn_5ep","directions":[2]}
{"op_code":4,"worker_id":"474f8593-ae27-45b5-bfb7-e84963f17a0d-139711917043712","study_id":0,"datetime_start":"2026-04-23T07:16:48.089559"}
{"op_code":5,"worker_id":"474f8593-ae27-45b5-bfb7-e84963f17a0d-139711917043712","trial_id":11,"param_name":"learning_rate","param_value_internal":6.717506642832163e-05,"distribution":"{\"name\": \"FloatDistribution\", \"attributes\": {\"step\": null, \"low\": 1e-05, \"high\": 0.001, \"log\": true}}"}
{"op_code":8,"worker_id":"474f8593-ae27-45b5-bfb7-e84963f17a0d-139711917043712","trial_id":11,"user_attr":{"lora_target":"ffn"}}
{"op_code":8,"worker_id":"474f8593-ae27-45b5-bfb7-e84963f17a0d-139711917043712","trial_id":11,"user_attr":{"batch_size":48}}
{"op_code":8,"worker_id":"474f8593-ae27-45b5-bfb7-e84963f17a0d-139711917043712","trial_id":11,"user_attr":{"epochs":5}}
{"op_code":8,"worker_id":"474f8593-ae27-45b5-bfb7-e84963f17a0d-139711917043712","trial_id":11,"user_attr":{"warmup_steps":365}}
{"op_code":7,"worker_id":"96aa88a9-65e2-43b8-b25d-5f29c2d1dd0f-139839649558528","trial_id":10,"step":1,"intermediate_value":84.2875626260925}
{"op_code":8,"worker_id":"96aa88a9-65e2-43b8-b25d-5f29c2d1dd0f-139839649558528","trial_id":10,"user_attr":{"train_loss_epoch_1":1.7143835863769863}}
{"op_code":8,"worker_id":"96aa88a9-65e2-43b8-b25d-5f29c2d1dd0f-139839649558528","trial_id":10,"user_attr":{"f1_epoch_1":84.2875626260925}}
{"op_code":8,"worker_id":"96aa88a9-65e2-43b8-b25d-5f29c2d1dd0f-139839649558528","trial_id":10,"user_attr":{"em_epoch_1":75.97918637653737}}
{"op_code":7,"worker_id":"474f8593-ae27-45b5-bfb7-e84963f17a0d-139711917043712","trial_id":11,"step":1,"intermediate_value":84.60338213596687}
{"op_code":8,"worker_id":"474f8593-ae27-45b5-bfb7-e84963f17a0d-139711917043712","trial_id":11,"user_attr":{"train_loss_epoch_1":1.7471901168022053}}
{"op_code":8,"worker_id":"474f8593-ae27-45b5-bfb7-e84963f17a0d-139711917043712","trial_id":11,"user_attr":{"f1_epoch_1":84.60338213596687}}
{"op_code":8,"worker_id":"474f8593-ae27-45b5-bfb7-e84963f17a0d-139711917043712","trial_id":11,"user_attr":{"em_epoch_1":76.56575212866603}}
{"op_code":7,"worker_id":"96aa88a9-65e2-43b8-b25d-5f29c2d1dd0f-139839649558528","trial_id":10,"step":2,"intermediate_value":86.21449153718316}
{"op_code":8,"worker_id":"96aa88a9-65e2-43b8-b25d-5f29c2d1dd0f-139839649558528","trial_id":10,"user_attr":{"train_loss_epoch_2":0.9244977251785558}}
{"op_code":8,"worker_id":"96aa88a9-65e2-43b8-b25d-5f29c2d1dd0f-139839649558528","trial_id":10,"user_attr":{"f1_epoch_2":86.21449153718316}}
{"op_code":8,"worker_id":"96aa88a9-65e2-43b8-b25d-5f29c2d1dd0f-139839649558528","trial_id":10,"user_attr":{"em_epoch_2":78.87417218543047}}
{"op_code":7,"worker_id":"474f8593-ae27-45b5-bfb7-e84963f17a0d-139711917043712","trial_id":11,"step":2,"intermediate_value":86.17041672313883}
{"op_code":8,"worker_id":"474f8593-ae27-45b5-bfb7-e84963f17a0d-139711917043712","trial_id":11,"user_attr":{"train_loss_epoch_2":0.9414761363652341}}
{"op_code":8,"worker_id":"474f8593-ae27-45b5-bfb7-e84963f17a0d-139711917043712","trial_id":11,"user_attr":{"f1_epoch_2":86.17041672313883}}
{"op_code":8,"worker_id":"474f8593-ae27-45b5-bfb7-e84963f17a0d-139711917043712","trial_id":11,"user_attr":{"em_epoch_2":78.4957426679281}}
{"op_code":7,"worker_id":"96aa88a9-65e2-43b8-b25d-5f29c2d1dd0f-139839649558528","trial_id":10,"step":3,"intermediate_value":86.20096441679281}
{"op_code":8,"worker_id":"96aa88a9-65e2-43b8-b25d-5f29c2d1dd0f-139839649558528","trial_id":10,"user_attr":{"train_loss_epoch_3":0.6714738098748008}}
{"op_code":8,"worker_id":"96aa88a9-65e2-43b8-b25d-5f29c2d1dd0f-139839649558528","trial_id":10,"user_attr":{"f1_epoch_3":86.20096441679281}}
{"op_code":8,"worker_id":"96aa88a9-65e2-43b8-b25d-5f29c2d1dd0f-139839649558528","trial_id":10,"user_attr":{"em_epoch_3":78.4957426679281}}
{"op_code":7,"worker_id":"474f8593-ae27-45b5-bfb7-e84963f17a0d-139711917043712","trial_id":11,"step":3,"intermediate_value":86.36900038481986}
{"op_code":8,"worker_id":"474f8593-ae27-45b5-bfb7-e84963f17a0d-139711917043712","trial_id":11,"user_attr":{"train_loss_epoch_3":0.6932266055245386}}
{"op_code":8,"worker_id":"474f8593-ae27-45b5-bfb7-e84963f17a0d-139711917043712","trial_id":11,"user_attr":{"f1_epoch_3":86.36900038481986}}
{"op_code":8,"worker_id":"474f8593-ae27-45b5-bfb7-e84963f17a0d-139711917043712","trial_id":11,"user_attr":{"em_epoch_3":78.94985808893094}}
{"op_code":7,"worker_id":"96aa88a9-65e2-43b8-b25d-5f29c2d1dd0f-139839649558528","trial_id":10,"step":4,"intermediate_value":86.26713402870037}
{"op_code":8,"worker_id":"96aa88a9-65e2-43b8-b25d-5f29c2d1dd0f-139839649558528","trial_id":10,"user_attr":{"train_loss_epoch_4":0.4991679118496939}}
{"op_code":8,"worker_id":"96aa88a9-65e2-43b8-b25d-5f29c2d1dd0f-139839649558528","trial_id":10,"user_attr":{"f1_epoch_4":86.26713402870037}}
{"op_code":8,"worker_id":"96aa88a9-65e2-43b8-b25d-5f29c2d1dd0f-139839649558528","trial_id":10,"user_attr":{"em_epoch_4":78.66603595080416}}
{"op_code":7,"worker_id":"474f8593-ae27-45b5-bfb7-e84963f17a0d-139711917043712","trial_id":11,"step":4,"intermediate_value":86.36711236946138}
{"op_code":8,"worker_id":"474f8593-ae27-45b5-bfb7-e84963f17a0d-139711917043712","trial_id":11,"user_attr":{"train_loss_epoch_4":0.5234363214271824}}
{"op_code":8,"worker_id":"474f8593-ae27-45b5-bfb7-e84963f17a0d-139711917043712","trial_id":11,"user_attr":{"f1_epoch_4":86.36711236946138}}
{"op_code":8,"worker_id":"474f8593-ae27-45b5-bfb7-e84963f17a0d-139711917043712","trial_id":11,"user_attr":{"em_epoch_4":78.76064333017976}}
{"op_code":7,"worker_id":"96aa88a9-65e2-43b8-b25d-5f29c2d1dd0f-139839649558528","trial_id":10,"step":5,"intermediate_value":86.11860386637989}
{"op_code":8,"worker_id":"96aa88a9-65e2-43b8-b25d-5f29c2d1dd0f-139839649558528","trial_id":10,"user_attr":{"train_loss_epoch_5":0.3848514099794675}}
{"op_code":8,"worker_id":"96aa88a9-65e2-43b8-b25d-5f29c2d1dd0f-139839649558528","trial_id":10,"user_attr":{"f1_epoch_5":86.11860386637989}}
{"op_code":8,"worker_id":"96aa88a9-65e2-43b8-b25d-5f29c2d1dd0f-139839649558528","trial_id":10,"user_attr":{"em_epoch_5":78.40113528855251}}
{"op_code":8,"worker_id":"96aa88a9-65e2-43b8-b25d-5f29c2d1dd0f-139839649558528","trial_id":10,"user_attr":{"best_em":78.66603595080416}}
{"op_code":6,"worker_id":"96aa88a9-65e2-43b8-b25d-5f29c2d1dd0f-139839649558528","trial_id":10,"state":1,"values":[86.26713402870037],"datetime_complete":"2026-04-23T08:33:48.858144"}
{"op_code":4,"worker_id":"96aa88a9-65e2-43b8-b25d-5f29c2d1dd0f-139839649558528","study_id":0,"datetime_start":"2026-04-23T08:33:48.859245"}
{"op_code":5,"worker_id":"96aa88a9-65e2-43b8-b25d-5f29c2d1dd0f-139839649558528","trial_id":12,"param_name":"learning_rate","param_value_internal":6.026107395859698e-05,"distribution":"{\"name\": \"FloatDistribution\", \"attributes\": {\"step\": null, \"low\": 1e-05, \"high\": 0.001, \"log\": true}}"}
{"op_code":8,"worker_id":"96aa88a9-65e2-43b8-b25d-5f29c2d1dd0f-139839649558528","trial_id":12,"user_attr":{"lora_target":"ffn"}}
{"op_code":8,"worker_id":"96aa88a9-65e2-43b8-b25d-5f29c2d1dd0f-139839649558528","trial_id":12,"user_attr":{"batch_size":48}}
{"op_code":8,"worker_id":"96aa88a9-65e2-43b8-b25d-5f29c2d1dd0f-139839649558528","trial_id":12,"user_attr":{"epochs":5}}
{"op_code":8,"worker_id":"96aa88a9-65e2-43b8-b25d-5f29c2d1dd0f-139839649558528","trial_id":12,"user_attr":{"warmup_steps":365}}
{"op_code":7,"worker_id":"474f8593-ae27-45b5-bfb7-e84963f17a0d-139711917043712","trial_id":11,"step":5,"intermediate_value":86.359551123367}
{"op_code":8,"worker_id":"474f8593-ae27-45b5-bfb7-e84963f17a0d-139711917043712","trial_id":11,"user_attr":{"train_loss_epoch_5":0.40988349566453197}}
{"op_code":8,"worker_id":"474f8593-ae27-45b5-bfb7-e84963f17a0d-139711917043712","trial_id":11,"user_attr":{"f1_epoch_5":86.359551123367}}
{"op_code":8,"worker_id":"474f8593-ae27-45b5-bfb7-e84963f17a0d-139711917043712","trial_id":11,"user_attr":{"em_epoch_5":78.77010406811732}}
{"op_code":8,"worker_id":"474f8593-ae27-45b5-bfb7-e84963f17a0d-139711917043712","trial_id":11,"user_attr":{"best_em":78.94985808893094}}
{"op_code":6,"worker_id":"474f8593-ae27-45b5-bfb7-e84963f17a0d-139711917043712","trial_id":11,"state":1,"values":[86.36900038481986],"datetime_complete":"2026-04-23T08:39:41.378800"}
{"op_code":4,"worker_id":"474f8593-ae27-45b5-bfb7-e84963f17a0d-139711917043712","study_id":0,"datetime_start":"2026-04-23T08:39:41.379812"}
{"op_code":5,"worker_id":"474f8593-ae27-45b5-bfb7-e84963f17a0d-139711917043712","trial_id":13,"param_name":"learning_rate","param_value_internal":5.144154474194218e-05,"distribution":"{\"name\": \"FloatDistribution\", \"attributes\": {\"step\": null, \"low\": 1e-05, \"high\": 0.001, \"log\": true}}"}
{"op_code":8,"worker_id":"474f8593-ae27-45b5-bfb7-e84963f17a0d-139711917043712","trial_id":13,"user_attr":{"lora_target":"ffn"}}
{"op_code":8,"worker_id":"474f8593-ae27-45b5-bfb7-e84963f17a0d-139711917043712","trial_id":13,"user_attr":{"batch_size":48}}
{"op_code":8,"worker_id":"474f8593-ae27-45b5-bfb7-e84963f17a0d-139711917043712","trial_id":13,"user_attr":{"epochs":5}}
{"op_code":8,"worker_id":"474f8593-ae27-45b5-bfb7-e84963f17a0d-139711917043712","trial_id":13,"user_attr":{"warmup_steps":365}}
{"op_code":7,"worker_id":"96aa88a9-65e2-43b8-b25d-5f29c2d1dd0f-139839649558528","trial_id":12,"step":1,"intermediate_value":85.03112966704226}
{"op_code":8,"worker_id":"96aa88a9-65e2-43b8-b25d-5f29c2d1dd0f-139839649558528","trial_id":12,"user_attr":{"train_loss_epoch_1":1.751582129021001}}
{"op_code":8,"worker_id":"96aa88a9-65e2-43b8-b25d-5f29c2d1dd0f-139839649558528","trial_id":12,"user_attr":{"f1_epoch_1":85.03112966704226}}
{"op_code":8,"worker_id":"96aa88a9-65e2-43b8-b25d-5f29c2d1dd0f-139839649558528","trial_id":12,"user_attr":{"em_epoch_1":76.9914853358562}}
{"op_code":7,"worker_id":"474f8593-ae27-45b5-bfb7-e84963f17a0d-139711917043712","trial_id":13,"step":1,"intermediate_value":83.6401125005532}
{"op_code":8,"worker_id":"474f8593-ae27-45b5-bfb7-e84963f17a0d-139711917043712","trial_id":13,"user_attr":{"train_loss_epoch_1":1.8267133881729147}}
{"op_code":8,"worker_id":"474f8593-ae27-45b5-bfb7-e84963f17a0d-139711917043712","trial_id":13,"user_attr":{"f1_epoch_1":83.6401125005532}}
{"op_code":8,"worker_id":"474f8593-ae27-45b5-bfb7-e84963f17a0d-139711917043712","trial_id":13,"user_attr":{"em_epoch_1":75.33585619678335}}
{"op_code":6,"worker_id":"474f8593-ae27-45b5-bfb7-e84963f17a0d-139711917043712","trial_id":13,"state":2,"values":[83.6401125005532],"datetime_complete":"2026-04-23T08:56:16.870362"}
{"op_code":4,"worker_id":"474f8593-ae27-45b5-bfb7-e84963f17a0d-139711917043712","study_id":0,"datetime_start":"2026-04-23T08:56:16.871766"}
{"op_code":5,"worker_id":"474f8593-ae27-45b5-bfb7-e84963f17a0d-139711917043712","trial_id":14,"param_name":"learning_rate","param_value_internal":0.00014227177375548104,"distribution":"{\"name\": \"FloatDistribution\", \"attributes\": {\"step\": null, \"low\": 1e-05, \"high\": 0.001, \"log\": true}}"}
{"op_code":8,"worker_id":"474f8593-ae27-45b5-bfb7-e84963f17a0d-139711917043712","trial_id":14,"user_attr":{"lora_target":"ffn"}}
{"op_code":8,"worker_id":"474f8593-ae27-45b5-bfb7-e84963f17a0d-139711917043712","trial_id":14,"user_attr":{"batch_size":48}}
{"op_code":8,"worker_id":"474f8593-ae27-45b5-bfb7-e84963f17a0d-139711917043712","trial_id":14,"user_attr":{"epochs":5}}
{"op_code":8,"worker_id":"474f8593-ae27-45b5-bfb7-e84963f17a0d-139711917043712","trial_id":14,"user_attr":{"warmup_steps":365}}
{"op_code":7,"worker_id":"96aa88a9-65e2-43b8-b25d-5f29c2d1dd0f-139839649558528","trial_id":12,"step":2,"intermediate_value":86.31676406815626}
{"op_code":8,"worker_id":"96aa88a9-65e2-43b8-b25d-5f29c2d1dd0f-139839649558528","trial_id":12,"user_attr":{"train_loss_epoch_2":0.9492706488787643}}
{"op_code":8,"worker_id":"96aa88a9-65e2-43b8-b25d-5f29c2d1dd0f-139839649558528","trial_id":12,"user_attr":{"f1_epoch_2":86.31676406815626}}
{"op_code":8,"worker_id":"96aa88a9-65e2-43b8-b25d-5f29c2d1dd0f-139839649558528","trial_id":12,"user_attr":{"em_epoch_2":78.97824030274361}}
{"op_code":7,"worker_id":"474f8593-ae27-45b5-bfb7-e84963f17a0d-139711917043712","trial_id":14,"step":1,"intermediate_value":84.45254125352521}
{"op_code":8,"worker_id":"474f8593-ae27-45b5-bfb7-e84963f17a0d-139711917043712","trial_id":14,"user_attr":{"train_loss_epoch_1":1.6312595666908636}}
{"op_code":8,"worker_id":"474f8593-ae27-45b5-bfb7-e84963f17a0d-139711917043712","trial_id":14,"user_attr":{"f1_epoch_1":84.45254125352521}}
{"op_code":8,"worker_id":"474f8593-ae27-45b5-bfb7-e84963f17a0d-139711917043712","trial_id":14,"user_attr":{"em_epoch_1":76.66035950804162}}
{"op_code":7,"worker_id":"96aa88a9-65e2-43b8-b25d-5f29c2d1dd0f-139839649558528","trial_id":12,"step":3,"intermediate_value":86.4612484160308}
{"op_code":8,"worker_id":"96aa88a9-65e2-43b8-b25d-5f29c2d1dd0f-139839649558528","trial_id":12,"user_attr":{"train_loss_epoch_3":0.7078514347877606}}
{"op_code":8,"worker_id":"96aa88a9-65e2-43b8-b25d-5f29c2d1dd0f-139839649558528","trial_id":12,"user_attr":{"f1_epoch_3":86.4612484160308}}
{"op_code":8,"worker_id":"96aa88a9-65e2-43b8-b25d-5f29c2d1dd0f-139839649558528","trial_id":12,"user_attr":{"em_epoch_3":78.73226111636707}}
{"op_code":7,"worker_id":"474f8593-ae27-45b5-bfb7-e84963f17a0d-139711917043712","trial_id":14,"step":2,"intermediate_value":86.00400518843811}
{"op_code":8,"worker_id":"474f8593-ae27-45b5-bfb7-e84963f17a0d-139711917043712","trial_id":14,"user_attr":{"train_loss_epoch_2":0.9038367626466726}}
{"op_code":8,"worker_id":"474f8593-ae27-45b5-bfb7-e84963f17a0d-139711917043712","trial_id":14,"user_attr":{"f1_epoch_2":86.00400518843811}}
{"op_code":8,"worker_id":"474f8593-ae27-45b5-bfb7-e84963f17a0d-139711917043712","trial_id":14,"user_attr":{"em_epoch_2":78.53358561967833}}
{"op_code":7,"worker_id":"96aa88a9-65e2-43b8-b25d-5f29c2d1dd0f-139839649558528","trial_id":12,"step":4,"intermediate_value":86.3947552803641}
{"op_code":8,"worker_id":"96aa88a9-65e2-43b8-b25d-5f29c2d1dd0f-139839649558528","trial_id":12,"user_attr":{"train_loss_epoch_4":0.542440123908565}}
{"op_code":8,"worker_id":"96aa88a9-65e2-43b8-b25d-5f29c2d1dd0f-139839649558528","trial_id":12,"user_attr":{"f1_epoch_4":86.3947552803641}}
{"op_code":8,"worker_id":"96aa88a9-65e2-43b8-b25d-5f29c2d1dd0f-139839649558528","trial_id":12,"user_attr":{"em_epoch_4":78.69441816461683}}
{"op_code":7,"worker_id":"474f8593-ae27-45b5-bfb7-e84963f17a0d-139711917043712","trial_id":14,"step":3,"intermediate_value":85.98401431777532}
{"op_code":8,"worker_id":"474f8593-ae27-45b5-bfb7-e84963f17a0d-139711917043712","trial_id":14,"user_attr":{"train_loss_epoch_3":0.6211454409893935}}
{"op_code":8,"worker_id":"474f8593-ae27-45b5-bfb7-e84963f17a0d-139711917043712","trial_id":14,"user_attr":{"f1_epoch_3":85.98401431777532}}
{"op_code":8,"worker_id":"474f8593-ae27-45b5-bfb7-e84963f17a0d-139711917043712","trial_id":14,"user_attr":{"em_epoch_3":78.29706717123936}}
{"op_code":6,"worker_id":"474f8593-ae27-45b5-bfb7-e84963f17a0d-139711917043712","trial_id":14,"state":2,"values":[85.98401431777532],"datetime_complete":"2026-04-23T09:45:53.277382"}
{"op_code":4,"worker_id":"474f8593-ae27-45b5-bfb7-e84963f17a0d-139711917043712","study_id":0,"datetime_start":"2026-04-23T09:45:53.278682"}
{"op_code":5,"worker_id":"474f8593-ae27-45b5-bfb7-e84963f17a0d-139711917043712","trial_id":15,"param_name":"learning_rate","param_value_internal":3.769350290754355e-05,"distribution":"{\"name\": \"FloatDistribution\", \"attributes\": {\"step\": null, \"low\": 1e-05, \"high\": 0.001, \"log\": true}}"}
{"op_code":8,"worker_id":"474f8593-ae27-45b5-bfb7-e84963f17a0d-139711917043712","trial_id":15,"user_attr":{"lora_target":"ffn"}}
{"op_code":8,"worker_id":"474f8593-ae27-45b5-bfb7-e84963f17a0d-139711917043712","trial_id":15,"user_attr":{"batch_size":48}}
{"op_code":8,"worker_id":"474f8593-ae27-45b5-bfb7-e84963f17a0d-139711917043712","trial_id":15,"user_attr":{"epochs":5}}
{"op_code":8,"worker_id":"474f8593-ae27-45b5-bfb7-e84963f17a0d-139711917043712","trial_id":15,"user_attr":{"warmup_steps":365}}
{"op_code":7,"worker_id":"96aa88a9-65e2-43b8-b25d-5f29c2d1dd0f-139839649558528","trial_id":12,"step":5,"intermediate_value":86.4432927475171}
{"op_code":8,"worker_id":"96aa88a9-65e2-43b8-b25d-5f29c2d1dd0f-139839649558528","trial_id":12,"user_attr":{"train_loss_epoch_5":0.4331122500382788}}
{"op_code":8,"worker_id":"96aa88a9-65e2-43b8-b25d-5f29c2d1dd0f-139839649558528","trial_id":12,"user_attr":{"f1_epoch_5":86.4432927475171}}
{"op_code":8,"worker_id":"96aa88a9-65e2-43b8-b25d-5f29c2d1dd0f-139839649558528","trial_id":12,"user_attr":{"em_epoch_5":78.94039735099338}}
{"op_code":8,"worker_id":"96aa88a9-65e2-43b8-b25d-5f29c2d1dd0f-139839649558528","trial_id":12,"user_attr":{"best_em":78.73226111636707}}
{"op_code":6,"worker_id":"96aa88a9-65e2-43b8-b25d-5f29c2d1dd0f-139839649558528","trial_id":12,"state":1,"values":[86.4612484160308],"datetime_complete":"2026-04-23T09:56:48.046201"}
{"op_code":4,"worker_id":"96aa88a9-65e2-43b8-b25d-5f29c2d1dd0f-139839649558528","study_id":0,"datetime_start":"2026-04-23T09:56:48.047214"}
{"op_code":5,"worker_id":"96aa88a9-65e2-43b8-b25d-5f29c2d1dd0f-139839649558528","trial_id":16,"param_name":"learning_rate","param_value_internal":3.7501228260615256e-05,"distribution":"{\"name\": \"FloatDistribution\", \"attributes\": {\"step\": null, \"low\": 1e-05, \"high\": 0.001, \"log\": true}}"}
{"op_code":8,"worker_id":"96aa88a9-65e2-43b8-b25d-5f29c2d1dd0f-139839649558528","trial_id":16,"user_attr":{"lora_target":"ffn"}}
{"op_code":8,"worker_id":"96aa88a9-65e2-43b8-b25d-5f29c2d1dd0f-139839649558528","trial_id":16,"user_attr":{"batch_size":48}}
{"op_code":8,"worker_id":"96aa88a9-65e2-43b8-b25d-5f29c2d1dd0f-139839649558528","trial_id":16,"user_attr":{"epochs":5}}
{"op_code":8,"worker_id":"96aa88a9-65e2-43b8-b25d-5f29c2d1dd0f-139839649558528","trial_id":16,"user_attr":{"warmup_steps":365}}
{"op_code":7,"worker_id":"474f8593-ae27-45b5-bfb7-e84963f17a0d-139711917043712","trial_id":15,"step":1,"intermediate_value":83.23495470546834}
{"op_code":8,"worker_id":"474f8593-ae27-45b5-bfb7-e84963f17a0d-139711917043712","trial_id":15,"user_attr":{"train_loss_epoch_1":1.9241455974617625}}
{"op_code":8,"worker_id":"474f8593-ae27-45b5-bfb7-e84963f17a0d-139711917043712","trial_id":15,"user_attr":{"f1_epoch_1":83.23495470546834}}
{"op_code":8,"worker_id":"474f8593-ae27-45b5-bfb7-e84963f17a0d-139711917043712","trial_id":15,"user_attr":{"em_epoch_1":74.75875118259225}}
{"op_code":6,"worker_id":"474f8593-ae27-45b5-bfb7-e84963f17a0d-139711917043712","trial_id":15,"state":2,"values":[83.23495470546834],"datetime_complete":"2026-04-23T10:02:26.748950"}
{"op_code":4,"worker_id":"474f8593-ae27-45b5-bfb7-e84963f17a0d-139711917043712","study_id":0,"datetime_start":"2026-04-23T10:02:26.750189"}
{"op_code":5,"worker_id":"474f8593-ae27-45b5-bfb7-e84963f17a0d-139711917043712","trial_id":17,"param_name":"learning_rate","param_value_internal":0.00012159808507971587,"distribution":"{\"name\": \"FloatDistribution\", \"attributes\": {\"step\": null, \"low\": 1e-05, \"high\": 0.001, \"log\": true}}"}
{"op_code":8,"worker_id":"474f8593-ae27-45b5-bfb7-e84963f17a0d-139711917043712","trial_id":17,"user_attr":{"lora_target":"ffn"}}
{"op_code":8,"worker_id":"474f8593-ae27-45b5-bfb7-e84963f17a0d-139711917043712","trial_id":17,"user_attr":{"batch_size":48}}
{"op_code":8,"worker_id":"474f8593-ae27-45b5-bfb7-e84963f17a0d-139711917043712","trial_id":17,"user_attr":{"epochs":5}}
{"op_code":8,"worker_id":"474f8593-ae27-45b5-bfb7-e84963f17a0d-139711917043712","trial_id":17,"user_attr":{"warmup_steps":365}}
{"op_code":7,"worker_id":"96aa88a9-65e2-43b8-b25d-5f29c2d1dd0f-139839649558528","trial_id":16,"step":1,"intermediate_value":83.51811853874325}
{"op_code":8,"worker_id":"96aa88a9-65e2-43b8-b25d-5f29c2d1dd0f-139839649558528","trial_id":16,"user_attr":{"train_loss_epoch_1":1.901283008845518}}
{"op_code":8,"worker_id":"96aa88a9-65e2-43b8-b25d-5f29c2d1dd0f-139839649558528","trial_id":16,"user_attr":{"f1_epoch_1":83.51811853874325}}
{"op_code":8,"worker_id":"96aa88a9-65e2-43b8-b25d-5f29c2d1dd0f-139839649558528","trial_id":16,"user_attr":{"em_epoch_1":75.1844843897824}}
{"op_code":6,"worker_id":"96aa88a9-65e2-43b8-b25d-5f29c2d1dd0f-139839649558528","trial_id":16,"state":2,"values":[83.51811853874325],"datetime_complete":"2026-04-23T10:13:24.259757"}
{"op_code":4,"worker_id":"96aa88a9-65e2-43b8-b25d-5f29c2d1dd0f-139839649558528","study_id":0,"datetime_start":"2026-04-23T10:13:24.261006"}
{"op_code":5,"worker_id":"96aa88a9-65e2-43b8-b25d-5f29c2d1dd0f-139839649558528","trial_id":18,"param_name":"learning_rate","param_value_internal":0.00010725517717025977,"distribution":"{\"name\": \"FloatDistribution\", \"attributes\": {\"step\": null, \"low\": 1e-05, \"high\": 0.001, \"log\": true}}"}
{"op_code":8,"worker_id":"96aa88a9-65e2-43b8-b25d-5f29c2d1dd0f-139839649558528","trial_id":18,"user_attr":{"lora_target":"ffn"}}
{"op_code":8,"worker_id":"96aa88a9-65e2-43b8-b25d-5f29c2d1dd0f-139839649558528","trial_id":18,"user_attr":{"batch_size":48}}
{"op_code":8,"worker_id":"96aa88a9-65e2-43b8-b25d-5f29c2d1dd0f-139839649558528","trial_id":18,"user_attr":{"epochs":5}}
{"op_code":8,"worker_id":"96aa88a9-65e2-43b8-b25d-5f29c2d1dd0f-139839649558528","trial_id":18,"user_attr":{"warmup_steps":365}}
{"op_code":7,"worker_id":"474f8593-ae27-45b5-bfb7-e84963f17a0d-139711917043712","trial_id":17,"step":1,"intermediate_value":83.77222350907776}
{"op_code":8,"worker_id":"474f8593-ae27-45b5-bfb7-e84963f17a0d-139711917043712","trial_id":17,"user_attr":{"train_loss_epoch_1":1.6467735835853308}}
{"op_code":8,"worker_id":"474f8593-ae27-45b5-bfb7-e84963f17a0d-139711917043712","trial_id":17,"user_attr":{"f1_epoch_1":83.77222350907776}}
{"op_code":8,"worker_id":"474f8593-ae27-45b5-bfb7-e84963f17a0d-139711917043712","trial_id":17,"user_attr":{"em_epoch_1":75.44938505203406}}
{"op_code":6,"worker_id":"474f8593-ae27-45b5-bfb7-e84963f17a0d-139711917043712","trial_id":17,"state":2,"values":[83.77222350907776],"datetime_complete":"2026-04-23T10:19:02.305165"}
{"op_code":4,"worker_id":"474f8593-ae27-45b5-bfb7-e84963f17a0d-139711917043712","study_id":0,"datetime_start":"2026-04-23T10:19:02.306519"}
{"op_code":5,"worker_id":"474f8593-ae27-45b5-bfb7-e84963f17a0d-139711917043712","trial_id":19,"param_name":"learning_rate","param_value_internal":0.0002336814477931243,"distribution":"{\"name\": \"FloatDistribution\", \"attributes\": {\"step\": null, \"low\": 1e-05, \"high\": 0.001, \"log\": true}}"}
{"op_code":8,"worker_id":"474f8593-ae27-45b5-bfb7-e84963f17a0d-139711917043712","trial_id":19,"user_attr":{"lora_target":"ffn"}}
{"op_code":8,"worker_id":"474f8593-ae27-45b5-bfb7-e84963f17a0d-139711917043712","trial_id":19,"user_attr":{"batch_size":48}}
{"op_code":8,"worker_id":"474f8593-ae27-45b5-bfb7-e84963f17a0d-139711917043712","trial_id":19,"user_attr":{"epochs":5}}
{"op_code":8,"worker_id":"474f8593-ae27-45b5-bfb7-e84963f17a0d-139711917043712","trial_id":19,"user_attr":{"warmup_steps":365}}
{"op_code":7,"worker_id":"96aa88a9-65e2-43b8-b25d-5f29c2d1dd0f-139839649558528","trial_id":18,"step":1,"intermediate_value":84.07890015202665}
{"op_code":8,"worker_id":"96aa88a9-65e2-43b8-b25d-5f29c2d1dd0f-139839649558528","trial_id":18,"user_attr":{"train_loss_epoch_1":1.6377570719253727}}
{"op_code":8,"worker_id":"96aa88a9-65e2-43b8-b25d-5f29c2d1dd0f-139839649558528","trial_id":18,"user_attr":{"f1_epoch_1":84.07890015202665}}
{"op_code":8,"worker_id":"96aa88a9-65e2-43b8-b25d-5f29c2d1dd0f-139839649558528","trial_id":18,"user_attr":{"em_epoch_1":75.7899716177862}}
{"op_code":6,"worker_id":"96aa88a9-65e2-43b8-b25d-5f29c2d1dd0f-139839649558528","trial_id":18,"state":2,"values":[84.07890015202665],"datetime_complete":"2026-04-23T10:30:00.020833"}
{"op_code":4,"worker_id":"96aa88a9-65e2-43b8-b25d-5f29c2d1dd0f-139839649558528","study_id":0,"datetime_start":"2026-04-23T10:30:00.022054"}
{"op_code":5,"worker_id":"96aa88a9-65e2-43b8-b25d-5f29c2d1dd0f-139839649558528","trial_id":20,"param_name":"learning_rate","param_value_internal":0.0002502619037970641,"distribution":"{\"name\": \"FloatDistribution\", \"attributes\": {\"step\": null, \"low\": 1e-05, \"high\": 0.001, \"log\": true}}"}
{"op_code":8,"worker_id":"96aa88a9-65e2-43b8-b25d-5f29c2d1dd0f-139839649558528","trial_id":20,"user_attr":{"lora_target":"ffn"}}
{"op_code":8,"worker_id":"96aa88a9-65e2-43b8-b25d-5f29c2d1dd0f-139839649558528","trial_id":20,"user_attr":{"batch_size":48}}
{"op_code":8,"worker_id":"96aa88a9-65e2-43b8-b25d-5f29c2d1dd0f-139839649558528","trial_id":20,"user_attr":{"epochs":5}}
{"op_code":8,"worker_id":"96aa88a9-65e2-43b8-b25d-5f29c2d1dd0f-139839649558528","trial_id":20,"user_attr":{"warmup_steps":365}}
{"op_code":7,"worker_id":"474f8593-ae27-45b5-bfb7-e84963f17a0d-139711917043712","trial_id":19,"step":1,"intermediate_value":83.42127085245039}
{"op_code":8,"worker_id":"474f8593-ae27-45b5-bfb7-e84963f17a0d-139711917043712","trial_id":19,"user_attr":{"train_loss_epoch_1":1.6344799228800022}}
{"op_code":8,"worker_id":"474f8593-ae27-45b5-bfb7-e84963f17a0d-139711917043712","trial_id":19,"user_attr":{"f1_epoch_1":83.42127085245039}}
{"op_code":8,"worker_id":"474f8593-ae27-45b5-bfb7-e84963f17a0d-139711917043712","trial_id":19,"user_attr":{"em_epoch_1":75.16556291390728}}
{"op_code":6,"worker_id":"474f8593-ae27-45b5-bfb7-e84963f17a0d-139711917043712","trial_id":19,"state":2,"values":[83.42127085245039],"datetime_complete":"2026-04-23T10:35:36.572133"}
{"op_code":4,"worker_id":"474f8593-ae27-45b5-bfb7-e84963f17a0d-139711917043712","study_id":0,"datetime_start":"2026-04-23T10:35:36.573376"}
{"op_code":5,"worker_id":"474f8593-ae27-45b5-bfb7-e84963f17a0d-139711917043712","trial_id":21,"param_name":"learning_rate","param_value_internal":0.0004029067432477418,"distribution":"{\"name\": \"FloatDistribution\", \"attributes\": {\"step\": null, \"low\": 1e-05, \"high\": 0.001, \"log\": true}}"}
{"op_code":8,"worker_id":"474f8593-ae27-45b5-bfb7-e84963f17a0d-139711917043712","trial_id":21,"user_attr":{"lora_target":"ffn"}}
{"op_code":8,"worker_id":"474f8593-ae27-45b5-bfb7-e84963f17a0d-139711917043712","trial_id":21,"user_attr":{"batch_size":48}}
{"op_code":8,"worker_id":"474f8593-ae27-45b5-bfb7-e84963f17a0d-139711917043712","trial_id":21,"user_attr":{"epochs":5}}
{"op_code":8,"worker_id":"474f8593-ae27-45b5-bfb7-e84963f17a0d-139711917043712","trial_id":21,"user_attr":{"warmup_steps":365}}
{"op_code":7,"worker_id":"96aa88a9-65e2-43b8-b25d-5f29c2d1dd0f-139839649558528","trial_id":20,"step":1,"intermediate_value":83.15968885074716}
{"op_code":8,"worker_id":"96aa88a9-65e2-43b8-b25d-5f29c2d1dd0f-139839649558528","trial_id":20,"user_attr":{"train_loss_epoch_1":1.6253714536586752}}
{"op_code":8,"worker_id":"96aa88a9-65e2-43b8-b25d-5f29c2d1dd0f-139839649558528","trial_id":20,"user_attr":{"f1_epoch_1":83.15968885074716}}
{"op_code":8,"worker_id":"96aa88a9-65e2-43b8-b25d-5f29c2d1dd0f-139839649558528","trial_id":20,"user_attr":{"em_epoch_1":74.21948912015137}}
{"op_code":6,"worker_id":"96aa88a9-65e2-43b8-b25d-5f29c2d1dd0f-139839649558528","trial_id":20,"state":2,"values":[83.15968885074716],"datetime_complete":"2026-04-23T10:46:37.054341"}
{"op_code":4,"worker_id":"96aa88a9-65e2-43b8-b25d-5f29c2d1dd0f-139839649558528","study_id":0,"datetime_start":"2026-04-23T10:46:37.057589"}
{"op_code":5,"worker_id":"96aa88a9-65e2-43b8-b25d-5f29c2d1dd0f-139839649558528","trial_id":22,"param_name":"learning_rate","param_value_internal":7.403148228031247e-05,"distribution":"{\"name\": \"FloatDistribution\", \"attributes\": {\"step\": null, \"low\": 1e-05, \"high\": 0.001, \"log\": true}}"}
{"op_code":8,"worker_id":"96aa88a9-65e2-43b8-b25d-5f29c2d1dd0f-139839649558528","trial_id":22,"user_attr":{"lora_target":"ffn"}}
{"op_code":8,"worker_id":"96aa88a9-65e2-43b8-b25d-5f29c2d1dd0f-139839649558528","trial_id":22,"user_attr":{"batch_size":48}}
{"op_code":8,"worker_id":"96aa88a9-65e2-43b8-b25d-5f29c2d1dd0f-139839649558528","trial_id":22,"user_attr":{"epochs":5}}
{"op_code":8,"worker_id":"96aa88a9-65e2-43b8-b25d-5f29c2d1dd0f-139839649558528","trial_id":22,"user_attr":{"warmup_steps":365}}
{"op_code":7,"worker_id":"474f8593-ae27-45b5-bfb7-e84963f17a0d-139711917043712","trial_id":21,"step":1,"intermediate_value":77.89424533662915}
{"op_code":8,"worker_id":"474f8593-ae27-45b5-bfb7-e84963f17a0d-139711917043712","trial_id":21,"user_attr":{"train_loss_epoch_1":1.738971042826893}}
{"op_code":8,"worker_id":"474f8593-ae27-45b5-bfb7-e84963f17a0d-139711917043712","trial_id":21,"user_attr":{"f1_epoch_1":77.89424533662915}}
{"op_code":8,"worker_id":"474f8593-ae27-45b5-bfb7-e84963f17a0d-139711917043712","trial_id":21,"user_attr":{"em_epoch_1":67.88079470198676}}
{"op_code":6,"worker_id":"474f8593-ae27-45b5-bfb7-e84963f17a0d-139711917043712","trial_id":21,"state":2,"values":[77.89424533662915],"datetime_complete":"2026-04-23T10:52:10.856594"}
{"op_code":4,"worker_id":"474f8593-ae27-45b5-bfb7-e84963f17a0d-139711917043712","study_id":0,"datetime_start":"2026-04-23T10:52:10.857767"}
{"op_code":5,"worker_id":"474f8593-ae27-45b5-bfb7-e84963f17a0d-139711917043712","trial_id":23,"param_name":"learning_rate","param_value_internal":8.499472241897725e-05,"distribution":"{\"name\": \"FloatDistribution\", \"attributes\": {\"step\": null, \"low\": 1e-05, \"high\": 0.001, \"log\": true}}"}
{"op_code":8,"worker_id":"474f8593-ae27-45b5-bfb7-e84963f17a0d-139711917043712","trial_id":23,"user_attr":{"lora_target":"ffn"}}
{"op_code":8,"worker_id":"474f8593-ae27-45b5-bfb7-e84963f17a0d-139711917043712","trial_id":23,"user_attr":{"batch_size":48}}
{"op_code":8,"worker_id":"474f8593-ae27-45b5-bfb7-e84963f17a0d-139711917043712","trial_id":23,"user_attr":{"epochs":5}}
{"op_code":8,"worker_id":"474f8593-ae27-45b5-bfb7-e84963f17a0d-139711917043712","trial_id":23,"user_attr":{"warmup_steps":365}}
{"op_code":7,"worker_id":"96aa88a9-65e2-43b8-b25d-5f29c2d1dd0f-139839649558528","trial_id":22,"step":1,"intermediate_value":84.47644655077664}
{"op_code":8,"worker_id":"96aa88a9-65e2-43b8-b25d-5f29c2d1dd0f-139839649558528","trial_id":22,"user_attr":{"train_loss_epoch_1":1.7089667089263274}}
{"op_code":8,"worker_id":"96aa88a9-65e2-43b8-b25d-5f29c2d1dd0f-139839649558528","trial_id":22,"user_attr":{"f1_epoch_1":84.47644655077664}}
{"op_code":8,"worker_id":"96aa88a9-65e2-43b8-b25d-5f29c2d1dd0f-139839649558528","trial_id":22,"user_attr":{"em_epoch_1":76.16840113528855}}
{"op_code":7,"worker_id":"474f8593-ae27-45b5-bfb7-e84963f17a0d-139711917043712","trial_id":23,"step":1,"intermediate_value":84.98380129286281}
{"op_code":8,"worker_id":"474f8593-ae27-45b5-bfb7-e84963f17a0d-139711917043712","trial_id":23,"user_attr":{"train_loss_epoch_1":1.6959787396557608}}
{"op_code":8,"worker_id":"474f8593-ae27-45b5-bfb7-e84963f17a0d-139711917043712","trial_id":23,"user_attr":{"f1_epoch_1":84.98380129286281}}
{"op_code":8,"worker_id":"474f8593-ae27-45b5-bfb7-e84963f17a0d-139711917043712","trial_id":23,"user_attr":{"em_epoch_1":77.33207190160833}}
{"op_code":7,"worker_id":"96aa88a9-65e2-43b8-b25d-5f29c2d1dd0f-139839649558528","trial_id":22,"step":2,"intermediate_value":86.41313085782859}
{"op_code":8,"worker_id":"96aa88a9-65e2-43b8-b25d-5f29c2d1dd0f-139839649558528","trial_id":22,"user_attr":{"train_loss_epoch_2":0.922299193140614}}
{"op_code":8,"worker_id":"96aa88a9-65e2-43b8-b25d-5f29c2d1dd0f-139839649558528","trial_id":22,"user_attr":{"f1_epoch_2":86.41313085782859}}
{"op_code":8,"worker_id":"96aa88a9-65e2-43b8-b25d-5f29c2d1dd0f-139839649558528","trial_id":22,"user_attr":{"em_epoch_2":79.04446546830653}}
{"op_code":7,"worker_id":"474f8593-ae27-45b5-bfb7-e84963f17a0d-139711917043712","trial_id":23,"step":2,"intermediate_value":86.03194867506171}
{"op_code":8,"worker_id":"474f8593-ae27-45b5-bfb7-e84963f17a0d-139711917043712","trial_id":23,"user_attr":{"train_loss_epoch_2":0.9168624231808877}}
{"op_code":8,"worker_id":"474f8593-ae27-45b5-bfb7-e84963f17a0d-139711917043712","trial_id":23,"user_attr":{"f1_epoch_2":86.03194867506171}}
{"op_code":8,"worker_id":"474f8593-ae27-45b5-bfb7-e84963f17a0d-139711917043712","trial_id":23,"user_attr":{"em_epoch_2":78.40113528855251}}
{"op_code":7,"worker_id":"96aa88a9-65e2-43b8-b25d-5f29c2d1dd0f-139839649558528","trial_id":22,"step":3,"intermediate_value":86.60545109491176}
{"op_code":8,"worker_id":"96aa88a9-65e2-43b8-b25d-5f29c2d1dd0f-139839649558528","trial_id":22,"user_attr":{"train_loss_epoch_3":0.6712881699164063}}
{"op_code":8,"worker_id":"96aa88a9-65e2-43b8-b25d-5f29c2d1dd0f-139839649558528","trial_id":22,"user_attr":{"f1_epoch_3":86.60545109491176}}
{"op_code":8,"worker_id":"96aa88a9-65e2-43b8-b25d-5f29c2d1dd0f-139839649558528","trial_id":22,"user_attr":{"em_epoch_3":79.02554399243141}}
{"op_code":7,"worker_id":"474f8593-ae27-45b5-bfb7-e84963f17a0d-139711917043712","trial_id":23,"step":3,"intermediate_value":86.4443691914577}
{"op_code":8,"worker_id":"474f8593-ae27-45b5-bfb7-e84963f17a0d-139711917043712","trial_id":23,"user_attr":{"train_loss_epoch_3":0.6541416961487716}}
{"op_code":8,"worker_id":"474f8593-ae27-45b5-bfb7-e84963f17a0d-139711917043712","trial_id":23,"user_attr":{"f1_epoch_3":86.4443691914577}}
{"op_code":8,"worker_id":"474f8593-ae27-45b5-bfb7-e84963f17a0d-139711917043712","trial_id":23,"user_attr":{"em_epoch_3":78.7511825922422}}
{"op_code":7,"worker_id":"96aa88a9-65e2-43b8-b25d-5f29c2d1dd0f-139839649558528","trial_id":22,"step":4,"intermediate_value":86.47323654534908}
{"op_code":8,"worker_id":"96aa88a9-65e2-43b8-b25d-5f29c2d1dd0f-139839649558528","trial_id":22,"user_attr":{"train_loss_epoch_4":0.49451351018779}}
{"op_code":8,"worker_id":"96aa88a9-65e2-43b8-b25d-5f29c2d1dd0f-139839649558528","trial_id":22,"user_attr":{"f1_epoch_4":86.47323654534908}}
{"op_code":8,"worker_id":"96aa88a9-65e2-43b8-b25d-5f29c2d1dd0f-139839649558528","trial_id":22,"user_attr":{"em_epoch_4":78.56196783349101}}
{"op_code":7,"worker_id":"474f8593-ae27-45b5-bfb7-e84963f17a0d-139711917043712","trial_id":23,"step":4,"intermediate_value":86.54262795947962}
{"op_code":8,"worker_id":"474f8593-ae27-45b5-bfb7-e84963f17a0d-139711917043712","trial_id":23,"user_attr":{"train_loss_epoch_4":0.4757868368208893}}
{"op_code":8,"worker_id":"474f8593-ae27-45b5-bfb7-e84963f17a0d-139711917043712","trial_id":23,"user_attr":{"f1_epoch_4":86.54262795947962}}
{"op_code":8,"worker_id":"474f8593-ae27-45b5-bfb7-e84963f17a0d-139711917043712","trial_id":23,"user_attr":{"em_epoch_4":78.87417218543047}}
{"op_code":7,"worker_id":"96aa88a9-65e2-43b8-b25d-5f29c2d1dd0f-139839649558528","trial_id":22,"step":5,"intermediate_value":86.53330228312684}
{"op_code":8,"worker_id":"96aa88a9-65e2-43b8-b25d-5f29c2d1dd0f-139839649558528","trial_id":22,"user_attr":{"train_loss_epoch_5":0.38198724303465226}}
{"op_code":8,"worker_id":"96aa88a9-65e2-43b8-b25d-5f29c2d1dd0f-139839649558528","trial_id":22,"user_attr":{"f1_epoch_5":86.53330228312684}}
{"op_code":8,"worker_id":"96aa88a9-65e2-43b8-b25d-5f29c2d1dd0f-139839649558528","trial_id":22,"user_attr":{"em_epoch_5":78.68495742667928}}
{"op_code":8,"worker_id":"96aa88a9-65e2-43b8-b25d-5f29c2d1dd0f-139839649558528","trial_id":22,"user_attr":{"best_em":79.02554399243141}}
{"op_code":6,"worker_id":"96aa88a9-65e2-43b8-b25d-5f29c2d1dd0f-139839649558528","trial_id":22,"state":1,"values":[86.60545109491176],"datetime_complete":"2026-04-23T12:09:45.040541"}
{"op_code":4,"worker_id":"96aa88a9-65e2-43b8-b25d-5f29c2d1dd0f-139839649558528","study_id":0,"datetime_start":"2026-04-23T12:09:45.041583"}
{"op_code":5,"worker_id":"96aa88a9-65e2-43b8-b25d-5f29c2d1dd0f-139839649558528","trial_id":24,"param_name":"learning_rate","param_value_internal":8.501112005074744e-05,"distribution":"{\"name\": \"FloatDistribution\", \"attributes\": {\"step\": null, \"low\": 1e-05, \"high\": 0.001, \"log\": true}}"}
{"op_code":8,"worker_id":"96aa88a9-65e2-43b8-b25d-5f29c2d1dd0f-139839649558528","trial_id":24,"user_attr":{"lora_target":"ffn"}}
{"op_code":8,"worker_id":"96aa88a9-65e2-43b8-b25d-5f29c2d1dd0f-139839649558528","trial_id":24,"user_attr":{"batch_size":48}}
{"op_code":8,"worker_id":"96aa88a9-65e2-43b8-b25d-5f29c2d1dd0f-139839649558528","trial_id":24,"user_attr":{"epochs":5}}
{"op_code":8,"worker_id":"96aa88a9-65e2-43b8-b25d-5f29c2d1dd0f-139839649558528","trial_id":24,"user_attr":{"warmup_steps":365}}
{"op_code":7,"worker_id":"474f8593-ae27-45b5-bfb7-e84963f17a0d-139711917043712","trial_id":23,"step":5,"intermediate_value":86.37690684317555}
{"op_code":8,"worker_id":"474f8593-ae27-45b5-bfb7-e84963f17a0d-139711917043712","trial_id":23,"user_attr":{"train_loss_epoch_5":0.3516778661952755}}
{"op_code":8,"worker_id":"474f8593-ae27-45b5-bfb7-e84963f17a0d-139711917043712","trial_id":23,"user_attr":{"f1_epoch_5":86.37690684317555}}
{"op_code":8,"worker_id":"474f8593-ae27-45b5-bfb7-e84963f17a0d-139711917043712","trial_id":23,"user_attr":{"em_epoch_5":78.6092715231788}}
{"op_code":8,"worker_id":"474f8593-ae27-45b5-bfb7-e84963f17a0d-139711917043712","trial_id":23,"user_attr":{"best_em":78.87417218543047}}
{"op_code":6,"worker_id":"474f8593-ae27-45b5-bfb7-e84963f17a0d-139711917043712","trial_id":23,"state":1,"values":[86.54262795947962],"datetime_complete":"2026-04-23T12:14:55.729112"}
{"op_code":4,"worker_id":"474f8593-ae27-45b5-bfb7-e84963f17a0d-139711917043712","study_id":0,"datetime_start":"2026-04-23T12:14:55.730163"}
{"op_code":5,"worker_id":"474f8593-ae27-45b5-bfb7-e84963f17a0d-139711917043712","trial_id":25,"param_name":"learning_rate","param_value_internal":8.785749342529523e-05,"distribution":"{\"name\": \"FloatDistribution\", \"attributes\": {\"step\": null, \"low\": 1e-05, \"high\": 0.001, \"log\": true}}"}
{"op_code":8,"worker_id":"474f8593-ae27-45b5-bfb7-e84963f17a0d-139711917043712","trial_id":25,"user_attr":{"lora_target":"ffn"}}
{"op_code":8,"worker_id":"474f8593-ae27-45b5-bfb7-e84963f17a0d-139711917043712","trial_id":25,"user_attr":{"batch_size":48}}
{"op_code":8,"worker_id":"474f8593-ae27-45b5-bfb7-e84963f17a0d-139711917043712","trial_id":25,"user_attr":{"epochs":5}}
{"op_code":8,"worker_id":"474f8593-ae27-45b5-bfb7-e84963f17a0d-139711917043712","trial_id":25,"user_attr":{"warmup_steps":365}}
{"op_code":7,"worker_id":"96aa88a9-65e2-43b8-b25d-5f29c2d1dd0f-139839649558528","trial_id":24,"step":1,"intermediate_value":84.91178550928551}
{"op_code":8,"worker_id":"96aa88a9-65e2-43b8-b25d-5f29c2d1dd0f-139839649558528","trial_id":24,"user_attr":{"train_loss_epoch_1":1.6745330434181502}}
{"op_code":8,"worker_id":"96aa88a9-65e2-43b8-b25d-5f29c2d1dd0f-139839649558528","trial_id":24,"user_attr":{"f1_epoch_1":84.91178550928551}}
{"op_code":8,"worker_id":"96aa88a9-65e2-43b8-b25d-5f29c2d1dd0f-139839649558528","trial_id":24,"user_attr":{"em_epoch_1":76.42384105960265}}
{"op_code":7,"worker_id":"474f8593-ae27-45b5-bfb7-e84963f17a0d-139711917043712","trial_id":25,"step":1,"intermediate_value":85.06014338687177}
{"op_code":8,"worker_id":"474f8593-ae27-45b5-bfb7-e84963f17a0d-139711917043712","trial_id":25,"user_attr":{"train_loss_epoch_1":1.6895938101499708}}
{"op_code":8,"worker_id":"474f8593-ae27-45b5-bfb7-e84963f17a0d-139711917043712","trial_id":25,"user_attr":{"f1_epoch_1":85.06014338687177}}
{"op_code":8,"worker_id":"474f8593-ae27-45b5-bfb7-e84963f17a0d-139711917043712","trial_id":25,"user_attr":{"em_epoch_1":76.9914853358562}}
{"op_code":7,"worker_id":"96aa88a9-65e2-43b8-b25d-5f29c2d1dd0f-139839649558528","trial_id":24,"step":2,"intermediate_value":86.32127394001888}
{"op_code":8,"worker_id":"96aa88a9-65e2-43b8-b25d-5f29c2d1dd0f-139839649558528","trial_id":24,"user_attr":{"train_loss_epoch_2":0.9073348828447544}}
{"op_code":8,"worker_id":"96aa88a9-65e2-43b8-b25d-5f29c2d1dd0f-139839649558528","trial_id":24,"user_attr":{"f1_epoch_2":86.32127394001888}}
{"op_code":8,"worker_id":"96aa88a9-65e2-43b8-b25d-5f29c2d1dd0f-139839649558528","trial_id":24,"user_attr":{"em_epoch_2":78.85525070955535}}
{"op_code":7,"worker_id":"474f8593-ae27-45b5-bfb7-e84963f17a0d-139711917043712","trial_id":25,"step":2,"intermediate_value":85.90160851512995}
{"op_code":8,"worker_id":"474f8593-ae27-45b5-bfb7-e84963f17a0d-139711917043712","trial_id":25,"user_attr":{"train_loss_epoch_2":0.911765291988042}}
{"op_code":8,"worker_id":"474f8593-ae27-45b5-bfb7-e84963f17a0d-139711917043712","trial_id":25,"user_attr":{"f1_epoch_2":85.90160851512995}}
{"op_code":8,"worker_id":"474f8593-ae27-45b5-bfb7-e84963f17a0d-139711917043712","trial_id":25,"user_attr":{"em_epoch_2":78.61873226111636}}
{"op_code":6,"worker_id":"474f8593-ae27-45b5-bfb7-e84963f17a0d-139711917043712","trial_id":25,"state":2,"values":[85.90160851512995],"datetime_complete":"2026-04-23T12:48:04.008600"}
{"op_code":4,"worker_id":"474f8593-ae27-45b5-bfb7-e84963f17a0d-139711917043712","study_id":0,"datetime_start":"2026-04-23T12:48:04.009904"}
{"op_code":5,"worker_id":"474f8593-ae27-45b5-bfb7-e84963f17a0d-139711917043712","trial_id":26,"param_name":"learning_rate","param_value_internal":0.00019545713447028512,"distribution":"{\"name\": \"FloatDistribution\", \"attributes\": {\"step\": null, \"low\": 1e-05, \"high\": 0.001, \"log\": true}}"}
{"op_code":8,"worker_id":"474f8593-ae27-45b5-bfb7-e84963f17a0d-139711917043712","trial_id":26,"user_attr":{"lora_target":"ffn"}}
{"op_code":8,"worker_id":"474f8593-ae27-45b5-bfb7-e84963f17a0d-139711917043712","trial_id":26,"user_attr":{"batch_size":48}}
{"op_code":8,"worker_id":"474f8593-ae27-45b5-bfb7-e84963f17a0d-139711917043712","trial_id":26,"user_attr":{"epochs":5}}
{"op_code":8,"worker_id":"474f8593-ae27-45b5-bfb7-e84963f17a0d-139711917043712","trial_id":26,"user_attr":{"warmup_steps":365}}
{"op_code":7,"worker_id":"96aa88a9-65e2-43b8-b25d-5f29c2d1dd0f-139839649558528","trial_id":24,"step":3,"intermediate_value":87.07261345315318}
{"op_code":8,"worker_id":"96aa88a9-65e2-43b8-b25d-5f29c2d1dd0f-139839649558528","trial_id":24,"user_attr":{"train_loss_epoch_3":0.6417056889230319}}
{"op_code":8,"worker_id":"96aa88a9-65e2-43b8-b25d-5f29c2d1dd0f-139839649558528","trial_id":24,"user_attr":{"f1_epoch_3":87.07261345315318}}
{"op_code":8,"worker_id":"96aa88a9-65e2-43b8-b25d-5f29c2d1dd0f-139839649558528","trial_id":24,"user_attr":{"em_epoch_3":79.60264900662251}}
{"op_code":7,"worker_id":"474f8593-ae27-45b5-bfb7-e84963f17a0d-139711917043712","trial_id":26,"step":1,"intermediate_value":83.21352042262336}
{"op_code":8,"worker_id":"474f8593-ae27-45b5-bfb7-e84963f17a0d-139711917043712","trial_id":26,"user_attr":{"train_loss_epoch_1":1.6275010079226198}}
{"op_code":8,"worker_id":"474f8593-ae27-45b5-bfb7-e84963f17a0d-139711917043712","trial_id":26,"user_attr":{"f1_epoch_1":83.21352042262336}}
{"op_code":8,"worker_id":"474f8593-ae27-45b5-bfb7-e84963f17a0d-139711917043712","trial_id":26,"user_attr":{"em_epoch_1":74.78713339640493}}
{"op_code":6,"worker_id":"474f8593-ae27-45b5-bfb7-e84963f17a0d-139711917043712","trial_id":26,"state":2,"values":[83.21352042262336],"datetime_complete":"2026-04-23T13:04:38.456926"}
{"op_code":7,"worker_id":"96aa88a9-65e2-43b8-b25d-5f29c2d1dd0f-139839649558528","trial_id":24,"step":4,"intermediate_value":86.67730243826361}
{"op_code":8,"worker_id":"96aa88a9-65e2-43b8-b25d-5f29c2d1dd0f-139839649558528","trial_id":24,"user_attr":{"train_loss_epoch_4":0.4589738741072859}}
{"op_code":8,"worker_id":"96aa88a9-65e2-43b8-b25d-5f29c2d1dd0f-139839649558528","trial_id":24,"user_attr":{"f1_epoch_4":86.67730243826361}}
{"op_code":8,"worker_id":"96aa88a9-65e2-43b8-b25d-5f29c2d1dd0f-139839649558528","trial_id":24,"user_attr":{"em_epoch_4":78.88363292336803}}
{"op_code":7,"worker_id":"96aa88a9-65e2-43b8-b25d-5f29c2d1dd0f-139839649558528","trial_id":24,"step":5,"intermediate_value":86.60383788990309}
{"op_code":8,"worker_id":"96aa88a9-65e2-43b8-b25d-5f29c2d1dd0f-139839649558528","trial_id":24,"user_attr":{"train_loss_epoch_5":0.33732904212746195}}
{"op_code":8,"worker_id":"96aa88a9-65e2-43b8-b25d-5f29c2d1dd0f-139839649558528","trial_id":24,"user_attr":{"f1_epoch_5":86.60383788990309}}
{"op_code":8,"worker_id":"96aa88a9-65e2-43b8-b25d-5f29c2d1dd0f-139839649558528","trial_id":24,"user_attr":{"em_epoch_5":78.66603595080416}}
{"op_code":8,"worker_id":"96aa88a9-65e2-43b8-b25d-5f29c2d1dd0f-139839649558528","trial_id":24,"user_attr":{"best_em":79.60264900662251}}
{"op_code":6,"worker_id":"96aa88a9-65e2-43b8-b25d-5f29c2d1dd0f-139839649558528","trial_id":24,"state":1,"values":[87.07261345315318],"datetime_complete":"2026-04-23T13:32:58.422123"}
{"op_code":4,"worker_id":"96aa88a9-65e2-43b8-b25d-5f29c2d1dd0f-139839649558528","study_id":0,"datetime_start":"2026-04-23T13:32:58.423126"}
{"op_code":5,"worker_id":"96aa88a9-65e2-43b8-b25d-5f29c2d1dd0f-139839649558528","trial_id":27,"param_name":"learning_rate","param_value_internal":3.49197106274583e-05,"distribution":"{\"name\": \"FloatDistribution\", \"attributes\": {\"step\": null, \"low\": 1e-05, \"high\": 0.001, \"log\": true}}"}
{"op_code":8,"worker_id":"96aa88a9-65e2-43b8-b25d-5f29c2d1dd0f-139839649558528","trial_id":27,"user_attr":{"lora_target":"ffn"}}
{"op_code":8,"worker_id":"96aa88a9-65e2-43b8-b25d-5f29c2d1dd0f-139839649558528","trial_id":27,"user_attr":{"batch_size":48}}
{"op_code":8,"worker_id":"96aa88a9-65e2-43b8-b25d-5f29c2d1dd0f-139839649558528","trial_id":27,"user_attr":{"epochs":5}}
{"op_code":8,"worker_id":"96aa88a9-65e2-43b8-b25d-5f29c2d1dd0f-139839649558528","trial_id":27,"user_attr":{"warmup_steps":365}}
{"op_code":7,"worker_id":"96aa88a9-65e2-43b8-b25d-5f29c2d1dd0f-139839649558528","trial_id":27,"step":1,"intermediate_value":82.69958472152186}
{"op_code":8,"worker_id":"96aa88a9-65e2-43b8-b25d-5f29c2d1dd0f-139839649558528","trial_id":27,"user_attr":{"train_loss_epoch_1":1.9313907748638452}}
{"op_code":8,"worker_id":"96aa88a9-65e2-43b8-b25d-5f29c2d1dd0f-139839649558528","trial_id":27,"user_attr":{"f1_epoch_1":82.69958472152186}}
{"op_code":8,"worker_id":"96aa88a9-65e2-43b8-b25d-5f29c2d1dd0f-139839649558528","trial_id":27,"user_attr":{"em_epoch_1":73.83159886471145}}
{"op_code":6,"worker_id":"96aa88a9-65e2-43b8-b25d-5f29c2d1dd0f-139839649558528","trial_id":27,"state":2,"values":[82.69958472152186],"datetime_complete":"2026-04-23T13:49:35.473126"}
{"op_code":4,"worker_id":"96aa88a9-65e2-43b8-b25d-5f29c2d1dd0f-139839649558528","study_id":0,"datetime_start":"2026-04-23T13:49:35.474253"}
{"op_code":5,"worker_id":"96aa88a9-65e2-43b8-b25d-5f29c2d1dd0f-139839649558528","trial_id":28,"param_name":"learning_rate","param_value_internal":0.00015603403591693958,"distribution":"{\"name\": \"FloatDistribution\", \"attributes\": {\"step\": null, \"low\": 1e-05, \"high\": 0.001, \"log\": true}}"}
{"op_code":8,"worker_id":"96aa88a9-65e2-43b8-b25d-5f29c2d1dd0f-139839649558528","trial_id":28,"user_attr":{"lora_target":"ffn"}}
{"op_code":8,"worker_id":"96aa88a9-65e2-43b8-b25d-5f29c2d1dd0f-139839649558528","trial_id":28,"user_attr":{"batch_size":48}}
{"op_code":8,"worker_id":"96aa88a9-65e2-43b8-b25d-5f29c2d1dd0f-139839649558528","trial_id":28,"user_attr":{"epochs":5}}
{"op_code":8,"worker_id":"96aa88a9-65e2-43b8-b25d-5f29c2d1dd0f-139839649558528","trial_id":28,"user_attr":{"warmup_steps":365}}
{"op_code":7,"worker_id":"96aa88a9-65e2-43b8-b25d-5f29c2d1dd0f-139839649558528","trial_id":28,"step":1,"intermediate_value":83.49591176489353}
{"op_code":8,"worker_id":"96aa88a9-65e2-43b8-b25d-5f29c2d1dd0f-139839649558528","trial_id":28,"user_attr":{"train_loss_epoch_1":1.6105897897950356}}
{"op_code":8,"worker_id":"96aa88a9-65e2-43b8-b25d-5f29c2d1dd0f-139839649558528","trial_id":28,"user_attr":{"f1_epoch_1":83.49591176489353}}
{"op_code":8,"worker_id":"96aa88a9-65e2-43b8-b25d-5f29c2d1dd0f-139839649558528","trial_id":28,"user_attr":{"em_epoch_1":75.12771996215704}}
{"op_code":6,"worker_id":"96aa88a9-65e2-43b8-b25d-5f29c2d1dd0f-139839649558528","trial_id":28,"state":2,"values":[83.49591176489353],"datetime_complete":"2026-04-23T14:06:15.082233"}
{"op_code":4,"worker_id":"96aa88a9-65e2-43b8-b25d-5f29c2d1dd0f-139839649558528","study_id":0,"datetime_start":"2026-04-23T14:06:15.083356"}
{"op_code":5,"worker_id":"96aa88a9-65e2-43b8-b25d-5f29c2d1dd0f-139839649558528","trial_id":29,"param_name":"learning_rate","param_value_internal":4.514898511910774e-05,"distribution":"{\"name\": \"FloatDistribution\", \"attributes\": {\"step\": null, \"low\": 1e-05, \"high\": 0.001, \"log\": true}}"}
{"op_code":8,"worker_id":"96aa88a9-65e2-43b8-b25d-5f29c2d1dd0f-139839649558528","trial_id":29,"user_attr":{"lora_target":"ffn"}}
{"op_code":8,"worker_id":"96aa88a9-65e2-43b8-b25d-5f29c2d1dd0f-139839649558528","trial_id":29,"user_attr":{"batch_size":48}}
{"op_code":8,"worker_id":"96aa88a9-65e2-43b8-b25d-5f29c2d1dd0f-139839649558528","trial_id":29,"user_attr":{"epochs":5}}
{"op_code":8,"worker_id":"96aa88a9-65e2-43b8-b25d-5f29c2d1dd0f-139839649558528","trial_id":29,"user_attr":{"warmup_steps":365}}
{"op_code":7,"worker_id":"96aa88a9-65e2-43b8-b25d-5f29c2d1dd0f-139839649558528","trial_id":29,"step":1,"intermediate_value":83.97978981074573}
{"op_code":8,"worker_id":"96aa88a9-65e2-43b8-b25d-5f29c2d1dd0f-139839649558528","trial_id":29,"user_attr":{"train_loss_epoch_1":1.8273204521435062}}
{"op_code":8,"worker_id":"96aa88a9-65e2-43b8-b25d-5f29c2d1dd0f-139839649558528","trial_id":29,"user_attr":{"f1_epoch_1":83.97978981074573}}
{"op_code":8,"worker_id":"96aa88a9-65e2-43b8-b25d-5f29c2d1dd0f-139839649558528","trial_id":29,"user_attr":{"em_epoch_1":75.4872280037843}}
{"op_code":6,"worker_id":"96aa88a9-65e2-43b8-b25d-5f29c2d1dd0f-139839649558528","trial_id":29,"state":2,"values":[83.97978981074573],"datetime_complete":"2026-04-23T14:22:55.523622"}
{"op_code":0,"worker_id":"303343c9-e03d-4324-b560-6945e2e5da2c-140028071444480","study_name":"bert_squad_digital_ffn_5ep","directions":[2]}
{"op_code":4,"worker_id":"303343c9-e03d-4324-b560-6945e2e5da2c-140028071444480","study_id":0,"datetime_start":"2026-04-24T09:12:41.605795"}
{"op_code":5,"worker_id":"303343c9-e03d-4324-b560-6945e2e5da2c-140028071444480","trial_id":30,"param_name":"learning_rate","param_value_internal":2.6781453518138262e-05,"distribution":"{\"name\": \"FloatDistribution\", \"attributes\": {\"step\": null, \"low\": 1e-05, \"high\": 0.001, \"log\": true}}"}
{"op_code":8,"worker_id":"303343c9-e03d-4324-b560-6945e2e5da2c-140028071444480","trial_id":30,"user_attr":{"lora_target":"ffn"}}
{"op_code":8,"worker_id":"303343c9-e03d-4324-b560-6945e2e5da2c-140028071444480","trial_id":30,"user_attr":{"batch_size":48}}
{"op_code":8,"worker_id":"303343c9-e03d-4324-b560-6945e2e5da2c-140028071444480","trial_id":30,"user_attr":{"epochs":5}}
{"op_code":8,"worker_id":"303343c9-e03d-4324-b560-6945e2e5da2c-140028071444480","trial_id":30,"user_attr":{"warmup_steps":365}}
{"op_code":7,"worker_id":"303343c9-e03d-4324-b560-6945e2e5da2c-140028071444480","trial_id":30,"step":1,"intermediate_value":81.29597808057758}
{"op_code":8,"worker_id":"303343c9-e03d-4324-b560-6945e2e5da2c-140028071444480","trial_id":30,"user_attr":{"train_loss_epoch_1":2.0366767599330684}}
{"op_code":8,"worker_id":"303343c9-e03d-4324-b560-6945e2e5da2c-140028071444480","trial_id":30,"user_attr":{"f1_epoch_1":81.29597808057758}}
{"op_code":8,"worker_id":"303343c9-e03d-4324-b560-6945e2e5da2c-140028071444480","trial_id":30,"user_attr":{"em_epoch_1":72.28949858088932}}
{"op_code":6,"worker_id":"303343c9-e03d-4324-b560-6945e2e5da2c-140028071444480","trial_id":30,"state":2,"values":[81.29597808057758],"datetime_complete":"2026-04-24T09:29:24.520767"}
{"op_code":4,"worker_id":"303343c9-e03d-4324-b560-6945e2e5da2c-140028071444480","study_id":0,"datetime_start":"2026-04-24T09:29:24.522098"}
{"op_code":5,"worker_id":"303343c9-e03d-4324-b560-6945e2e5da2c-140028071444480","trial_id":31,"param_name":"learning_rate","param_value_internal":8.073618205351974e-05,"distribution":"{\"name\": \"FloatDistribution\", \"attributes\": {\"step\": null, \"low\": 1e-05, \"high\": 0.001, \"log\": true}}"}
{"op_code":8,"worker_id":"303343c9-e03d-4324-b560-6945e2e5da2c-140028071444480","trial_id":31,"user_attr":{"lora_target":"ffn"}}
{"op_code":8,"worker_id":"303343c9-e03d-4324-b560-6945e2e5da2c-140028071444480","trial_id":31,"user_attr":{"batch_size":48}}
{"op_code":8,"worker_id":"303343c9-e03d-4324-b560-6945e2e5da2c-140028071444480","trial_id":31,"user_attr":{"epochs":5}}
{"op_code":8,"worker_id":"303343c9-e03d-4324-b560-6945e2e5da2c-140028071444480","trial_id":31,"user_attr":{"warmup_steps":365}}
{"op_code":7,"worker_id":"303343c9-e03d-4324-b560-6945e2e5da2c-140028071444480","trial_id":31,"step":1,"intermediate_value":84.94168094457652}
{"op_code":8,"worker_id":"303343c9-e03d-4324-b560-6945e2e5da2c-140028071444480","trial_id":31,"user_attr":{"train_loss_epoch_1":1.6848217811364792}}
{"op_code":8,"worker_id":"303343c9-e03d-4324-b560-6945e2e5da2c-140028071444480","trial_id":31,"user_attr":{"f1_epoch_1":84.94168094457652}}
{"op_code":8,"worker_id":"303343c9-e03d-4324-b560-6945e2e5da2c-140028071444480","trial_id":31,"user_attr":{"em_epoch_1":77.22800378429517}}
{"op_code":7,"worker_id":"303343c9-e03d-4324-b560-6945e2e5da2c-140028071444480","trial_id":31,"step":2,"intermediate_value":86.29921733426558}
{"op_code":8,"worker_id":"303343c9-e03d-4324-b560-6945e2e5da2c-140028071444480","trial_id":31,"user_attr":{"train_loss_epoch_2":0.9080901978138662}}
{"op_code":8,"worker_id":"303343c9-e03d-4324-b560-6945e2e5da2c-140028071444480","trial_id":31,"user_attr":{"f1_epoch_2":86.29921733426558}}
{"op_code":8,"worker_id":"303343c9-e03d-4324-b560-6945e2e5da2c-140028071444480","trial_id":31,"user_attr":{"em_epoch_2":78.42951750236519}}
{"op_code":7,"worker_id":"303343c9-e03d-4324-b560-6945e2e5da2c-140028071444480","trial_id":31,"step":3,"intermediate_value":86.6169548474325}
{"op_code":8,"worker_id":"303343c9-e03d-4324-b560-6945e2e5da2c-140028071444480","trial_id":31,"user_attr":{"train_loss_epoch_3":0.6482394784285124}}
{"op_code":8,"worker_id":"303343c9-e03d-4324-b560-6945e2e5da2c-140028071444480","trial_id":31,"user_attr":{"f1_epoch_3":86.6169548474325}}
{"op_code":8,"worker_id":"303343c9-e03d-4324-b560-6945e2e5da2c-140028071444480","trial_id":31,"user_attr":{"em_epoch_3":79.04446546830653}}
{"op_code":7,"worker_id":"303343c9-e03d-4324-b560-6945e2e5da2c-140028071444480","trial_id":31,"step":4,"intermediate_value":86.54021883938226}
{"op_code":8,"worker_id":"303343c9-e03d-4324-b560-6945e2e5da2c-140028071444480","trial_id":31,"user_attr":{"train_loss_epoch_4":0.46817463595208114}}
{"op_code":8,"worker_id":"303343c9-e03d-4324-b560-6945e2e5da2c-140028071444480","trial_id":31,"user_attr":{"f1_epoch_4":86.54021883938226}}
{"op_code":8,"worker_id":"303343c9-e03d-4324-b560-6945e2e5da2c-140028071444480","trial_id":31,"user_attr":{"em_epoch_4":78.51466414380322}}
{"op_code":7,"worker_id":"303343c9-e03d-4324-b560-6945e2e5da2c-140028071444480","trial_id":31,"step":5,"intermediate_value":86.50160672798222}
{"op_code":8,"worker_id":"303343c9-e03d-4324-b560-6945e2e5da2c-140028071444480","trial_id":31,"user_attr":{"train_loss_epoch_5":0.3529480810976287}}
{"op_code":8,"worker_id":"303343c9-e03d-4324-b560-6945e2e5da2c-140028071444480","trial_id":31,"user_attr":{"f1_epoch_5":86.50160672798222}}
{"op_code":8,"worker_id":"303343c9-e03d-4324-b560-6945e2e5da2c-140028071444480","trial_id":31,"user_attr":{"em_epoch_5":78.61873226111636}}
{"op_code":8,"worker_id":"303343c9-e03d-4324-b560-6945e2e5da2c-140028071444480","trial_id":31,"user_attr":{"best_em":79.04446546830653}}
{"op_code":6,"worker_id":"303343c9-e03d-4324-b560-6945e2e5da2c-140028071444480","trial_id":31,"state":1,"values":[86.6169548474325],"datetime_complete":"2026-04-24T10:52:45.452593"}
{"op_code":4,"worker_id":"303343c9-e03d-4324-b560-6945e2e5da2c-140028071444480","study_id":0,"datetime_start":"2026-04-24T10:52:45.453857"}
{"op_code":5,"worker_id":"303343c9-e03d-4324-b560-6945e2e5da2c-140028071444480","trial_id":32,"param_name":"learning_rate","param_value_internal":9.879112890178494e-05,"distribution":"{\"name\": \"FloatDistribution\", \"attributes\": {\"step\": null, \"low\": 1e-05, \"high\": 0.001, \"log\": true}}"}
{"op_code":8,"worker_id":"303343c9-e03d-4324-b560-6945e2e5da2c-140028071444480","trial_id":32,"user_attr":{"lora_target":"ffn"}}
{"op_code":8,"worker_id":"303343c9-e03d-4324-b560-6945e2e5da2c-140028071444480","trial_id":32,"user_attr":{"batch_size":48}}
{"op_code":8,"worker_id":"303343c9-e03d-4324-b560-6945e2e5da2c-140028071444480","trial_id":32,"user_attr":{"epochs":5}}
{"op_code":8,"worker_id":"303343c9-e03d-4324-b560-6945e2e5da2c-140028071444480","trial_id":32,"user_attr":{"warmup_steps":365}}
{"op_code":7,"worker_id":"303343c9-e03d-4324-b560-6945e2e5da2c-140028071444480","trial_id":32,"step":1,"intermediate_value":85.28473006930204}
{"op_code":8,"worker_id":"303343c9-e03d-4324-b560-6945e2e5da2c-140028071444480","trial_id":32,"user_attr":{"train_loss_epoch_1":1.6513979267944812}}
{"op_code":8,"worker_id":"303343c9-e03d-4324-b560-6945e2e5da2c-140028071444480","trial_id":32,"user_attr":{"f1_epoch_1":85.28473006930204}}
{"op_code":8,"worker_id":"303343c9-e03d-4324-b560-6945e2e5da2c-140028071444480","trial_id":32,"user_attr":{"em_epoch_1":77.60643330179754}}
{"op_code":7,"worker_id":"303343c9-e03d-4324-b560-6945e2e5da2c-140028071444480","trial_id":32,"step":2,"intermediate_value":86.29179519066682}
{"op_code":8,"worker_id":"303343c9-e03d-4324-b560-6945e2e5da2c-140028071444480","trial_id":32,"user_attr":{"train_loss_epoch_2":0.8922310362501842}}
{"op_code":8,"worker_id":"303343c9-e03d-4324-b560-6945e2e5da2c-140028071444480","trial_id":32,"user_attr":{"f1_epoch_2":86.29179519066682}}
{"op_code":8,"worker_id":"303343c9-e03d-4324-b560-6945e2e5da2c-140028071444480","trial_id":32,"user_attr":{"em_epoch_2":78.16461684011352}}
{"op_code":7,"worker_id":"303343c9-e03d-4324-b560-6945e2e5da2c-140028071444480","trial_id":32,"step":3,"intermediate_value":86.72720199174775}
{"op_code":8,"worker_id":"303343c9-e03d-4324-b560-6945e2e5da2c-140028071444480","trial_id":32,"user_attr":{"train_loss_epoch_3":0.618745835501004}}
{"op_code":8,"worker_id":"303343c9-e03d-4324-b560-6945e2e5da2c-140028071444480","trial_id":32,"user_attr":{"f1_epoch_3":86.72720199174775}}
{"op_code":8,"worker_id":"303343c9-e03d-4324-b560-6945e2e5da2c-140028071444480","trial_id":32,"user_attr":{"em_epoch_3":78.94985808893094}}
{"op_code":7,"worker_id":"303343c9-e03d-4324-b560-6945e2e5da2c-140028071444480","trial_id":32,"step":4,"intermediate_value":86.98623033442281}
{"op_code":8,"worker_id":"303343c9-e03d-4324-b560-6945e2e5da2c-140028071444480","trial_id":32,"user_attr":{"train_loss_epoch_4":0.4305148237119845}}
{"op_code":8,"worker_id":"303343c9-e03d-4324-b560-6945e2e5da2c-140028071444480","trial_id":32,"user_attr":{"f1_epoch_4":86.98623033442281}}
{"op_code":8,"worker_id":"303343c9-e03d-4324-b560-6945e2e5da2c-140028071444480","trial_id":32,"user_attr":{"em_epoch_4":79.29044465468307}}
{"op_code":7,"worker_id":"303343c9-e03d-4324-b560-6945e2e5da2c-140028071444480","trial_id":32,"step":5,"intermediate_value":86.63192592617136}
{"op_code":8,"worker_id":"303343c9-e03d-4324-b560-6945e2e5da2c-140028071444480","trial_id":32,"user_attr":{"train_loss_epoch_5":0.30427492715236615}}
{"op_code":8,"worker_id":"303343c9-e03d-4324-b560-6945e2e5da2c-140028071444480","trial_id":32,"user_attr":{"f1_epoch_5":86.63192592617136}}
{"op_code":8,"worker_id":"303343c9-e03d-4324-b560-6945e2e5da2c-140028071444480","trial_id":32,"user_attr":{"em_epoch_5":78.50520340586566}}
{"op_code":8,"worker_id":"303343c9-e03d-4324-b560-6945e2e5da2c-140028071444480","trial_id":32,"user_attr":{"best_em":79.29044465468307}}
{"op_code":6,"worker_id":"303343c9-e03d-4324-b560-6945e2e5da2c-140028071444480","trial_id":32,"state":1,"values":[86.98623033442281],"datetime_complete":"2026-04-24T12:16:02.566877"}
